INFO:root:Could not load invalid DataFrames: []
INFO:root:Could not load invalid DataFrames: []
ERROR:root:Error Occurred
Traceback (most recent call last):
  File "C:\Users\GEM7318\Anaconda3\envs\energyenv\lib\site-packages\xlsxwriter\workbook.py", line 316, in close
    self._store_workbook()
  File "C:\Users\GEM7318\Anaconda3\envs\energyenv\lib\site-packages\xlsxwriter\workbook.py", line 632, in _store_workbook
    raise e
  File "C:\Users\GEM7318\Anaconda3\envs\energyenv\lib\site-packages\xlsxwriter\workbook.py", line 629, in _store_workbook
    xlsx_file = ZipFile(self.filename, "w", compression=ZIP_DEFLATED,
  File "C:\Users\GEM7318\Anaconda3\envs\energyenv\lib\zipfile.py", line 1251, in __init__
    self.fp = io.open(file, filemode)
PermissionError: [Errno 13] Permission denied: 'C:\\Users\\GEM7318\\Documents\\Github\\Energy-Scraping\\etl_outputs_xlsx\\CME Group Futures Price - Prior Settle (COMBINED).xlsx'

During handling of the above exception, another exception occurred:

Traceback (most recent call last):
  File "<input>", line 197, in write_combined_dict
  File "C:\Users\GEM7318\Documents\Github\Energy-Scraping\ETL.py", line 358, in fancy_excel_writer
    writer.save()
  File "C:\Users\GEM7318\Anaconda3\envs\energyenv\lib\site-packages\pandas\io\excel\_xlsxwriter.py", line 195, in save
    return self.book.close()
  File "C:\Users\GEM7318\Anaconda3\envs\energyenv\lib\site-packages\xlsxwriter\workbook.py", line 318, in close
    raise FileCreateError(e)
xlsxwriter.exceptions.FileCreateError: [Errno 13] Permission denied: 'C:\\Users\\GEM7318\\Documents\\Github\\Energy-Scraping\\etl_outputs_xlsx\\CME Group Futures Price - Prior Settle (COMBINED).xlsx'
INFO:root:Could not load invalid DataFrames: []
INFO:root:Could not load invalid DataFrames: []
INFO:root:Could not load invalid DataFrames: []
INFO:root:Could not load invalid DataFrames: []
INFO:root:Could not load invalid DataFrames: []
INFO:root:Could not load invalid DataFrames: []
DEBUG:selenium.webdriver.remote.remote_connection:POST http://127.0.0.1:58794/session {"capabilities": {"firstMatch": [{}], "alwaysMatch": {"browserName": "chrome", "platformName": "any", "goog:chromeOptions": {"extensions": [], "args": []}}}, "desiredCapabilities": {"browserName": "chrome", "version": "", "platform": "ANY", "goog:chromeOptions": {"extensions": [], "args": []}}}
DEBUG:urllib3.connectionpool:Starting new HTTP connection (1): 127.0.0.1:58794
DEBUG:urllib3.connectionpool:http://127.0.0.1:58794 "POST /session HTTP/1.1" 200 681
DEBUG:selenium.webdriver.remote.remote_connection:Finished Request
DEBUG:selenium.webdriver.remote.remote_connection:POST http://127.0.0.1:58794/session/3404f1717bc842bc6b4ea1a5412d57b0/window/maximize {}
DEBUG:urllib3.connectionpool:http://127.0.0.1:58794 "POST /session/3404f1717bc842bc6b4ea1a5412d57b0/window/maximize HTTP/1.1" 200 52
DEBUG:selenium.webdriver.remote.remote_connection:Finished Request
DEBUG:selenium.webdriver.remote.remote_connection:POST http://127.0.0.1:58794/session/3404f1717bc842bc6b4ea1a5412d57b0/url {"url": "https://www.cmegroup.com/trading/energy/refined-products/gulf-coast-no-6-fuel-oil-30pct-sulfur-platts-swap.html"}
DEBUG:urllib3.connectionpool:http://127.0.0.1:58794 "POST /session/3404f1717bc842bc6b4ea1a5412d57b0/url HTTP/1.1" 200 14
DEBUG:selenium.webdriver.remote.remote_connection:Finished Request
DEBUG:selenium.webdriver.remote.remote_connection:POST http://127.0.0.1:58794/session/3404f1717bc842bc6b4ea1a5412d57b0/execute/sync {"script": "return document.body.scrollHeight", "args": []}
DEBUG:urllib3.connectionpool:http://127.0.0.1:58794 "POST /session/3404f1717bc842bc6b4ea1a5412d57b0/execute/sync HTTP/1.1" 200 14
DEBUG:selenium.webdriver.remote.remote_connection:Finished Request
DEBUG:selenium.webdriver.remote.remote_connection:POST http://127.0.0.1:58794/session/3404f1717bc842bc6b4ea1a5412d57b0/execute/sync {"script": "return window.scrollY", "args": []}
DEBUG:urllib3.connectionpool:http://127.0.0.1:58794 "POST /session/3404f1717bc842bc6b4ea1a5412d57b0/execute/sync HTTP/1.1" 200 11
DEBUG:selenium.webdriver.remote.remote_connection:Finished Request
DEBUG:selenium.webdriver.remote.remote_connection:POST http://127.0.0.1:58794/session/3404f1717bc842bc6b4ea1a5412d57b0/execute/sync {"script": "window.scrollTo(0, 926)", "args": []}
DEBUG:urllib3.connectionpool:http://127.0.0.1:58794 "POST /session/3404f1717bc842bc6b4ea1a5412d57b0/execute/sync HTTP/1.1" 200 14
DEBUG:selenium.webdriver.remote.remote_connection:Finished Request
DEBUG:selenium.webdriver.remote.remote_connection:GET http://127.0.0.1:58794/session/3404f1717bc842bc6b4ea1a5412d57b0/source {}
DEBUG:urllib3.connectionpool:http://127.0.0.1:58794 "GET /session/3404f1717bc842bc6b4ea1a5412d57b0/source HTTP/1.1" 200 580982
DEBUG:selenium.webdriver.remote.remote_connection:Finished Request
DEBUG:selenium.webdriver.remote.remote_connection:POST http://127.0.0.1:58794/session/3404f1717bc842bc6b4ea1a5412d57b0/url {"url": "https://www.cmegroup.com/trading/energy/refined-products/rbob-gasoline.html"}
DEBUG:urllib3.connectionpool:http://127.0.0.1:58794 "POST /session/3404f1717bc842bc6b4ea1a5412d57b0/url HTTP/1.1" 200 14
DEBUG:selenium.webdriver.remote.remote_connection:Finished Request
DEBUG:selenium.webdriver.remote.remote_connection:POST http://127.0.0.1:58794/session/3404f1717bc842bc6b4ea1a5412d57b0/execute/sync {"script": "return document.body.scrollHeight", "args": []}
DEBUG:urllib3.connectionpool:http://127.0.0.1:58794 "POST /session/3404f1717bc842bc6b4ea1a5412d57b0/execute/sync HTTP/1.1" 200 14
DEBUG:selenium.webdriver.remote.remote_connection:Finished Request
DEBUG:selenium.webdriver.remote.remote_connection:POST http://127.0.0.1:58794/session/3404f1717bc842bc6b4ea1a5412d57b0/execute/sync {"script": "return window.scrollY", "args": []}
DEBUG:urllib3.connectionpool:http://127.0.0.1:58794 "POST /session/3404f1717bc842bc6b4ea1a5412d57b0/execute/sync HTTP/1.1" 200 11
DEBUG:selenium.webdriver.remote.remote_connection:Finished Request
DEBUG:selenium.webdriver.remote.remote_connection:POST http://127.0.0.1:58794/session/3404f1717bc842bc6b4ea1a5412d57b0/execute/sync {"script": "window.scrollTo(0, 1051)", "args": []}
DEBUG:urllib3.connectionpool:http://127.0.0.1:58794 "POST /session/3404f1717bc842bc6b4ea1a5412d57b0/execute/sync HTTP/1.1" 200 14
DEBUG:selenium.webdriver.remote.remote_connection:Finished Request
DEBUG:selenium.webdriver.remote.remote_connection:POST http://127.0.0.1:58794/session/3404f1717bc842bc6b4ea1a5412d57b0/execute/sync {"script": "return window.scrollY", "args": []}
DEBUG:urllib3.connectionpool:http://127.0.0.1:58794 "POST /session/3404f1717bc842bc6b4ea1a5412d57b0/execute/sync HTTP/1.1" 200 28
DEBUG:selenium.webdriver.remote.remote_connection:Finished Request
DEBUG:selenium.webdriver.remote.remote_connection:POST http://127.0.0.1:58794/session/3404f1717bc842bc6b4ea1a5412d57b0/execute/sync {"script": "window.scrollTo(1050.6666259765625, 454.6666259765625)", "args": []}
DEBUG:urllib3.connectionpool:http://127.0.0.1:58794 "POST /session/3404f1717bc842bc6b4ea1a5412d57b0/execute/sync HTTP/1.1" 200 14
DEBUG:selenium.webdriver.remote.remote_connection:Finished Request
DEBUG:selenium.webdriver.remote.remote_connection:POST http://127.0.0.1:58794/session/3404f1717bc842bc6b4ea1a5412d57b0/execute/sync {"script": "return window.scrollY", "args": []}
DEBUG:urllib3.connectionpool:http://127.0.0.1:58794 "POST /session/3404f1717bc842bc6b4ea1a5412d57b0/execute/sync HTTP/1.1" 200 13
DEBUG:selenium.webdriver.remote.remote_connection:Finished Request
DEBUG:selenium.webdriver.remote.remote_connection:POST http://127.0.0.1:58794/session/3404f1717bc842bc6b4ea1a5412d57b0/execute/sync {"script": "window.scrollTo(454, 1204)", "args": []}
DEBUG:urllib3.connectionpool:http://127.0.0.1:58794 "POST /session/3404f1717bc842bc6b4ea1a5412d57b0/execute/sync HTTP/1.1" 200 14
DEBUG:selenium.webdriver.remote.remote_connection:Finished Request
DEBUG:selenium.webdriver.remote.remote_connection:GET http://127.0.0.1:58794/session/3404f1717bc842bc6b4ea1a5412d57b0/source {}
DEBUG:urllib3.connectionpool:http://127.0.0.1:58794 "GET /session/3404f1717bc842bc6b4ea1a5412d57b0/source HTTP/1.1" 200 557510
DEBUG:selenium.webdriver.remote.remote_connection:Finished Request
DEBUG:selenium.webdriver.remote.remote_connection:POST http://127.0.0.1:58794/session/3404f1717bc842bc6b4ea1a5412d57b0/url {"url": "https://www.cmegroup.com/trading/energy/crude-oil/brent-crude-oil.html"}
DEBUG:urllib3.connectionpool:http://127.0.0.1:58794 "POST /session/3404f1717bc842bc6b4ea1a5412d57b0/url HTTP/1.1" 200 14
DEBUG:selenium.webdriver.remote.remote_connection:Finished Request
DEBUG:selenium.webdriver.remote.remote_connection:POST http://127.0.0.1:58794/session/3404f1717bc842bc6b4ea1a5412d57b0/execute/sync {"script": "return document.body.scrollHeight", "args": []}
DEBUG:urllib3.connectionpool:http://127.0.0.1:58794 "POST /session/3404f1717bc842bc6b4ea1a5412d57b0/execute/sync HTTP/1.1" 200 14
DEBUG:selenium.webdriver.remote.remote_connection:Finished Request
DEBUG:selenium.webdriver.remote.remote_connection:POST http://127.0.0.1:58794/session/3404f1717bc842bc6b4ea1a5412d57b0/execute/sync {"script": "return window.scrollY", "args": []}
DEBUG:urllib3.connectionpool:http://127.0.0.1:58794 "POST /session/3404f1717bc842bc6b4ea1a5412d57b0/execute/sync HTTP/1.1" 200 11
DEBUG:selenium.webdriver.remote.remote_connection:Finished Request
DEBUG:selenium.webdriver.remote.remote_connection:POST http://127.0.0.1:58794/session/3404f1717bc842bc6b4ea1a5412d57b0/execute/sync {"script": "window.scrollTo(0, 744)", "args": []}
DEBUG:urllib3.connectionpool:http://127.0.0.1:58794 "POST /session/3404f1717bc842bc6b4ea1a5412d57b0/execute/sync HTTP/1.1" 200 14
DEBUG:selenium.webdriver.remote.remote_connection:Finished Request
DEBUG:selenium.webdriver.remote.remote_connection:POST http://127.0.0.1:58794/session/3404f1717bc842bc6b4ea1a5412d57b0/execute/sync {"script": "return window.scrollY", "args": []}
DEBUG:urllib3.connectionpool:http://127.0.0.1:58794 "POST /session/3404f1717bc842bc6b4ea1a5412d57b0/execute/sync HTTP/1.1" 200 13
DEBUG:selenium.webdriver.remote.remote_connection:Finished Request
DEBUG:selenium.webdriver.remote.remote_connection:POST http://127.0.0.1:58794/session/3404f1717bc842bc6b4ea1a5412d57b0/execute/sync {"script": "window.scrollTo(744, 1745)", "args": []}
DEBUG:urllib3.connectionpool:http://127.0.0.1:58794 "POST /session/3404f1717bc842bc6b4ea1a5412d57b0/execute/sync HTTP/1.1" 200 14
DEBUG:selenium.webdriver.remote.remote_connection:Finished Request
DEBUG:selenium.webdriver.remote.remote_connection:GET http://127.0.0.1:58794/session/3404f1717bc842bc6b4ea1a5412d57b0/source {}
DEBUG:urllib3.connectionpool:http://127.0.0.1:58794 "GET /session/3404f1717bc842bc6b4ea1a5412d57b0/source HTTP/1.1" 200 659028
DEBUG:selenium.webdriver.remote.remote_connection:Finished Request
DEBUG:selenium.webdriver.remote.remote_connection:POST http://127.0.0.1:58794/session/3404f1717bc842bc6b4ea1a5412d57b0/url {"url": "https://www.cmegroup.com/trading/energy/refined-products/gulf-coast-ultra-low-sulfur-diesel-usld-platts-calendar-swap.html"}
DEBUG:urllib3.connectionpool:http://127.0.0.1:58794 "POST /session/3404f1717bc842bc6b4ea1a5412d57b0/url HTTP/1.1" 200 14
DEBUG:selenium.webdriver.remote.remote_connection:Finished Request
DEBUG:selenium.webdriver.remote.remote_connection:POST http://127.0.0.1:58794/session/3404f1717bc842bc6b4ea1a5412d57b0/execute/sync {"script": "return document.body.scrollHeight", "args": []}
DEBUG:urllib3.connectionpool:http://127.0.0.1:58794 "POST /session/3404f1717bc842bc6b4ea1a5412d57b0/execute/sync HTTP/1.1" 200 14
DEBUG:selenium.webdriver.remote.remote_connection:Finished Request
DEBUG:selenium.webdriver.remote.remote_connection:POST http://127.0.0.1:58794/session/3404f1717bc842bc6b4ea1a5412d57b0/execute/sync {"script": "return window.scrollY", "args": []}
DEBUG:urllib3.connectionpool:http://127.0.0.1:58794 "POST /session/3404f1717bc842bc6b4ea1a5412d57b0/execute/sync HTTP/1.1" 200 11
DEBUG:selenium.webdriver.remote.remote_connection:Finished Request
DEBUG:selenium.webdriver.remote.remote_connection:POST http://127.0.0.1:58794/session/3404f1717bc842bc6b4ea1a5412d57b0/execute/sync {"script": "window.scrollTo(0, 832)", "args": []}
DEBUG:urllib3.connectionpool:http://127.0.0.1:58794 "POST /session/3404f1717bc842bc6b4ea1a5412d57b0/execute/sync HTTP/1.1" 200 14
DEBUG:selenium.webdriver.remote.remote_connection:Finished Request
DEBUG:selenium.webdriver.remote.remote_connection:POST http://127.0.0.1:58794/session/3404f1717bc842bc6b4ea1a5412d57b0/execute/sync {"script": "return window.scrollY", "args": []}
DEBUG:urllib3.connectionpool:http://127.0.0.1:58794 "POST /session/3404f1717bc842bc6b4ea1a5412d57b0/execute/sync HTTP/1.1" 200 13
DEBUG:selenium.webdriver.remote.remote_connection:Finished Request
DEBUG:selenium.webdriver.remote.remote_connection:POST http://127.0.0.1:58794/session/3404f1717bc842bc6b4ea1a5412d57b0/execute/sync {"script": "window.scrollTo(832, 176)", "args": []}
DEBUG:urllib3.connectionpool:http://127.0.0.1:58794 "POST /session/3404f1717bc842bc6b4ea1a5412d57b0/execute/sync HTTP/1.1" 200 14
DEBUG:selenium.webdriver.remote.remote_connection:Finished Request
DEBUG:selenium.webdriver.remote.remote_connection:POST http://127.0.0.1:58794/session/3404f1717bc842bc6b4ea1a5412d57b0/execute/sync {"script": "return window.scrollY", "args": []}
DEBUG:urllib3.connectionpool:http://127.0.0.1:58794 "POST /session/3404f1717bc842bc6b4ea1a5412d57b0/execute/sync HTTP/1.1" 200 13
DEBUG:selenium.webdriver.remote.remote_connection:Finished Request
DEBUG:selenium.webdriver.remote.remote_connection:POST http://127.0.0.1:58794/session/3404f1717bc842bc6b4ea1a5412d57b0/execute/sync {"script": "window.scrollTo(176, 1169)", "args": []}
DEBUG:urllib3.connectionpool:http://127.0.0.1:58794 "POST /session/3404f1717bc842bc6b4ea1a5412d57b0/execute/sync HTTP/1.1" 200 14
DEBUG:selenium.webdriver.remote.remote_connection:Finished Request
DEBUG:selenium.webdriver.remote.remote_connection:POST http://127.0.0.1:58794/session/3404f1717bc842bc6b4ea1a5412d57b0/execute/sync {"script": "return window.scrollY", "args": []}
DEBUG:urllib3.connectionpool:http://127.0.0.1:58794 "POST /session/3404f1717bc842bc6b4ea1a5412d57b0/execute/sync HTTP/1.1" 200 28
DEBUG:selenium.webdriver.remote.remote_connection:Finished Request
DEBUG:selenium.webdriver.remote.remote_connection:POST http://127.0.0.1:58794/session/3404f1717bc842bc6b4ea1a5412d57b0/execute/sync {"script": "window.scrollTo(1168.6666259765625, 328.6666259765625)", "args": []}
DEBUG:urllib3.connectionpool:http://127.0.0.1:58794 "POST /session/3404f1717bc842bc6b4ea1a5412d57b0/execute/sync HTTP/1.1" 200 14
DEBUG:selenium.webdriver.remote.remote_connection:Finished Request
DEBUG:selenium.webdriver.remote.remote_connection:GET http://127.0.0.1:58794/session/3404f1717bc842bc6b4ea1a5412d57b0/source {}
DEBUG:urllib3.connectionpool:http://127.0.0.1:58794 "GET /session/3404f1717bc842bc6b4ea1a5412d57b0/source HTTP/1.1" 200 563802
DEBUG:selenium.webdriver.remote.remote_connection:Finished Request
DEBUG:selenium.webdriver.remote.remote_connection:POST http://127.0.0.1:58794/session/3404f1717bc842bc6b4ea1a5412d57b0/url {"url": "https://www.cmegroup.com/trading/energy/refined-products/heating-oil.html"}
DEBUG:urllib3.connectionpool:http://127.0.0.1:58794 "POST /session/3404f1717bc842bc6b4ea1a5412d57b0/url HTTP/1.1" 200 14
DEBUG:selenium.webdriver.remote.remote_connection:Finished Request
DEBUG:selenium.webdriver.remote.remote_connection:POST http://127.0.0.1:58794/session/3404f1717bc842bc6b4ea1a5412d57b0/execute/sync {"script": "return document.body.scrollHeight", "args": []}
DEBUG:urllib3.connectionpool:http://127.0.0.1:58794 "POST /session/3404f1717bc842bc6b4ea1a5412d57b0/execute/sync HTTP/1.1" 200 14
DEBUG:selenium.webdriver.remote.remote_connection:Finished Request
DEBUG:selenium.webdriver.remote.remote_connection:POST http://127.0.0.1:58794/session/3404f1717bc842bc6b4ea1a5412d57b0/execute/sync {"script": "return window.scrollY", "args": []}
DEBUG:urllib3.connectionpool:http://127.0.0.1:58794 "POST /session/3404f1717bc842bc6b4ea1a5412d57b0/execute/sync HTTP/1.1" 200 11
DEBUG:selenium.webdriver.remote.remote_connection:Finished Request
DEBUG:selenium.webdriver.remote.remote_connection:POST http://127.0.0.1:58794/session/3404f1717bc842bc6b4ea1a5412d57b0/execute/sync {"script": "window.scrollTo(0, 1028)", "args": []}
DEBUG:urllib3.connectionpool:http://127.0.0.1:58794 "POST /session/3404f1717bc842bc6b4ea1a5412d57b0/execute/sync HTTP/1.1" 200 14
DEBUG:selenium.webdriver.remote.remote_connection:Finished Request
DEBUG:selenium.webdriver.remote.remote_connection:POST http://127.0.0.1:58794/session/3404f1717bc842bc6b4ea1a5412d57b0/execute/sync {"script": "return window.scrollY", "args": []}
DEBUG:urllib3.connectionpool:http://127.0.0.1:58794 "POST /session/3404f1717bc842bc6b4ea1a5412d57b0/execute/sync HTTP/1.1" 200 14
DEBUG:selenium.webdriver.remote.remote_connection:Finished Request
DEBUG:selenium.webdriver.remote.remote_connection:POST http://127.0.0.1:58794/session/3404f1717bc842bc6b4ea1a5412d57b0/execute/sync {"script": "window.scrollTo(1028, 112)", "args": []}
DEBUG:urllib3.connectionpool:http://127.0.0.1:58794 "POST /session/3404f1717bc842bc6b4ea1a5412d57b0/execute/sync HTTP/1.1" 200 14
DEBUG:selenium.webdriver.remote.remote_connection:Finished Request
DEBUG:selenium.webdriver.remote.remote_connection:POST http://127.0.0.1:58794/session/3404f1717bc842bc6b4ea1a5412d57b0/execute/sync {"script": "return window.scrollY", "args": []}
DEBUG:urllib3.connectionpool:http://127.0.0.1:58794 "POST /session/3404f1717bc842bc6b4ea1a5412d57b0/execute/sync HTTP/1.1" 200 13
DEBUG:selenium.webdriver.remote.remote_connection:Finished Request
DEBUG:selenium.webdriver.remote.remote_connection:POST http://127.0.0.1:58794/session/3404f1717bc842bc6b4ea1a5412d57b0/execute/sync {"script": "window.scrollTo(112, 808)", "args": []}
DEBUG:urllib3.connectionpool:http://127.0.0.1:58794 "POST /session/3404f1717bc842bc6b4ea1a5412d57b0/execute/sync HTTP/1.1" 200 14
DEBUG:selenium.webdriver.remote.remote_connection:Finished Request
DEBUG:selenium.webdriver.remote.remote_connection:POST http://127.0.0.1:58794/session/3404f1717bc842bc6b4ea1a5412d57b0/execute/sync {"script": "return window.scrollY", "args": []}
DEBUG:urllib3.connectionpool:http://127.0.0.1:58794 "POST /session/3404f1717bc842bc6b4ea1a5412d57b0/execute/sync HTTP/1.1" 200 13
DEBUG:selenium.webdriver.remote.remote_connection:Finished Request
DEBUG:selenium.webdriver.remote.remote_connection:POST http://127.0.0.1:58794/session/3404f1717bc842bc6b4ea1a5412d57b0/execute/sync {"script": "window.scrollTo(808, 1864)", "args": []}
DEBUG:urllib3.connectionpool:http://127.0.0.1:58794 "POST /session/3404f1717bc842bc6b4ea1a5412d57b0/execute/sync HTTP/1.1" 200 14
DEBUG:selenium.webdriver.remote.remote_connection:Finished Request
DEBUG:selenium.webdriver.remote.remote_connection:GET http://127.0.0.1:58794/session/3404f1717bc842bc6b4ea1a5412d57b0/source {}
DEBUG:urllib3.connectionpool:http://127.0.0.1:58794 "GET /session/3404f1717bc842bc6b4ea1a5412d57b0/source HTTP/1.1" 200 558195
DEBUG:selenium.webdriver.remote.remote_connection:Finished Request
DEBUG:selenium.webdriver.remote.remote_connection:POST http://127.0.0.1:58794/session/3404f1717bc842bc6b4ea1a5412d57b0/url {"url": "https://www.cmegroup.com/trading/energy/crude-oil/light-sweet-crude_quotes_globex.html"}
DEBUG:urllib3.connectionpool:http://127.0.0.1:58794 "POST /session/3404f1717bc842bc6b4ea1a5412d57b0/url HTTP/1.1" 200 14
DEBUG:selenium.webdriver.remote.remote_connection:Finished Request
DEBUG:selenium.webdriver.remote.remote_connection:POST http://127.0.0.1:58794/session/3404f1717bc842bc6b4ea1a5412d57b0/execute/sync {"script": "return document.body.scrollHeight", "args": []}
DEBUG:urllib3.connectionpool:http://127.0.0.1:58794 "POST /session/3404f1717bc842bc6b4ea1a5412d57b0/execute/sync HTTP/1.1" 200 14
DEBUG:selenium.webdriver.remote.remote_connection:Finished Request
DEBUG:selenium.webdriver.remote.remote_connection:POST http://127.0.0.1:58794/session/3404f1717bc842bc6b4ea1a5412d57b0/execute/sync {"script": "return window.scrollY", "args": []}
DEBUG:urllib3.connectionpool:http://127.0.0.1:58794 "POST /session/3404f1717bc842bc6b4ea1a5412d57b0/execute/sync HTTP/1.1" 200 11
DEBUG:selenium.webdriver.remote.remote_connection:Finished Request
DEBUG:selenium.webdriver.remote.remote_connection:POST http://127.0.0.1:58794/session/3404f1717bc842bc6b4ea1a5412d57b0/execute/sync {"script": "window.scrollTo(0, 744)", "args": []}
DEBUG:urllib3.connectionpool:http://127.0.0.1:58794 "POST /session/3404f1717bc842bc6b4ea1a5412d57b0/execute/sync HTTP/1.1" 200 14
DEBUG:selenium.webdriver.remote.remote_connection:Finished Request
DEBUG:selenium.webdriver.remote.remote_connection:POST http://127.0.0.1:58794/session/3404f1717bc842bc6b4ea1a5412d57b0/execute/sync {"script": "return window.scrollY", "args": []}
DEBUG:urllib3.connectionpool:http://127.0.0.1:58794 "POST /session/3404f1717bc842bc6b4ea1a5412d57b0/execute/sync HTTP/1.1" 200 13
DEBUG:selenium.webdriver.remote.remote_connection:Finished Request
DEBUG:selenium.webdriver.remote.remote_connection:POST http://127.0.0.1:58794/session/3404f1717bc842bc6b4ea1a5412d57b0/execute/sync {"script": "window.scrollTo(744, 123)", "args": []}
DEBUG:urllib3.connectionpool:http://127.0.0.1:58794 "POST /session/3404f1717bc842bc6b4ea1a5412d57b0/execute/sync HTTP/1.1" 200 14
DEBUG:selenium.webdriver.remote.remote_connection:Finished Request
DEBUG:selenium.webdriver.remote.remote_connection:POST http://127.0.0.1:58794/session/3404f1717bc842bc6b4ea1a5412d57b0/execute/sync {"script": "return window.scrollY", "args": []}
DEBUG:urllib3.connectionpool:http://127.0.0.1:58794 "POST /session/3404f1717bc842bc6b4ea1a5412d57b0/execute/sync HTTP/1.1" 200 28
DEBUG:selenium.webdriver.remote.remote_connection:Finished Request
DEBUG:selenium.webdriver.remote.remote_connection:POST http://127.0.0.1:58794/session/3404f1717bc842bc6b4ea1a5412d57b0/execute/sync {"script": "window.scrollTo(122.66666412353516, 919.6666641235352)", "args": []}
DEBUG:urllib3.connectionpool:http://127.0.0.1:58794 "POST /session/3404f1717bc842bc6b4ea1a5412d57b0/execute/sync HTTP/1.1" 200 14
DEBUG:selenium.webdriver.remote.remote_connection:Finished Request
DEBUG:selenium.webdriver.remote.remote_connection:GET http://127.0.0.1:58794/session/3404f1717bc842bc6b4ea1a5412d57b0/source {}
DEBUG:urllib3.connectionpool:http://127.0.0.1:58794 "GET /session/3404f1717bc842bc6b4ea1a5412d57b0/source HTTP/1.1" 200 747738
DEBUG:selenium.webdriver.remote.remote_connection:Finished Request
DEBUG:selenium.webdriver.remote.remote_connection:DELETE http://127.0.0.1:58794/session/3404f1717bc842bc6b4ea1a5412d57b0/window {}
DEBUG:urllib3.connectionpool:http://127.0.0.1:58794 "DELETE /session/3404f1717bc842bc6b4ea1a5412d57b0/window HTTP/1.1" 200 14
DEBUG:selenium.webdriver.remote.remote_connection:Finished Request
DEBUG:selenium.webdriver.remote.remote_connection:POST http://127.0.0.1:64394/session {"capabilities": {"firstMatch": [{}], "alwaysMatch": {"browserName": "chrome", "platformName": "any", "goog:chromeOptions": {"extensions": [], "args": []}}}, "desiredCapabilities": {"browserName": "chrome", "version": "", "platform": "ANY", "goog:chromeOptions": {"extensions": [], "args": []}}}
DEBUG:urllib3.connectionpool:Starting new HTTP connection (1): 127.0.0.1:64394
DEBUG:urllib3.connectionpool:http://127.0.0.1:64394 "POST /session HTTP/1.1" 200 683
DEBUG:selenium.webdriver.remote.remote_connection:Finished Request
DEBUG:selenium.webdriver.remote.remote_connection:POST http://127.0.0.1:64394/session/b87062986e4fb0af80aca870897b0825/window/maximize {}
DEBUG:urllib3.connectionpool:http://127.0.0.1:64394 "POST /session/b87062986e4fb0af80aca870897b0825/window/maximize HTTP/1.1" 200 51
DEBUG:selenium.webdriver.remote.remote_connection:Finished Request
DEBUG:selenium.webdriver.remote.remote_connection:POST http://127.0.0.1:64394/session/b87062986e4fb0af80aca870897b0825/url {"url": "https://www.cmegroup.com/trading/energy/crude-oil/brent-crude-oil.html"}
DEBUG:urllib3.connectionpool:http://127.0.0.1:64394 "POST /session/b87062986e4fb0af80aca870897b0825/url HTTP/1.1" 200 14
DEBUG:selenium.webdriver.remote.remote_connection:Finished Request
DEBUG:selenium.webdriver.remote.remote_connection:POST http://127.0.0.1:64394/session/b87062986e4fb0af80aca870897b0825/execute/sync {"script": "return document.body.scrollHeight", "args": []}
DEBUG:urllib3.connectionpool:http://127.0.0.1:64394 "POST /session/b87062986e4fb0af80aca870897b0825/execute/sync HTTP/1.1" 200 14
DEBUG:selenium.webdriver.remote.remote_connection:Finished Request
DEBUG:selenium.webdriver.remote.remote_connection:POST http://127.0.0.1:64394/session/b87062986e4fb0af80aca870897b0825/execute/sync {"script": "return window.scrollY", "args": []}
DEBUG:urllib3.connectionpool:http://127.0.0.1:64394 "POST /session/b87062986e4fb0af80aca870897b0825/execute/sync HTTP/1.1" 200 11
DEBUG:selenium.webdriver.remote.remote_connection:Finished Request
DEBUG:selenium.webdriver.remote.remote_connection:POST http://127.0.0.1:64394/session/b87062986e4fb0af80aca870897b0825/execute/sync {"script": "window.scrollTo(0, 826)", "args": []}
DEBUG:urllib3.connectionpool:http://127.0.0.1:64394 "POST /session/b87062986e4fb0af80aca870897b0825/execute/sync HTTP/1.1" 200 14
DEBUG:selenium.webdriver.remote.remote_connection:Finished Request
DEBUG:selenium.webdriver.remote.remote_connection:GET http://127.0.0.1:64394/session/b87062986e4fb0af80aca870897b0825/source {}
DEBUG:urllib3.connectionpool:http://127.0.0.1:64394 "GET /session/b87062986e4fb0af80aca870897b0825/source HTTP/1.1" 200 659012
DEBUG:selenium.webdriver.remote.remote_connection:Finished Request
DEBUG:selenium.webdriver.remote.remote_connection:POST http://127.0.0.1:64394/session/b87062986e4fb0af80aca870897b0825/url {"url": "https://www.cmegroup.com/trading/energy/refined-products/gulf-coast-ultra-low-sulfur-diesel-usld-platts-calendar-swap.html"}
DEBUG:urllib3.connectionpool:http://127.0.0.1:64394 "POST /session/b87062986e4fb0af80aca870897b0825/url HTTP/1.1" 200 14
DEBUG:selenium.webdriver.remote.remote_connection:Finished Request
DEBUG:selenium.webdriver.remote.remote_connection:POST http://127.0.0.1:64394/session/b87062986e4fb0af80aca870897b0825/execute/sync {"script": "return document.body.scrollHeight", "args": []}
DEBUG:urllib3.connectionpool:http://127.0.0.1:64394 "POST /session/b87062986e4fb0af80aca870897b0825/execute/sync HTTP/1.1" 200 14
DEBUG:selenium.webdriver.remote.remote_connection:Finished Request
DEBUG:selenium.webdriver.remote.remote_connection:POST http://127.0.0.1:64394/session/b87062986e4fb0af80aca870897b0825/execute/sync {"script": "return window.scrollY", "args": []}
DEBUG:urllib3.connectionpool:http://127.0.0.1:64394 "POST /session/b87062986e4fb0af80aca870897b0825/execute/sync HTTP/1.1" 200 11
DEBUG:selenium.webdriver.remote.remote_connection:Finished Request
DEBUG:selenium.webdriver.remote.remote_connection:POST http://127.0.0.1:64394/session/b87062986e4fb0af80aca870897b0825/execute/sync {"script": "window.scrollTo(0, 822)", "args": []}
DEBUG:urllib3.connectionpool:http://127.0.0.1:64394 "POST /session/b87062986e4fb0af80aca870897b0825/execute/sync HTTP/1.1" 200 14
DEBUG:selenium.webdriver.remote.remote_connection:Finished Request
DEBUG:selenium.webdriver.remote.remote_connection:POST http://127.0.0.1:64394/session/b87062986e4fb0af80aca870897b0825/execute/sync {"script": "return window.scrollY", "args": []}
DEBUG:urllib3.connectionpool:http://127.0.0.1:64394 "POST /session/b87062986e4fb0af80aca870897b0825/execute/sync HTTP/1.1" 200 13
DEBUG:selenium.webdriver.remote.remote_connection:Finished Request
DEBUG:selenium.webdriver.remote.remote_connection:POST http://127.0.0.1:64394/session/b87062986e4fb0af80aca870897b0825/execute/sync {"script": "window.scrollTo(822, 1898)", "args": []}
DEBUG:urllib3.connectionpool:http://127.0.0.1:64394 "POST /session/b87062986e4fb0af80aca870897b0825/execute/sync HTTP/1.1" 200 14
DEBUG:selenium.webdriver.remote.remote_connection:Finished Request
DEBUG:selenium.webdriver.remote.remote_connection:GET http://127.0.0.1:64394/session/b87062986e4fb0af80aca870897b0825/source {}
DEBUG:urllib3.connectionpool:http://127.0.0.1:64394 "GET /session/b87062986e4fb0af80aca870897b0825/source HTTP/1.1" 200 563780
DEBUG:selenium.webdriver.remote.remote_connection:Finished Request
DEBUG:selenium.webdriver.remote.remote_connection:POST http://127.0.0.1:64394/session/b87062986e4fb0af80aca870897b0825/url {"url": "https://www.cmegroup.com/trading/energy/refined-products/heating-oil.html"}
DEBUG:urllib3.connectionpool:http://127.0.0.1:64394 "POST /session/b87062986e4fb0af80aca870897b0825/url HTTP/1.1" 200 14
DEBUG:selenium.webdriver.remote.remote_connection:Finished Request
DEBUG:selenium.webdriver.remote.remote_connection:POST http://127.0.0.1:64394/session/b87062986e4fb0af80aca870897b0825/execute/sync {"script": "return document.body.scrollHeight", "args": []}
DEBUG:urllib3.connectionpool:http://127.0.0.1:64394 "POST /session/b87062986e4fb0af80aca870897b0825/execute/sync HTTP/1.1" 200 14
DEBUG:selenium.webdriver.remote.remote_connection:Finished Request
DEBUG:selenium.webdriver.remote.remote_connection:POST http://127.0.0.1:64394/session/b87062986e4fb0af80aca870897b0825/execute/sync {"script": "return window.scrollY", "args": []}
DEBUG:urllib3.connectionpool:http://127.0.0.1:64394 "POST /session/b87062986e4fb0af80aca870897b0825/execute/sync HTTP/1.1" 200 11
DEBUG:selenium.webdriver.remote.remote_connection:Finished Request
DEBUG:selenium.webdriver.remote.remote_connection:POST http://127.0.0.1:64394/session/b87062986e4fb0af80aca870897b0825/execute/sync {"script": "window.scrollTo(0, 1044)", "args": []}
DEBUG:urllib3.connectionpool:http://127.0.0.1:64394 "POST /session/b87062986e4fb0af80aca870897b0825/execute/sync HTTP/1.1" 200 14
DEBUG:selenium.webdriver.remote.remote_connection:Finished Request
DEBUG:selenium.webdriver.remote.remote_connection:POST http://127.0.0.1:64394/session/b87062986e4fb0af80aca870897b0825/execute/sync {"script": "return window.scrollY", "args": []}
DEBUG:urllib3.connectionpool:http://127.0.0.1:64394 "POST /session/b87062986e4fb0af80aca870897b0825/execute/sync HTTP/1.1" 200 14
DEBUG:selenium.webdriver.remote.remote_connection:Finished Request
DEBUG:selenium.webdriver.remote.remote_connection:POST http://127.0.0.1:64394/session/b87062986e4fb0af80aca870897b0825/execute/sync {"script": "window.scrollTo(1044, 57)", "args": []}
DEBUG:urllib3.connectionpool:http://127.0.0.1:64394 "POST /session/b87062986e4fb0af80aca870897b0825/execute/sync HTTP/1.1" 200 14
DEBUG:selenium.webdriver.remote.remote_connection:Finished Request
DEBUG:selenium.webdriver.remote.remote_connection:GET http://127.0.0.1:64394/session/b87062986e4fb0af80aca870897b0825/source {}
DEBUG:urllib3.connectionpool:http://127.0.0.1:64394 "GET /session/b87062986e4fb0af80aca870897b0825/source HTTP/1.1" 200 557585
DEBUG:selenium.webdriver.remote.remote_connection:Finished Request
DEBUG:selenium.webdriver.remote.remote_connection:POST http://127.0.0.1:64394/session/b87062986e4fb0af80aca870897b0825/url {"url": "https://www.cmegroup.com/trading/energy/refined-products/rbob-gasoline.html"}
DEBUG:urllib3.connectionpool:http://127.0.0.1:64394 "POST /session/b87062986e4fb0af80aca870897b0825/url HTTP/1.1" 200 14
DEBUG:selenium.webdriver.remote.remote_connection:Finished Request
DEBUG:selenium.webdriver.remote.remote_connection:POST http://127.0.0.1:64394/session/b87062986e4fb0af80aca870897b0825/execute/sync {"script": "return document.body.scrollHeight", "args": []}
DEBUG:urllib3.connectionpool:http://127.0.0.1:64394 "POST /session/b87062986e4fb0af80aca870897b0825/execute/sync HTTP/1.1" 200 14
DEBUG:selenium.webdriver.remote.remote_connection:Finished Request
DEBUG:selenium.webdriver.remote.remote_connection:POST http://127.0.0.1:64394/session/b87062986e4fb0af80aca870897b0825/execute/sync {"script": "return window.scrollY", "args": []}
DEBUG:urllib3.connectionpool:http://127.0.0.1:64394 "POST /session/b87062986e4fb0af80aca870897b0825/execute/sync HTTP/1.1" 200 11
DEBUG:selenium.webdriver.remote.remote_connection:Finished Request
DEBUG:selenium.webdriver.remote.remote_connection:POST http://127.0.0.1:64394/session/b87062986e4fb0af80aca870897b0825/execute/sync {"script": "window.scrollTo(0, 877)", "args": []}
DEBUG:urllib3.connectionpool:http://127.0.0.1:64394 "POST /session/b87062986e4fb0af80aca870897b0825/execute/sync HTTP/1.1" 200 14
DEBUG:selenium.webdriver.remote.remote_connection:Finished Request
DEBUG:selenium.webdriver.remote.remote_connection:GET http://127.0.0.1:64394/session/b87062986e4fb0af80aca870897b0825/source {}
DEBUG:urllib3.connectionpool:http://127.0.0.1:64394 "GET /session/b87062986e4fb0af80aca870897b0825/source HTTP/1.1" 200 558325
DEBUG:selenium.webdriver.remote.remote_connection:Finished Request
DEBUG:selenium.webdriver.remote.remote_connection:POST http://127.0.0.1:64394/session/b87062986e4fb0af80aca870897b0825/url {"url": "https://www.cmegroup.com/trading/energy/refined-products/gulf-coast-no-6-fuel-oil-30pct-sulfur-platts-swap.html"}
DEBUG:urllib3.connectionpool:http://127.0.0.1:64394 "POST /session/b87062986e4fb0af80aca870897b0825/url HTTP/1.1" 200 14
DEBUG:selenium.webdriver.remote.remote_connection:Finished Request
DEBUG:selenium.webdriver.remote.remote_connection:POST http://127.0.0.1:64394/session/b87062986e4fb0af80aca870897b0825/execute/sync {"script": "return document.body.scrollHeight", "args": []}
DEBUG:urllib3.connectionpool:http://127.0.0.1:64394 "POST /session/b87062986e4fb0af80aca870897b0825/execute/sync HTTP/1.1" 200 14
DEBUG:selenium.webdriver.remote.remote_connection:Finished Request
DEBUG:selenium.webdriver.remote.remote_connection:POST http://127.0.0.1:64394/session/b87062986e4fb0af80aca870897b0825/execute/sync {"script": "return window.scrollY", "args": []}
DEBUG:urllib3.connectionpool:http://127.0.0.1:64394 "POST /session/b87062986e4fb0af80aca870897b0825/execute/sync HTTP/1.1" 200 11
DEBUG:selenium.webdriver.remote.remote_connection:Finished Request
DEBUG:selenium.webdriver.remote.remote_connection:POST http://127.0.0.1:64394/session/b87062986e4fb0af80aca870897b0825/execute/sync {"script": "window.scrollTo(0, 969)", "args": []}
DEBUG:urllib3.connectionpool:http://127.0.0.1:64394 "POST /session/b87062986e4fb0af80aca870897b0825/execute/sync HTTP/1.1" 200 14
DEBUG:selenium.webdriver.remote.remote_connection:Finished Request
DEBUG:selenium.webdriver.remote.remote_connection:POST http://127.0.0.1:64394/session/b87062986e4fb0af80aca870897b0825/execute/sync {"script": "return window.scrollY", "args": []}
DEBUG:urllib3.connectionpool:http://127.0.0.1:64394 "POST /session/b87062986e4fb0af80aca870897b0825/execute/sync HTTP/1.1" 200 13
DEBUG:selenium.webdriver.remote.remote_connection:Finished Request
DEBUG:selenium.webdriver.remote.remote_connection:POST http://127.0.0.1:64394/session/b87062986e4fb0af80aca870897b0825/execute/sync {"script": "window.scrollTo(969, 334)", "args": []}
DEBUG:urllib3.connectionpool:http://127.0.0.1:64394 "POST /session/b87062986e4fb0af80aca870897b0825/execute/sync HTTP/1.1" 200 14
DEBUG:selenium.webdriver.remote.remote_connection:Finished Request
DEBUG:selenium.webdriver.remote.remote_connection:POST http://127.0.0.1:64394/session/b87062986e4fb0af80aca870897b0825/execute/sync {"script": "return window.scrollY", "args": []}
DEBUG:urllib3.connectionpool:http://127.0.0.1:64394 "POST /session/b87062986e4fb0af80aca870897b0825/execute/sync HTTP/1.1" 200 13
DEBUG:selenium.webdriver.remote.remote_connection:Finished Request
DEBUG:selenium.webdriver.remote.remote_connection:POST http://127.0.0.1:64394/session/b87062986e4fb0af80aca870897b0825/execute/sync {"script": "window.scrollTo(334, 1026)", "args": []}
DEBUG:urllib3.connectionpool:http://127.0.0.1:64394 "POST /session/b87062986e4fb0af80aca870897b0825/execute/sync HTTP/1.1" 200 14
DEBUG:selenium.webdriver.remote.remote_connection:Finished Request
DEBUG:selenium.webdriver.remote.remote_connection:POST http://127.0.0.1:64394/session/b87062986e4fb0af80aca870897b0825/execute/sync {"script": "return window.scrollY", "args": []}
DEBUG:urllib3.connectionpool:http://127.0.0.1:64394 "POST /session/b87062986e4fb0af80aca870897b0825/execute/sync HTTP/1.1" 200 14
DEBUG:selenium.webdriver.remote.remote_connection:Finished Request
DEBUG:selenium.webdriver.remote.remote_connection:POST http://127.0.0.1:64394/session/b87062986e4fb0af80aca870897b0825/execute/sync {"script": "window.scrollTo(1026, 2000)", "args": []}
DEBUG:urllib3.connectionpool:http://127.0.0.1:64394 "POST /session/b87062986e4fb0af80aca870897b0825/execute/sync HTTP/1.1" 200 14
DEBUG:selenium.webdriver.remote.remote_connection:Finished Request
DEBUG:selenium.webdriver.remote.remote_connection:GET http://127.0.0.1:64394/session/b87062986e4fb0af80aca870897b0825/source {}
DEBUG:urllib3.connectionpool:http://127.0.0.1:64394 "GET /session/b87062986e4fb0af80aca870897b0825/source HTTP/1.1" 200 580965
DEBUG:selenium.webdriver.remote.remote_connection:Finished Request
DEBUG:selenium.webdriver.remote.remote_connection:POST http://127.0.0.1:64394/session/b87062986e4fb0af80aca870897b0825/url {"url": "https://www.cmegroup.com/trading/energy/crude-oil/light-sweet-crude_quotes_globex.html"}
DEBUG:urllib3.connectionpool:http://127.0.0.1:64394 "POST /session/b87062986e4fb0af80aca870897b0825/url HTTP/1.1" 200 14
DEBUG:selenium.webdriver.remote.remote_connection:Finished Request
DEBUG:selenium.webdriver.remote.remote_connection:POST http://127.0.0.1:64394/session/b87062986e4fb0af80aca870897b0825/execute/sync {"script": "return document.body.scrollHeight", "args": []}
DEBUG:urllib3.connectionpool:http://127.0.0.1:64394 "POST /session/b87062986e4fb0af80aca870897b0825/execute/sync HTTP/1.1" 200 14
DEBUG:selenium.webdriver.remote.remote_connection:Finished Request
DEBUG:selenium.webdriver.remote.remote_connection:POST http://127.0.0.1:64394/session/b87062986e4fb0af80aca870897b0825/execute/sync {"script": "return window.scrollY", "args": []}
DEBUG:urllib3.connectionpool:http://127.0.0.1:64394 "POST /session/b87062986e4fb0af80aca870897b0825/execute/sync HTTP/1.1" 200 11
DEBUG:selenium.webdriver.remote.remote_connection:Finished Request
DEBUG:selenium.webdriver.remote.remote_connection:POST http://127.0.0.1:64394/session/b87062986e4fb0af80aca870897b0825/execute/sync {"script": "window.scrollTo(0, 592)", "args": []}
DEBUG:urllib3.connectionpool:http://127.0.0.1:64394 "POST /session/b87062986e4fb0af80aca870897b0825/execute/sync HTTP/1.1" 200 14
DEBUG:selenium.webdriver.remote.remote_connection:Finished Request
DEBUG:selenium.webdriver.remote.remote_connection:POST http://127.0.0.1:64394/session/b87062986e4fb0af80aca870897b0825/execute/sync {"script": "return window.scrollY", "args": []}
DEBUG:urllib3.connectionpool:http://127.0.0.1:64394 "POST /session/b87062986e4fb0af80aca870897b0825/execute/sync HTTP/1.1" 200 13
DEBUG:selenium.webdriver.remote.remote_connection:Finished Request
DEBUG:selenium.webdriver.remote.remote_connection:POST http://127.0.0.1:64394/session/b87062986e4fb0af80aca870897b0825/execute/sync {"script": "window.scrollTo(592, 1558)", "args": []}
DEBUG:urllib3.connectionpool:http://127.0.0.1:64394 "POST /session/b87062986e4fb0af80aca870897b0825/execute/sync HTTP/1.1" 200 14
DEBUG:selenium.webdriver.remote.remote_connection:Finished Request
DEBUG:selenium.webdriver.remote.remote_connection:POST http://127.0.0.1:64394/session/b87062986e4fb0af80aca870897b0825/execute/sync {"script": "return window.scrollY", "args": []}
DEBUG:urllib3.connectionpool:http://127.0.0.1:64394 "POST /session/b87062986e4fb0af80aca870897b0825/execute/sync HTTP/1.1" 200 14
DEBUG:selenium.webdriver.remote.remote_connection:Finished Request
DEBUG:selenium.webdriver.remote.remote_connection:POST http://127.0.0.1:64394/session/b87062986e4fb0af80aca870897b0825/execute/sync {"script": "window.scrollTo(1558, 1014)", "args": []}
DEBUG:urllib3.connectionpool:http://127.0.0.1:64394 "POST /session/b87062986e4fb0af80aca870897b0825/execute/sync HTTP/1.1" 200 14
DEBUG:selenium.webdriver.remote.remote_connection:Finished Request
DEBUG:selenium.webdriver.remote.remote_connection:GET http://127.0.0.1:64394/session/b87062986e4fb0af80aca870897b0825/source {}
DEBUG:urllib3.connectionpool:http://127.0.0.1:64394 "GET /session/b87062986e4fb0af80aca870897b0825/source HTTP/1.1" 200 747797
DEBUG:selenium.webdriver.remote.remote_connection:Finished Request
DEBUG:selenium.webdriver.remote.remote_connection:DELETE http://127.0.0.1:64394/session/b87062986e4fb0af80aca870897b0825/window {}
DEBUG:urllib3.connectionpool:http://127.0.0.1:64394 "DELETE /session/b87062986e4fb0af80aca870897b0825/window HTTP/1.1" 200 14
DEBUG:selenium.webdriver.remote.remote_connection:Finished Request
DEBUG:selenium.webdriver.remote.remote_connection:POST http://127.0.0.1:58983/session {"capabilities": {"firstMatch": [{}], "alwaysMatch": {"browserName": "chrome", "platformName": "any", "goog:chromeOptions": {"extensions": [], "args": []}}}, "desiredCapabilities": {"browserName": "chrome", "version": "", "platform": "ANY", "goog:chromeOptions": {"extensions": [], "args": []}}}
DEBUG:urllib3.connectionpool:Starting new HTTP connection (1): 127.0.0.1:58983
DEBUG:urllib3.connectionpool:http://127.0.0.1:58983 "POST /session HTTP/1.1" 200 682
DEBUG:selenium.webdriver.remote.remote_connection:Finished Request
DEBUG:selenium.webdriver.remote.remote_connection:POST http://127.0.0.1:58983/session/e62b8e835c67c20d8367bd64eb643a30/window/maximize {}
DEBUG:urllib3.connectionpool:http://127.0.0.1:58983 "POST /session/e62b8e835c67c20d8367bd64eb643a30/window/maximize HTTP/1.1" 200 50
DEBUG:selenium.webdriver.remote.remote_connection:Finished Request
DEBUG:selenium.webdriver.remote.remote_connection:POST http://127.0.0.1:58983/session/e62b8e835c67c20d8367bd64eb643a30/url {"url": "https://www.cmegroup.com/trading/energy/crude-oil/brent-crude-oil.html"}
DEBUG:urllib3.connectionpool:http://127.0.0.1:58983 "POST /session/e62b8e835c67c20d8367bd64eb643a30/url HTTP/1.1" 200 14
DEBUG:selenium.webdriver.remote.remote_connection:Finished Request
DEBUG:selenium.webdriver.remote.remote_connection:POST http://127.0.0.1:59777/session {"capabilities": {"firstMatch": [{}], "alwaysMatch": {"browserName": "chrome", "platformName": "any", "goog:chromeOptions": {"extensions": [], "args": []}}}, "desiredCapabilities": {"browserName": "chrome", "version": "", "platform": "ANY", "goog:chromeOptions": {"extensions": [], "args": []}}}
DEBUG:urllib3.connectionpool:Starting new HTTP connection (1): 127.0.0.1:59777
DEBUG:urllib3.connectionpool:http://127.0.0.1:59777 "POST /session HTTP/1.1" 200 680
DEBUG:selenium.webdriver.remote.remote_connection:Finished Request
DEBUG:selenium.webdriver.remote.remote_connection:POST http://127.0.0.1:59777/session/029b909c884f0e44d159e0b8250b07fd/window/maximize {}
DEBUG:urllib3.connectionpool:http://127.0.0.1:59777 "POST /session/029b909c884f0e44d159e0b8250b07fd/window/maximize HTTP/1.1" 200 52
DEBUG:selenium.webdriver.remote.remote_connection:Finished Request
DEBUG:selenium.webdriver.remote.remote_connection:POST http://127.0.0.1:59777/session/029b909c884f0e44d159e0b8250b07fd/url {"url": "https://www.cmegroup.com/trading/energy/refined-products/gulf-coast-ultra-low-sulfur-diesel-usld-platts-calendar-swap.html"}
DEBUG:urllib3.connectionpool:http://127.0.0.1:59777 "POST /session/029b909c884f0e44d159e0b8250b07fd/url HTTP/1.1" 200 14
DEBUG:selenium.webdriver.remote.remote_connection:Finished Request
DEBUG:selenium.webdriver.remote.remote_connection:POST http://127.0.0.1:59777/session/029b909c884f0e44d159e0b8250b07fd/execute/sync {"script": "return document.body.scrollHeight", "args": []}
DEBUG:urllib3.connectionpool:http://127.0.0.1:59777 "POST /session/029b909c884f0e44d159e0b8250b07fd/execute/sync HTTP/1.1" 200 14
DEBUG:selenium.webdriver.remote.remote_connection:Finished Request
DEBUG:selenium.webdriver.remote.remote_connection:POST http://127.0.0.1:59777/session/029b909c884f0e44d159e0b8250b07fd/execute/sync {"script": "return window.scrollY", "args": []}
DEBUG:urllib3.connectionpool:http://127.0.0.1:59777 "POST /session/029b909c884f0e44d159e0b8250b07fd/execute/sync HTTP/1.1" 200 11
DEBUG:selenium.webdriver.remote.remote_connection:Finished Request
DEBUG:selenium.webdriver.remote.remote_connection:POST http://127.0.0.1:59777/session/029b909c884f0e44d159e0b8250b07fd/execute/sync {"script": "window.scrollTo(0, 581)", "args": []}
DEBUG:urllib3.connectionpool:http://127.0.0.1:59777 "POST /session/029b909c884f0e44d159e0b8250b07fd/execute/sync HTTP/1.1" 200 14
DEBUG:selenium.webdriver.remote.remote_connection:Finished Request
DEBUG:selenium.webdriver.remote.remote_connection:POST http://127.0.0.1:59777/session/029b909c884f0e44d159e0b8250b07fd/execute/sync {"script": "return window.scrollY", "args": []}
DEBUG:urllib3.connectionpool:http://127.0.0.1:59777 "POST /session/029b909c884f0e44d159e0b8250b07fd/execute/sync HTTP/1.1" 200 27
DEBUG:selenium.webdriver.remote.remote_connection:Finished Request
DEBUG:selenium.webdriver.remote.remote_connection:POST http://127.0.0.1:59777/session/029b909c884f0e44d159e0b8250b07fd/execute/sync {"script": "window.scrollTo(580.6666870117188, 1491.6666870117188)", "args": []}
DEBUG:urllib3.connectionpool:http://127.0.0.1:59777 "POST /session/029b909c884f0e44d159e0b8250b07fd/execute/sync HTTP/1.1" 200 14
DEBUG:selenium.webdriver.remote.remote_connection:Finished Request
DEBUG:selenium.webdriver.remote.remote_connection:POST http://127.0.0.1:59777/session/029b909c884f0e44d159e0b8250b07fd/execute/sync {"script": "return window.scrollY", "args": []}
DEBUG:urllib3.connectionpool:http://127.0.0.1:59777 "POST /session/029b909c884f0e44d159e0b8250b07fd/execute/sync HTTP/1.1" 200 28
DEBUG:selenium.webdriver.remote.remote_connection:Finished Request
DEBUG:selenium.webdriver.remote.remote_connection:POST http://127.0.0.1:59777/session/029b909c884f0e44d159e0b8250b07fd/execute/sync {"script": "window.scrollTo(1491.3333740234375, 758.3333740234375)", "args": []}
DEBUG:urllib3.connectionpool:http://127.0.0.1:59777 "POST /session/029b909c884f0e44d159e0b8250b07fd/execute/sync HTTP/1.1" 200 14
DEBUG:selenium.webdriver.remote.remote_connection:Finished Request
DEBUG:selenium.webdriver.remote.remote_connection:GET http://127.0.0.1:59777/session/029b909c884f0e44d159e0b8250b07fd/source {}
DEBUG:urllib3.connectionpool:http://127.0.0.1:59777 "GET /session/029b909c884f0e44d159e0b8250b07fd/source HTTP/1.1" 200 563778
DEBUG:selenium.webdriver.remote.remote_connection:Finished Request
DEBUG:selenium.webdriver.remote.remote_connection:POST http://127.0.0.1:59777/session/029b909c884f0e44d159e0b8250b07fd/url {"url": "https://www.cmegroup.com/trading/energy/crude-oil/light-sweet-crude_quotes_globex.html"}
DEBUG:urllib3.connectionpool:http://127.0.0.1:59777 "POST /session/029b909c884f0e44d159e0b8250b07fd/url HTTP/1.1" 200 14
DEBUG:selenium.webdriver.remote.remote_connection:Finished Request
DEBUG:selenium.webdriver.remote.remote_connection:POST http://127.0.0.1:59777/session/029b909c884f0e44d159e0b8250b07fd/execute/sync {"script": "return document.body.scrollHeight", "args": []}
DEBUG:urllib3.connectionpool:http://127.0.0.1:59777 "POST /session/029b909c884f0e44d159e0b8250b07fd/execute/sync HTTP/1.1" 200 14
DEBUG:selenium.webdriver.remote.remote_connection:Finished Request
DEBUG:selenium.webdriver.remote.remote_connection:POST http://127.0.0.1:59777/session/029b909c884f0e44d159e0b8250b07fd/execute/sync {"script": "return window.scrollY", "args": []}
DEBUG:urllib3.connectionpool:http://127.0.0.1:59777 "POST /session/029b909c884f0e44d159e0b8250b07fd/execute/sync HTTP/1.1" 200 11
DEBUG:selenium.webdriver.remote.remote_connection:Finished Request
DEBUG:selenium.webdriver.remote.remote_connection:POST http://127.0.0.1:59777/session/029b909c884f0e44d159e0b8250b07fd/execute/sync {"script": "window.scrollTo(0, 749)", "args": []}
DEBUG:urllib3.connectionpool:http://127.0.0.1:59777 "POST /session/029b909c884f0e44d159e0b8250b07fd/execute/sync HTTP/1.1" 200 14
DEBUG:selenium.webdriver.remote.remote_connection:Finished Request
DEBUG:selenium.webdriver.remote.remote_connection:POST http://127.0.0.1:59777/session/029b909c884f0e44d159e0b8250b07fd/execute/sync {"script": "return window.scrollY", "args": []}
DEBUG:urllib3.connectionpool:http://127.0.0.1:59777 "POST /session/029b909c884f0e44d159e0b8250b07fd/execute/sync HTTP/1.1" 200 27
DEBUG:selenium.webdriver.remote.remote_connection:Finished Request
DEBUG:selenium.webdriver.remote.remote_connection:POST http://127.0.0.1:59777/session/029b909c884f0e44d159e0b8250b07fd/execute/sync {"script": "window.scrollTo(748.6666870117188, 1642.6666870117188)", "args": []}
DEBUG:urllib3.connectionpool:http://127.0.0.1:59777 "POST /session/029b909c884f0e44d159e0b8250b07fd/execute/sync HTTP/1.1" 200 14
DEBUG:selenium.webdriver.remote.remote_connection:Finished Request
DEBUG:selenium.webdriver.remote.remote_connection:POST http://127.0.0.1:59777/session/029b909c884f0e44d159e0b8250b07fd/execute/sync {"script": "return window.scrollY", "args": []}
DEBUG:urllib3.connectionpool:http://127.0.0.1:59777 "POST /session/029b909c884f0e44d159e0b8250b07fd/execute/sync HTTP/1.1" 200 28
DEBUG:selenium.webdriver.remote.remote_connection:Finished Request
DEBUG:selenium.webdriver.remote.remote_connection:POST http://127.0.0.1:59777/session/029b909c884f0e44d159e0b8250b07fd/execute/sync {"script": "window.scrollTo(1642.6666259765625, 894.6666259765625)", "args": []}
DEBUG:urllib3.connectionpool:http://127.0.0.1:59777 "POST /session/029b909c884f0e44d159e0b8250b07fd/execute/sync HTTP/1.1" 200 14
DEBUG:selenium.webdriver.remote.remote_connection:Finished Request
DEBUG:selenium.webdriver.remote.remote_connection:GET http://127.0.0.1:59777/session/029b909c884f0e44d159e0b8250b07fd/source {}
DEBUG:urllib3.connectionpool:http://127.0.0.1:59777 "GET /session/029b909c884f0e44d159e0b8250b07fd/source HTTP/1.1" 200 747888
DEBUG:selenium.webdriver.remote.remote_connection:Finished Request
DEBUG:selenium.webdriver.remote.remote_connection:POST http://127.0.0.1:59777/session/029b909c884f0e44d159e0b8250b07fd/url {"url": "https://www.cmegroup.com/trading/energy/crude-oil/brent-crude-oil.html"}
DEBUG:urllib3.connectionpool:http://127.0.0.1:59777 "POST /session/029b909c884f0e44d159e0b8250b07fd/url HTTP/1.1" 200 14
DEBUG:selenium.webdriver.remote.remote_connection:Finished Request
DEBUG:selenium.webdriver.remote.remote_connection:POST http://127.0.0.1:59777/session/029b909c884f0e44d159e0b8250b07fd/execute/sync {"script": "return document.body.scrollHeight", "args": []}
DEBUG:urllib3.connectionpool:http://127.0.0.1:59777 "POST /session/029b909c884f0e44d159e0b8250b07fd/execute/sync HTTP/1.1" 200 14
DEBUG:selenium.webdriver.remote.remote_connection:Finished Request
DEBUG:selenium.webdriver.remote.remote_connection:POST http://127.0.0.1:59777/session/029b909c884f0e44d159e0b8250b07fd/execute/sync {"script": "return window.scrollY", "args": []}
DEBUG:urllib3.connectionpool:http://127.0.0.1:59777 "POST /session/029b909c884f0e44d159e0b8250b07fd/execute/sync HTTP/1.1" 200 11
DEBUG:selenium.webdriver.remote.remote_connection:Finished Request
DEBUG:selenium.webdriver.remote.remote_connection:POST http://127.0.0.1:59777/session/029b909c884f0e44d159e0b8250b07fd/execute/sync {"script": "window.scrollTo(0, 696)", "args": []}
DEBUG:urllib3.connectionpool:http://127.0.0.1:59777 "POST /session/029b909c884f0e44d159e0b8250b07fd/execute/sync HTTP/1.1" 200 14
DEBUG:selenium.webdriver.remote.remote_connection:Finished Request
DEBUG:selenium.webdriver.remote.remote_connection:POST http://127.0.0.1:59777/session/029b909c884f0e44d159e0b8250b07fd/execute/sync {"script": "return window.scrollY", "args": []}
DEBUG:urllib3.connectionpool:http://127.0.0.1:59777 "POST /session/029b909c884f0e44d159e0b8250b07fd/execute/sync HTTP/1.1" 200 13
DEBUG:selenium.webdriver.remote.remote_connection:Finished Request
DEBUG:selenium.webdriver.remote.remote_connection:POST http://127.0.0.1:59777/session/029b909c884f0e44d159e0b8250b07fd/execute/sync {"script": "window.scrollTo(696, 1504)", "args": []}
DEBUG:urllib3.connectionpool:http://127.0.0.1:59777 "POST /session/029b909c884f0e44d159e0b8250b07fd/execute/sync HTTP/1.1" 200 14
DEBUG:selenium.webdriver.remote.remote_connection:Finished Request
DEBUG:selenium.webdriver.remote.remote_connection:POST http://127.0.0.1:59777/session/029b909c884f0e44d159e0b8250b07fd/execute/sync {"script": "return window.scrollY", "args": []}
DEBUG:urllib3.connectionpool:http://127.0.0.1:59777 "POST /session/029b909c884f0e44d159e0b8250b07fd/execute/sync HTTP/1.1" 200 14
DEBUG:selenium.webdriver.remote.remote_connection:Finished Request
DEBUG:selenium.webdriver.remote.remote_connection:POST http://127.0.0.1:59777/session/029b909c884f0e44d159e0b8250b07fd/execute/sync {"script": "window.scrollTo(1504, 2571)", "args": []}
DEBUG:urllib3.connectionpool:http://127.0.0.1:59777 "POST /session/029b909c884f0e44d159e0b8250b07fd/execute/sync HTTP/1.1" 200 14
DEBUG:selenium.webdriver.remote.remote_connection:Finished Request
DEBUG:selenium.webdriver.remote.remote_connection:GET http://127.0.0.1:59777/session/029b909c884f0e44d159e0b8250b07fd/source {}
DEBUG:urllib3.connectionpool:http://127.0.0.1:59777 "GET /session/029b909c884f0e44d159e0b8250b07fd/source HTTP/1.1" 200 658980
DEBUG:selenium.webdriver.remote.remote_connection:Finished Request
DEBUG:selenium.webdriver.remote.remote_connection:POST http://127.0.0.1:59777/session/029b909c884f0e44d159e0b8250b07fd/url {"url": "https://www.cmegroup.com/trading/energy/refined-products/gulf-coast-no-6-fuel-oil-30pct-sulfur-platts-swap.html"}
DEBUG:urllib3.connectionpool:http://127.0.0.1:59777 "POST /session/029b909c884f0e44d159e0b8250b07fd/url HTTP/1.1" 200 14
DEBUG:selenium.webdriver.remote.remote_connection:Finished Request
DEBUG:selenium.webdriver.remote.remote_connection:POST http://127.0.0.1:59777/session/029b909c884f0e44d159e0b8250b07fd/execute/sync {"script": "return document.body.scrollHeight", "args": []}
DEBUG:urllib3.connectionpool:http://127.0.0.1:59777 "POST /session/029b909c884f0e44d159e0b8250b07fd/execute/sync HTTP/1.1" 200 14
DEBUG:selenium.webdriver.remote.remote_connection:Finished Request
DEBUG:selenium.webdriver.remote.remote_connection:POST http://127.0.0.1:59777/session/029b909c884f0e44d159e0b8250b07fd/execute/sync {"script": "return window.scrollY", "args": []}
DEBUG:urllib3.connectionpool:http://127.0.0.1:59777 "POST /session/029b909c884f0e44d159e0b8250b07fd/execute/sync HTTP/1.1" 200 11
DEBUG:selenium.webdriver.remote.remote_connection:Finished Request
DEBUG:selenium.webdriver.remote.remote_connection:POST http://127.0.0.1:59777/session/029b909c884f0e44d159e0b8250b07fd/execute/sync {"script": "window.scrollTo(0, 865)", "args": []}
DEBUG:urllib3.connectionpool:http://127.0.0.1:59777 "POST /session/029b909c884f0e44d159e0b8250b07fd/execute/sync HTTP/1.1" 200 14
DEBUG:selenium.webdriver.remote.remote_connection:Finished Request
DEBUG:selenium.webdriver.remote.remote_connection:POST http://127.0.0.1:59777/session/029b909c884f0e44d159e0b8250b07fd/execute/sync {"script": "return window.scrollY", "args": []}
DEBUG:urllib3.connectionpool:http://127.0.0.1:59777 "POST /session/029b909c884f0e44d159e0b8250b07fd/execute/sync HTTP/1.1" 200 27
DEBUG:selenium.webdriver.remote.remote_connection:Finished Request
DEBUG:selenium.webdriver.remote.remote_connection:POST http://127.0.0.1:59777/session/029b909c884f0e44d159e0b8250b07fd/execute/sync {"script": "window.scrollTo(864.6666870117188, 1442.6666870117188)", "args": []}
DEBUG:urllib3.connectionpool:http://127.0.0.1:59777 "POST /session/029b909c884f0e44d159e0b8250b07fd/execute/sync HTTP/1.1" 200 14
DEBUG:selenium.webdriver.remote.remote_connection:Finished Request
DEBUG:selenium.webdriver.remote.remote_connection:POST http://127.0.0.1:59777/session/029b909c884f0e44d159e0b8250b07fd/execute/sync {"script": "return window.scrollY", "args": []}
DEBUG:urllib3.connectionpool:http://127.0.0.1:59777 "POST /session/029b909c884f0e44d159e0b8250b07fd/execute/sync HTTP/1.1" 200 28
DEBUG:selenium.webdriver.remote.remote_connection:Finished Request
DEBUG:selenium.webdriver.remote.remote_connection:POST http://127.0.0.1:59777/session/029b909c884f0e44d159e0b8250b07fd/execute/sync {"script": "window.scrollTo(1442.6666259765625, 664.6666259765625)", "args": []}
DEBUG:urllib3.connectionpool:http://127.0.0.1:59777 "POST /session/029b909c884f0e44d159e0b8250b07fd/execute/sync HTTP/1.1" 200 14
DEBUG:selenium.webdriver.remote.remote_connection:Finished Request
DEBUG:selenium.webdriver.remote.remote_connection:GET http://127.0.0.1:59777/session/029b909c884f0e44d159e0b8250b07fd/source {}
DEBUG:urllib3.connectionpool:http://127.0.0.1:59777 "GET /session/029b909c884f0e44d159e0b8250b07fd/source HTTP/1.1" 200 580917
DEBUG:selenium.webdriver.remote.remote_connection:Finished Request
DEBUG:selenium.webdriver.remote.remote_connection:POST http://127.0.0.1:59777/session/029b909c884f0e44d159e0b8250b07fd/url {"url": "https://www.cmegroup.com/trading/energy/refined-products/heating-oil.html"}
DEBUG:urllib3.connectionpool:http://127.0.0.1:59777 "POST /session/029b909c884f0e44d159e0b8250b07fd/url HTTP/1.1" 200 14
DEBUG:selenium.webdriver.remote.remote_connection:Finished Request
DEBUG:selenium.webdriver.remote.remote_connection:POST http://127.0.0.1:59777/session/029b909c884f0e44d159e0b8250b07fd/execute/sync {"script": "return document.body.scrollHeight", "args": []}
DEBUG:urllib3.connectionpool:http://127.0.0.1:59777 "POST /session/029b909c884f0e44d159e0b8250b07fd/execute/sync HTTP/1.1" 200 14
DEBUG:selenium.webdriver.remote.remote_connection:Finished Request
DEBUG:selenium.webdriver.remote.remote_connection:POST http://127.0.0.1:59777/session/029b909c884f0e44d159e0b8250b07fd/execute/sync {"script": "return window.scrollY", "args": []}
DEBUG:urllib3.connectionpool:http://127.0.0.1:59777 "POST /session/029b909c884f0e44d159e0b8250b07fd/execute/sync HTTP/1.1" 200 11
DEBUG:selenium.webdriver.remote.remote_connection:Finished Request
DEBUG:selenium.webdriver.remote.remote_connection:POST http://127.0.0.1:59777/session/029b909c884f0e44d159e0b8250b07fd/execute/sync {"script": "window.scrollTo(0, 611)", "args": []}
DEBUG:urllib3.connectionpool:http://127.0.0.1:59777 "POST /session/029b909c884f0e44d159e0b8250b07fd/execute/sync HTTP/1.1" 200 14
DEBUG:selenium.webdriver.remote.remote_connection:Finished Request
DEBUG:selenium.webdriver.remote.remote_connection:POST http://127.0.0.1:59777/session/029b909c884f0e44d159e0b8250b07fd/execute/sync {"script": "return window.scrollY", "args": []}
DEBUG:urllib3.connectionpool:http://127.0.0.1:59777 "POST /session/029b909c884f0e44d159e0b8250b07fd/execute/sync HTTP/1.1" 200 27
DEBUG:selenium.webdriver.remote.remote_connection:Finished Request
DEBUG:selenium.webdriver.remote.remote_connection:POST http://127.0.0.1:59777/session/029b909c884f0e44d159e0b8250b07fd/execute/sync {"script": "window.scrollTo(610.6666870117188, 1401.6666870117188)", "args": []}
DEBUG:urllib3.connectionpool:http://127.0.0.1:59777 "POST /session/029b909c884f0e44d159e0b8250b07fd/execute/sync HTTP/1.1" 200 14
DEBUG:selenium.webdriver.remote.remote_connection:Finished Request
DEBUG:selenium.webdriver.remote.remote_connection:POST http://127.0.0.1:59777/session/029b909c884f0e44d159e0b8250b07fd/execute/sync {"script": "return window.scrollY", "args": []}
DEBUG:urllib3.connectionpool:http://127.0.0.1:59777 "POST /session/029b909c884f0e44d159e0b8250b07fd/execute/sync HTTP/1.1" 200 28
DEBUG:selenium.webdriver.remote.remote_connection:Finished Request
DEBUG:selenium.webdriver.remote.remote_connection:POST http://127.0.0.1:59777/session/029b909c884f0e44d159e0b8250b07fd/execute/sync {"script": "window.scrollTo(1401.3333740234375, 578.3333740234375)", "args": []}
DEBUG:urllib3.connectionpool:http://127.0.0.1:59777 "POST /session/029b909c884f0e44d159e0b8250b07fd/execute/sync HTTP/1.1" 200 14
DEBUG:selenium.webdriver.remote.remote_connection:Finished Request
DEBUG:selenium.webdriver.remote.remote_connection:POST http://127.0.0.1:59777/session/029b909c884f0e44d159e0b8250b07fd/execute/sync {"script": "return window.scrollY", "args": []}
DEBUG:urllib3.connectionpool:http://127.0.0.1:59777 "POST /session/029b909c884f0e44d159e0b8250b07fd/execute/sync HTTP/1.1" 200 13
DEBUG:selenium.webdriver.remote.remote_connection:Finished Request
DEBUG:selenium.webdriver.remote.remote_connection:POST http://127.0.0.1:59777/session/029b909c884f0e44d159e0b8250b07fd/execute/sync {"script": "window.scrollTo(578, 1316)", "args": []}
DEBUG:urllib3.connectionpool:http://127.0.0.1:59777 "POST /session/029b909c884f0e44d159e0b8250b07fd/execute/sync HTTP/1.1" 200 14
DEBUG:selenium.webdriver.remote.remote_connection:Finished Request
DEBUG:selenium.webdriver.remote.remote_connection:GET http://127.0.0.1:59777/session/029b909c884f0e44d159e0b8250b07fd/source {}
DEBUG:urllib3.connectionpool:http://127.0.0.1:59777 "GET /session/029b909c884f0e44d159e0b8250b07fd/source HTTP/1.1" 200 558499
DEBUG:selenium.webdriver.remote.remote_connection:Finished Request
DEBUG:selenium.webdriver.remote.remote_connection:POST http://127.0.0.1:59777/session/029b909c884f0e44d159e0b8250b07fd/url {"url": "https://www.cmegroup.com/trading/energy/refined-products/rbob-gasoline.html"}
DEBUG:urllib3.connectionpool:http://127.0.0.1:59777 "POST /session/029b909c884f0e44d159e0b8250b07fd/url HTTP/1.1" 200 14
DEBUG:selenium.webdriver.remote.remote_connection:Finished Request
DEBUG:selenium.webdriver.remote.remote_connection:POST http://127.0.0.1:59777/session/029b909c884f0e44d159e0b8250b07fd/execute/sync {"script": "return document.body.scrollHeight", "args": []}
DEBUG:urllib3.connectionpool:http://127.0.0.1:59777 "POST /session/029b909c884f0e44d159e0b8250b07fd/execute/sync HTTP/1.1" 200 14
DEBUG:selenium.webdriver.remote.remote_connection:Finished Request
DEBUG:selenium.webdriver.remote.remote_connection:POST http://127.0.0.1:59777/session/029b909c884f0e44d159e0b8250b07fd/execute/sync {"script": "return window.scrollY", "args": []}
DEBUG:urllib3.connectionpool:http://127.0.0.1:59777 "POST /session/029b909c884f0e44d159e0b8250b07fd/execute/sync HTTP/1.1" 200 11
DEBUG:selenium.webdriver.remote.remote_connection:Finished Request
DEBUG:selenium.webdriver.remote.remote_connection:POST http://127.0.0.1:59777/session/029b909c884f0e44d159e0b8250b07fd/execute/sync {"script": "window.scrollTo(0, 706)", "args": []}
DEBUG:urllib3.connectionpool:http://127.0.0.1:59777 "POST /session/029b909c884f0e44d159e0b8250b07fd/execute/sync HTTP/1.1" 200 14
DEBUG:selenium.webdriver.remote.remote_connection:Finished Request
DEBUG:selenium.webdriver.remote.remote_connection:POST http://127.0.0.1:59777/session/029b909c884f0e44d159e0b8250b07fd/execute/sync {"script": "return window.scrollY", "args": []}
DEBUG:urllib3.connectionpool:http://127.0.0.1:59777 "POST /session/029b909c884f0e44d159e0b8250b07fd/execute/sync HTTP/1.1" 200 13
DEBUG:selenium.webdriver.remote.remote_connection:Finished Request
DEBUG:selenium.webdriver.remote.remote_connection:POST http://127.0.0.1:59777/session/029b909c884f0e44d159e0b8250b07fd/execute/sync {"script": "window.scrollTo(706, 1602)", "args": []}
DEBUG:urllib3.connectionpool:http://127.0.0.1:59777 "POST /session/029b909c884f0e44d159e0b8250b07fd/execute/sync HTTP/1.1" 200 14
DEBUG:selenium.webdriver.remote.remote_connection:Finished Request
DEBUG:selenium.webdriver.remote.remote_connection:GET http://127.0.0.1:59777/session/029b909c884f0e44d159e0b8250b07fd/source {}
DEBUG:urllib3.connectionpool:http://127.0.0.1:59777 "GET /session/029b909c884f0e44d159e0b8250b07fd/source HTTP/1.1" 200 558700
DEBUG:selenium.webdriver.remote.remote_connection:Finished Request
DEBUG:selenium.webdriver.remote.remote_connection:DELETE http://127.0.0.1:59777/session/029b909c884f0e44d159e0b8250b07fd/window {}
DEBUG:urllib3.connectionpool:http://127.0.0.1:59777 "DELETE /session/029b909c884f0e44d159e0b8250b07fd/window HTTP/1.1" 200 14
DEBUG:selenium.webdriver.remote.remote_connection:Finished Request
DEBUG:selenium.webdriver.remote.remote_connection:POST http://127.0.0.1:54081/session {"capabilities": {"firstMatch": [{}], "alwaysMatch": {"browserName": "chrome", "platformName": "any", "goog:chromeOptions": {"extensions": [], "args": []}}}, "desiredCapabilities": {"browserName": "chrome", "version": "", "platform": "ANY", "goog:chromeOptions": {"extensions": [], "args": []}}}
DEBUG:urllib3.connectionpool:Starting new HTTP connection (1): 127.0.0.1:54081
DEBUG:urllib3.connectionpool:http://127.0.0.1:54081 "POST /session HTTP/1.1" 200 683
DEBUG:selenium.webdriver.remote.remote_connection:Finished Request
DEBUG:selenium.webdriver.remote.remote_connection:POST http://127.0.0.1:54081/session/a4f05e2f8f225218cbe9fb8b3d7ec90a/window/maximize {}
DEBUG:urllib3.connectionpool:http://127.0.0.1:54081 "POST /session/a4f05e2f8f225218cbe9fb8b3d7ec90a/window/maximize HTTP/1.1" 200 52
DEBUG:selenium.webdriver.remote.remote_connection:Finished Request
DEBUG:selenium.webdriver.remote.remote_connection:POST http://127.0.0.1:54081/session/a4f05e2f8f225218cbe9fb8b3d7ec90a/url {"url": "https://www.cmegroup.com/trading/energy/refined-products/gulf-coast-no-6-fuel-oil-30pct-sulfur-platts-swap.html"}
DEBUG:urllib3.connectionpool:http://127.0.0.1:54081 "POST /session/a4f05e2f8f225218cbe9fb8b3d7ec90a/url HTTP/1.1" 200 14
DEBUG:selenium.webdriver.remote.remote_connection:Finished Request
DEBUG:selenium.webdriver.remote.remote_connection:POST http://127.0.0.1:54081/session/a4f05e2f8f225218cbe9fb8b3d7ec90a/execute/sync {"script": "return document.body.scrollHeight", "args": []}
DEBUG:urllib3.connectionpool:http://127.0.0.1:54081 "POST /session/a4f05e2f8f225218cbe9fb8b3d7ec90a/execute/sync HTTP/1.1" 200 14
DEBUG:selenium.webdriver.remote.remote_connection:Finished Request
DEBUG:selenium.webdriver.remote.remote_connection:POST http://127.0.0.1:54081/session/a4f05e2f8f225218cbe9fb8b3d7ec90a/execute/sync {"script": "return window.scrollY", "args": []}
DEBUG:urllib3.connectionpool:http://127.0.0.1:54081 "POST /session/a4f05e2f8f225218cbe9fb8b3d7ec90a/execute/sync HTTP/1.1" 200 13
DEBUG:selenium.webdriver.remote.remote_connection:Finished Request
DEBUG:selenium.webdriver.remote.remote_connection:POST http://127.0.0.1:54081/session/a4f05e2f8f225218cbe9fb8b3d7ec90a/execute/sync {"script": "window.scrollTo(300, 928)", "args": []}
DEBUG:urllib3.connectionpool:http://127.0.0.1:54081 "POST /session/a4f05e2f8f225218cbe9fb8b3d7ec90a/execute/sync HTTP/1.1" 200 14
DEBUG:selenium.webdriver.remote.remote_connection:Finished Request
DEBUG:selenium.webdriver.remote.remote_connection:POST http://127.0.0.1:54081/session/a4f05e2f8f225218cbe9fb8b3d7ec90a/execute/sync {"script": "return window.scrollY", "args": []}
DEBUG:urllib3.connectionpool:http://127.0.0.1:54081 "POST /session/a4f05e2f8f225218cbe9fb8b3d7ec90a/execute/sync HTTP/1.1" 200 13
DEBUG:selenium.webdriver.remote.remote_connection:Finished Request
DEBUG:selenium.webdriver.remote.remote_connection:POST http://127.0.0.1:54081/session/a4f05e2f8f225218cbe9fb8b3d7ec90a/execute/sync {"script": "window.scrollTo(828, 37)", "args": []}
DEBUG:urllib3.connectionpool:http://127.0.0.1:54081 "POST /session/a4f05e2f8f225218cbe9fb8b3d7ec90a/execute/sync HTTP/1.1" 200 14
DEBUG:selenium.webdriver.remote.remote_connection:Finished Request
DEBUG:selenium.webdriver.remote.remote_connection:GET http://127.0.0.1:54081/session/a4f05e2f8f225218cbe9fb8b3d7ec90a/source {}
DEBUG:urllib3.connectionpool:http://127.0.0.1:54081 "GET /session/a4f05e2f8f225218cbe9fb8b3d7ec90a/source HTTP/1.1" 200 619039
DEBUG:selenium.webdriver.remote.remote_connection:Finished Request
DEBUG:selenium.webdriver.remote.remote_connection:POST http://127.0.0.1:54081/session/a4f05e2f8f225218cbe9fb8b3d7ec90a/url {"url": "https://www.cmegroup.com/trading/energy/refined-products/rbob-gasoline.html"}
DEBUG:urllib3.connectionpool:http://127.0.0.1:54081 "POST /session/a4f05e2f8f225218cbe9fb8b3d7ec90a/url HTTP/1.1" 200 14
DEBUG:selenium.webdriver.remote.remote_connection:Finished Request
DEBUG:selenium.webdriver.remote.remote_connection:POST http://127.0.0.1:54081/session/a4f05e2f8f225218cbe9fb8b3d7ec90a/execute/sync {"script": "return document.body.scrollHeight", "args": []}
DEBUG:urllib3.connectionpool:http://127.0.0.1:54081 "POST /session/a4f05e2f8f225218cbe9fb8b3d7ec90a/execute/sync HTTP/1.1" 200 14
DEBUG:selenium.webdriver.remote.remote_connection:Finished Request
DEBUG:selenium.webdriver.remote.remote_connection:POST http://127.0.0.1:54081/session/a4f05e2f8f225218cbe9fb8b3d7ec90a/execute/sync {"script": "return window.scrollY", "args": []}
DEBUG:urllib3.connectionpool:http://127.0.0.1:54081 "POST /session/a4f05e2f8f225218cbe9fb8b3d7ec90a/execute/sync HTTP/1.1" 200 11
DEBUG:selenium.webdriver.remote.remote_connection:Finished Request
DEBUG:selenium.webdriver.remote.remote_connection:POST http://127.0.0.1:54081/session/a4f05e2f8f225218cbe9fb8b3d7ec90a/execute/sync {"script": "window.scrollTo(0, 679)", "args": []}
DEBUG:urllib3.connectionpool:http://127.0.0.1:54081 "POST /session/a4f05e2f8f225218cbe9fb8b3d7ec90a/execute/sync HTTP/1.1" 200 14
DEBUG:selenium.webdriver.remote.remote_connection:Finished Request
DEBUG:selenium.webdriver.remote.remote_connection:POST http://127.0.0.1:54081/session/a4f05e2f8f225218cbe9fb8b3d7ec90a/execute/sync {"script": "return window.scrollY", "args": []}
DEBUG:urllib3.connectionpool:http://127.0.0.1:54081 "POST /session/a4f05e2f8f225218cbe9fb8b3d7ec90a/execute/sync HTTP/1.1" 200 13
DEBUG:selenium.webdriver.remote.remote_connection:Finished Request
DEBUG:selenium.webdriver.remote.remote_connection:POST http://127.0.0.1:54081/session/a4f05e2f8f225218cbe9fb8b3d7ec90a/execute/sync {"script": "window.scrollTo(679, 1561)", "args": []}
DEBUG:urllib3.connectionpool:http://127.0.0.1:54081 "POST /session/a4f05e2f8f225218cbe9fb8b3d7ec90a/execute/sync HTTP/1.1" 200 14
DEBUG:selenium.webdriver.remote.remote_connection:Finished Request
DEBUG:selenium.webdriver.remote.remote_connection:POST http://127.0.0.1:54081/session/a4f05e2f8f225218cbe9fb8b3d7ec90a/execute/sync {"script": "return window.scrollY", "args": []}
DEBUG:urllib3.connectionpool:http://127.0.0.1:54081 "POST /session/a4f05e2f8f225218cbe9fb8b3d7ec90a/execute/sync HTTP/1.1" 200 14
DEBUG:selenium.webdriver.remote.remote_connection:Finished Request
DEBUG:selenium.webdriver.remote.remote_connection:POST http://127.0.0.1:54081/session/a4f05e2f8f225218cbe9fb8b3d7ec90a/execute/sync {"script": "window.scrollTo(1561, 2265)", "args": []}
DEBUG:urllib3.connectionpool:http://127.0.0.1:54081 "POST /session/a4f05e2f8f225218cbe9fb8b3d7ec90a/execute/sync HTTP/1.1" 200 14
DEBUG:selenium.webdriver.remote.remote_connection:Finished Request
DEBUG:selenium.webdriver.remote.remote_connection:POST http://127.0.0.1:54081/session/a4f05e2f8f225218cbe9fb8b3d7ec90a/execute/sync {"script": "return window.scrollY", "args": []}
DEBUG:urllib3.connectionpool:http://127.0.0.1:54081 "POST /session/a4f05e2f8f225218cbe9fb8b3d7ec90a/execute/sync HTTP/1.1" 200 14
DEBUG:selenium.webdriver.remote.remote_connection:Finished Request
DEBUG:selenium.webdriver.remote.remote_connection:POST http://127.0.0.1:54081/session/a4f05e2f8f225218cbe9fb8b3d7ec90a/execute/sync {"script": "window.scrollTo(2265, 3194)", "args": []}
DEBUG:urllib3.connectionpool:http://127.0.0.1:54081 "POST /session/a4f05e2f8f225218cbe9fb8b3d7ec90a/execute/sync HTTP/1.1" 200 14
DEBUG:selenium.webdriver.remote.remote_connection:Finished Request
DEBUG:selenium.webdriver.remote.remote_connection:GET http://127.0.0.1:54081/session/a4f05e2f8f225218cbe9fb8b3d7ec90a/source {}
DEBUG:urllib3.connectionpool:http://127.0.0.1:54081 "GET /session/a4f05e2f8f225218cbe9fb8b3d7ec90a/source HTTP/1.1" 200 558444
DEBUG:selenium.webdriver.remote.remote_connection:Finished Request
DEBUG:selenium.webdriver.remote.remote_connection:POST http://127.0.0.1:54081/session/a4f05e2f8f225218cbe9fb8b3d7ec90a/url {"url": "https://www.cmegroup.com/trading/energy/refined-products/gulf-coast-ultra-low-sulfur-diesel-usld-platts-calendar-swap.html"}
DEBUG:urllib3.connectionpool:http://127.0.0.1:54081 "POST /session/a4f05e2f8f225218cbe9fb8b3d7ec90a/url HTTP/1.1" 200 14
DEBUG:selenium.webdriver.remote.remote_connection:Finished Request
DEBUG:selenium.webdriver.remote.remote_connection:POST http://127.0.0.1:54081/session/a4f05e2f8f225218cbe9fb8b3d7ec90a/execute/sync {"script": "return document.body.scrollHeight", "args": []}
DEBUG:urllib3.connectionpool:http://127.0.0.1:54081 "POST /session/a4f05e2f8f225218cbe9fb8b3d7ec90a/execute/sync HTTP/1.1" 200 14
DEBUG:selenium.webdriver.remote.remote_connection:Finished Request
DEBUG:selenium.webdriver.remote.remote_connection:POST http://127.0.0.1:54081/session/a4f05e2f8f225218cbe9fb8b3d7ec90a/execute/sync {"script": "return window.scrollY", "args": []}
DEBUG:urllib3.connectionpool:http://127.0.0.1:54081 "POST /session/a4f05e2f8f225218cbe9fb8b3d7ec90a/execute/sync HTTP/1.1" 200 11
DEBUG:selenium.webdriver.remote.remote_connection:Finished Request
DEBUG:selenium.webdriver.remote.remote_connection:POST http://127.0.0.1:54081/session/a4f05e2f8f225218cbe9fb8b3d7ec90a/execute/sync {"script": "window.scrollTo(0, 898)", "args": []}
DEBUG:urllib3.connectionpool:http://127.0.0.1:54081 "POST /session/a4f05e2f8f225218cbe9fb8b3d7ec90a/execute/sync HTTP/1.1" 200 14
DEBUG:selenium.webdriver.remote.remote_connection:Finished Request
DEBUG:selenium.webdriver.remote.remote_connection:POST http://127.0.0.1:54081/session/a4f05e2f8f225218cbe9fb8b3d7ec90a/execute/sync {"script": "return window.scrollY", "args": []}
DEBUG:urllib3.connectionpool:http://127.0.0.1:54081 "POST /session/a4f05e2f8f225218cbe9fb8b3d7ec90a/execute/sync HTTP/1.1" 200 13
DEBUG:selenium.webdriver.remote.remote_connection:Finished Request
DEBUG:selenium.webdriver.remote.remote_connection:POST http://127.0.0.1:54081/session/a4f05e2f8f225218cbe9fb8b3d7ec90a/execute/sync {"script": "window.scrollTo(898, 1828)", "args": []}
DEBUG:urllib3.connectionpool:http://127.0.0.1:54081 "POST /session/a4f05e2f8f225218cbe9fb8b3d7ec90a/execute/sync HTTP/1.1" 200 14
DEBUG:selenium.webdriver.remote.remote_connection:Finished Request
DEBUG:selenium.webdriver.remote.remote_connection:POST http://127.0.0.1:54081/session/a4f05e2f8f225218cbe9fb8b3d7ec90a/execute/sync {"script": "return window.scrollY", "args": []}
DEBUG:urllib3.connectionpool:http://127.0.0.1:54081 "POST /session/a4f05e2f8f225218cbe9fb8b3d7ec90a/execute/sync HTTP/1.1" 200 14
DEBUG:selenium.webdriver.remote.remote_connection:Finished Request
DEBUG:selenium.webdriver.remote.remote_connection:POST http://127.0.0.1:54081/session/a4f05e2f8f225218cbe9fb8b3d7ec90a/execute/sync {"script": "window.scrollTo(1828, 890)", "args": []}
DEBUG:urllib3.connectionpool:http://127.0.0.1:54081 "POST /session/a4f05e2f8f225218cbe9fb8b3d7ec90a/execute/sync HTTP/1.1" 200 14
DEBUG:selenium.webdriver.remote.remote_connection:Finished Request
DEBUG:selenium.webdriver.remote.remote_connection:POST http://127.0.0.1:54081/session/a4f05e2f8f225218cbe9fb8b3d7ec90a/execute/sync {"script": "return window.scrollY", "args": []}
DEBUG:urllib3.connectionpool:http://127.0.0.1:54081 "POST /session/a4f05e2f8f225218cbe9fb8b3d7ec90a/execute/sync HTTP/1.1" 200 13
DEBUG:selenium.webdriver.remote.remote_connection:Finished Request
DEBUG:selenium.webdriver.remote.remote_connection:POST http://127.0.0.1:54081/session/a4f05e2f8f225218cbe9fb8b3d7ec90a/execute/sync {"script": "window.scrollTo(890, 1746)", "args": []}
DEBUG:urllib3.connectionpool:http://127.0.0.1:54081 "POST /session/a4f05e2f8f225218cbe9fb8b3d7ec90a/execute/sync HTTP/1.1" 200 14
DEBUG:selenium.webdriver.remote.remote_connection:Finished Request
DEBUG:selenium.webdriver.remote.remote_connection:GET http://127.0.0.1:54081/session/a4f05e2f8f225218cbe9fb8b3d7ec90a/source {}
DEBUG:urllib3.connectionpool:http://127.0.0.1:54081 "GET /session/a4f05e2f8f225218cbe9fb8b3d7ec90a/source HTTP/1.1" 200 563763
DEBUG:selenium.webdriver.remote.remote_connection:Finished Request
DEBUG:selenium.webdriver.remote.remote_connection:POST http://127.0.0.1:54081/session/a4f05e2f8f225218cbe9fb8b3d7ec90a/url {"url": "https://www.cmegroup.com/trading/energy/crude-oil/brent-crude-oil.html"}
DEBUG:urllib3.connectionpool:http://127.0.0.1:54081 "POST /session/a4f05e2f8f225218cbe9fb8b3d7ec90a/url HTTP/1.1" 200 14
DEBUG:selenium.webdriver.remote.remote_connection:Finished Request
DEBUG:selenium.webdriver.remote.remote_connection:POST http://127.0.0.1:54081/session/a4f05e2f8f225218cbe9fb8b3d7ec90a/execute/sync {"script": "return document.body.scrollHeight", "args": []}
DEBUG:urllib3.connectionpool:http://127.0.0.1:54081 "POST /session/a4f05e2f8f225218cbe9fb8b3d7ec90a/execute/sync HTTP/1.1" 200 14
DEBUG:selenium.webdriver.remote.remote_connection:Finished Request
DEBUG:selenium.webdriver.remote.remote_connection:POST http://127.0.0.1:54081/session/a4f05e2f8f225218cbe9fb8b3d7ec90a/execute/sync {"script": "return window.scrollY", "args": []}
DEBUG:urllib3.connectionpool:http://127.0.0.1:54081 "POST /session/a4f05e2f8f225218cbe9fb8b3d7ec90a/execute/sync HTTP/1.1" 200 11
DEBUG:selenium.webdriver.remote.remote_connection:Finished Request
DEBUG:selenium.webdriver.remote.remote_connection:POST http://127.0.0.1:54081/session/a4f05e2f8f225218cbe9fb8b3d7ec90a/execute/sync {"script": "window.scrollTo(0, 722)", "args": []}
DEBUG:urllib3.connectionpool:http://127.0.0.1:54081 "POST /session/a4f05e2f8f225218cbe9fb8b3d7ec90a/execute/sync HTTP/1.1" 200 14
DEBUG:selenium.webdriver.remote.remote_connection:Finished Request
DEBUG:selenium.webdriver.remote.remote_connection:POST http://127.0.0.1:54081/session/a4f05e2f8f225218cbe9fb8b3d7ec90a/execute/sync {"script": "return window.scrollY", "args": []}
DEBUG:urllib3.connectionpool:http://127.0.0.1:54081 "POST /session/a4f05e2f8f225218cbe9fb8b3d7ec90a/execute/sync HTTP/1.1" 200 13
DEBUG:selenium.webdriver.remote.remote_connection:Finished Request
DEBUG:selenium.webdriver.remote.remote_connection:POST http://127.0.0.1:54081/session/a4f05e2f8f225218cbe9fb8b3d7ec90a/execute/sync {"script": "window.scrollTo(722, 1692)", "args": []}
DEBUG:urllib3.connectionpool:http://127.0.0.1:54081 "POST /session/a4f05e2f8f225218cbe9fb8b3d7ec90a/execute/sync HTTP/1.1" 200 14
DEBUG:selenium.webdriver.remote.remote_connection:Finished Request
DEBUG:selenium.webdriver.remote.remote_connection:POST http://127.0.0.1:54081/session/a4f05e2f8f225218cbe9fb8b3d7ec90a/execute/sync {"script": "return window.scrollY", "args": []}
DEBUG:urllib3.connectionpool:http://127.0.0.1:54081 "POST /session/a4f05e2f8f225218cbe9fb8b3d7ec90a/execute/sync HTTP/1.1" 200 14
DEBUG:selenium.webdriver.remote.remote_connection:Finished Request
DEBUG:selenium.webdriver.remote.remote_connection:POST http://127.0.0.1:54081/session/a4f05e2f8f225218cbe9fb8b3d7ec90a/execute/sync {"script": "window.scrollTo(1692, 774)", "args": []}
DEBUG:urllib3.connectionpool:http://127.0.0.1:54081 "POST /session/a4f05e2f8f225218cbe9fb8b3d7ec90a/execute/sync HTTP/1.1" 200 14
DEBUG:selenium.webdriver.remote.remote_connection:Finished Request
DEBUG:selenium.webdriver.remote.remote_connection:POST http://127.0.0.1:54081/session/a4f05e2f8f225218cbe9fb8b3d7ec90a/execute/sync {"script": "return window.scrollY", "args": []}
DEBUG:urllib3.connectionpool:http://127.0.0.1:54081 "POST /session/a4f05e2f8f225218cbe9fb8b3d7ec90a/execute/sync HTTP/1.1" 200 13
DEBUG:selenium.webdriver.remote.remote_connection:Finished Request
DEBUG:selenium.webdriver.remote.remote_connection:POST http://127.0.0.1:54081/session/a4f05e2f8f225218cbe9fb8b3d7ec90a/execute/sync {"script": "window.scrollTo(774, 1753)", "args": []}
DEBUG:urllib3.connectionpool:http://127.0.0.1:54081 "POST /session/a4f05e2f8f225218cbe9fb8b3d7ec90a/execute/sync HTTP/1.1" 200 14
DEBUG:selenium.webdriver.remote.remote_connection:Finished Request
DEBUG:selenium.webdriver.remote.remote_connection:GET http://127.0.0.1:54081/session/a4f05e2f8f225218cbe9fb8b3d7ec90a/source {}
DEBUG:urllib3.connectionpool:http://127.0.0.1:54081 "GET /session/a4f05e2f8f225218cbe9fb8b3d7ec90a/source HTTP/1.1" 200 658991
DEBUG:selenium.webdriver.remote.remote_connection:Finished Request
DEBUG:selenium.webdriver.remote.remote_connection:POST http://127.0.0.1:54081/session/a4f05e2f8f225218cbe9fb8b3d7ec90a/url {"url": "https://www.cmegroup.com/trading/energy/refined-products/heating-oil.html"}
DEBUG:urllib3.connectionpool:http://127.0.0.1:54081 "POST /session/a4f05e2f8f225218cbe9fb8b3d7ec90a/url HTTP/1.1" 200 14
DEBUG:selenium.webdriver.remote.remote_connection:Finished Request
DEBUG:selenium.webdriver.remote.remote_connection:POST http://127.0.0.1:54081/session/a4f05e2f8f225218cbe9fb8b3d7ec90a/execute/sync {"script": "return document.body.scrollHeight", "args": []}
DEBUG:urllib3.connectionpool:http://127.0.0.1:54081 "POST /session/a4f05e2f8f225218cbe9fb8b3d7ec90a/execute/sync HTTP/1.1" 200 14
DEBUG:selenium.webdriver.remote.remote_connection:Finished Request
DEBUG:selenium.webdriver.remote.remote_connection:POST http://127.0.0.1:54081/session/a4f05e2f8f225218cbe9fb8b3d7ec90a/execute/sync {"script": "return window.scrollY", "args": []}
DEBUG:urllib3.connectionpool:http://127.0.0.1:54081 "POST /session/a4f05e2f8f225218cbe9fb8b3d7ec90a/execute/sync HTTP/1.1" 200 11
DEBUG:selenium.webdriver.remote.remote_connection:Finished Request
DEBUG:selenium.webdriver.remote.remote_connection:POST http://127.0.0.1:54081/session/a4f05e2f8f225218cbe9fb8b3d7ec90a/execute/sync {"script": "window.scrollTo(0, 582)", "args": []}
DEBUG:urllib3.connectionpool:http://127.0.0.1:54081 "POST /session/a4f05e2f8f225218cbe9fb8b3d7ec90a/execute/sync HTTP/1.1" 200 14
DEBUG:selenium.webdriver.remote.remote_connection:Finished Request
DEBUG:selenium.webdriver.remote.remote_connection:POST http://127.0.0.1:54081/session/a4f05e2f8f225218cbe9fb8b3d7ec90a/execute/sync {"script": "return window.scrollY", "args": []}
DEBUG:urllib3.connectionpool:http://127.0.0.1:54081 "POST /session/a4f05e2f8f225218cbe9fb8b3d7ec90a/execute/sync HTTP/1.1" 200 13
DEBUG:selenium.webdriver.remote.remote_connection:Finished Request
DEBUG:selenium.webdriver.remote.remote_connection:POST http://127.0.0.1:54081/session/a4f05e2f8f225218cbe9fb8b3d7ec90a/execute/sync {"script": "window.scrollTo(582, 1651)", "args": []}
DEBUG:urllib3.connectionpool:http://127.0.0.1:54081 "POST /session/a4f05e2f8f225218cbe9fb8b3d7ec90a/execute/sync HTTP/1.1" 200 14
DEBUG:selenium.webdriver.remote.remote_connection:Finished Request
DEBUG:selenium.webdriver.remote.remote_connection:GET http://127.0.0.1:54081/session/a4f05e2f8f225218cbe9fb8b3d7ec90a/source {}
DEBUG:urllib3.connectionpool:http://127.0.0.1:54081 "GET /session/a4f05e2f8f225218cbe9fb8b3d7ec90a/source HTTP/1.1" 200 558924
DEBUG:selenium.webdriver.remote.remote_connection:Finished Request
DEBUG:selenium.webdriver.remote.remote_connection:POST http://127.0.0.1:54081/session/a4f05e2f8f225218cbe9fb8b3d7ec90a/url {"url": "https://www.cmegroup.com/trading/energy/crude-oil/light-sweet-crude_quotes_globex.html"}
DEBUG:urllib3.connectionpool:http://127.0.0.1:54081 "POST /session/a4f05e2f8f225218cbe9fb8b3d7ec90a/url HTTP/1.1" 200 14
DEBUG:selenium.webdriver.remote.remote_connection:Finished Request
DEBUG:selenium.webdriver.remote.remote_connection:POST http://127.0.0.1:54081/session/a4f05e2f8f225218cbe9fb8b3d7ec90a/execute/sync {"script": "return document.body.scrollHeight", "args": []}
DEBUG:urllib3.connectionpool:http://127.0.0.1:54081 "POST /session/a4f05e2f8f225218cbe9fb8b3d7ec90a/execute/sync HTTP/1.1" 200 14
DEBUG:selenium.webdriver.remote.remote_connection:Finished Request
DEBUG:selenium.webdriver.remote.remote_connection:POST http://127.0.0.1:54081/session/a4f05e2f8f225218cbe9fb8b3d7ec90a/execute/sync {"script": "return window.scrollY", "args": []}
DEBUG:urllib3.connectionpool:http://127.0.0.1:54081 "POST /session/a4f05e2f8f225218cbe9fb8b3d7ec90a/execute/sync HTTP/1.1" 200 11
DEBUG:selenium.webdriver.remote.remote_connection:Finished Request
DEBUG:selenium.webdriver.remote.remote_connection:POST http://127.0.0.1:54081/session/a4f05e2f8f225218cbe9fb8b3d7ec90a/execute/sync {"script": "window.scrollTo(0, 1023)", "args": []}
DEBUG:urllib3.connectionpool:http://127.0.0.1:54081 "POST /session/a4f05e2f8f225218cbe9fb8b3d7ec90a/execute/sync HTTP/1.1" 200 14
DEBUG:selenium.webdriver.remote.remote_connection:Finished Request
DEBUG:selenium.webdriver.remote.remote_connection:POST http://127.0.0.1:54081/session/a4f05e2f8f225218cbe9fb8b3d7ec90a/execute/sync {"script": "return window.scrollY", "args": []}
DEBUG:urllib3.connectionpool:http://127.0.0.1:54081 "POST /session/a4f05e2f8f225218cbe9fb8b3d7ec90a/execute/sync HTTP/1.1" 200 14
DEBUG:selenium.webdriver.remote.remote_connection:Finished Request
DEBUG:selenium.webdriver.remote.remote_connection:POST http://127.0.0.1:54081/session/a4f05e2f8f225218cbe9fb8b3d7ec90a/execute/sync {"script": "window.scrollTo(1023, 1676)", "args": []}
DEBUG:urllib3.connectionpool:http://127.0.0.1:54081 "POST /session/a4f05e2f8f225218cbe9fb8b3d7ec90a/execute/sync HTTP/1.1" 200 14
DEBUG:selenium.webdriver.remote.remote_connection:Finished Request
DEBUG:selenium.webdriver.remote.remote_connection:POST http://127.0.0.1:54081/session/a4f05e2f8f225218cbe9fb8b3d7ec90a/execute/sync {"script": "return window.scrollY", "args": []}
DEBUG:urllib3.connectionpool:http://127.0.0.1:54081 "POST /session/a4f05e2f8f225218cbe9fb8b3d7ec90a/execute/sync HTTP/1.1" 200 14
DEBUG:selenium.webdriver.remote.remote_connection:Finished Request
DEBUG:selenium.webdriver.remote.remote_connection:POST http://127.0.0.1:54081/session/a4f05e2f8f225218cbe9fb8b3d7ec90a/execute/sync {"script": "window.scrollTo(1676, 839)", "args": []}
DEBUG:urllib3.connectionpool:http://127.0.0.1:54081 "POST /session/a4f05e2f8f225218cbe9fb8b3d7ec90a/execute/sync HTTP/1.1" 200 14
DEBUG:selenium.webdriver.remote.remote_connection:Finished Request
DEBUG:selenium.webdriver.remote.remote_connection:GET http://127.0.0.1:54081/session/a4f05e2f8f225218cbe9fb8b3d7ec90a/source {}
DEBUG:urllib3.connectionpool:http://127.0.0.1:54081 "GET /session/a4f05e2f8f225218cbe9fb8b3d7ec90a/source HTTP/1.1" 200 672262
DEBUG:selenium.webdriver.remote.remote_connection:Finished Request
DEBUG:selenium.webdriver.remote.remote_connection:DELETE http://127.0.0.1:54081/session/a4f05e2f8f225218cbe9fb8b3d7ec90a/window {}
DEBUG:urllib3.connectionpool:http://127.0.0.1:54081 "DELETE /session/a4f05e2f8f225218cbe9fb8b3d7ec90a/window HTTP/1.1" 200 14
DEBUG:selenium.webdriver.remote.remote_connection:Finished Request
DEBUG:selenium.webdriver.remote.remote_connection:POST http://127.0.0.1:62521/session {"capabilities": {"firstMatch": [{}], "alwaysMatch": {"browserName": "chrome", "platformName": "any", "goog:chromeOptions": {"extensions": [], "args": []}}}, "desiredCapabilities": {"browserName": "chrome", "version": "", "platform": "ANY", "goog:chromeOptions": {"extensions": [], "args": []}}}
DEBUG:urllib3.connectionpool:Starting new HTTP connection (1): 127.0.0.1:62521
DEBUG:urllib3.connectionpool:http://127.0.0.1:62521 "POST /session HTTP/1.1" 200 682
DEBUG:selenium.webdriver.remote.remote_connection:Finished Request
DEBUG:selenium.webdriver.remote.remote_connection:POST http://127.0.0.1:62521/session/70ae344c6a4df829457869b1248a4232/window/maximize {}
DEBUG:urllib3.connectionpool:http://127.0.0.1:62521 "POST /session/70ae344c6a4df829457869b1248a4232/window/maximize HTTP/1.1" 200 51
DEBUG:selenium.webdriver.remote.remote_connection:Finished Request
DEBUG:selenium.webdriver.remote.remote_connection:POST http://127.0.0.1:62521/session/70ae344c6a4df829457869b1248a4232/url {"url": "https://www.cmegroup.com/trading/energy/refined-products/gulf-coast-ultra-low-sulfur-diesel-usld-platts-calendar-swap.html"}
DEBUG:urllib3.connectionpool:http://127.0.0.1:62521 "POST /session/70ae344c6a4df829457869b1248a4232/url HTTP/1.1" 200 14
DEBUG:selenium.webdriver.remote.remote_connection:Finished Request
DEBUG:selenium.webdriver.remote.remote_connection:POST http://127.0.0.1:62521/session/70ae344c6a4df829457869b1248a4232/execute/sync {"script": "return document.body.scrollHeight", "args": []}
DEBUG:urllib3.connectionpool:http://127.0.0.1:62521 "POST /session/70ae344c6a4df829457869b1248a4232/execute/sync HTTP/1.1" 200 14
DEBUG:selenium.webdriver.remote.remote_connection:Finished Request
DEBUG:selenium.webdriver.remote.remote_connection:POST http://127.0.0.1:62521/session/70ae344c6a4df829457869b1248a4232/execute/sync {"script": "return window.scrollY", "args": []}
DEBUG:urllib3.connectionpool:http://127.0.0.1:62521 "POST /session/70ae344c6a4df829457869b1248a4232/execute/sync HTTP/1.1" 200 11
DEBUG:selenium.webdriver.remote.remote_connection:Finished Request
DEBUG:selenium.webdriver.remote.remote_connection:POST http://127.0.0.1:62521/session/70ae344c6a4df829457869b1248a4232/execute/sync {"script": "window.scrollTo(0, 782)", "args": []}
DEBUG:urllib3.connectionpool:http://127.0.0.1:62521 "POST /session/70ae344c6a4df829457869b1248a4232/execute/sync HTTP/1.1" 200 14
DEBUG:selenium.webdriver.remote.remote_connection:Finished Request
DEBUG:selenium.webdriver.remote.remote_connection:POST http://127.0.0.1:62521/session/70ae344c6a4df829457869b1248a4232/execute/sync {"script": "return window.scrollY", "args": []}
DEBUG:urllib3.connectionpool:http://127.0.0.1:62521 "POST /session/70ae344c6a4df829457869b1248a4232/execute/sync HTTP/1.1" 200 13
DEBUG:selenium.webdriver.remote.remote_connection:Finished Request
DEBUG:selenium.webdriver.remote.remote_connection:POST http://127.0.0.1:62521/session/70ae344c6a4df829457869b1248a4232/execute/sync {"script": "window.scrollTo(782, 1434)", "args": []}
DEBUG:urllib3.connectionpool:http://127.0.0.1:62521 "POST /session/70ae344c6a4df829457869b1248a4232/execute/sync HTTP/1.1" 200 14
DEBUG:selenium.webdriver.remote.remote_connection:Finished Request
DEBUG:selenium.webdriver.remote.remote_connection:POST http://127.0.0.1:62521/session/70ae344c6a4df829457869b1248a4232/execute/sync {"script": "return window.scrollY", "args": []}
DEBUG:urllib3.connectionpool:http://127.0.0.1:62521 "POST /session/70ae344c6a4df829457869b1248a4232/execute/sync HTTP/1.1" 200 14
DEBUG:selenium.webdriver.remote.remote_connection:Finished Request
DEBUG:selenium.webdriver.remote.remote_connection:POST http://127.0.0.1:62521/session/70ae344c6a4df829457869b1248a4232/execute/sync {"script": "window.scrollTo(1434, 603)", "args": []}
DEBUG:urllib3.connectionpool:http://127.0.0.1:62521 "POST /session/70ae344c6a4df829457869b1248a4232/execute/sync HTTP/1.1" 200 14
DEBUG:selenium.webdriver.remote.remote_connection:Finished Request
DEBUG:selenium.webdriver.remote.remote_connection:POST http://127.0.0.1:62521/session/70ae344c6a4df829457869b1248a4232/execute/sync {"script": "return window.scrollY", "args": []}
DEBUG:urllib3.connectionpool:http://127.0.0.1:62521 "POST /session/70ae344c6a4df829457869b1248a4232/execute/sync HTTP/1.1" 200 13
DEBUG:selenium.webdriver.remote.remote_connection:Finished Request
DEBUG:selenium.webdriver.remote.remote_connection:POST http://127.0.0.1:62521/session/70ae344c6a4df829457869b1248a4232/execute/sync {"script": "window.scrollTo(603, 6)", "args": []}
DEBUG:urllib3.connectionpool:http://127.0.0.1:62521 "POST /session/70ae344c6a4df829457869b1248a4232/execute/sync HTTP/1.1" 200 14
DEBUG:selenium.webdriver.remote.remote_connection:Finished Request
DEBUG:selenium.webdriver.remote.remote_connection:POST http://127.0.0.1:62521/session/70ae344c6a4df829457869b1248a4232/execute/sync {"script": "return window.scrollY", "args": []}
DEBUG:urllib3.connectionpool:http://127.0.0.1:62521 "POST /session/70ae344c6a4df829457869b1248a4232/execute/sync HTTP/1.1" 200 11
DEBUG:selenium.webdriver.remote.remote_connection:Finished Request
DEBUG:selenium.webdriver.remote.remote_connection:POST http://127.0.0.1:62521/session/70ae344c6a4df829457869b1248a4232/execute/sync {"script": "window.scrollTo(6, 1053)", "args": []}
DEBUG:urllib3.connectionpool:http://127.0.0.1:62521 "POST /session/70ae344c6a4df829457869b1248a4232/execute/sync HTTP/1.1" 200 14
DEBUG:selenium.webdriver.remote.remote_connection:Finished Request
DEBUG:selenium.webdriver.remote.remote_connection:GET http://127.0.0.1:62521/session/70ae344c6a4df829457869b1248a4232/source {}
DEBUG:urllib3.connectionpool:http://127.0.0.1:62521 "GET /session/70ae344c6a4df829457869b1248a4232/source HTTP/1.1" 200 563801
DEBUG:selenium.webdriver.remote.remote_connection:Finished Request
DEBUG:selenium.webdriver.remote.remote_connection:POST http://127.0.0.1:62521/session/70ae344c6a4df829457869b1248a4232/url {"url": "https://www.cmegroup.com/trading/energy/refined-products/rbob-gasoline.html"}
DEBUG:urllib3.connectionpool:http://127.0.0.1:62521 "POST /session/70ae344c6a4df829457869b1248a4232/url HTTP/1.1" 200 14
DEBUG:selenium.webdriver.remote.remote_connection:Finished Request
DEBUG:selenium.webdriver.remote.remote_connection:POST http://127.0.0.1:62521/session/70ae344c6a4df829457869b1248a4232/execute/sync {"script": "return document.body.scrollHeight", "args": []}
DEBUG:urllib3.connectionpool:http://127.0.0.1:62521 "POST /session/70ae344c6a4df829457869b1248a4232/execute/sync HTTP/1.1" 200 14
DEBUG:selenium.webdriver.remote.remote_connection:Finished Request
DEBUG:selenium.webdriver.remote.remote_connection:POST http://127.0.0.1:62521/session/70ae344c6a4df829457869b1248a4232/execute/sync {"script": "return window.scrollY", "args": []}
DEBUG:urllib3.connectionpool:http://127.0.0.1:62521 "POST /session/70ae344c6a4df829457869b1248a4232/execute/sync HTTP/1.1" 200 11
DEBUG:selenium.webdriver.remote.remote_connection:Finished Request
DEBUG:selenium.webdriver.remote.remote_connection:POST http://127.0.0.1:62521/session/70ae344c6a4df829457869b1248a4232/execute/sync {"script": "window.scrollTo(0, 774)", "args": []}
DEBUG:urllib3.connectionpool:http://127.0.0.1:62521 "POST /session/70ae344c6a4df829457869b1248a4232/execute/sync HTTP/1.1" 200 14
DEBUG:selenium.webdriver.remote.remote_connection:Finished Request
DEBUG:selenium.webdriver.remote.remote_connection:POST http://127.0.0.1:62521/session/70ae344c6a4df829457869b1248a4232/execute/sync {"script": "return window.scrollY", "args": []}
DEBUG:urllib3.connectionpool:http://127.0.0.1:62521 "POST /session/70ae344c6a4df829457869b1248a4232/execute/sync HTTP/1.1" 200 13
DEBUG:selenium.webdriver.remote.remote_connection:Finished Request
DEBUG:selenium.webdriver.remote.remote_connection:POST http://127.0.0.1:62521/session/70ae344c6a4df829457869b1248a4232/execute/sync {"script": "window.scrollTo(774, 1711)", "args": []}
DEBUG:urllib3.connectionpool:http://127.0.0.1:62521 "POST /session/70ae344c6a4df829457869b1248a4232/execute/sync HTTP/1.1" 200 14
DEBUG:selenium.webdriver.remote.remote_connection:Finished Request
DEBUG:selenium.webdriver.remote.remote_connection:POST http://127.0.0.1:62521/session/70ae344c6a4df829457869b1248a4232/execute/sync {"script": "return window.scrollY", "args": []}
DEBUG:urllib3.connectionpool:http://127.0.0.1:62521 "POST /session/70ae344c6a4df829457869b1248a4232/execute/sync HTTP/1.1" 200 14
DEBUG:selenium.webdriver.remote.remote_connection:Finished Request
DEBUG:selenium.webdriver.remote.remote_connection:POST http://127.0.0.1:62521/session/70ae344c6a4df829457869b1248a4232/execute/sync {"script": "window.scrollTo(1711, 965)", "args": []}
DEBUG:urllib3.connectionpool:http://127.0.0.1:62521 "POST /session/70ae344c6a4df829457869b1248a4232/execute/sync HTTP/1.1" 200 14
DEBUG:selenium.webdriver.remote.remote_connection:Finished Request
DEBUG:selenium.webdriver.remote.remote_connection:POST http://127.0.0.1:62521/session/70ae344c6a4df829457869b1248a4232/execute/sync {"script": "return window.scrollY", "args": []}
DEBUG:urllib3.connectionpool:http://127.0.0.1:62521 "POST /session/70ae344c6a4df829457869b1248a4232/execute/sync HTTP/1.1" 200 13
DEBUG:selenium.webdriver.remote.remote_connection:Finished Request
DEBUG:selenium.webdriver.remote.remote_connection:POST http://127.0.0.1:62521/session/70ae344c6a4df829457869b1248a4232/execute/sync {"script": "window.scrollTo(965, 1632)", "args": []}
DEBUG:urllib3.connectionpool:http://127.0.0.1:62521 "POST /session/70ae344c6a4df829457869b1248a4232/execute/sync HTTP/1.1" 200 14
DEBUG:selenium.webdriver.remote.remote_connection:Finished Request
DEBUG:selenium.webdriver.remote.remote_connection:POST http://127.0.0.1:62521/session/70ae344c6a4df829457869b1248a4232/execute/sync {"script": "return window.scrollY", "args": []}
DEBUG:urllib3.connectionpool:http://127.0.0.1:62521 "POST /session/70ae344c6a4df829457869b1248a4232/execute/sync HTTP/1.1" 200 14
DEBUG:selenium.webdriver.remote.remote_connection:Finished Request
DEBUG:selenium.webdriver.remote.remote_connection:POST http://127.0.0.1:62521/session/70ae344c6a4df829457869b1248a4232/execute/sync {"script": "window.scrollTo(1632, 2458)", "args": []}
DEBUG:urllib3.connectionpool:http://127.0.0.1:62521 "POST /session/70ae344c6a4df829457869b1248a4232/execute/sync HTTP/1.1" 200 14
DEBUG:selenium.webdriver.remote.remote_connection:Finished Request
DEBUG:selenium.webdriver.remote.remote_connection:GET http://127.0.0.1:62521/session/70ae344c6a4df829457869b1248a4232/source {}
DEBUG:urllib3.connectionpool:http://127.0.0.1:62521 "GET /session/70ae344c6a4df829457869b1248a4232/source HTTP/1.1" 200 558115
DEBUG:selenium.webdriver.remote.remote_connection:Finished Request
DEBUG:selenium.webdriver.remote.remote_connection:POST http://127.0.0.1:62521/session/70ae344c6a4df829457869b1248a4232/url {"url": "https://www.cmegroup.com/trading/energy/refined-products/heating-oil.html"}
DEBUG:urllib3.connectionpool:http://127.0.0.1:62521 "POST /session/70ae344c6a4df829457869b1248a4232/url HTTP/1.1" 200 14
DEBUG:selenium.webdriver.remote.remote_connection:Finished Request
DEBUG:selenium.webdriver.remote.remote_connection:POST http://127.0.0.1:62521/session/70ae344c6a4df829457869b1248a4232/execute/sync {"script": "return document.body.scrollHeight", "args": []}
DEBUG:urllib3.connectionpool:http://127.0.0.1:62521 "POST /session/70ae344c6a4df829457869b1248a4232/execute/sync HTTP/1.1" 200 14
DEBUG:selenium.webdriver.remote.remote_connection:Finished Request
DEBUG:selenium.webdriver.remote.remote_connection:POST http://127.0.0.1:62521/session/70ae344c6a4df829457869b1248a4232/execute/sync {"script": "return window.scrollY", "args": []}
DEBUG:urllib3.connectionpool:http://127.0.0.1:62521 "POST /session/70ae344c6a4df829457869b1248a4232/execute/sync HTTP/1.1" 200 11
DEBUG:selenium.webdriver.remote.remote_connection:Finished Request
DEBUG:selenium.webdriver.remote.remote_connection:POST http://127.0.0.1:62521/session/70ae344c6a4df829457869b1248a4232/execute/sync {"script": "window.scrollTo(0, 1035)", "args": []}
DEBUG:urllib3.connectionpool:http://127.0.0.1:62521 "POST /session/70ae344c6a4df829457869b1248a4232/execute/sync HTTP/1.1" 200 14
DEBUG:selenium.webdriver.remote.remote_connection:Finished Request
DEBUG:selenium.webdriver.remote.remote_connection:POST http://127.0.0.1:62521/session/70ae344c6a4df829457869b1248a4232/execute/sync {"script": "return window.scrollY", "args": []}
DEBUG:urllib3.connectionpool:http://127.0.0.1:62521 "POST /session/70ae344c6a4df829457869b1248a4232/execute/sync HTTP/1.1" 200 14
DEBUG:selenium.webdriver.remote.remote_connection:Finished Request
DEBUG:selenium.webdriver.remote.remote_connection:POST http://127.0.0.1:62521/session/70ae344c6a4df829457869b1248a4232/execute/sync {"script": "window.scrollTo(1035, 126)", "args": []}
DEBUG:urllib3.connectionpool:http://127.0.0.1:62521 "POST /session/70ae344c6a4df829457869b1248a4232/execute/sync HTTP/1.1" 200 14
DEBUG:selenium.webdriver.remote.remote_connection:Finished Request
DEBUG:selenium.webdriver.remote.remote_connection:POST http://127.0.0.1:62521/session/70ae344c6a4df829457869b1248a4232/execute/sync {"script": "return window.scrollY", "args": []}
DEBUG:urllib3.connectionpool:http://127.0.0.1:62521 "POST /session/70ae344c6a4df829457869b1248a4232/execute/sync HTTP/1.1" 200 13
DEBUG:selenium.webdriver.remote.remote_connection:Finished Request
DEBUG:selenium.webdriver.remote.remote_connection:POST http://127.0.0.1:62521/session/70ae344c6a4df829457869b1248a4232/execute/sync {"script": "window.scrollTo(126, 1114)", "args": []}
DEBUG:urllib3.connectionpool:http://127.0.0.1:62521 "POST /session/70ae344c6a4df829457869b1248a4232/execute/sync HTTP/1.1" 200 14
DEBUG:selenium.webdriver.remote.remote_connection:Finished Request
DEBUG:selenium.webdriver.remote.remote_connection:GET http://127.0.0.1:62521/session/70ae344c6a4df829457869b1248a4232/source {}
DEBUG:urllib3.connectionpool:http://127.0.0.1:62521 "GET /session/70ae344c6a4df829457869b1248a4232/source HTTP/1.1" 200 559191
DEBUG:selenium.webdriver.remote.remote_connection:Finished Request
DEBUG:selenium.webdriver.remote.remote_connection:POST http://127.0.0.1:62521/session/70ae344c6a4df829457869b1248a4232/url {"url": "https://www.cmegroup.com/trading/energy/refined-products/gulf-coast-no-6-fuel-oil-30pct-sulfur-platts-swap.html"}
DEBUG:urllib3.connectionpool:http://127.0.0.1:62521 "POST /session/70ae344c6a4df829457869b1248a4232/url HTTP/1.1" 200 14
DEBUG:selenium.webdriver.remote.remote_connection:Finished Request
DEBUG:selenium.webdriver.remote.remote_connection:POST http://127.0.0.1:62521/session/70ae344c6a4df829457869b1248a4232/execute/sync {"script": "return document.body.scrollHeight", "args": []}
DEBUG:urllib3.connectionpool:http://127.0.0.1:62521 "POST /session/70ae344c6a4df829457869b1248a4232/execute/sync HTTP/1.1" 200 14
DEBUG:selenium.webdriver.remote.remote_connection:Finished Request
DEBUG:selenium.webdriver.remote.remote_connection:POST http://127.0.0.1:62521/session/70ae344c6a4df829457869b1248a4232/execute/sync {"script": "return window.scrollY", "args": []}
DEBUG:urllib3.connectionpool:http://127.0.0.1:62521 "POST /session/70ae344c6a4df829457869b1248a4232/execute/sync HTTP/1.1" 200 11
DEBUG:selenium.webdriver.remote.remote_connection:Finished Request
DEBUG:selenium.webdriver.remote.remote_connection:POST http://127.0.0.1:62521/session/70ae344c6a4df829457869b1248a4232/execute/sync {"script": "window.scrollTo(0, 845)", "args": []}
DEBUG:urllib3.connectionpool:http://127.0.0.1:62521 "POST /session/70ae344c6a4df829457869b1248a4232/execute/sync HTTP/1.1" 200 14
DEBUG:selenium.webdriver.remote.remote_connection:Finished Request
DEBUG:selenium.webdriver.remote.remote_connection:POST http://127.0.0.1:62521/session/70ae344c6a4df829457869b1248a4232/execute/sync {"script": "return window.scrollY", "args": []}
DEBUG:urllib3.connectionpool:http://127.0.0.1:62521 "POST /session/70ae344c6a4df829457869b1248a4232/execute/sync HTTP/1.1" 200 13
DEBUG:selenium.webdriver.remote.remote_connection:Finished Request
DEBUG:selenium.webdriver.remote.remote_connection:POST http://127.0.0.1:62521/session/70ae344c6a4df829457869b1248a4232/execute/sync {"script": "window.scrollTo(845, 289)", "args": []}
DEBUG:urllib3.connectionpool:http://127.0.0.1:62521 "POST /session/70ae344c6a4df829457869b1248a4232/execute/sync HTTP/1.1" 200 14
DEBUG:selenium.webdriver.remote.remote_connection:Finished Request
DEBUG:selenium.webdriver.remote.remote_connection:POST http://127.0.0.1:62521/session/70ae344c6a4df829457869b1248a4232/execute/sync {"script": "return window.scrollY", "args": []}
DEBUG:urllib3.connectionpool:http://127.0.0.1:62521 "POST /session/70ae344c6a4df829457869b1248a4232/execute/sync HTTP/1.1" 200 13
DEBUG:selenium.webdriver.remote.remote_connection:Finished Request
DEBUG:selenium.webdriver.remote.remote_connection:POST http://127.0.0.1:62521/session/70ae344c6a4df829457869b1248a4232/execute/sync {"script": "window.scrollTo(289, 910)", "args": []}
DEBUG:urllib3.connectionpool:http://127.0.0.1:62521 "POST /session/70ae344c6a4df829457869b1248a4232/execute/sync HTTP/1.1" 200 14
DEBUG:selenium.webdriver.remote.remote_connection:Finished Request
DEBUG:selenium.webdriver.remote.remote_connection:GET http://127.0.0.1:62521/session/70ae344c6a4df829457869b1248a4232/source {}
DEBUG:urllib3.connectionpool:http://127.0.0.1:62521 "GET /session/70ae344c6a4df829457869b1248a4232/source HTTP/1.1" 200 459737
DEBUG:selenium.webdriver.remote.remote_connection:Finished Request
DEBUG:selenium.webdriver.remote.remote_connection:POST http://127.0.0.1:62521/session/70ae344c6a4df829457869b1248a4232/url {"url": "https://www.cmegroup.com/trading/energy/crude-oil/brent-crude-oil.html"}
DEBUG:urllib3.connectionpool:http://127.0.0.1:62521 "POST /session/70ae344c6a4df829457869b1248a4232/url HTTP/1.1" 200 14
DEBUG:selenium.webdriver.remote.remote_connection:Finished Request
DEBUG:selenium.webdriver.remote.remote_connection:POST http://127.0.0.1:62521/session/70ae344c6a4df829457869b1248a4232/execute/sync {"script": "return document.body.scrollHeight", "args": []}
DEBUG:urllib3.connectionpool:http://127.0.0.1:62521 "POST /session/70ae344c6a4df829457869b1248a4232/execute/sync HTTP/1.1" 200 14
DEBUG:selenium.webdriver.remote.remote_connection:Finished Request
DEBUG:selenium.webdriver.remote.remote_connection:POST http://127.0.0.1:62521/session/70ae344c6a4df829457869b1248a4232/execute/sync {"script": "return window.scrollY", "args": []}
DEBUG:urllib3.connectionpool:http://127.0.0.1:62521 "POST /session/70ae344c6a4df829457869b1248a4232/execute/sync HTTP/1.1" 200 11
DEBUG:selenium.webdriver.remote.remote_connection:Finished Request
DEBUG:selenium.webdriver.remote.remote_connection:POST http://127.0.0.1:62521/session/70ae344c6a4df829457869b1248a4232/execute/sync {"script": "window.scrollTo(0, 1026)", "args": []}
DEBUG:urllib3.connectionpool:http://127.0.0.1:62521 "POST /session/70ae344c6a4df829457869b1248a4232/execute/sync HTTP/1.1" 200 14
DEBUG:selenium.webdriver.remote.remote_connection:Finished Request
DEBUG:selenium.webdriver.remote.remote_connection:POST http://127.0.0.1:62521/session/70ae344c6a4df829457869b1248a4232/execute/sync {"script": "return window.scrollY", "args": []}
DEBUG:urllib3.connectionpool:http://127.0.0.1:62521 "POST /session/70ae344c6a4df829457869b1248a4232/execute/sync HTTP/1.1" 200 14
DEBUG:selenium.webdriver.remote.remote_connection:Finished Request
DEBUG:selenium.webdriver.remote.remote_connection:POST http://127.0.0.1:62521/session/70ae344c6a4df829457869b1248a4232/execute/sync {"script": "window.scrollTo(1026, 482)", "args": []}
DEBUG:urllib3.connectionpool:http://127.0.0.1:62521 "POST /session/70ae344c6a4df829457869b1248a4232/execute/sync HTTP/1.1" 200 14
DEBUG:selenium.webdriver.remote.remote_connection:Finished Request
DEBUG:selenium.webdriver.remote.remote_connection:POST http://127.0.0.1:62521/session/70ae344c6a4df829457869b1248a4232/execute/sync {"script": "return window.scrollY", "args": []}
DEBUG:urllib3.connectionpool:http://127.0.0.1:62521 "POST /session/70ae344c6a4df829457869b1248a4232/execute/sync HTTP/1.1" 200 13
DEBUG:selenium.webdriver.remote.remote_connection:Finished Request
DEBUG:selenium.webdriver.remote.remote_connection:POST http://127.0.0.1:62521/session/70ae344c6a4df829457869b1248a4232/execute/sync {"script": "window.scrollTo(482, 1478)", "args": []}
DEBUG:urllib3.connectionpool:http://127.0.0.1:62521 "POST /session/70ae344c6a4df829457869b1248a4232/execute/sync HTTP/1.1" 200 14
DEBUG:selenium.webdriver.remote.remote_connection:Finished Request
DEBUG:selenium.webdriver.remote.remote_connection:GET http://127.0.0.1:62521/session/70ae344c6a4df829457869b1248a4232/source {}
DEBUG:urllib3.connectionpool:http://127.0.0.1:62521 "GET /session/70ae344c6a4df829457869b1248a4232/source HTTP/1.1" 200 659020
DEBUG:selenium.webdriver.remote.remote_connection:Finished Request
DEBUG:selenium.webdriver.remote.remote_connection:POST http://127.0.0.1:62521/session/70ae344c6a4df829457869b1248a4232/url {"url": "https://www.cmegroup.com/trading/energy/crude-oil/light-sweet-crude_quotes_globex.html"}
DEBUG:urllib3.connectionpool:http://127.0.0.1:62521 "POST /session/70ae344c6a4df829457869b1248a4232/url HTTP/1.1" 200 14
DEBUG:selenium.webdriver.remote.remote_connection:Finished Request
DEBUG:selenium.webdriver.remote.remote_connection:POST http://127.0.0.1:62521/session/70ae344c6a4df829457869b1248a4232/execute/sync {"script": "return document.body.scrollHeight", "args": []}
DEBUG:urllib3.connectionpool:http://127.0.0.1:62521 "POST /session/70ae344c6a4df829457869b1248a4232/execute/sync HTTP/1.1" 200 14
DEBUG:selenium.webdriver.remote.remote_connection:Finished Request
DEBUG:selenium.webdriver.remote.remote_connection:POST http://127.0.0.1:62521/session/70ae344c6a4df829457869b1248a4232/execute/sync {"script": "return window.scrollY", "args": []}
DEBUG:urllib3.connectionpool:http://127.0.0.1:62521 "POST /session/70ae344c6a4df829457869b1248a4232/execute/sync HTTP/1.1" 200 11
DEBUG:selenium.webdriver.remote.remote_connection:Finished Request
DEBUG:selenium.webdriver.remote.remote_connection:POST http://127.0.0.1:62521/session/70ae344c6a4df829457869b1248a4232/execute/sync {"script": "window.scrollTo(0, 675)", "args": []}
DEBUG:urllib3.connectionpool:http://127.0.0.1:62521 "POST /session/70ae344c6a4df829457869b1248a4232/execute/sync HTTP/1.1" 200 14
DEBUG:selenium.webdriver.remote.remote_connection:Finished Request
DEBUG:selenium.webdriver.remote.remote_connection:POST http://127.0.0.1:62521/session/70ae344c6a4df829457869b1248a4232/execute/sync {"script": "return window.scrollY", "args": []}
DEBUG:urllib3.connectionpool:http://127.0.0.1:62521 "POST /session/70ae344c6a4df829457869b1248a4232/execute/sync HTTP/1.1" 200 13
DEBUG:selenium.webdriver.remote.remote_connection:Finished Request
DEBUG:selenium.webdriver.remote.remote_connection:POST http://127.0.0.1:62521/session/70ae344c6a4df829457869b1248a4232/execute/sync {"script": "window.scrollTo(675, 1751)", "args": []}
DEBUG:urllib3.connectionpool:http://127.0.0.1:62521 "POST /session/70ae344c6a4df829457869b1248a4232/execute/sync HTTP/1.1" 200 14
DEBUG:selenium.webdriver.remote.remote_connection:Finished Request
DEBUG:selenium.webdriver.remote.remote_connection:POST http://127.0.0.1:62521/session/70ae344c6a4df829457869b1248a4232/execute/sync {"script": "return window.scrollY", "args": []}
DEBUG:urllib3.connectionpool:http://127.0.0.1:62521 "POST /session/70ae344c6a4df829457869b1248a4232/execute/sync HTTP/1.1" 200 14
DEBUG:selenium.webdriver.remote.remote_connection:Finished Request
DEBUG:selenium.webdriver.remote.remote_connection:POST http://127.0.0.1:62521/session/70ae344c6a4df829457869b1248a4232/execute/sync {"script": "window.scrollTo(1751, 2526)", "args": []}
DEBUG:urllib3.connectionpool:http://127.0.0.1:62521 "POST /session/70ae344c6a4df829457869b1248a4232/execute/sync HTTP/1.1" 200 14
DEBUG:selenium.webdriver.remote.remote_connection:Finished Request
DEBUG:selenium.webdriver.remote.remote_connection:GET http://127.0.0.1:62521/session/70ae344c6a4df829457869b1248a4232/source {}
DEBUG:urllib3.connectionpool:http://127.0.0.1:62521 "GET /session/70ae344c6a4df829457869b1248a4232/source HTTP/1.1" 200 747089
DEBUG:selenium.webdriver.remote.remote_connection:Finished Request
DEBUG:selenium.webdriver.remote.remote_connection:DELETE http://127.0.0.1:62521/session/70ae344c6a4df829457869b1248a4232/window {}
DEBUG:urllib3.connectionpool:http://127.0.0.1:62521 "DELETE /session/70ae344c6a4df829457869b1248a4232/window HTTP/1.1" 200 14
DEBUG:selenium.webdriver.remote.remote_connection:Finished Request
DEBUG:selenium.webdriver.remote.remote_connection:POST http://127.0.0.1:51977/session {"capabilities": {"firstMatch": [{}], "alwaysMatch": {"browserName": "chrome", "platformName": "any", "goog:chromeOptions": {"extensions": [], "args": []}}}, "desiredCapabilities": {"browserName": "chrome", "version": "", "platform": "ANY", "goog:chromeOptions": {"extensions": [], "args": []}}}
DEBUG:urllib3.connectionpool:Starting new HTTP connection (1): 127.0.0.1:51977
DEBUG:urllib3.connectionpool:http://127.0.0.1:51977 "POST /session HTTP/1.1" 200 682
DEBUG:selenium.webdriver.remote.remote_connection:Finished Request
DEBUG:selenium.webdriver.remote.remote_connection:POST http://127.0.0.1:51977/session/19acddd88b70eeda5476a2c3f0d1d5ab/window/maximize {}
DEBUG:urllib3.connectionpool:http://127.0.0.1:51977 "POST /session/19acddd88b70eeda5476a2c3f0d1d5ab/window/maximize HTTP/1.1" 200 51
DEBUG:selenium.webdriver.remote.remote_connection:Finished Request
DEBUG:selenium.webdriver.remote.remote_connection:POST http://127.0.0.1:51977/session/19acddd88b70eeda5476a2c3f0d1d5ab/url {"url": "https://www.cmegroup.com/trading/energy/crude-oil/light-sweet-crude_quotes_globex.html"}
DEBUG:urllib3.connectionpool:http://127.0.0.1:51977 "POST /session/19acddd88b70eeda5476a2c3f0d1d5ab/url HTTP/1.1" 200 14
DEBUG:selenium.webdriver.remote.remote_connection:Finished Request
DEBUG:selenium.webdriver.remote.remote_connection:POST http://127.0.0.1:51977/session/19acddd88b70eeda5476a2c3f0d1d5ab/execute/sync {"script": "return document.body.scrollHeight", "args": []}
DEBUG:urllib3.connectionpool:http://127.0.0.1:51977 "POST /session/19acddd88b70eeda5476a2c3f0d1d5ab/execute/sync HTTP/1.1" 200 14
DEBUG:selenium.webdriver.remote.remote_connection:Finished Request
DEBUG:selenium.webdriver.remote.remote_connection:POST http://127.0.0.1:51977/session/19acddd88b70eeda5476a2c3f0d1d5ab/execute/sync {"script": "return window.scrollY", "args": []}
DEBUG:urllib3.connectionpool:http://127.0.0.1:51977 "POST /session/19acddd88b70eeda5476a2c3f0d1d5ab/execute/sync HTTP/1.1" 200 11
DEBUG:selenium.webdriver.remote.remote_connection:Finished Request
DEBUG:selenium.webdriver.remote.remote_connection:POST http://127.0.0.1:51977/session/19acddd88b70eeda5476a2c3f0d1d5ab/execute/sync {"script": "window.scrollTo(0, 1038)", "args": []}
DEBUG:urllib3.connectionpool:http://127.0.0.1:51977 "POST /session/19acddd88b70eeda5476a2c3f0d1d5ab/execute/sync HTTP/1.1" 200 14
DEBUG:selenium.webdriver.remote.remote_connection:Finished Request
DEBUG:selenium.webdriver.remote.remote_connection:GET http://127.0.0.1:51977/session/19acddd88b70eeda5476a2c3f0d1d5ab/source {}
DEBUG:urllib3.connectionpool:http://127.0.0.1:51977 "GET /session/19acddd88b70eeda5476a2c3f0d1d5ab/source HTTP/1.1" 200 748153
DEBUG:selenium.webdriver.remote.remote_connection:Finished Request
DEBUG:selenium.webdriver.remote.remote_connection:POST http://127.0.0.1:51977/session/19acddd88b70eeda5476a2c3f0d1d5ab/url {"url": "https://www.cmegroup.com/trading/energy/refined-products/gulf-coast-ultra-low-sulfur-diesel-usld-platts-calendar-swap.html"}
DEBUG:urllib3.connectionpool:http://127.0.0.1:51977 "POST /session/19acddd88b70eeda5476a2c3f0d1d5ab/url HTTP/1.1" 200 14
DEBUG:selenium.webdriver.remote.remote_connection:Finished Request
DEBUG:selenium.webdriver.remote.remote_connection:POST http://127.0.0.1:51977/session/19acddd88b70eeda5476a2c3f0d1d5ab/execute/sync {"script": "return document.body.scrollHeight", "args": []}
DEBUG:urllib3.connectionpool:http://127.0.0.1:51977 "POST /session/19acddd88b70eeda5476a2c3f0d1d5ab/execute/sync HTTP/1.1" 200 14
DEBUG:selenium.webdriver.remote.remote_connection:Finished Request
DEBUG:selenium.webdriver.remote.remote_connection:POST http://127.0.0.1:51977/session/19acddd88b70eeda5476a2c3f0d1d5ab/execute/sync {"script": "return window.scrollY", "args": []}
DEBUG:urllib3.connectionpool:http://127.0.0.1:51977 "POST /session/19acddd88b70eeda5476a2c3f0d1d5ab/execute/sync HTTP/1.1" 200 11
DEBUG:selenium.webdriver.remote.remote_connection:Finished Request
DEBUG:selenium.webdriver.remote.remote_connection:POST http://127.0.0.1:51977/session/19acddd88b70eeda5476a2c3f0d1d5ab/execute/sync {"script": "window.scrollTo(0, 563)", "args": []}
DEBUG:urllib3.connectionpool:http://127.0.0.1:51977 "POST /session/19acddd88b70eeda5476a2c3f0d1d5ab/execute/sync HTTP/1.1" 200 14
DEBUG:selenium.webdriver.remote.remote_connection:Finished Request
DEBUG:selenium.webdriver.remote.remote_connection:GET http://127.0.0.1:51977/session/19acddd88b70eeda5476a2c3f0d1d5ab/source {}
DEBUG:urllib3.connectionpool:http://127.0.0.1:51977 "GET /session/19acddd88b70eeda5476a2c3f0d1d5ab/source HTTP/1.1" 200 563912
DEBUG:selenium.webdriver.remote.remote_connection:Finished Request
DEBUG:selenium.webdriver.remote.remote_connection:POST http://127.0.0.1:51977/session/19acddd88b70eeda5476a2c3f0d1d5ab/url {"url": "https://www.cmegroup.com/trading/energy/crude-oil/brent-crude-oil.html"}
DEBUG:urllib3.connectionpool:http://127.0.0.1:51977 "POST /session/19acddd88b70eeda5476a2c3f0d1d5ab/url HTTP/1.1" 200 14
DEBUG:selenium.webdriver.remote.remote_connection:Finished Request
DEBUG:selenium.webdriver.remote.remote_connection:POST http://127.0.0.1:51977/session/19acddd88b70eeda5476a2c3f0d1d5ab/execute/sync {"script": "return document.body.scrollHeight", "args": []}
DEBUG:urllib3.connectionpool:http://127.0.0.1:51977 "POST /session/19acddd88b70eeda5476a2c3f0d1d5ab/execute/sync HTTP/1.1" 200 14
DEBUG:selenium.webdriver.remote.remote_connection:Finished Request
DEBUG:selenium.webdriver.remote.remote_connection:POST http://127.0.0.1:51977/session/19acddd88b70eeda5476a2c3f0d1d5ab/execute/sync {"script": "return window.scrollY", "args": []}
DEBUG:urllib3.connectionpool:http://127.0.0.1:51977 "POST /session/19acddd88b70eeda5476a2c3f0d1d5ab/execute/sync HTTP/1.1" 200 11
DEBUG:selenium.webdriver.remote.remote_connection:Finished Request
DEBUG:selenium.webdriver.remote.remote_connection:POST http://127.0.0.1:51977/session/19acddd88b70eeda5476a2c3f0d1d5ab/execute/sync {"script": "window.scrollTo(0, 626)", "args": []}
DEBUG:urllib3.connectionpool:http://127.0.0.1:51977 "POST /session/19acddd88b70eeda5476a2c3f0d1d5ab/execute/sync HTTP/1.1" 200 14
DEBUG:selenium.webdriver.remote.remote_connection:Finished Request
DEBUG:selenium.webdriver.remote.remote_connection:GET http://127.0.0.1:51977/session/19acddd88b70eeda5476a2c3f0d1d5ab/source {}
DEBUG:urllib3.connectionpool:http://127.0.0.1:51977 "GET /session/19acddd88b70eeda5476a2c3f0d1d5ab/source HTTP/1.1" 200 658949
DEBUG:selenium.webdriver.remote.remote_connection:Finished Request
DEBUG:selenium.webdriver.remote.remote_connection:POST http://127.0.0.1:51977/session/19acddd88b70eeda5476a2c3f0d1d5ab/url {"url": "https://www.cmegroup.com/trading/energy/refined-products/heating-oil.html"}
DEBUG:urllib3.connectionpool:http://127.0.0.1:51977 "POST /session/19acddd88b70eeda5476a2c3f0d1d5ab/url HTTP/1.1" 200 14
DEBUG:selenium.webdriver.remote.remote_connection:Finished Request
DEBUG:selenium.webdriver.remote.remote_connection:POST http://127.0.0.1:51977/session/19acddd88b70eeda5476a2c3f0d1d5ab/execute/sync {"script": "return document.body.scrollHeight", "args": []}
DEBUG:urllib3.connectionpool:http://127.0.0.1:51977 "POST /session/19acddd88b70eeda5476a2c3f0d1d5ab/execute/sync HTTP/1.1" 200 14
DEBUG:selenium.webdriver.remote.remote_connection:Finished Request
DEBUG:selenium.webdriver.remote.remote_connection:POST http://127.0.0.1:51977/session/19acddd88b70eeda5476a2c3f0d1d5ab/execute/sync {"script": "return window.scrollY", "args": []}
DEBUG:urllib3.connectionpool:http://127.0.0.1:51977 "POST /session/19acddd88b70eeda5476a2c3f0d1d5ab/execute/sync HTTP/1.1" 200 11
DEBUG:selenium.webdriver.remote.remote_connection:Finished Request
DEBUG:selenium.webdriver.remote.remote_connection:POST http://127.0.0.1:51977/session/19acddd88b70eeda5476a2c3f0d1d5ab/execute/sync {"script": "window.scrollTo(0, 593)", "args": []}
DEBUG:urllib3.connectionpool:http://127.0.0.1:51977 "POST /session/19acddd88b70eeda5476a2c3f0d1d5ab/execute/sync HTTP/1.1" 200 14
DEBUG:selenium.webdriver.remote.remote_connection:Finished Request
DEBUG:selenium.webdriver.remote.remote_connection:POST http://127.0.0.1:51977/session/19acddd88b70eeda5476a2c3f0d1d5ab/execute/sync {"script": "return window.scrollY", "args": []}
DEBUG:urllib3.connectionpool:http://127.0.0.1:51977 "POST /session/19acddd88b70eeda5476a2c3f0d1d5ab/execute/sync HTTP/1.1" 200 13
DEBUG:selenium.webdriver.remote.remote_connection:Finished Request
DEBUG:selenium.webdriver.remote.remote_connection:POST http://127.0.0.1:51977/session/19acddd88b70eeda5476a2c3f0d1d5ab/execute/sync {"script": "window.scrollTo(593, 1513)", "args": []}
DEBUG:urllib3.connectionpool:http://127.0.0.1:51977 "POST /session/19acddd88b70eeda5476a2c3f0d1d5ab/execute/sync HTTP/1.1" 200 14
DEBUG:selenium.webdriver.remote.remote_connection:Finished Request
DEBUG:selenium.webdriver.remote.remote_connection:POST http://127.0.0.1:51977/session/19acddd88b70eeda5476a2c3f0d1d5ab/execute/sync {"script": "return window.scrollY", "args": []}
DEBUG:urllib3.connectionpool:http://127.0.0.1:51977 "POST /session/19acddd88b70eeda5476a2c3f0d1d5ab/execute/sync HTTP/1.1" 200 14
DEBUG:selenium.webdriver.remote.remote_connection:Finished Request
DEBUG:selenium.webdriver.remote.remote_connection:POST http://127.0.0.1:51977/session/19acddd88b70eeda5476a2c3f0d1d5ab/execute/sync {"script": "window.scrollTo(1513, 716)", "args": []}
DEBUG:urllib3.connectionpool:http://127.0.0.1:51977 "POST /session/19acddd88b70eeda5476a2c3f0d1d5ab/execute/sync HTTP/1.1" 200 14
DEBUG:selenium.webdriver.remote.remote_connection:Finished Request
DEBUG:selenium.webdriver.remote.remote_connection:GET http://127.0.0.1:51977/session/19acddd88b70eeda5476a2c3f0d1d5ab/source {}
DEBUG:urllib3.connectionpool:http://127.0.0.1:51977 "GET /session/19acddd88b70eeda5476a2c3f0d1d5ab/source HTTP/1.1" 200 558620
DEBUG:selenium.webdriver.remote.remote_connection:Finished Request
DEBUG:selenium.webdriver.remote.remote_connection:POST http://127.0.0.1:51977/session/19acddd88b70eeda5476a2c3f0d1d5ab/url {"url": "https://www.cmegroup.com/trading/energy/refined-products/gulf-coast-no-6-fuel-oil-30pct-sulfur-platts-swap.html"}
DEBUG:urllib3.connectionpool:http://127.0.0.1:51977 "POST /session/19acddd88b70eeda5476a2c3f0d1d5ab/url HTTP/1.1" 200 14
DEBUG:selenium.webdriver.remote.remote_connection:Finished Request
DEBUG:selenium.webdriver.remote.remote_connection:POST http://127.0.0.1:51977/session/19acddd88b70eeda5476a2c3f0d1d5ab/execute/sync {"script": "return document.body.scrollHeight", "args": []}
DEBUG:urllib3.connectionpool:http://127.0.0.1:51977 "POST /session/19acddd88b70eeda5476a2c3f0d1d5ab/execute/sync HTTP/1.1" 200 14
DEBUG:selenium.webdriver.remote.remote_connection:Finished Request
DEBUG:selenium.webdriver.remote.remote_connection:POST http://127.0.0.1:51977/session/19acddd88b70eeda5476a2c3f0d1d5ab/execute/sync {"script": "return window.scrollY", "args": []}
DEBUG:urllib3.connectionpool:http://127.0.0.1:51977 "POST /session/19acddd88b70eeda5476a2c3f0d1d5ab/execute/sync HTTP/1.1" 200 11
DEBUG:selenium.webdriver.remote.remote_connection:Finished Request
DEBUG:selenium.webdriver.remote.remote_connection:POST http://127.0.0.1:51977/session/19acddd88b70eeda5476a2c3f0d1d5ab/execute/sync {"script": "window.scrollTo(0, 931)", "args": []}
DEBUG:urllib3.connectionpool:http://127.0.0.1:51977 "POST /session/19acddd88b70eeda5476a2c3f0d1d5ab/execute/sync HTTP/1.1" 200 14
DEBUG:selenium.webdriver.remote.remote_connection:Finished Request
DEBUG:selenium.webdriver.remote.remote_connection:GET http://127.0.0.1:51977/session/19acddd88b70eeda5476a2c3f0d1d5ab/source {}
DEBUG:urllib3.connectionpool:http://127.0.0.1:51977 "GET /session/19acddd88b70eeda5476a2c3f0d1d5ab/source HTTP/1.1" 200 581203
DEBUG:selenium.webdriver.remote.remote_connection:Finished Request
DEBUG:selenium.webdriver.remote.remote_connection:POST http://127.0.0.1:51977/session/19acddd88b70eeda5476a2c3f0d1d5ab/url {"url": "https://www.cmegroup.com/trading/energy/refined-products/rbob-gasoline.html"}
DEBUG:urllib3.connectionpool:http://127.0.0.1:51977 "POST /session/19acddd88b70eeda5476a2c3f0d1d5ab/url HTTP/1.1" 200 14
DEBUG:selenium.webdriver.remote.remote_connection:Finished Request
DEBUG:selenium.webdriver.remote.remote_connection:POST http://127.0.0.1:51977/session/19acddd88b70eeda5476a2c3f0d1d5ab/execute/sync {"script": "return document.body.scrollHeight", "args": []}
DEBUG:urllib3.connectionpool:http://127.0.0.1:51977 "POST /session/19acddd88b70eeda5476a2c3f0d1d5ab/execute/sync HTTP/1.1" 200 14
DEBUG:selenium.webdriver.remote.remote_connection:Finished Request
DEBUG:selenium.webdriver.remote.remote_connection:POST http://127.0.0.1:51977/session/19acddd88b70eeda5476a2c3f0d1d5ab/execute/sync {"script": "return window.scrollY", "args": []}
DEBUG:urllib3.connectionpool:http://127.0.0.1:51977 "POST /session/19acddd88b70eeda5476a2c3f0d1d5ab/execute/sync HTTP/1.1" 200 11
DEBUG:selenium.webdriver.remote.remote_connection:Finished Request
DEBUG:selenium.webdriver.remote.remote_connection:POST http://127.0.0.1:51977/session/19acddd88b70eeda5476a2c3f0d1d5ab/execute/sync {"script": "window.scrollTo(0, 1000)", "args": []}
DEBUG:urllib3.connectionpool:http://127.0.0.1:51977 "POST /session/19acddd88b70eeda5476a2c3f0d1d5ab/execute/sync HTTP/1.1" 200 14
DEBUG:selenium.webdriver.remote.remote_connection:Finished Request
DEBUG:selenium.webdriver.remote.remote_connection:GET http://127.0.0.1:51977/session/19acddd88b70eeda5476a2c3f0d1d5ab/source {}
DEBUG:urllib3.connectionpool:http://127.0.0.1:51977 "GET /session/19acddd88b70eeda5476a2c3f0d1d5ab/source HTTP/1.1" 200 558701
DEBUG:selenium.webdriver.remote.remote_connection:Finished Request
DEBUG:selenium.webdriver.remote.remote_connection:DELETE http://127.0.0.1:51977/session/19acddd88b70eeda5476a2c3f0d1d5ab/window {}
DEBUG:urllib3.connectionpool:http://127.0.0.1:51977 "DELETE /session/19acddd88b70eeda5476a2c3f0d1d5ab/window HTTP/1.1" 200 14
DEBUG:selenium.webdriver.remote.remote_connection:Finished Request
DEBUG:selenium.webdriver.remote.remote_connection:POST http://127.0.0.1:49474/session {"capabilities": {"firstMatch": [{}], "alwaysMatch": {"browserName": "chrome", "platformName": "any", "goog:chromeOptions": {"extensions": [], "args": []}}}, "desiredCapabilities": {"browserName": "chrome", "version": "", "platform": "ANY", "goog:chromeOptions": {"extensions": [], "args": []}}}
DEBUG:urllib3.connectionpool:Starting new HTTP connection (1): 127.0.0.1:49474
DEBUG:urllib3.connectionpool:http://127.0.0.1:49474 "POST /session HTTP/1.1" 200 682
DEBUG:selenium.webdriver.remote.remote_connection:Finished Request
DEBUG:selenium.webdriver.remote.remote_connection:POST http://127.0.0.1:49474/session/f18071a0efa755d57548116268ec82b3/window/maximize {}
DEBUG:urllib3.connectionpool:http://127.0.0.1:49474 "POST /session/f18071a0efa755d57548116268ec82b3/window/maximize HTTP/1.1" 200 51
DEBUG:selenium.webdriver.remote.remote_connection:Finished Request
DEBUG:selenium.webdriver.remote.remote_connection:POST http://127.0.0.1:49474/session/f18071a0efa755d57548116268ec82b3/url {"url": "https://www.cmegroup.com/trading/energy/crude-oil/light-sweet-crude_quotes_globex.html"}
DEBUG:urllib3.connectionpool:http://127.0.0.1:49474 "POST /session/f18071a0efa755d57548116268ec82b3/url HTTP/1.1" 200 14
DEBUG:selenium.webdriver.remote.remote_connection:Finished Request
DEBUG:selenium.webdriver.remote.remote_connection:POST http://127.0.0.1:49474/session/f18071a0efa755d57548116268ec82b3/execute/sync {"script": "return document.body.scrollHeight", "args": []}
DEBUG:urllib3.connectionpool:http://127.0.0.1:49474 "POST /session/f18071a0efa755d57548116268ec82b3/execute/sync HTTP/1.1" 200 14
DEBUG:selenium.webdriver.remote.remote_connection:Finished Request
DEBUG:selenium.webdriver.remote.remote_connection:POST http://127.0.0.1:49474/session/f18071a0efa755d57548116268ec82b3/execute/sync {"script": "return window.scrollY", "args": []}
DEBUG:urllib3.connectionpool:http://127.0.0.1:49474 "POST /session/f18071a0efa755d57548116268ec82b3/execute/sync HTTP/1.1" 200 11
DEBUG:selenium.webdriver.remote.remote_connection:Finished Request
DEBUG:selenium.webdriver.remote.remote_connection:POST http://127.0.0.1:49474/session/f18071a0efa755d57548116268ec82b3/execute/sync {"script": "window.scrollTo(0, 696)", "args": []}
DEBUG:urllib3.connectionpool:http://127.0.0.1:49474 "POST /session/f18071a0efa755d57548116268ec82b3/execute/sync HTTP/1.1" 200 14
DEBUG:selenium.webdriver.remote.remote_connection:Finished Request
DEBUG:selenium.webdriver.remote.remote_connection:POST http://127.0.0.1:49474/session/f18071a0efa755d57548116268ec82b3/execute/sync {"script": "return window.scrollY", "args": []}
DEBUG:urllib3.connectionpool:http://127.0.0.1:49474 "POST /session/f18071a0efa755d57548116268ec82b3/execute/sync HTTP/1.1" 200 13
DEBUG:selenium.webdriver.remote.remote_connection:Finished Request
DEBUG:selenium.webdriver.remote.remote_connection:POST http://127.0.0.1:49474/session/f18071a0efa755d57548116268ec82b3/execute/sync {"script": "window.scrollTo(696, 1500)", "args": []}
DEBUG:urllib3.connectionpool:http://127.0.0.1:49474 "POST /session/f18071a0efa755d57548116268ec82b3/execute/sync HTTP/1.1" 200 14
DEBUG:selenium.webdriver.remote.remote_connection:Finished Request
DEBUG:selenium.webdriver.remote.remote_connection:POST http://127.0.0.1:49474/session/f18071a0efa755d57548116268ec82b3/execute/sync {"script": "return window.scrollY", "args": []}
DEBUG:urllib3.connectionpool:http://127.0.0.1:49474 "POST /session/f18071a0efa755d57548116268ec82b3/execute/sync HTTP/1.1" 200 14
DEBUG:selenium.webdriver.remote.remote_connection:Finished Request
DEBUG:selenium.webdriver.remote.remote_connection:POST http://127.0.0.1:49474/session/f18071a0efa755d57548116268ec82b3/execute/sync {"script": "window.scrollTo(1500, 2310)", "args": []}
DEBUG:urllib3.connectionpool:http://127.0.0.1:49474 "POST /session/f18071a0efa755d57548116268ec82b3/execute/sync HTTP/1.1" 200 14
DEBUG:selenium.webdriver.remote.remote_connection:Finished Request
DEBUG:selenium.webdriver.remote.remote_connection:GET http://127.0.0.1:49474/session/f18071a0efa755d57548116268ec82b3/source {}
DEBUG:urllib3.connectionpool:http://127.0.0.1:49474 "GET /session/f18071a0efa755d57548116268ec82b3/source HTTP/1.1" 200 748232
DEBUG:selenium.webdriver.remote.remote_connection:Finished Request
DEBUG:selenium.webdriver.remote.remote_connection:POST http://127.0.0.1:49474/session/f18071a0efa755d57548116268ec82b3/url {"url": "https://www.cmegroup.com/trading/energy/refined-products/rbob-gasoline.html"}
DEBUG:urllib3.connectionpool:http://127.0.0.1:49474 "POST /session/f18071a0efa755d57548116268ec82b3/url HTTP/1.1" 200 14
DEBUG:selenium.webdriver.remote.remote_connection:Finished Request
DEBUG:selenium.webdriver.remote.remote_connection:POST http://127.0.0.1:49474/session/f18071a0efa755d57548116268ec82b3/execute/sync {"script": "return document.body.scrollHeight", "args": []}
DEBUG:urllib3.connectionpool:http://127.0.0.1:49474 "POST /session/f18071a0efa755d57548116268ec82b3/execute/sync HTTP/1.1" 200 14
DEBUG:selenium.webdriver.remote.remote_connection:Finished Request
DEBUG:selenium.webdriver.remote.remote_connection:POST http://127.0.0.1:49474/session/f18071a0efa755d57548116268ec82b3/execute/sync {"script": "return window.scrollY", "args": []}
DEBUG:urllib3.connectionpool:http://127.0.0.1:49474 "POST /session/f18071a0efa755d57548116268ec82b3/execute/sync HTTP/1.1" 200 11
DEBUG:selenium.webdriver.remote.remote_connection:Finished Request
DEBUG:selenium.webdriver.remote.remote_connection:POST http://127.0.0.1:49474/session/f18071a0efa755d57548116268ec82b3/execute/sync {"script": "window.scrollTo(0, 1051)", "args": []}
DEBUG:urllib3.connectionpool:http://127.0.0.1:49474 "POST /session/f18071a0efa755d57548116268ec82b3/execute/sync HTTP/1.1" 200 14
DEBUG:selenium.webdriver.remote.remote_connection:Finished Request
DEBUG:selenium.webdriver.remote.remote_connection:GET http://127.0.0.1:49474/session/f18071a0efa755d57548116268ec82b3/source {}
DEBUG:urllib3.connectionpool:http://127.0.0.1:49474 "GET /session/f18071a0efa755d57548116268ec82b3/source HTTP/1.1" 200 558559
DEBUG:selenium.webdriver.remote.remote_connection:Finished Request
DEBUG:selenium.webdriver.remote.remote_connection:POST http://127.0.0.1:49474/session/f18071a0efa755d57548116268ec82b3/url {"url": "https://www.cmegroup.com/trading/energy/crude-oil/brent-crude-oil.html"}
DEBUG:urllib3.connectionpool:http://127.0.0.1:49474 "POST /session/f18071a0efa755d57548116268ec82b3/url HTTP/1.1" 200 14
DEBUG:selenium.webdriver.remote.remote_connection:Finished Request
DEBUG:selenium.webdriver.remote.remote_connection:POST http://127.0.0.1:49474/session/f18071a0efa755d57548116268ec82b3/execute/sync {"script": "return document.body.scrollHeight", "args": []}
DEBUG:urllib3.connectionpool:http://127.0.0.1:49474 "POST /session/f18071a0efa755d57548116268ec82b3/execute/sync HTTP/1.1" 200 14
DEBUG:selenium.webdriver.remote.remote_connection:Finished Request
DEBUG:selenium.webdriver.remote.remote_connection:POST http://127.0.0.1:49474/session/f18071a0efa755d57548116268ec82b3/execute/sync {"script": "return window.scrollY", "args": []}
DEBUG:urllib3.connectionpool:http://127.0.0.1:49474 "POST /session/f18071a0efa755d57548116268ec82b3/execute/sync HTTP/1.1" 200 11
DEBUG:selenium.webdriver.remote.remote_connection:Finished Request
DEBUG:selenium.webdriver.remote.remote_connection:POST http://127.0.0.1:49474/session/f18071a0efa755d57548116268ec82b3/execute/sync {"script": "window.scrollTo(0, 894)", "args": []}
DEBUG:urllib3.connectionpool:http://127.0.0.1:49474 "POST /session/f18071a0efa755d57548116268ec82b3/execute/sync HTTP/1.1" 200 14
DEBUG:selenium.webdriver.remote.remote_connection:Finished Request
DEBUG:selenium.webdriver.remote.remote_connection:POST http://127.0.0.1:49474/session/f18071a0efa755d57548116268ec82b3/execute/sync {"script": "return window.scrollY", "args": []}
DEBUG:urllib3.connectionpool:http://127.0.0.1:49474 "POST /session/f18071a0efa755d57548116268ec82b3/execute/sync HTTP/1.1" 200 13
DEBUG:selenium.webdriver.remote.remote_connection:Finished Request
DEBUG:selenium.webdriver.remote.remote_connection:POST http://127.0.0.1:49474/session/f18071a0efa755d57548116268ec82b3/execute/sync {"script": "window.scrollTo(894, 312)", "args": []}
DEBUG:urllib3.connectionpool:http://127.0.0.1:49474 "POST /session/f18071a0efa755d57548116268ec82b3/execute/sync HTTP/1.1" 200 14
DEBUG:selenium.webdriver.remote.remote_connection:Finished Request
DEBUG:selenium.webdriver.remote.remote_connection:POST http://127.0.0.1:49474/session/f18071a0efa755d57548116268ec82b3/execute/sync {"script": "return window.scrollY", "args": []}
DEBUG:urllib3.connectionpool:http://127.0.0.1:49474 "POST /session/f18071a0efa755d57548116268ec82b3/execute/sync HTTP/1.1" 200 13
DEBUG:selenium.webdriver.remote.remote_connection:Finished Request
DEBUG:selenium.webdriver.remote.remote_connection:POST http://127.0.0.1:49474/session/f18071a0efa755d57548116268ec82b3/execute/sync {"script": "window.scrollTo(312, 942)", "args": []}
DEBUG:urllib3.connectionpool:http://127.0.0.1:49474 "POST /session/f18071a0efa755d57548116268ec82b3/execute/sync HTTP/1.1" 200 14
DEBUG:selenium.webdriver.remote.remote_connection:Finished Request
DEBUG:selenium.webdriver.remote.remote_connection:GET http://127.0.0.1:49474/session/f18071a0efa755d57548116268ec82b3/source {}
DEBUG:urllib3.connectionpool:http://127.0.0.1:49474 "GET /session/f18071a0efa755d57548116268ec82b3/source HTTP/1.1" 200 659138
DEBUG:selenium.webdriver.remote.remote_connection:Finished Request
DEBUG:selenium.webdriver.remote.remote_connection:POST http://127.0.0.1:49474/session/f18071a0efa755d57548116268ec82b3/url {"url": "https://www.cmegroup.com/trading/energy/refined-products/gulf-coast-ultra-low-sulfur-diesel-usld-platts-calendar-swap.html"}
DEBUG:urllib3.connectionpool:http://127.0.0.1:49474 "POST /session/f18071a0efa755d57548116268ec82b3/url HTTP/1.1" 200 14
DEBUG:selenium.webdriver.remote.remote_connection:Finished Request
DEBUG:selenium.webdriver.remote.remote_connection:POST http://127.0.0.1:49474/session/f18071a0efa755d57548116268ec82b3/execute/sync {"script": "return document.body.scrollHeight", "args": []}
DEBUG:urllib3.connectionpool:http://127.0.0.1:49474 "POST /session/f18071a0efa755d57548116268ec82b3/execute/sync HTTP/1.1" 200 14
DEBUG:selenium.webdriver.remote.remote_connection:Finished Request
DEBUG:selenium.webdriver.remote.remote_connection:POST http://127.0.0.1:49474/session/f18071a0efa755d57548116268ec82b3/execute/sync {"script": "return window.scrollY", "args": []}
DEBUG:urllib3.connectionpool:http://127.0.0.1:49474 "POST /session/f18071a0efa755d57548116268ec82b3/execute/sync HTTP/1.1" 200 11
DEBUG:selenium.webdriver.remote.remote_connection:Finished Request
DEBUG:selenium.webdriver.remote.remote_connection:POST http://127.0.0.1:49474/session/f18071a0efa755d57548116268ec82b3/execute/sync {"script": "window.scrollTo(0, 656)", "args": []}
DEBUG:urllib3.connectionpool:http://127.0.0.1:49474 "POST /session/f18071a0efa755d57548116268ec82b3/execute/sync HTTP/1.1" 200 14
DEBUG:selenium.webdriver.remote.remote_connection:Finished Request
DEBUG:selenium.webdriver.remote.remote_connection:POST http://127.0.0.1:49474/session/f18071a0efa755d57548116268ec82b3/execute/sync {"script": "return window.scrollY", "args": []}
DEBUG:urllib3.connectionpool:http://127.0.0.1:49474 "POST /session/f18071a0efa755d57548116268ec82b3/execute/sync HTTP/1.1" 200 13
DEBUG:selenium.webdriver.remote.remote_connection:Finished Request
DEBUG:selenium.webdriver.remote.remote_connection:POST http://127.0.0.1:49474/session/f18071a0efa755d57548116268ec82b3/execute/sync {"script": "window.scrollTo(656, 1597)", "args": []}
DEBUG:urllib3.connectionpool:http://127.0.0.1:49474 "POST /session/f18071a0efa755d57548116268ec82b3/execute/sync HTTP/1.1" 200 14
DEBUG:selenium.webdriver.remote.remote_connection:Finished Request
DEBUG:selenium.webdriver.remote.remote_connection:POST http://127.0.0.1:49474/session/f18071a0efa755d57548116268ec82b3/execute/sync {"script": "return window.scrollY", "args": []}
DEBUG:urllib3.connectionpool:http://127.0.0.1:49474 "POST /session/f18071a0efa755d57548116268ec82b3/execute/sync HTTP/1.1" 200 14
DEBUG:selenium.webdriver.remote.remote_connection:Finished Request
DEBUG:selenium.webdriver.remote.remote_connection:POST http://127.0.0.1:49474/session/f18071a0efa755d57548116268ec82b3/execute/sync {"script": "window.scrollTo(1597, 936)", "args": []}
DEBUG:urllib3.connectionpool:http://127.0.0.1:49474 "POST /session/f18071a0efa755d57548116268ec82b3/execute/sync HTTP/1.1" 200 14
DEBUG:selenium.webdriver.remote.remote_connection:Finished Request
DEBUG:selenium.webdriver.remote.remote_connection:POST http://127.0.0.1:49474/session/f18071a0efa755d57548116268ec82b3/execute/sync {"script": "return window.scrollY", "args": []}
DEBUG:urllib3.connectionpool:http://127.0.0.1:49474 "POST /session/f18071a0efa755d57548116268ec82b3/execute/sync HTTP/1.1" 200 13
DEBUG:selenium.webdriver.remote.remote_connection:Finished Request
DEBUG:selenium.webdriver.remote.remote_connection:POST http://127.0.0.1:49474/session/f18071a0efa755d57548116268ec82b3/execute/sync {"script": "window.scrollTo(936, 67)", "args": []}
DEBUG:urllib3.connectionpool:http://127.0.0.1:49474 "POST /session/f18071a0efa755d57548116268ec82b3/execute/sync HTTP/1.1" 200 14
DEBUG:selenium.webdriver.remote.remote_connection:Finished Request
DEBUG:selenium.webdriver.remote.remote_connection:GET http://127.0.0.1:49474/session/f18071a0efa755d57548116268ec82b3/source {}
DEBUG:urllib3.connectionpool:http://127.0.0.1:49474 "GET /session/f18071a0efa755d57548116268ec82b3/source HTTP/1.1" 200 563897
DEBUG:selenium.webdriver.remote.remote_connection:Finished Request
DEBUG:selenium.webdriver.remote.remote_connection:POST http://127.0.0.1:49474/session/f18071a0efa755d57548116268ec82b3/url {"url": "https://www.cmegroup.com/trading/energy/refined-products/heating-oil.html"}
DEBUG:urllib3.connectionpool:http://127.0.0.1:49474 "POST /session/f18071a0efa755d57548116268ec82b3/url HTTP/1.1" 200 14
DEBUG:selenium.webdriver.remote.remote_connection:Finished Request
DEBUG:selenium.webdriver.remote.remote_connection:POST http://127.0.0.1:49474/session/f18071a0efa755d57548116268ec82b3/execute/sync {"script": "return document.body.scrollHeight", "args": []}
DEBUG:urllib3.connectionpool:http://127.0.0.1:49474 "POST /session/f18071a0efa755d57548116268ec82b3/execute/sync HTTP/1.1" 200 14
DEBUG:selenium.webdriver.remote.remote_connection:Finished Request
DEBUG:selenium.webdriver.remote.remote_connection:POST http://127.0.0.1:49474/session/f18071a0efa755d57548116268ec82b3/execute/sync {"script": "return window.scrollY", "args": []}
DEBUG:urllib3.connectionpool:http://127.0.0.1:49474 "POST /session/f18071a0efa755d57548116268ec82b3/execute/sync HTTP/1.1" 200 11
DEBUG:selenium.webdriver.remote.remote_connection:Finished Request
DEBUG:selenium.webdriver.remote.remote_connection:POST http://127.0.0.1:49474/session/f18071a0efa755d57548116268ec82b3/execute/sync {"script": "window.scrollTo(0, 665)", "args": []}
DEBUG:urllib3.connectionpool:http://127.0.0.1:49474 "POST /session/f18071a0efa755d57548116268ec82b3/execute/sync HTTP/1.1" 200 14
DEBUG:selenium.webdriver.remote.remote_connection:Finished Request
DEBUG:selenium.webdriver.remote.remote_connection:POST http://127.0.0.1:49474/session/f18071a0efa755d57548116268ec82b3/execute/sync {"script": "return window.scrollY", "args": []}
DEBUG:urllib3.connectionpool:http://127.0.0.1:49474 "POST /session/f18071a0efa755d57548116268ec82b3/execute/sync HTTP/1.1" 200 13
DEBUG:selenium.webdriver.remote.remote_connection:Finished Request
DEBUG:selenium.webdriver.remote.remote_connection:POST http://127.0.0.1:49474/session/f18071a0efa755d57548116268ec82b3/execute/sync {"script": "window.scrollTo(665, 1380)", "args": []}
DEBUG:urllib3.connectionpool:http://127.0.0.1:49474 "POST /session/f18071a0efa755d57548116268ec82b3/execute/sync HTTP/1.1" 200 14
DEBUG:selenium.webdriver.remote.remote_connection:Finished Request
DEBUG:selenium.webdriver.remote.remote_connection:POST http://127.0.0.1:49474/session/f18071a0efa755d57548116268ec82b3/execute/sync {"script": "return window.scrollY", "args": []}
DEBUG:urllib3.connectionpool:http://127.0.0.1:49474 "POST /session/f18071a0efa755d57548116268ec82b3/execute/sync HTTP/1.1" 200 14
DEBUG:selenium.webdriver.remote.remote_connection:Finished Request
DEBUG:selenium.webdriver.remote.remote_connection:POST http://127.0.0.1:49474/session/f18071a0efa755d57548116268ec82b3/execute/sync {"script": "window.scrollTo(1380, 2373)", "args": []}
DEBUG:urllib3.connectionpool:http://127.0.0.1:49474 "POST /session/f18071a0efa755d57548116268ec82b3/execute/sync HTTP/1.1" 200 14
DEBUG:selenium.webdriver.remote.remote_connection:Finished Request
DEBUG:selenium.webdriver.remote.remote_connection:GET http://127.0.0.1:49474/session/f18071a0efa755d57548116268ec82b3/source {}
DEBUG:urllib3.connectionpool:http://127.0.0.1:49474 "GET /session/f18071a0efa755d57548116268ec82b3/source HTTP/1.1" 200 558633
DEBUG:selenium.webdriver.remote.remote_connection:Finished Request
DEBUG:selenium.webdriver.remote.remote_connection:POST http://127.0.0.1:49474/session/f18071a0efa755d57548116268ec82b3/url {"url": "https://www.cmegroup.com/trading/energy/refined-products/gulf-coast-no-6-fuel-oil-30pct-sulfur-platts-swap.html"}
DEBUG:urllib3.connectionpool:http://127.0.0.1:49474 "POST /session/f18071a0efa755d57548116268ec82b3/url HTTP/1.1" 200 14
DEBUG:selenium.webdriver.remote.remote_connection:Finished Request
DEBUG:selenium.webdriver.remote.remote_connection:POST http://127.0.0.1:49474/session/f18071a0efa755d57548116268ec82b3/execute/sync {"script": "return document.body.scrollHeight", "args": []}
DEBUG:urllib3.connectionpool:http://127.0.0.1:49474 "POST /session/f18071a0efa755d57548116268ec82b3/execute/sync HTTP/1.1" 200 14
DEBUG:selenium.webdriver.remote.remote_connection:Finished Request
DEBUG:selenium.webdriver.remote.remote_connection:POST http://127.0.0.1:49474/session/f18071a0efa755d57548116268ec82b3/execute/sync {"script": "return window.scrollY", "args": []}
DEBUG:urllib3.connectionpool:http://127.0.0.1:49474 "POST /session/f18071a0efa755d57548116268ec82b3/execute/sync HTTP/1.1" 200 11
DEBUG:selenium.webdriver.remote.remote_connection:Finished Request
DEBUG:selenium.webdriver.remote.remote_connection:POST http://127.0.0.1:49474/session/f18071a0efa755d57548116268ec82b3/execute/sync {"script": "window.scrollTo(0, 939)", "args": []}
DEBUG:urllib3.connectionpool:http://127.0.0.1:49474 "POST /session/f18071a0efa755d57548116268ec82b3/execute/sync HTTP/1.1" 200 14
DEBUG:selenium.webdriver.remote.remote_connection:Finished Request
DEBUG:selenium.webdriver.remote.remote_connection:POST http://127.0.0.1:49474/session/f18071a0efa755d57548116268ec82b3/execute/sync {"script": "return window.scrollY", "args": []}
DEBUG:urllib3.connectionpool:http://127.0.0.1:49474 "POST /session/f18071a0efa755d57548116268ec82b3/execute/sync HTTP/1.1" 200 13
DEBUG:selenium.webdriver.remote.remote_connection:Finished Request
DEBUG:selenium.webdriver.remote.remote_connection:POST http://127.0.0.1:49474/session/f18071a0efa755d57548116268ec82b3/execute/sync {"script": "window.scrollTo(939, 1510)", "args": []}
DEBUG:urllib3.connectionpool:http://127.0.0.1:49474 "POST /session/f18071a0efa755d57548116268ec82b3/execute/sync HTTP/1.1" 200 14
DEBUG:selenium.webdriver.remote.remote_connection:Finished Request
DEBUG:selenium.webdriver.remote.remote_connection:POST http://127.0.0.1:49474/session/f18071a0efa755d57548116268ec82b3/execute/sync {"script": "return window.scrollY", "args": []}
DEBUG:urllib3.connectionpool:http://127.0.0.1:49474 "POST /session/f18071a0efa755d57548116268ec82b3/execute/sync HTTP/1.1" 200 14
DEBUG:selenium.webdriver.remote.remote_connection:Finished Request
DEBUG:selenium.webdriver.remote.remote_connection:POST http://127.0.0.1:49474/session/f18071a0efa755d57548116268ec82b3/execute/sync {"script": "window.scrollTo(1510, 838)", "args": []}
DEBUG:urllib3.connectionpool:http://127.0.0.1:49474 "POST /session/f18071a0efa755d57548116268ec82b3/execute/sync HTTP/1.1" 200 14
DEBUG:selenium.webdriver.remote.remote_connection:Finished Request
DEBUG:selenium.webdriver.remote.remote_connection:POST http://127.0.0.1:49474/session/f18071a0efa755d57548116268ec82b3/execute/sync {"script": "return window.scrollY", "args": []}
DEBUG:urllib3.connectionpool:http://127.0.0.1:49474 "POST /session/f18071a0efa755d57548116268ec82b3/execute/sync HTTP/1.1" 200 13
DEBUG:selenium.webdriver.remote.remote_connection:Finished Request
DEBUG:selenium.webdriver.remote.remote_connection:POST http://127.0.0.1:49474/session/f18071a0efa755d57548116268ec82b3/execute/sync {"script": "window.scrollTo(838, 1714)", "args": []}
DEBUG:urllib3.connectionpool:http://127.0.0.1:49474 "POST /session/f18071a0efa755d57548116268ec82b3/execute/sync HTTP/1.1" 200 14
DEBUG:selenium.webdriver.remote.remote_connection:Finished Request
DEBUG:selenium.webdriver.remote.remote_connection:GET http://127.0.0.1:49474/session/f18071a0efa755d57548116268ec82b3/source {}
DEBUG:urllib3.connectionpool:http://127.0.0.1:49474 "GET /session/f18071a0efa755d57548116268ec82b3/source HTTP/1.1" 200 581087
DEBUG:selenium.webdriver.remote.remote_connection:Finished Request
DEBUG:selenium.webdriver.remote.remote_connection:DELETE http://127.0.0.1:49474/session/f18071a0efa755d57548116268ec82b3/window {}
DEBUG:urllib3.connectionpool:http://127.0.0.1:49474 "DELETE /session/f18071a0efa755d57548116268ec82b3/window HTTP/1.1" 200 14
DEBUG:selenium.webdriver.remote.remote_connection:Finished Request
DEBUG:selenium.webdriver.remote.remote_connection:POST http://127.0.0.1:54122/session {"capabilities": {"firstMatch": [{}], "alwaysMatch": {"browserName": "chrome", "platformName": "any", "goog:chromeOptions": {"extensions": [], "args": []}}}, "desiredCapabilities": {"browserName": "chrome", "version": "", "platform": "ANY", "goog:chromeOptions": {"extensions": [], "args": []}}}
DEBUG:urllib3.connectionpool:Starting new HTTP connection (1): 127.0.0.1:54122
DEBUG:urllib3.connectionpool:http://127.0.0.1:54122 "POST /session HTTP/1.1" 200 683
DEBUG:selenium.webdriver.remote.remote_connection:Finished Request
DEBUG:selenium.webdriver.remote.remote_connection:POST http://127.0.0.1:54122/session/fddf637230135d3db4d24da08cdf0299/window/maximize {}
DEBUG:urllib3.connectionpool:http://127.0.0.1:54122 "POST /session/fddf637230135d3db4d24da08cdf0299/window/maximize HTTP/1.1" 200 51
DEBUG:selenium.webdriver.remote.remote_connection:Finished Request
DEBUG:selenium.webdriver.remote.remote_connection:POST http://127.0.0.1:54122/session/fddf637230135d3db4d24da08cdf0299/url {"url": "https://www.cmegroup.com/trading/energy/refined-products/heating-oil.html"}
DEBUG:urllib3.connectionpool:http://127.0.0.1:54122 "POST /session/fddf637230135d3db4d24da08cdf0299/url HTTP/1.1" 200 14
DEBUG:selenium.webdriver.remote.remote_connection:Finished Request
DEBUG:selenium.webdriver.remote.remote_connection:POST http://127.0.0.1:54122/session/fddf637230135d3db4d24da08cdf0299/execute/sync {"script": "return document.body.scrollHeight", "args": []}
DEBUG:urllib3.connectionpool:http://127.0.0.1:54122 "POST /session/fddf637230135d3db4d24da08cdf0299/execute/sync HTTP/1.1" 200 14
DEBUG:selenium.webdriver.remote.remote_connection:Finished Request
DEBUG:selenium.webdriver.remote.remote_connection:POST http://127.0.0.1:54122/session/fddf637230135d3db4d24da08cdf0299/execute/sync {"script": "return window.scrollY", "args": []}
DEBUG:urllib3.connectionpool:http://127.0.0.1:54122 "POST /session/fddf637230135d3db4d24da08cdf0299/execute/sync HTTP/1.1" 200 11
DEBUG:selenium.webdriver.remote.remote_connection:Finished Request
DEBUG:selenium.webdriver.remote.remote_connection:POST http://127.0.0.1:54122/session/fddf637230135d3db4d24da08cdf0299/execute/sync {"script": "window.scrollTo(0, 867)", "args": []}
DEBUG:urllib3.connectionpool:http://127.0.0.1:54122 "POST /session/fddf637230135d3db4d24da08cdf0299/execute/sync HTTP/1.1" 200 14
DEBUG:selenium.webdriver.remote.remote_connection:Finished Request
DEBUG:selenium.webdriver.remote.remote_connection:POST http://127.0.0.1:54122/session/fddf637230135d3db4d24da08cdf0299/execute/sync {"script": "return window.scrollY", "args": []}
DEBUG:urllib3.connectionpool:http://127.0.0.1:54122 "POST /session/fddf637230135d3db4d24da08cdf0299/execute/sync HTTP/1.1" 200 13
DEBUG:selenium.webdriver.remote.remote_connection:Finished Request
DEBUG:selenium.webdriver.remote.remote_connection:POST http://127.0.0.1:54122/session/fddf637230135d3db4d24da08cdf0299/execute/sync {"script": "window.scrollTo(867, 279)", "args": []}
DEBUG:urllib3.connectionpool:http://127.0.0.1:54122 "POST /session/fddf637230135d3db4d24da08cdf0299/execute/sync HTTP/1.1" 200 14
DEBUG:selenium.webdriver.remote.remote_connection:Finished Request
DEBUG:selenium.webdriver.remote.remote_connection:POST http://127.0.0.1:54122/session/fddf637230135d3db4d24da08cdf0299/execute/sync {"script": "return window.scrollY", "args": []}
DEBUG:urllib3.connectionpool:http://127.0.0.1:54122 "POST /session/fddf637230135d3db4d24da08cdf0299/execute/sync HTTP/1.1" 200 13
DEBUG:selenium.webdriver.remote.remote_connection:Finished Request
DEBUG:selenium.webdriver.remote.remote_connection:POST http://127.0.0.1:54122/session/fddf637230135d3db4d24da08cdf0299/execute/sync {"script": "window.scrollTo(279, 986)", "args": []}
DEBUG:urllib3.connectionpool:http://127.0.0.1:54122 "POST /session/fddf637230135d3db4d24da08cdf0299/execute/sync HTTP/1.1" 200 14
DEBUG:selenium.webdriver.remote.remote_connection:Finished Request
DEBUG:selenium.webdriver.remote.remote_connection:GET http://127.0.0.1:54122/session/fddf637230135d3db4d24da08cdf0299/source {}
DEBUG:urllib3.connectionpool:http://127.0.0.1:54122 "GET /session/fddf637230135d3db4d24da08cdf0299/source HTTP/1.1" 200 558194
DEBUG:selenium.webdriver.remote.remote_connection:Finished Request
DEBUG:selenium.webdriver.remote.remote_connection:POST http://127.0.0.1:54122/session/fddf637230135d3db4d24da08cdf0299/url {"url": "https://www.cmegroup.com/trading/energy/crude-oil/light-sweet-crude_quotes_globex.html"}
DEBUG:urllib3.connectionpool:http://127.0.0.1:54122 "POST /session/fddf637230135d3db4d24da08cdf0299/url HTTP/1.1" 200 14
DEBUG:selenium.webdriver.remote.remote_connection:Finished Request
DEBUG:selenium.webdriver.remote.remote_connection:POST http://127.0.0.1:54122/session/fddf637230135d3db4d24da08cdf0299/execute/sync {"script": "return document.body.scrollHeight", "args": []}
DEBUG:urllib3.connectionpool:http://127.0.0.1:54122 "POST /session/fddf637230135d3db4d24da08cdf0299/execute/sync HTTP/1.1" 200 14
DEBUG:selenium.webdriver.remote.remote_connection:Finished Request
DEBUG:selenium.webdriver.remote.remote_connection:POST http://127.0.0.1:54122/session/fddf637230135d3db4d24da08cdf0299/execute/sync {"script": "return window.scrollY", "args": []}
DEBUG:urllib3.connectionpool:http://127.0.0.1:54122 "POST /session/fddf637230135d3db4d24da08cdf0299/execute/sync HTTP/1.1" 200 11
DEBUG:selenium.webdriver.remote.remote_connection:Finished Request
DEBUG:selenium.webdriver.remote.remote_connection:POST http://127.0.0.1:54122/session/fddf637230135d3db4d24da08cdf0299/execute/sync {"script": "window.scrollTo(0, 1005)", "args": []}
DEBUG:urllib3.connectionpool:http://127.0.0.1:54122 "POST /session/fddf637230135d3db4d24da08cdf0299/execute/sync HTTP/1.1" 200 14
DEBUG:selenium.webdriver.remote.remote_connection:Finished Request
DEBUG:selenium.webdriver.remote.remote_connection:POST http://127.0.0.1:54122/session/fddf637230135d3db4d24da08cdf0299/execute/sync {"script": "return window.scrollY", "args": []}
DEBUG:urllib3.connectionpool:http://127.0.0.1:54122 "POST /session/fddf637230135d3db4d24da08cdf0299/execute/sync HTTP/1.1" 200 14
DEBUG:selenium.webdriver.remote.remote_connection:Finished Request
DEBUG:selenium.webdriver.remote.remote_connection:POST http://127.0.0.1:54122/session/fddf637230135d3db4d24da08cdf0299/execute/sync {"script": "window.scrollTo(1005, 169)", "args": []}
DEBUG:urllib3.connectionpool:http://127.0.0.1:54122 "POST /session/fddf637230135d3db4d24da08cdf0299/execute/sync HTTP/1.1" 200 14
DEBUG:selenium.webdriver.remote.remote_connection:Finished Request
DEBUG:selenium.webdriver.remote.remote_connection:POST http://127.0.0.1:54122/session/fddf637230135d3db4d24da08cdf0299/execute/sync {"script": "return window.scrollY", "args": []}
DEBUG:urllib3.connectionpool:http://127.0.0.1:54122 "POST /session/fddf637230135d3db4d24da08cdf0299/execute/sync HTTP/1.1" 200 13
DEBUG:selenium.webdriver.remote.remote_connection:Finished Request
DEBUG:selenium.webdriver.remote.remote_connection:POST http://127.0.0.1:54122/session/fddf637230135d3db4d24da08cdf0299/execute/sync {"script": "window.scrollTo(169, 738)", "args": []}
DEBUG:urllib3.connectionpool:http://127.0.0.1:54122 "POST /session/fddf637230135d3db4d24da08cdf0299/execute/sync HTTP/1.1" 200 14
DEBUG:selenium.webdriver.remote.remote_connection:Finished Request
DEBUG:selenium.webdriver.remote.remote_connection:POST http://127.0.0.1:54122/session/fddf637230135d3db4d24da08cdf0299/execute/sync {"script": "return window.scrollY", "args": []}
DEBUG:urllib3.connectionpool:http://127.0.0.1:54122 "POST /session/fddf637230135d3db4d24da08cdf0299/execute/sync HTTP/1.1" 200 13
DEBUG:selenium.webdriver.remote.remote_connection:Finished Request
DEBUG:selenium.webdriver.remote.remote_connection:POST http://127.0.0.1:54122/session/fddf637230135d3db4d24da08cdf0299/execute/sync {"script": "window.scrollTo(738, 1548)", "args": []}
DEBUG:urllib3.connectionpool:http://127.0.0.1:54122 "POST /session/fddf637230135d3db4d24da08cdf0299/execute/sync HTTP/1.1" 200 14
DEBUG:selenium.webdriver.remote.remote_connection:Finished Request
DEBUG:selenium.webdriver.remote.remote_connection:GET http://127.0.0.1:54122/session/fddf637230135d3db4d24da08cdf0299/source {}
DEBUG:urllib3.connectionpool:http://127.0.0.1:54122 "GET /session/fddf637230135d3db4d24da08cdf0299/source HTTP/1.1" 200 747982
DEBUG:selenium.webdriver.remote.remote_connection:Finished Request
DEBUG:selenium.webdriver.remote.remote_connection:POST http://127.0.0.1:54122/session/fddf637230135d3db4d24da08cdf0299/url {"url": "https://www.cmegroup.com/trading/energy/crude-oil/brent-crude-oil.html"}
DEBUG:urllib3.connectionpool:http://127.0.0.1:54122 "POST /session/fddf637230135d3db4d24da08cdf0299/url HTTP/1.1" 200 14
DEBUG:selenium.webdriver.remote.remote_connection:Finished Request
DEBUG:selenium.webdriver.remote.remote_connection:POST http://127.0.0.1:54122/session/fddf637230135d3db4d24da08cdf0299/execute/sync {"script": "return document.body.scrollHeight", "args": []}
DEBUG:urllib3.connectionpool:http://127.0.0.1:54122 "POST /session/fddf637230135d3db4d24da08cdf0299/execute/sync HTTP/1.1" 200 14
DEBUG:selenium.webdriver.remote.remote_connection:Finished Request
DEBUG:selenium.webdriver.remote.remote_connection:POST http://127.0.0.1:54122/session/fddf637230135d3db4d24da08cdf0299/execute/sync {"script": "return window.scrollY", "args": []}
DEBUG:urllib3.connectionpool:http://127.0.0.1:54122 "POST /session/fddf637230135d3db4d24da08cdf0299/execute/sync HTTP/1.1" 200 11
DEBUG:selenium.webdriver.remote.remote_connection:Finished Request
DEBUG:selenium.webdriver.remote.remote_connection:POST http://127.0.0.1:54122/session/fddf637230135d3db4d24da08cdf0299/execute/sync {"script": "window.scrollTo(0, 795)", "args": []}
DEBUG:urllib3.connectionpool:http://127.0.0.1:54122 "POST /session/fddf637230135d3db4d24da08cdf0299/execute/sync HTTP/1.1" 200 14
DEBUG:selenium.webdriver.remote.remote_connection:Finished Request
DEBUG:selenium.webdriver.remote.remote_connection:POST http://127.0.0.1:54122/session/fddf637230135d3db4d24da08cdf0299/execute/sync {"script": "return window.scrollY", "args": []}
DEBUG:urllib3.connectionpool:http://127.0.0.1:54122 "POST /session/fddf637230135d3db4d24da08cdf0299/execute/sync HTTP/1.1" 200 13
DEBUG:selenium.webdriver.remote.remote_connection:Finished Request
DEBUG:selenium.webdriver.remote.remote_connection:POST http://127.0.0.1:54122/session/fddf637230135d3db4d24da08cdf0299/execute/sync {"script": "window.scrollTo(795, 1637)", "args": []}
DEBUG:urllib3.connectionpool:http://127.0.0.1:54122 "POST /session/fddf637230135d3db4d24da08cdf0299/execute/sync HTTP/1.1" 200 14
DEBUG:selenium.webdriver.remote.remote_connection:Finished Request
DEBUG:selenium.webdriver.remote.remote_connection:GET http://127.0.0.1:54122/session/fddf637230135d3db4d24da08cdf0299/source {}
DEBUG:urllib3.connectionpool:http://127.0.0.1:54122 "GET /session/fddf637230135d3db4d24da08cdf0299/source HTTP/1.1" 200 659438
DEBUG:selenium.webdriver.remote.remote_connection:Finished Request
DEBUG:selenium.webdriver.remote.remote_connection:POST http://127.0.0.1:54122/session/fddf637230135d3db4d24da08cdf0299/url {"url": "https://www.cmegroup.com/trading/energy/refined-products/rbob-gasoline.html"}
DEBUG:urllib3.connectionpool:http://127.0.0.1:54122 "POST /session/fddf637230135d3db4d24da08cdf0299/url HTTP/1.1" 200 14
DEBUG:selenium.webdriver.remote.remote_connection:Finished Request
DEBUG:selenium.webdriver.remote.remote_connection:POST http://127.0.0.1:54122/session/fddf637230135d3db4d24da08cdf0299/execute/sync {"script": "return document.body.scrollHeight", "args": []}
DEBUG:urllib3.connectionpool:http://127.0.0.1:54122 "POST /session/fddf637230135d3db4d24da08cdf0299/execute/sync HTTP/1.1" 200 14
DEBUG:selenium.webdriver.remote.remote_connection:Finished Request
DEBUG:selenium.webdriver.remote.remote_connection:POST http://127.0.0.1:54122/session/fddf637230135d3db4d24da08cdf0299/execute/sync {"script": "return window.scrollY", "args": []}
DEBUG:urllib3.connectionpool:http://127.0.0.1:54122 "POST /session/fddf637230135d3db4d24da08cdf0299/execute/sync HTTP/1.1" 200 11
DEBUG:selenium.webdriver.remote.remote_connection:Finished Request
DEBUG:selenium.webdriver.remote.remote_connection:POST http://127.0.0.1:54122/session/fddf637230135d3db4d24da08cdf0299/execute/sync {"script": "window.scrollTo(0, 949)", "args": []}
DEBUG:urllib3.connectionpool:http://127.0.0.1:54122 "POST /session/fddf637230135d3db4d24da08cdf0299/execute/sync HTTP/1.1" 200 14
DEBUG:selenium.webdriver.remote.remote_connection:Finished Request
DEBUG:selenium.webdriver.remote.remote_connection:POST http://127.0.0.1:54122/session/fddf637230135d3db4d24da08cdf0299/execute/sync {"script": "return window.scrollY", "args": []}
DEBUG:urllib3.connectionpool:http://127.0.0.1:54122 "POST /session/fddf637230135d3db4d24da08cdf0299/execute/sync HTTP/1.1" 200 13
DEBUG:selenium.webdriver.remote.remote_connection:Finished Request
DEBUG:selenium.webdriver.remote.remote_connection:POST http://127.0.0.1:54122/session/fddf637230135d3db4d24da08cdf0299/execute/sync {"script": "window.scrollTo(949, 1592)", "args": []}
DEBUG:urllib3.connectionpool:http://127.0.0.1:54122 "POST /session/fddf637230135d3db4d24da08cdf0299/execute/sync HTTP/1.1" 200 14
DEBUG:selenium.webdriver.remote.remote_connection:Finished Request
DEBUG:selenium.webdriver.remote.remote_connection:POST http://127.0.0.1:54122/session/fddf637230135d3db4d24da08cdf0299/execute/sync {"script": "return window.scrollY", "args": []}
DEBUG:urllib3.connectionpool:http://127.0.0.1:54122 "POST /session/fddf637230135d3db4d24da08cdf0299/execute/sync HTTP/1.1" 200 14
DEBUG:selenium.webdriver.remote.remote_connection:Finished Request
DEBUG:selenium.webdriver.remote.remote_connection:POST http://127.0.0.1:54122/session/fddf637230135d3db4d24da08cdf0299/execute/sync {"script": "window.scrollTo(1592, 562)", "args": []}
DEBUG:urllib3.connectionpool:http://127.0.0.1:54122 "POST /session/fddf637230135d3db4d24da08cdf0299/execute/sync HTTP/1.1" 200 14
DEBUG:selenium.webdriver.remote.remote_connection:Finished Request
DEBUG:selenium.webdriver.remote.remote_connection:POST http://127.0.0.1:54122/session/fddf637230135d3db4d24da08cdf0299/execute/sync {"script": "return window.scrollY", "args": []}
DEBUG:urllib3.connectionpool:http://127.0.0.1:54122 "POST /session/fddf637230135d3db4d24da08cdf0299/execute/sync HTTP/1.1" 200 13
DEBUG:selenium.webdriver.remote.remote_connection:Finished Request
DEBUG:selenium.webdriver.remote.remote_connection:POST http://127.0.0.1:54122/session/fddf637230135d3db4d24da08cdf0299/execute/sync {"script": "window.scrollTo(562, 1276)", "args": []}
DEBUG:urllib3.connectionpool:http://127.0.0.1:54122 "POST /session/fddf637230135d3db4d24da08cdf0299/execute/sync HTTP/1.1" 200 14
DEBUG:selenium.webdriver.remote.remote_connection:Finished Request
DEBUG:selenium.webdriver.remote.remote_connection:GET http://127.0.0.1:54122/session/fddf637230135d3db4d24da08cdf0299/source {}
DEBUG:urllib3.connectionpool:http://127.0.0.1:54122 "GET /session/fddf637230135d3db4d24da08cdf0299/source HTTP/1.1" 200 558269
DEBUG:selenium.webdriver.remote.remote_connection:Finished Request
DEBUG:selenium.webdriver.remote.remote_connection:POST http://127.0.0.1:54122/session/fddf637230135d3db4d24da08cdf0299/url {"url": "https://www.cmegroup.com/trading/energy/refined-products/gulf-coast-no-6-fuel-oil-30pct-sulfur-platts-swap.html"}
DEBUG:urllib3.connectionpool:http://127.0.0.1:54122 "POST /session/fddf637230135d3db4d24da08cdf0299/url HTTP/1.1" 200 14
DEBUG:selenium.webdriver.remote.remote_connection:Finished Request
DEBUG:selenium.webdriver.remote.remote_connection:POST http://127.0.0.1:54122/session/fddf637230135d3db4d24da08cdf0299/execute/sync {"script": "return document.body.scrollHeight", "args": []}
DEBUG:urllib3.connectionpool:http://127.0.0.1:54122 "POST /session/fddf637230135d3db4d24da08cdf0299/execute/sync HTTP/1.1" 200 14
DEBUG:selenium.webdriver.remote.remote_connection:Finished Request
DEBUG:selenium.webdriver.remote.remote_connection:POST http://127.0.0.1:54122/session/fddf637230135d3db4d24da08cdf0299/execute/sync {"script": "return window.scrollY", "args": []}
DEBUG:urllib3.connectionpool:http://127.0.0.1:54122 "POST /session/fddf637230135d3db4d24da08cdf0299/execute/sync HTTP/1.1" 200 11
DEBUG:selenium.webdriver.remote.remote_connection:Finished Request
DEBUG:selenium.webdriver.remote.remote_connection:POST http://127.0.0.1:54122/session/fddf637230135d3db4d24da08cdf0299/execute/sync {"script": "window.scrollTo(0, 686)", "args": []}
DEBUG:urllib3.connectionpool:http://127.0.0.1:54122 "POST /session/fddf637230135d3db4d24da08cdf0299/execute/sync HTTP/1.1" 200 14
DEBUG:selenium.webdriver.remote.remote_connection:Finished Request
DEBUG:selenium.webdriver.remote.remote_connection:GET http://127.0.0.1:54122/session/fddf637230135d3db4d24da08cdf0299/source {}
DEBUG:urllib3.connectionpool:http://127.0.0.1:54122 "GET /session/fddf637230135d3db4d24da08cdf0299/source HTTP/1.1" 200 581135
DEBUG:selenium.webdriver.remote.remote_connection:Finished Request
DEBUG:selenium.webdriver.remote.remote_connection:POST http://127.0.0.1:54122/session/fddf637230135d3db4d24da08cdf0299/url {"url": "https://www.cmegroup.com/trading/energy/refined-products/gulf-coast-ultra-low-sulfur-diesel-usld-platts-calendar-swap.html"}
DEBUG:urllib3.connectionpool:http://127.0.0.1:54122 "POST /session/fddf637230135d3db4d24da08cdf0299/url HTTP/1.1" 200 14
DEBUG:selenium.webdriver.remote.remote_connection:Finished Request
DEBUG:selenium.webdriver.remote.remote_connection:POST http://127.0.0.1:54122/session/fddf637230135d3db4d24da08cdf0299/execute/sync {"script": "return document.body.scrollHeight", "args": []}
DEBUG:urllib3.connectionpool:http://127.0.0.1:54122 "POST /session/fddf637230135d3db4d24da08cdf0299/execute/sync HTTP/1.1" 200 14
DEBUG:selenium.webdriver.remote.remote_connection:Finished Request
DEBUG:selenium.webdriver.remote.remote_connection:POST http://127.0.0.1:54122/session/fddf637230135d3db4d24da08cdf0299/execute/sync {"script": "return window.scrollY", "args": []}
DEBUG:urllib3.connectionpool:http://127.0.0.1:54122 "POST /session/fddf637230135d3db4d24da08cdf0299/execute/sync HTTP/1.1" 200 11
DEBUG:selenium.webdriver.remote.remote_connection:Finished Request
DEBUG:selenium.webdriver.remote.remote_connection:POST http://127.0.0.1:54122/session/fddf637230135d3db4d24da08cdf0299/execute/sync {"script": "window.scrollTo(0, 653)", "args": []}
DEBUG:urllib3.connectionpool:http://127.0.0.1:54122 "POST /session/fddf637230135d3db4d24da08cdf0299/execute/sync HTTP/1.1" 200 14
DEBUG:selenium.webdriver.remote.remote_connection:Finished Request
DEBUG:selenium.webdriver.remote.remote_connection:POST http://127.0.0.1:54122/session/fddf637230135d3db4d24da08cdf0299/execute/sync {"script": "return window.scrollY", "args": []}
DEBUG:urllib3.connectionpool:http://127.0.0.1:54122 "POST /session/fddf637230135d3db4d24da08cdf0299/execute/sync HTTP/1.1" 200 13
DEBUG:selenium.webdriver.remote.remote_connection:Finished Request
DEBUG:selenium.webdriver.remote.remote_connection:POST http://127.0.0.1:54122/session/fddf637230135d3db4d24da08cdf0299/execute/sync {"script": "window.scrollTo(653, 1330)", "args": []}
DEBUG:urllib3.connectionpool:http://127.0.0.1:54122 "POST /session/fddf637230135d3db4d24da08cdf0299/execute/sync HTTP/1.1" 200 14
DEBUG:selenium.webdriver.remote.remote_connection:Finished Request
DEBUG:selenium.webdriver.remote.remote_connection:GET http://127.0.0.1:54122/session/fddf637230135d3db4d24da08cdf0299/source {}
DEBUG:urllib3.connectionpool:http://127.0.0.1:54122 "GET /session/fddf637230135d3db4d24da08cdf0299/source HTTP/1.1" 200 563916
DEBUG:selenium.webdriver.remote.remote_connection:Finished Request
DEBUG:selenium.webdriver.remote.remote_connection:DELETE http://127.0.0.1:54122/session/fddf637230135d3db4d24da08cdf0299/window {}
DEBUG:urllib3.connectionpool:http://127.0.0.1:54122 "DELETE /session/fddf637230135d3db4d24da08cdf0299/window HTTP/1.1" 200 14
DEBUG:selenium.webdriver.remote.remote_connection:Finished Request
DEBUG:selenium.webdriver.remote.remote_connection:POST http://127.0.0.1:63427/session {"capabilities": {"firstMatch": [{}], "alwaysMatch": {"browserName": "chrome", "platformName": "any", "goog:chromeOptions": {"extensions": [], "args": []}}}, "desiredCapabilities": {"browserName": "chrome", "version": "", "platform": "ANY", "goog:chromeOptions": {"extensions": [], "args": []}}}
DEBUG:urllib3.connectionpool:Starting new HTTP connection (1): 127.0.0.1:63427
DEBUG:urllib3.connectionpool:http://127.0.0.1:63427 "POST /session HTTP/1.1" 200 682
DEBUG:selenium.webdriver.remote.remote_connection:Finished Request
DEBUG:selenium.webdriver.remote.remote_connection:POST http://127.0.0.1:63427/session/0551e500b693f76333a26adc535adc64/window/maximize {}
DEBUG:urllib3.connectionpool:http://127.0.0.1:63427 "POST /session/0551e500b693f76333a26adc535adc64/window/maximize HTTP/1.1" 200 51
DEBUG:selenium.webdriver.remote.remote_connection:Finished Request
DEBUG:selenium.webdriver.remote.remote_connection:POST http://127.0.0.1:63427/session/0551e500b693f76333a26adc535adc64/url {"url": "https://www.cmegroup.com/trading/energy/refined-products/heating-oil.html"}
DEBUG:urllib3.connectionpool:http://127.0.0.1:63427 "POST /session/0551e500b693f76333a26adc535adc64/url HTTP/1.1" 200 14
DEBUG:selenium.webdriver.remote.remote_connection:Finished Request
DEBUG:selenium.webdriver.remote.remote_connection:POST http://127.0.0.1:63427/session/0551e500b693f76333a26adc535adc64/execute/sync {"script": "return document.body.scrollHeight", "args": []}
DEBUG:urllib3.connectionpool:http://127.0.0.1:63427 "POST /session/0551e500b693f76333a26adc535adc64/execute/sync HTTP/1.1" 200 14
DEBUG:selenium.webdriver.remote.remote_connection:Finished Request
DEBUG:selenium.webdriver.remote.remote_connection:POST http://127.0.0.1:63427/session/0551e500b693f76333a26adc535adc64/execute/sync {"script": "return window.scrollY", "args": []}
DEBUG:urllib3.connectionpool:http://127.0.0.1:63427 "POST /session/0551e500b693f76333a26adc535adc64/execute/sync HTTP/1.1" 200 11
DEBUG:selenium.webdriver.remote.remote_connection:Finished Request
DEBUG:selenium.webdriver.remote.remote_connection:POST http://127.0.0.1:63427/session/0551e500b693f76333a26adc535adc64/execute/sync {"script": "window.scrollTo(0, 793)", "args": []}
DEBUG:urllib3.connectionpool:http://127.0.0.1:63427 "POST /session/0551e500b693f76333a26adc535adc64/execute/sync HTTP/1.1" 200 14
DEBUG:selenium.webdriver.remote.remote_connection:Finished Request
DEBUG:selenium.webdriver.remote.remote_connection:POST http://127.0.0.1:63427/session/0551e500b693f76333a26adc535adc64/execute/sync {"script": "return window.scrollY", "args": []}
DEBUG:urllib3.connectionpool:http://127.0.0.1:63427 "POST /session/0551e500b693f76333a26adc535adc64/execute/sync HTTP/1.1" 200 13
DEBUG:selenium.webdriver.remote.remote_connection:Finished Request
DEBUG:selenium.webdriver.remote.remote_connection:POST http://127.0.0.1:63427/session/0551e500b693f76333a26adc535adc64/execute/sync {"script": "window.scrollTo(793, 1352)", "args": []}
DEBUG:urllib3.connectionpool:http://127.0.0.1:63427 "POST /session/0551e500b693f76333a26adc535adc64/execute/sync HTTP/1.1" 200 14
DEBUG:selenium.webdriver.remote.remote_connection:Finished Request
DEBUG:selenium.webdriver.remote.remote_connection:GET http://127.0.0.1:63427/session/0551e500b693f76333a26adc535adc64/source {}
DEBUG:urllib3.connectionpool:http://127.0.0.1:63427 "GET /session/0551e500b693f76333a26adc535adc64/source HTTP/1.1" 200 558336
DEBUG:selenium.webdriver.remote.remote_connection:Finished Request
DEBUG:selenium.webdriver.remote.remote_connection:POST http://127.0.0.1:63427/session/0551e500b693f76333a26adc535adc64/url {"url": "https://www.cmegroup.com/trading/energy/crude-oil/light-sweet-crude_quotes_globex.html"}
DEBUG:urllib3.connectionpool:http://127.0.0.1:63427 "POST /session/0551e500b693f76333a26adc535adc64/url HTTP/1.1" 200 14
DEBUG:selenium.webdriver.remote.remote_connection:Finished Request
DEBUG:selenium.webdriver.remote.remote_connection:POST http://127.0.0.1:63427/session/0551e500b693f76333a26adc535adc64/execute/sync {"script": "return document.body.scrollHeight", "args": []}
DEBUG:urllib3.connectionpool:http://127.0.0.1:63427 "POST /session/0551e500b693f76333a26adc535adc64/execute/sync HTTP/1.1" 200 14
DEBUG:selenium.webdriver.remote.remote_connection:Finished Request
DEBUG:selenium.webdriver.remote.remote_connection:POST http://127.0.0.1:63427/session/0551e500b693f76333a26adc535adc64/execute/sync {"script": "return window.scrollY", "args": []}
DEBUG:urllib3.connectionpool:http://127.0.0.1:63427 "POST /session/0551e500b693f76333a26adc535adc64/execute/sync HTTP/1.1" 200 11
DEBUG:selenium.webdriver.remote.remote_connection:Finished Request
DEBUG:selenium.webdriver.remote.remote_connection:POST http://127.0.0.1:63427/session/0551e500b693f76333a26adc535adc64/execute/sync {"script": "window.scrollTo(0, 690)", "args": []}
DEBUG:urllib3.connectionpool:http://127.0.0.1:63427 "POST /session/0551e500b693f76333a26adc535adc64/execute/sync HTTP/1.1" 200 14
DEBUG:selenium.webdriver.remote.remote_connection:Finished Request
DEBUG:selenium.webdriver.remote.remote_connection:POST http://127.0.0.1:63427/session/0551e500b693f76333a26adc535adc64/execute/sync {"script": "return window.scrollY", "args": []}
DEBUG:urllib3.connectionpool:http://127.0.0.1:63427 "POST /session/0551e500b693f76333a26adc535adc64/execute/sync HTTP/1.1" 200 13
DEBUG:selenium.webdriver.remote.remote_connection:Finished Request
DEBUG:selenium.webdriver.remote.remote_connection:POST http://127.0.0.1:63427/session/0551e500b693f76333a26adc535adc64/execute/sync {"script": "window.scrollTo(690, 1614)", "args": []}
DEBUG:urllib3.connectionpool:http://127.0.0.1:63427 "POST /session/0551e500b693f76333a26adc535adc64/execute/sync HTTP/1.1" 200 14
DEBUG:selenium.webdriver.remote.remote_connection:Finished Request
DEBUG:selenium.webdriver.remote.remote_connection:POST http://127.0.0.1:63427/session/0551e500b693f76333a26adc535adc64/execute/sync {"script": "return window.scrollY", "args": []}
DEBUG:urllib3.connectionpool:http://127.0.0.1:63427 "POST /session/0551e500b693f76333a26adc535adc64/execute/sync HTTP/1.1" 200 14
DEBUG:selenium.webdriver.remote.remote_connection:Finished Request
DEBUG:selenium.webdriver.remote.remote_connection:POST http://127.0.0.1:63427/session/0551e500b693f76333a26adc535adc64/execute/sync {"script": "window.scrollTo(1614, 2206)", "args": []}
DEBUG:urllib3.connectionpool:http://127.0.0.1:63427 "POST /session/0551e500b693f76333a26adc535adc64/execute/sync HTTP/1.1" 200 14
DEBUG:selenium.webdriver.remote.remote_connection:Finished Request
DEBUG:selenium.webdriver.remote.remote_connection:GET http://127.0.0.1:63427/session/0551e500b693f76333a26adc535adc64/source {}
DEBUG:urllib3.connectionpool:http://127.0.0.1:63427 "GET /session/0551e500b693f76333a26adc535adc64/source HTTP/1.1" 200 747785
DEBUG:selenium.webdriver.remote.remote_connection:Finished Request
DEBUG:selenium.webdriver.remote.remote_connection:POST http://127.0.0.1:63427/session/0551e500b693f76333a26adc535adc64/url {"url": "https://www.cmegroup.com/trading/energy/crude-oil/brent-crude-oil.html"}
DEBUG:urllib3.connectionpool:http://127.0.0.1:63427 "POST /session/0551e500b693f76333a26adc535adc64/url HTTP/1.1" 200 14
DEBUG:selenium.webdriver.remote.remote_connection:Finished Request
DEBUG:selenium.webdriver.remote.remote_connection:POST http://127.0.0.1:63427/session/0551e500b693f76333a26adc535adc64/execute/sync {"script": "return document.body.scrollHeight", "args": []}
DEBUG:urllib3.connectionpool:http://127.0.0.1:63427 "POST /session/0551e500b693f76333a26adc535adc64/execute/sync HTTP/1.1" 200 14
DEBUG:selenium.webdriver.remote.remote_connection:Finished Request
DEBUG:selenium.webdriver.remote.remote_connection:POST http://127.0.0.1:63427/session/0551e500b693f76333a26adc535adc64/execute/sync {"script": "return window.scrollY", "args": []}
DEBUG:urllib3.connectionpool:http://127.0.0.1:63427 "POST /session/0551e500b693f76333a26adc535adc64/execute/sync HTTP/1.1" 200 11
DEBUG:selenium.webdriver.remote.remote_connection:Finished Request
DEBUG:selenium.webdriver.remote.remote_connection:POST http://127.0.0.1:63427/session/0551e500b693f76333a26adc535adc64/execute/sync {"script": "window.scrollTo(0, 601)", "args": []}
DEBUG:urllib3.connectionpool:http://127.0.0.1:63427 "POST /session/0551e500b693f76333a26adc535adc64/execute/sync HTTP/1.1" 200 14
DEBUG:selenium.webdriver.remote.remote_connection:Finished Request
DEBUG:selenium.webdriver.remote.remote_connection:POST http://127.0.0.1:63427/session/0551e500b693f76333a26adc535adc64/execute/sync {"script": "return window.scrollY", "args": []}
DEBUG:urllib3.connectionpool:http://127.0.0.1:63427 "POST /session/0551e500b693f76333a26adc535adc64/execute/sync HTTP/1.1" 200 13
DEBUG:selenium.webdriver.remote.remote_connection:Finished Request
DEBUG:selenium.webdriver.remote.remote_connection:POST http://127.0.0.1:63427/session/0551e500b693f76333a26adc535adc64/execute/sync {"script": "window.scrollTo(601, 16)", "args": []}
DEBUG:urllib3.connectionpool:http://127.0.0.1:63427 "POST /session/0551e500b693f76333a26adc535adc64/execute/sync HTTP/1.1" 200 14
DEBUG:selenium.webdriver.remote.remote_connection:Finished Request
DEBUG:selenium.webdriver.remote.remote_connection:GET http://127.0.0.1:63427/session/0551e500b693f76333a26adc535adc64/source {}
DEBUG:urllib3.connectionpool:http://127.0.0.1:63427 "GET /session/0551e500b693f76333a26adc535adc64/source HTTP/1.1" 200 659115
DEBUG:selenium.webdriver.remote.remote_connection:Finished Request
DEBUG:selenium.webdriver.remote.remote_connection:POST http://127.0.0.1:63427/session/0551e500b693f76333a26adc535adc64/url {"url": "https://www.cmegroup.com/trading/energy/refined-products/rbob-gasoline.html"}
DEBUG:urllib3.connectionpool:http://127.0.0.1:63427 "POST /session/0551e500b693f76333a26adc535adc64/url HTTP/1.1" 200 14
DEBUG:selenium.webdriver.remote.remote_connection:Finished Request
DEBUG:selenium.webdriver.remote.remote_connection:POST http://127.0.0.1:63427/session/0551e500b693f76333a26adc535adc64/execute/sync {"script": "return document.body.scrollHeight", "args": []}
DEBUG:urllib3.connectionpool:http://127.0.0.1:63427 "POST /session/0551e500b693f76333a26adc535adc64/execute/sync HTTP/1.1" 200 14
DEBUG:selenium.webdriver.remote.remote_connection:Finished Request
DEBUG:selenium.webdriver.remote.remote_connection:POST http://127.0.0.1:63427/session/0551e500b693f76333a26adc535adc64/execute/sync {"script": "return window.scrollY", "args": []}
DEBUG:urllib3.connectionpool:http://127.0.0.1:63427 "POST /session/0551e500b693f76333a26adc535adc64/execute/sync HTTP/1.1" 200 11
DEBUG:selenium.webdriver.remote.remote_connection:Finished Request
DEBUG:selenium.webdriver.remote.remote_connection:POST http://127.0.0.1:63427/session/0551e500b693f76333a26adc535adc64/execute/sync {"script": "window.scrollTo(0, 633)", "args": []}
DEBUG:urllib3.connectionpool:http://127.0.0.1:63427 "POST /session/0551e500b693f76333a26adc535adc64/execute/sync HTTP/1.1" 200 14
DEBUG:selenium.webdriver.remote.remote_connection:Finished Request
DEBUG:selenium.webdriver.remote.remote_connection:POST http://127.0.0.1:63427/session/0551e500b693f76333a26adc535adc64/execute/sync {"script": "return window.scrollY", "args": []}
DEBUG:urllib3.connectionpool:http://127.0.0.1:63427 "POST /session/0551e500b693f76333a26adc535adc64/execute/sync HTTP/1.1" 200 13
DEBUG:selenium.webdriver.remote.remote_connection:Finished Request
DEBUG:selenium.webdriver.remote.remote_connection:POST http://127.0.0.1:63427/session/0551e500b693f76333a26adc535adc64/execute/sync {"script": "window.scrollTo(633, 1476)", "args": []}
DEBUG:urllib3.connectionpool:http://127.0.0.1:63427 "POST /session/0551e500b693f76333a26adc535adc64/execute/sync HTTP/1.1" 200 14
DEBUG:selenium.webdriver.remote.remote_connection:Finished Request
DEBUG:selenium.webdriver.remote.remote_connection:POST http://127.0.0.1:63427/session/0551e500b693f76333a26adc535adc64/execute/sync {"script": "return window.scrollY", "args": []}
DEBUG:urllib3.connectionpool:http://127.0.0.1:63427 "POST /session/0551e500b693f76333a26adc535adc64/execute/sync HTTP/1.1" 200 14
DEBUG:selenium.webdriver.remote.remote_connection:Finished Request
DEBUG:selenium.webdriver.remote.remote_connection:POST http://127.0.0.1:63427/session/0551e500b693f76333a26adc535adc64/execute/sync {"script": "window.scrollTo(1476, 776)", "args": []}
DEBUG:urllib3.connectionpool:http://127.0.0.1:63427 "POST /session/0551e500b693f76333a26adc535adc64/execute/sync HTTP/1.1" 200 14
DEBUG:selenium.webdriver.remote.remote_connection:Finished Request
DEBUG:selenium.webdriver.remote.remote_connection:POST http://127.0.0.1:63427/session/0551e500b693f76333a26adc535adc64/execute/sync {"script": "return window.scrollY", "args": []}
DEBUG:urllib3.connectionpool:http://127.0.0.1:63427 "POST /session/0551e500b693f76333a26adc535adc64/execute/sync HTTP/1.1" 200 13
DEBUG:selenium.webdriver.remote.remote_connection:Finished Request
DEBUG:selenium.webdriver.remote.remote_connection:POST http://127.0.0.1:63427/session/0551e500b693f76333a26adc535adc64/execute/sync {"script": "window.scrollTo(776, 100)", "args": []}
DEBUG:urllib3.connectionpool:http://127.0.0.1:63427 "POST /session/0551e500b693f76333a26adc535adc64/execute/sync HTTP/1.1" 200 14
DEBUG:selenium.webdriver.remote.remote_connection:Finished Request
DEBUG:selenium.webdriver.remote.remote_connection:POST http://127.0.0.1:63427/session/0551e500b693f76333a26adc535adc64/execute/sync {"script": "return window.scrollY", "args": []}
DEBUG:urllib3.connectionpool:http://127.0.0.1:63427 "POST /session/0551e500b693f76333a26adc535adc64/execute/sync HTTP/1.1" 200 13
DEBUG:selenium.webdriver.remote.remote_connection:Finished Request
DEBUG:selenium.webdriver.remote.remote_connection:POST http://127.0.0.1:63427/session/0551e500b693f76333a26adc535adc64/execute/sync {"script": "window.scrollTo(100, 738)", "args": []}
DEBUG:urllib3.connectionpool:http://127.0.0.1:63427 "POST /session/0551e500b693f76333a26adc535adc64/execute/sync HTTP/1.1" 200 14
DEBUG:selenium.webdriver.remote.remote_connection:Finished Request
DEBUG:selenium.webdriver.remote.remote_connection:GET http://127.0.0.1:63427/session/0551e500b693f76333a26adc535adc64/source {}
DEBUG:urllib3.connectionpool:http://127.0.0.1:63427 "GET /session/0551e500b693f76333a26adc535adc64/source HTTP/1.1" 200 558202
DEBUG:selenium.webdriver.remote.remote_connection:Finished Request
DEBUG:selenium.webdriver.remote.remote_connection:POST http://127.0.0.1:63427/session/0551e500b693f76333a26adc535adc64/url {"url": "https://www.cmegroup.com/trading/energy/refined-products/gulf-coast-ultra-low-sulfur-diesel-usld-platts-calendar-swap.html"}
DEBUG:urllib3.connectionpool:http://127.0.0.1:63427 "POST /session/0551e500b693f76333a26adc535adc64/url HTTP/1.1" 200 14
DEBUG:selenium.webdriver.remote.remote_connection:Finished Request
DEBUG:selenium.webdriver.remote.remote_connection:POST http://127.0.0.1:63427/session/0551e500b693f76333a26adc535adc64/execute/sync {"script": "return document.body.scrollHeight", "args": []}
DEBUG:urllib3.connectionpool:http://127.0.0.1:63427 "POST /session/0551e500b693f76333a26adc535adc64/execute/sync HTTP/1.1" 200 14
DEBUG:selenium.webdriver.remote.remote_connection:Finished Request
DEBUG:selenium.webdriver.remote.remote_connection:POST http://127.0.0.1:63427/session/0551e500b693f76333a26adc535adc64/execute/sync {"script": "return window.scrollY", "args": []}
DEBUG:urllib3.connectionpool:http://127.0.0.1:63427 "POST /session/0551e500b693f76333a26adc535adc64/execute/sync HTTP/1.1" 200 11
DEBUG:selenium.webdriver.remote.remote_connection:Finished Request
DEBUG:selenium.webdriver.remote.remote_connection:POST http://127.0.0.1:63427/session/0551e500b693f76333a26adc535adc64/execute/sync {"script": "window.scrollTo(0, 712)", "args": []}
DEBUG:urllib3.connectionpool:http://127.0.0.1:63427 "POST /session/0551e500b693f76333a26adc535adc64/execute/sync HTTP/1.1" 200 14
DEBUG:selenium.webdriver.remote.remote_connection:Finished Request
DEBUG:selenium.webdriver.remote.remote_connection:POST http://127.0.0.1:63427/session/0551e500b693f76333a26adc535adc64/execute/sync {"script": "return window.scrollY", "args": []}
DEBUG:urllib3.connectionpool:http://127.0.0.1:63427 "POST /session/0551e500b693f76333a26adc535adc64/execute/sync HTTP/1.1" 200 13
DEBUG:selenium.webdriver.remote.remote_connection:Finished Request
DEBUG:selenium.webdriver.remote.remote_connection:POST http://127.0.0.1:63427/session/0551e500b693f76333a26adc535adc64/execute/sync {"script": "window.scrollTo(712, 95)", "args": []}
DEBUG:urllib3.connectionpool:http://127.0.0.1:63427 "POST /session/0551e500b693f76333a26adc535adc64/execute/sync HTTP/1.1" 200 14
DEBUG:selenium.webdriver.remote.remote_connection:Finished Request
DEBUG:selenium.webdriver.remote.remote_connection:GET http://127.0.0.1:63427/session/0551e500b693f76333a26adc535adc64/source {}
DEBUG:urllib3.connectionpool:http://127.0.0.1:63427 "GET /session/0551e500b693f76333a26adc535adc64/source HTTP/1.1" 200 563890
DEBUG:selenium.webdriver.remote.remote_connection:Finished Request
DEBUG:selenium.webdriver.remote.remote_connection:POST http://127.0.0.1:63427/session/0551e500b693f76333a26adc535adc64/url {"url": "https://www.cmegroup.com/trading/energy/refined-products/gulf-coast-no-6-fuel-oil-30pct-sulfur-platts-swap.html"}
DEBUG:urllib3.connectionpool:http://127.0.0.1:63427 "POST /session/0551e500b693f76333a26adc535adc64/url HTTP/1.1" 200 14
DEBUG:selenium.webdriver.remote.remote_connection:Finished Request
DEBUG:selenium.webdriver.remote.remote_connection:POST http://127.0.0.1:63427/session/0551e500b693f76333a26adc535adc64/execute/sync {"script": "return document.body.scrollHeight", "args": []}
DEBUG:urllib3.connectionpool:http://127.0.0.1:63427 "POST /session/0551e500b693f76333a26adc535adc64/execute/sync HTTP/1.1" 200 14
DEBUG:selenium.webdriver.remote.remote_connection:Finished Request
DEBUG:selenium.webdriver.remote.remote_connection:POST http://127.0.0.1:63427/session/0551e500b693f76333a26adc535adc64/execute/sync {"script": "return window.scrollY", "args": []}
DEBUG:urllib3.connectionpool:http://127.0.0.1:63427 "POST /session/0551e500b693f76333a26adc535adc64/execute/sync HTTP/1.1" 200 11
DEBUG:selenium.webdriver.remote.remote_connection:Finished Request
DEBUG:selenium.webdriver.remote.remote_connection:POST http://127.0.0.1:63427/session/0551e500b693f76333a26adc535adc64/execute/sync {"script": "window.scrollTo(0, 886)", "args": []}
DEBUG:urllib3.connectionpool:http://127.0.0.1:63427 "POST /session/0551e500b693f76333a26adc535adc64/execute/sync HTTP/1.1" 200 14
DEBUG:selenium.webdriver.remote.remote_connection:Finished Request
DEBUG:selenium.webdriver.remote.remote_connection:POST http://127.0.0.1:63427/session/0551e500b693f76333a26adc535adc64/execute/sync {"script": "return window.scrollY", "args": []}
DEBUG:urllib3.connectionpool:http://127.0.0.1:63427 "POST /session/0551e500b693f76333a26adc535adc64/execute/sync HTTP/1.1" 200 13
DEBUG:selenium.webdriver.remote.remote_connection:Finished Request
DEBUG:selenium.webdriver.remote.remote_connection:POST http://127.0.0.1:63427/session/0551e500b693f76333a26adc535adc64/execute/sync {"script": "window.scrollTo(886, 1884)", "args": []}
DEBUG:urllib3.connectionpool:http://127.0.0.1:63427 "POST /session/0551e500b693f76333a26adc535adc64/execute/sync HTTP/1.1" 200 14
DEBUG:selenium.webdriver.remote.remote_connection:Finished Request
DEBUG:selenium.webdriver.remote.remote_connection:POST http://127.0.0.1:63427/session/0551e500b693f76333a26adc535adc64/execute/sync {"script": "return window.scrollY", "args": []}
DEBUG:urllib3.connectionpool:http://127.0.0.1:63427 "POST /session/0551e500b693f76333a26adc535adc64/execute/sync HTTP/1.1" 200 14
DEBUG:selenium.webdriver.remote.remote_connection:Finished Request
DEBUG:selenium.webdriver.remote.remote_connection:POST http://127.0.0.1:63427/session/0551e500b693f76333a26adc535adc64/execute/sync {"script": "window.scrollTo(1884, 1039)", "args": []}
DEBUG:urllib3.connectionpool:http://127.0.0.1:63427 "POST /session/0551e500b693f76333a26adc535adc64/execute/sync HTTP/1.1" 200 14
DEBUG:selenium.webdriver.remote.remote_connection:Finished Request
DEBUG:selenium.webdriver.remote.remote_connection:POST http://127.0.0.1:63427/session/0551e500b693f76333a26adc535adc64/execute/sync {"script": "return window.scrollY", "args": []}
DEBUG:urllib3.connectionpool:http://127.0.0.1:63427 "POST /session/0551e500b693f76333a26adc535adc64/execute/sync HTTP/1.1" 200 14
DEBUG:selenium.webdriver.remote.remote_connection:Finished Request
DEBUG:selenium.webdriver.remote.remote_connection:POST http://127.0.0.1:63427/session/0551e500b693f76333a26adc535adc64/execute/sync {"script": "window.scrollTo(1039, 1606)", "args": []}
DEBUG:urllib3.connectionpool:http://127.0.0.1:63427 "POST /session/0551e500b693f76333a26adc535adc64/execute/sync HTTP/1.1" 200 14
DEBUG:selenium.webdriver.remote.remote_connection:Finished Request
DEBUG:selenium.webdriver.remote.remote_connection:GET http://127.0.0.1:63427/session/0551e500b693f76333a26adc535adc64/source {}
DEBUG:urllib3.connectionpool:http://127.0.0.1:63427 "GET /session/0551e500b693f76333a26adc535adc64/source HTTP/1.1" 200 581114
DEBUG:selenium.webdriver.remote.remote_connection:Finished Request
DEBUG:selenium.webdriver.remote.remote_connection:DELETE http://127.0.0.1:63427/session/0551e500b693f76333a26adc535adc64/window {}
DEBUG:urllib3.connectionpool:http://127.0.0.1:63427 "DELETE /session/0551e500b693f76333a26adc535adc64/window HTTP/1.1" 200 14
DEBUG:selenium.webdriver.remote.remote_connection:Finished Request
DEBUG:selenium.webdriver.remote.remote_connection:POST http://127.0.0.1:52728/session {"capabilities": {"firstMatch": [{}], "alwaysMatch": {"browserName": "chrome", "platformName": "any", "goog:chromeOptions": {"extensions": [], "args": []}}}, "desiredCapabilities": {"browserName": "chrome", "version": "", "platform": "ANY", "goog:chromeOptions": {"extensions": [], "args": []}}}
DEBUG:urllib3.connectionpool:Starting new HTTP connection (1): 127.0.0.1:52728
DEBUG:urllib3.connectionpool:http://127.0.0.1:52728 "POST /session HTTP/1.1" 200 683
DEBUG:selenium.webdriver.remote.remote_connection:Finished Request
DEBUG:selenium.webdriver.remote.remote_connection:POST http://127.0.0.1:52728/session/344461a7285a48b9ae9806aea73beb54/window/maximize {}
DEBUG:urllib3.connectionpool:http://127.0.0.1:52728 "POST /session/344461a7285a48b9ae9806aea73beb54/window/maximize HTTP/1.1" 200 51
DEBUG:selenium.webdriver.remote.remote_connection:Finished Request
DEBUG:selenium.webdriver.remote.remote_connection:POST http://127.0.0.1:52728/session/344461a7285a48b9ae9806aea73beb54/url {"url": "https://www.cmegroup.com/trading/energy/refined-products/rbob-gasoline.html"}
DEBUG:urllib3.connectionpool:http://127.0.0.1:52728 "POST /session/344461a7285a48b9ae9806aea73beb54/url HTTP/1.1" 200 14
DEBUG:selenium.webdriver.remote.remote_connection:Finished Request
DEBUG:selenium.webdriver.remote.remote_connection:POST http://127.0.0.1:52728/session/344461a7285a48b9ae9806aea73beb54/execute/sync {"script": "return document.body.scrollHeight", "args": []}
DEBUG:urllib3.connectionpool:http://127.0.0.1:52728 "POST /session/344461a7285a48b9ae9806aea73beb54/execute/sync HTTP/1.1" 200 14
DEBUG:selenium.webdriver.remote.remote_connection:Finished Request
DEBUG:selenium.webdriver.remote.remote_connection:POST http://127.0.0.1:52728/session/344461a7285a48b9ae9806aea73beb54/execute/sync {"script": "return window.scrollY", "args": []}
DEBUG:urllib3.connectionpool:http://127.0.0.1:52728 "POST /session/344461a7285a48b9ae9806aea73beb54/execute/sync HTTP/1.1" 200 11
DEBUG:selenium.webdriver.remote.remote_connection:Finished Request
DEBUG:selenium.webdriver.remote.remote_connection:POST http://127.0.0.1:52728/session/344461a7285a48b9ae9806aea73beb54/execute/sync {"script": "window.scrollTo(0, 652)", "args": []}
DEBUG:urllib3.connectionpool:http://127.0.0.1:52728 "POST /session/344461a7285a48b9ae9806aea73beb54/execute/sync HTTP/1.1" 200 14
DEBUG:selenium.webdriver.remote.remote_connection:Finished Request
DEBUG:selenium.webdriver.remote.remote_connection:GET http://127.0.0.1:52728/session/344461a7285a48b9ae9806aea73beb54/source {}
DEBUG:urllib3.connectionpool:http://127.0.0.1:52728 "GET /session/344461a7285a48b9ae9806aea73beb54/source HTTP/1.1" 200 557530
DEBUG:selenium.webdriver.remote.remote_connection:Finished Request
DEBUG:selenium.webdriver.remote.remote_connection:POST http://127.0.0.1:52728/session/344461a7285a48b9ae9806aea73beb54/url {"url": "https://www.cmegroup.com/trading/energy/refined-products/gulf-coast-no-6-fuel-oil-30pct-sulfur-platts-swap.html"}
DEBUG:urllib3.connectionpool:http://127.0.0.1:52728 "POST /session/344461a7285a48b9ae9806aea73beb54/url HTTP/1.1" 200 14
DEBUG:selenium.webdriver.remote.remote_connection:Finished Request
DEBUG:selenium.webdriver.remote.remote_connection:POST http://127.0.0.1:52728/session/344461a7285a48b9ae9806aea73beb54/execute/sync {"script": "return document.body.scrollHeight", "args": []}
DEBUG:urllib3.connectionpool:http://127.0.0.1:52728 "POST /session/344461a7285a48b9ae9806aea73beb54/execute/sync HTTP/1.1" 200 14
DEBUG:selenium.webdriver.remote.remote_connection:Finished Request
DEBUG:selenium.webdriver.remote.remote_connection:POST http://127.0.0.1:52728/session/344461a7285a48b9ae9806aea73beb54/execute/sync {"script": "return window.scrollY", "args": []}
DEBUG:urllib3.connectionpool:http://127.0.0.1:52728 "POST /session/344461a7285a48b9ae9806aea73beb54/execute/sync HTTP/1.1" 200 11
DEBUG:selenium.webdriver.remote.remote_connection:Finished Request
DEBUG:selenium.webdriver.remote.remote_connection:POST http://127.0.0.1:52728/session/344461a7285a48b9ae9806aea73beb54/execute/sync {"script": "window.scrollTo(0, 677)", "args": []}
DEBUG:urllib3.connectionpool:http://127.0.0.1:52728 "POST /session/344461a7285a48b9ae9806aea73beb54/execute/sync HTTP/1.1" 200 14
DEBUG:selenium.webdriver.remote.remote_connection:Finished Request
DEBUG:selenium.webdriver.remote.remote_connection:POST http://127.0.0.1:52728/session/344461a7285a48b9ae9806aea73beb54/execute/sync {"script": "return window.scrollY", "args": []}
DEBUG:urllib3.connectionpool:http://127.0.0.1:52728 "POST /session/344461a7285a48b9ae9806aea73beb54/execute/sync HTTP/1.1" 200 13
DEBUG:selenium.webdriver.remote.remote_connection:Finished Request
DEBUG:selenium.webdriver.remote.remote_connection:POST http://127.0.0.1:52728/session/344461a7285a48b9ae9806aea73beb54/execute/sync {"script": "window.scrollTo(677, 1679)", "args": []}
DEBUG:urllib3.connectionpool:http://127.0.0.1:52728 "POST /session/344461a7285a48b9ae9806aea73beb54/execute/sync HTTP/1.1" 200 14
DEBUG:selenium.webdriver.remote.remote_connection:Finished Request
DEBUG:selenium.webdriver.remote.remote_connection:POST http://127.0.0.1:52728/session/344461a7285a48b9ae9806aea73beb54/execute/sync {"script": "return window.scrollY", "args": []}
DEBUG:urllib3.connectionpool:http://127.0.0.1:52728 "POST /session/344461a7285a48b9ae9806aea73beb54/execute/sync HTTP/1.1" 200 14
DEBUG:selenium.webdriver.remote.remote_connection:Finished Request
DEBUG:selenium.webdriver.remote.remote_connection:POST http://127.0.0.1:52728/session/344461a7285a48b9ae9806aea73beb54/execute/sync {"script": "window.scrollTo(1679, 632)", "args": []}
DEBUG:urllib3.connectionpool:http://127.0.0.1:52728 "POST /session/344461a7285a48b9ae9806aea73beb54/execute/sync HTTP/1.1" 200 14
DEBUG:selenium.webdriver.remote.remote_connection:Finished Request
DEBUG:selenium.webdriver.remote.remote_connection:POST http://127.0.0.1:52728/session/344461a7285a48b9ae9806aea73beb54/execute/sync {"script": "return window.scrollY", "args": []}
DEBUG:urllib3.connectionpool:http://127.0.0.1:52728 "POST /session/344461a7285a48b9ae9806aea73beb54/execute/sync HTTP/1.1" 200 13
DEBUG:selenium.webdriver.remote.remote_connection:Finished Request
DEBUG:selenium.webdriver.remote.remote_connection:POST http://127.0.0.1:52728/session/344461a7285a48b9ae9806aea73beb54/execute/sync {"script": "window.scrollTo(632, 1574)", "args": []}
DEBUG:urllib3.connectionpool:http://127.0.0.1:52728 "POST /session/344461a7285a48b9ae9806aea73beb54/execute/sync HTTP/1.1" 200 14
DEBUG:selenium.webdriver.remote.remote_connection:Finished Request
DEBUG:selenium.webdriver.remote.remote_connection:GET http://127.0.0.1:52728/session/344461a7285a48b9ae9806aea73beb54/source {}
DEBUG:urllib3.connectionpool:http://127.0.0.1:52728 "GET /session/344461a7285a48b9ae9806aea73beb54/source HTTP/1.1" 200 580451
DEBUG:selenium.webdriver.remote.remote_connection:Finished Request
DEBUG:selenium.webdriver.remote.remote_connection:POST http://127.0.0.1:52728/session/344461a7285a48b9ae9806aea73beb54/url {"url": "https://www.cmegroup.com/trading/energy/crude-oil/brent-crude-oil.html"}
DEBUG:urllib3.connectionpool:http://127.0.0.1:52728 "POST /session/344461a7285a48b9ae9806aea73beb54/url HTTP/1.1" 200 14
DEBUG:selenium.webdriver.remote.remote_connection:Finished Request
DEBUG:selenium.webdriver.remote.remote_connection:POST http://127.0.0.1:52728/session/344461a7285a48b9ae9806aea73beb54/execute/sync {"script": "return document.body.scrollHeight", "args": []}
DEBUG:urllib3.connectionpool:http://127.0.0.1:52728 "POST /session/344461a7285a48b9ae9806aea73beb54/execute/sync HTTP/1.1" 200 14
DEBUG:selenium.webdriver.remote.remote_connection:Finished Request
DEBUG:selenium.webdriver.remote.remote_connection:POST http://127.0.0.1:52728/session/344461a7285a48b9ae9806aea73beb54/execute/sync {"script": "return window.scrollY", "args": []}
DEBUG:urllib3.connectionpool:http://127.0.0.1:52728 "POST /session/344461a7285a48b9ae9806aea73beb54/execute/sync HTTP/1.1" 200 11
DEBUG:selenium.webdriver.remote.remote_connection:Finished Request
DEBUG:selenium.webdriver.remote.remote_connection:POST http://127.0.0.1:52728/session/344461a7285a48b9ae9806aea73beb54/execute/sync {"script": "window.scrollTo(0, 984)", "args": []}
DEBUG:urllib3.connectionpool:http://127.0.0.1:52728 "POST /session/344461a7285a48b9ae9806aea73beb54/execute/sync HTTP/1.1" 200 14
DEBUG:selenium.webdriver.remote.remote_connection:Finished Request
DEBUG:selenium.webdriver.remote.remote_connection:POST http://127.0.0.1:52728/session/344461a7285a48b9ae9806aea73beb54/execute/sync {"script": "return window.scrollY", "args": []}
DEBUG:urllib3.connectionpool:http://127.0.0.1:52728 "POST /session/344461a7285a48b9ae9806aea73beb54/execute/sync HTTP/1.1" 200 13
DEBUG:selenium.webdriver.remote.remote_connection:Finished Request
DEBUG:selenium.webdriver.remote.remote_connection:POST http://127.0.0.1:52728/session/344461a7285a48b9ae9806aea73beb54/execute/sync {"script": "window.scrollTo(984, 2060)", "args": []}
DEBUG:urllib3.connectionpool:http://127.0.0.1:52728 "POST /session/344461a7285a48b9ae9806aea73beb54/execute/sync HTTP/1.1" 200 14
DEBUG:selenium.webdriver.remote.remote_connection:Finished Request
DEBUG:selenium.webdriver.remote.remote_connection:POST http://127.0.0.1:52728/session/344461a7285a48b9ae9806aea73beb54/execute/sync {"script": "return window.scrollY", "args": []}
DEBUG:urllib3.connectionpool:http://127.0.0.1:52728 "POST /session/344461a7285a48b9ae9806aea73beb54/execute/sync HTTP/1.1" 200 14
DEBUG:selenium.webdriver.remote.remote_connection:Finished Request
DEBUG:selenium.webdriver.remote.remote_connection:POST http://127.0.0.1:52728/session/344461a7285a48b9ae9806aea73beb54/execute/sync {"script": "window.scrollTo(2060, 2688)", "args": []}
DEBUG:urllib3.connectionpool:http://127.0.0.1:52728 "POST /session/344461a7285a48b9ae9806aea73beb54/execute/sync HTTP/1.1" 200 14
DEBUG:selenium.webdriver.remote.remote_connection:Finished Request
DEBUG:selenium.webdriver.remote.remote_connection:POST http://127.0.0.1:52728/session/344461a7285a48b9ae9806aea73beb54/execute/sync {"script": "return window.scrollY", "args": []}
DEBUG:urllib3.connectionpool:http://127.0.0.1:52728 "POST /session/344461a7285a48b9ae9806aea73beb54/execute/sync HTTP/1.1" 200 14
DEBUG:selenium.webdriver.remote.remote_connection:Finished Request
DEBUG:selenium.webdriver.remote.remote_connection:POST http://127.0.0.1:52728/session/344461a7285a48b9ae9806aea73beb54/execute/sync {"script": "window.scrollTo(2688, 2056)", "args": []}
DEBUG:urllib3.connectionpool:http://127.0.0.1:52728 "POST /session/344461a7285a48b9ae9806aea73beb54/execute/sync HTTP/1.1" 200 14
DEBUG:selenium.webdriver.remote.remote_connection:Finished Request
DEBUG:selenium.webdriver.remote.remote_connection:GET http://127.0.0.1:52728/session/344461a7285a48b9ae9806aea73beb54/source {}
DEBUG:urllib3.connectionpool:http://127.0.0.1:52728 "GET /session/344461a7285a48b9ae9806aea73beb54/source HTTP/1.1" 200 658355
DEBUG:selenium.webdriver.remote.remote_connection:Finished Request
DEBUG:selenium.webdriver.remote.remote_connection:POST http://127.0.0.1:52728/session/344461a7285a48b9ae9806aea73beb54/url {"url": "https://www.cmegroup.com/trading/energy/refined-products/gulf-coast-ultra-low-sulfur-diesel-usld-platts-calendar-swap.html"}
DEBUG:urllib3.connectionpool:http://127.0.0.1:52728 "POST /session/344461a7285a48b9ae9806aea73beb54/url HTTP/1.1" 200 14
DEBUG:selenium.webdriver.remote.remote_connection:Finished Request
DEBUG:selenium.webdriver.remote.remote_connection:POST http://127.0.0.1:52728/session/344461a7285a48b9ae9806aea73beb54/execute/sync {"script": "return document.body.scrollHeight", "args": []}
DEBUG:urllib3.connectionpool:http://127.0.0.1:52728 "POST /session/344461a7285a48b9ae9806aea73beb54/execute/sync HTTP/1.1" 200 14
DEBUG:selenium.webdriver.remote.remote_connection:Finished Request
DEBUG:selenium.webdriver.remote.remote_connection:POST http://127.0.0.1:52728/session/344461a7285a48b9ae9806aea73beb54/execute/sync {"script": "return window.scrollY", "args": []}
DEBUG:urllib3.connectionpool:http://127.0.0.1:52728 "POST /session/344461a7285a48b9ae9806aea73beb54/execute/sync HTTP/1.1" 200 11
DEBUG:selenium.webdriver.remote.remote_connection:Finished Request
DEBUG:selenium.webdriver.remote.remote_connection:POST http://127.0.0.1:52728/session/344461a7285a48b9ae9806aea73beb54/execute/sync {"script": "window.scrollTo(0, 902)", "args": []}
DEBUG:urllib3.connectionpool:http://127.0.0.1:52728 "POST /session/344461a7285a48b9ae9806aea73beb54/execute/sync HTTP/1.1" 200 14
DEBUG:selenium.webdriver.remote.remote_connection:Finished Request
DEBUG:selenium.webdriver.remote.remote_connection:POST http://127.0.0.1:52728/session/344461a7285a48b9ae9806aea73beb54/execute/sync {"script": "return window.scrollY", "args": []}
DEBUG:urllib3.connectionpool:http://127.0.0.1:52728 "POST /session/344461a7285a48b9ae9806aea73beb54/execute/sync HTTP/1.1" 200 13
DEBUG:selenium.webdriver.remote.remote_connection:Finished Request
DEBUG:selenium.webdriver.remote.remote_connection:POST http://127.0.0.1:52728/session/344461a7285a48b9ae9806aea73beb54/execute/sync {"script": "window.scrollTo(902, 309)", "args": []}
DEBUG:urllib3.connectionpool:http://127.0.0.1:52728 "POST /session/344461a7285a48b9ae9806aea73beb54/execute/sync HTTP/1.1" 200 14
DEBUG:selenium.webdriver.remote.remote_connection:Finished Request
DEBUG:selenium.webdriver.remote.remote_connection:POST http://127.0.0.1:52728/session/344461a7285a48b9ae9806aea73beb54/execute/sync {"script": "return window.scrollY", "args": []}
DEBUG:urllib3.connectionpool:http://127.0.0.1:52728 "POST /session/344461a7285a48b9ae9806aea73beb54/execute/sync HTTP/1.1" 200 13
DEBUG:selenium.webdriver.remote.remote_connection:Finished Request
DEBUG:selenium.webdriver.remote.remote_connection:POST http://127.0.0.1:52728/session/344461a7285a48b9ae9806aea73beb54/execute/sync {"script": "window.scrollTo(309, 1079)", "args": []}
DEBUG:urllib3.connectionpool:http://127.0.0.1:52728 "POST /session/344461a7285a48b9ae9806aea73beb54/execute/sync HTTP/1.1" 200 14
DEBUG:selenium.webdriver.remote.remote_connection:Finished Request
DEBUG:selenium.webdriver.remote.remote_connection:GET http://127.0.0.1:52728/session/344461a7285a48b9ae9806aea73beb54/source {}
DEBUG:urllib3.connectionpool:http://127.0.0.1:52728 "GET /session/344461a7285a48b9ae9806aea73beb54/source HTTP/1.1" 200 563266
DEBUG:selenium.webdriver.remote.remote_connection:Finished Request
DEBUG:selenium.webdriver.remote.remote_connection:POST http://127.0.0.1:52728/session/344461a7285a48b9ae9806aea73beb54/url {"url": "https://www.cmegroup.com/trading/energy/crude-oil/light-sweet-crude_quotes_globex.html"}
DEBUG:urllib3.connectionpool:http://127.0.0.1:52728 "POST /session/344461a7285a48b9ae9806aea73beb54/url HTTP/1.1" 200 14
DEBUG:selenium.webdriver.remote.remote_connection:Finished Request
DEBUG:selenium.webdriver.remote.remote_connection:POST http://127.0.0.1:52728/session/344461a7285a48b9ae9806aea73beb54/execute/sync {"script": "return document.body.scrollHeight", "args": []}
DEBUG:urllib3.connectionpool:http://127.0.0.1:52728 "POST /session/344461a7285a48b9ae9806aea73beb54/execute/sync HTTP/1.1" 200 14
DEBUG:selenium.webdriver.remote.remote_connection:Finished Request
DEBUG:selenium.webdriver.remote.remote_connection:POST http://127.0.0.1:52728/session/344461a7285a48b9ae9806aea73beb54/execute/sync {"script": "return window.scrollY", "args": []}
DEBUG:urllib3.connectionpool:http://127.0.0.1:52728 "POST /session/344461a7285a48b9ae9806aea73beb54/execute/sync HTTP/1.1" 200 11
DEBUG:selenium.webdriver.remote.remote_connection:Finished Request
DEBUG:selenium.webdriver.remote.remote_connection:POST http://127.0.0.1:52728/session/344461a7285a48b9ae9806aea73beb54/execute/sync {"script": "window.scrollTo(0, 728)", "args": []}
DEBUG:urllib3.connectionpool:http://127.0.0.1:52728 "POST /session/344461a7285a48b9ae9806aea73beb54/execute/sync HTTP/1.1" 200 14
DEBUG:selenium.webdriver.remote.remote_connection:Finished Request
DEBUG:selenium.webdriver.remote.remote_connection:POST http://127.0.0.1:52728/session/344461a7285a48b9ae9806aea73beb54/execute/sync {"script": "return window.scrollY", "args": []}
DEBUG:urllib3.connectionpool:http://127.0.0.1:52728 "POST /session/344461a7285a48b9ae9806aea73beb54/execute/sync HTTP/1.1" 200 13
DEBUG:selenium.webdriver.remote.remote_connection:Finished Request
DEBUG:selenium.webdriver.remote.remote_connection:POST http://127.0.0.1:52728/session/344461a7285a48b9ae9806aea73beb54/execute/sync {"script": "window.scrollTo(728, 1725)", "args": []}
DEBUG:urllib3.connectionpool:http://127.0.0.1:52728 "POST /session/344461a7285a48b9ae9806aea73beb54/execute/sync HTTP/1.1" 200 14
DEBUG:selenium.webdriver.remote.remote_connection:Finished Request
DEBUG:selenium.webdriver.remote.remote_connection:POST http://127.0.0.1:52728/session/344461a7285a48b9ae9806aea73beb54/execute/sync {"script": "return window.scrollY", "args": []}
DEBUG:urllib3.connectionpool:http://127.0.0.1:52728 "POST /session/344461a7285a48b9ae9806aea73beb54/execute/sync HTTP/1.1" 200 14
DEBUG:selenium.webdriver.remote.remote_connection:Finished Request
DEBUG:selenium.webdriver.remote.remote_connection:POST http://127.0.0.1:52728/session/344461a7285a48b9ae9806aea73beb54/execute/sync {"script": "window.scrollTo(1725, 1035)", "args": []}
DEBUG:urllib3.connectionpool:http://127.0.0.1:52728 "POST /session/344461a7285a48b9ae9806aea73beb54/execute/sync HTTP/1.1" 200 14
DEBUG:selenium.webdriver.remote.remote_connection:Finished Request
DEBUG:selenium.webdriver.remote.remote_connection:GET http://127.0.0.1:52728/session/344461a7285a48b9ae9806aea73beb54/source {}
DEBUG:urllib3.connectionpool:http://127.0.0.1:52728 "GET /session/344461a7285a48b9ae9806aea73beb54/source HTTP/1.1" 200 744933
DEBUG:selenium.webdriver.remote.remote_connection:Finished Request
DEBUG:selenium.webdriver.remote.remote_connection:POST http://127.0.0.1:52728/session/344461a7285a48b9ae9806aea73beb54/url {"url": "https://www.cmegroup.com/trading/energy/refined-products/heating-oil.html"}
DEBUG:urllib3.connectionpool:http://127.0.0.1:52728 "POST /session/344461a7285a48b9ae9806aea73beb54/url HTTP/1.1" 200 14
DEBUG:selenium.webdriver.remote.remote_connection:Finished Request
DEBUG:selenium.webdriver.remote.remote_connection:POST http://127.0.0.1:52728/session/344461a7285a48b9ae9806aea73beb54/execute/sync {"script": "return document.body.scrollHeight", "args": []}
DEBUG:urllib3.connectionpool:http://127.0.0.1:52728 "POST /session/344461a7285a48b9ae9806aea73beb54/execute/sync HTTP/1.1" 200 14
DEBUG:selenium.webdriver.remote.remote_connection:Finished Request
DEBUG:selenium.webdriver.remote.remote_connection:POST http://127.0.0.1:52728/session/344461a7285a48b9ae9806aea73beb54/execute/sync {"script": "return window.scrollY", "args": []}
DEBUG:urllib3.connectionpool:http://127.0.0.1:52728 "POST /session/344461a7285a48b9ae9806aea73beb54/execute/sync HTTP/1.1" 200 11
DEBUG:selenium.webdriver.remote.remote_connection:Finished Request
DEBUG:selenium.webdriver.remote.remote_connection:POST http://127.0.0.1:52728/session/344461a7285a48b9ae9806aea73beb54/execute/sync {"script": "window.scrollTo(0, 566)", "args": []}
DEBUG:urllib3.connectionpool:http://127.0.0.1:52728 "POST /session/344461a7285a48b9ae9806aea73beb54/execute/sync HTTP/1.1" 200 14
DEBUG:selenium.webdriver.remote.remote_connection:Finished Request
DEBUG:selenium.webdriver.remote.remote_connection:POST http://127.0.0.1:52728/session/344461a7285a48b9ae9806aea73beb54/execute/sync {"script": "return window.scrollY", "args": []}
DEBUG:urllib3.connectionpool:http://127.0.0.1:52728 "POST /session/344461a7285a48b9ae9806aea73beb54/execute/sync HTTP/1.1" 200 13
DEBUG:selenium.webdriver.remote.remote_connection:Finished Request
DEBUG:selenium.webdriver.remote.remote_connection:POST http://127.0.0.1:52728/session/344461a7285a48b9ae9806aea73beb54/execute/sync {"script": "window.scrollTo(566, 1511)", "args": []}
DEBUG:urllib3.connectionpool:http://127.0.0.1:52728 "POST /session/344461a7285a48b9ae9806aea73beb54/execute/sync HTTP/1.1" 200 14
DEBUG:selenium.webdriver.remote.remote_connection:Finished Request
DEBUG:selenium.webdriver.remote.remote_connection:POST http://127.0.0.1:52728/session/344461a7285a48b9ae9806aea73beb54/execute/sync {"script": "return window.scrollY", "args": []}
DEBUG:urllib3.connectionpool:http://127.0.0.1:52728 "POST /session/344461a7285a48b9ae9806aea73beb54/execute/sync HTTP/1.1" 200 14
DEBUG:selenium.webdriver.remote.remote_connection:Finished Request
DEBUG:selenium.webdriver.remote.remote_connection:POST http://127.0.0.1:52728/session/344461a7285a48b9ae9806aea73beb54/execute/sync {"script": "window.scrollTo(1511, 735)", "args": []}
DEBUG:urllib3.connectionpool:http://127.0.0.1:52728 "POST /session/344461a7285a48b9ae9806aea73beb54/execute/sync HTTP/1.1" 200 14
DEBUG:selenium.webdriver.remote.remote_connection:Finished Request
DEBUG:selenium.webdriver.remote.remote_connection:GET http://127.0.0.1:52728/session/344461a7285a48b9ae9806aea73beb54/source {}
DEBUG:urllib3.connectionpool:http://127.0.0.1:52728 "GET /session/344461a7285a48b9ae9806aea73beb54/source HTTP/1.1" 200 557601
DEBUG:selenium.webdriver.remote.remote_connection:Finished Request
DEBUG:selenium.webdriver.remote.remote_connection:DELETE http://127.0.0.1:52728/session/344461a7285a48b9ae9806aea73beb54/window {}
DEBUG:urllib3.connectionpool:http://127.0.0.1:52728 "DELETE /session/344461a7285a48b9ae9806aea73beb54/window HTTP/1.1" 200 14
DEBUG:selenium.webdriver.remote.remote_connection:Finished Request
DEBUG:selenium.webdriver.remote.remote_connection:POST http://127.0.0.1:58737/session {"capabilities": {"firstMatch": [{}], "alwaysMatch": {"browserName": "chrome", "platformName": "any", "goog:chromeOptions": {"extensions": [], "args": []}}}, "desiredCapabilities": {"browserName": "chrome", "version": "", "platform": "ANY", "goog:chromeOptions": {"extensions": [], "args": []}}}
DEBUG:urllib3.connectionpool:Starting new HTTP connection (1): 127.0.0.1:58737
DEBUG:urllib3.connectionpool:http://127.0.0.1:58737 "POST /session HTTP/1.1" 200 683
DEBUG:selenium.webdriver.remote.remote_connection:Finished Request
DEBUG:selenium.webdriver.remote.remote_connection:POST http://127.0.0.1:58737/session/b73059f7961a173121d8211ebc3bfefc/window/maximize {}
DEBUG:urllib3.connectionpool:http://127.0.0.1:58737 "POST /session/b73059f7961a173121d8211ebc3bfefc/window/maximize HTTP/1.1" 200 51
DEBUG:selenium.webdriver.remote.remote_connection:Finished Request
DEBUG:selenium.webdriver.remote.remote_connection:POST http://127.0.0.1:58737/session/b73059f7961a173121d8211ebc3bfefc/url {"url": "https://www.cmegroup.com/trading/energy/refined-products/gulf-coast-no-6-fuel-oil-30pct-sulfur-platts-swap.html"}
DEBUG:urllib3.connectionpool:http://127.0.0.1:58737 "POST /session/b73059f7961a173121d8211ebc3bfefc/url HTTP/1.1" 200 14
DEBUG:selenium.webdriver.remote.remote_connection:Finished Request
DEBUG:selenium.webdriver.remote.remote_connection:POST http://127.0.0.1:58737/session/b73059f7961a173121d8211ebc3bfefc/execute/sync {"script": "return document.body.scrollHeight", "args": []}
DEBUG:urllib3.connectionpool:http://127.0.0.1:58737 "POST /session/b73059f7961a173121d8211ebc3bfefc/execute/sync HTTP/1.1" 200 14
DEBUG:selenium.webdriver.remote.remote_connection:Finished Request
DEBUG:selenium.webdriver.remote.remote_connection:POST http://127.0.0.1:58737/session/b73059f7961a173121d8211ebc3bfefc/execute/sync {"script": "return window.scrollY", "args": []}
DEBUG:urllib3.connectionpool:http://127.0.0.1:58737 "POST /session/b73059f7961a173121d8211ebc3bfefc/execute/sync HTTP/1.1" 200 11
DEBUG:selenium.webdriver.remote.remote_connection:Finished Request
DEBUG:selenium.webdriver.remote.remote_connection:POST http://127.0.0.1:58737/session/b73059f7961a173121d8211ebc3bfefc/execute/sync {"script": "window.scrollTo(0, 612)", "args": []}
DEBUG:urllib3.connectionpool:http://127.0.0.1:58737 "POST /session/b73059f7961a173121d8211ebc3bfefc/execute/sync HTTP/1.1" 200 14
DEBUG:selenium.webdriver.remote.remote_connection:Finished Request
DEBUG:selenium.webdriver.remote.remote_connection:POST http://127.0.0.1:58737/session/b73059f7961a173121d8211ebc3bfefc/execute/sync {"script": "return window.scrollY", "args": []}
DEBUG:urllib3.connectionpool:http://127.0.0.1:58737 "POST /session/b73059f7961a173121d8211ebc3bfefc/execute/sync HTTP/1.1" 200 13
DEBUG:selenium.webdriver.remote.remote_connection:Finished Request
DEBUG:selenium.webdriver.remote.remote_connection:POST http://127.0.0.1:58737/session/b73059f7961a173121d8211ebc3bfefc/execute/sync {"script": "window.scrollTo(612, 1487)", "args": []}
DEBUG:urllib3.connectionpool:http://127.0.0.1:58737 "POST /session/b73059f7961a173121d8211ebc3bfefc/execute/sync HTTP/1.1" 200 14
DEBUG:selenium.webdriver.remote.remote_connection:Finished Request
DEBUG:selenium.webdriver.remote.remote_connection:POST http://127.0.0.1:58737/session/b73059f7961a173121d8211ebc3bfefc/execute/sync {"script": "return window.scrollY", "args": []}
DEBUG:urllib3.connectionpool:http://127.0.0.1:58737 "POST /session/b73059f7961a173121d8211ebc3bfefc/execute/sync HTTP/1.1" 200 14
DEBUG:selenium.webdriver.remote.remote_connection:Finished Request
DEBUG:selenium.webdriver.remote.remote_connection:POST http://127.0.0.1:58737/session/b73059f7961a173121d8211ebc3bfefc/execute/sync {"script": "window.scrollTo(1487, 753)", "args": []}
DEBUG:urllib3.connectionpool:http://127.0.0.1:58737 "POST /session/b73059f7961a173121d8211ebc3bfefc/execute/sync HTTP/1.1" 200 14
DEBUG:selenium.webdriver.remote.remote_connection:Finished Request
DEBUG:selenium.webdriver.remote.remote_connection:POST http://127.0.0.1:58737/session/b73059f7961a173121d8211ebc3bfefc/execute/sync {"script": "return window.scrollY", "args": []}
DEBUG:urllib3.connectionpool:http://127.0.0.1:58737 "POST /session/b73059f7961a173121d8211ebc3bfefc/execute/sync HTTP/1.1" 200 13
DEBUG:selenium.webdriver.remote.remote_connection:Finished Request
DEBUG:selenium.webdriver.remote.remote_connection:POST http://127.0.0.1:58737/session/b73059f7961a173121d8211ebc3bfefc/execute/sync {"script": "window.scrollTo(753, 187)", "args": []}
DEBUG:urllib3.connectionpool:http://127.0.0.1:58737 "POST /session/b73059f7961a173121d8211ebc3bfefc/execute/sync HTTP/1.1" 200 14
DEBUG:selenium.webdriver.remote.remote_connection:Finished Request
DEBUG:selenium.webdriver.remote.remote_connection:POST http://127.0.0.1:58737/session/b73059f7961a173121d8211ebc3bfefc/execute/sync {"script": "return window.scrollY", "args": []}
DEBUG:urllib3.connectionpool:http://127.0.0.1:58737 "POST /session/b73059f7961a173121d8211ebc3bfefc/execute/sync HTTP/1.1" 200 13
DEBUG:selenium.webdriver.remote.remote_connection:Finished Request
DEBUG:selenium.webdriver.remote.remote_connection:POST http://127.0.0.1:58737/session/b73059f7961a173121d8211ebc3bfefc/execute/sync {"script": "window.scrollTo(187, 940)", "args": []}
DEBUG:urllib3.connectionpool:http://127.0.0.1:58737 "POST /session/b73059f7961a173121d8211ebc3bfefc/execute/sync HTTP/1.1" 200 14
DEBUG:selenium.webdriver.remote.remote_connection:Finished Request
DEBUG:selenium.webdriver.remote.remote_connection:GET http://127.0.0.1:58737/session/b73059f7961a173121d8211ebc3bfefc/source {}
DEBUG:urllib3.connectionpool:http://127.0.0.1:58737 "GET /session/b73059f7961a173121d8211ebc3bfefc/source HTTP/1.1" 200 580345
DEBUG:selenium.webdriver.remote.remote_connection:Finished Request
DEBUG:selenium.webdriver.remote.remote_connection:POST http://127.0.0.1:58737/session/b73059f7961a173121d8211ebc3bfefc/url {"url": "https://www.cmegroup.com/trading/energy/refined-products/heating-oil.html"}
DEBUG:urllib3.connectionpool:http://127.0.0.1:58737 "POST /session/b73059f7961a173121d8211ebc3bfefc/url HTTP/1.1" 200 14
DEBUG:selenium.webdriver.remote.remote_connection:Finished Request
DEBUG:selenium.webdriver.remote.remote_connection:POST http://127.0.0.1:58737/session/b73059f7961a173121d8211ebc3bfefc/execute/sync {"script": "return document.body.scrollHeight", "args": []}
DEBUG:urllib3.connectionpool:http://127.0.0.1:58737 "POST /session/b73059f7961a173121d8211ebc3bfefc/execute/sync HTTP/1.1" 200 14
DEBUG:selenium.webdriver.remote.remote_connection:Finished Request
DEBUG:selenium.webdriver.remote.remote_connection:POST http://127.0.0.1:58737/session/b73059f7961a173121d8211ebc3bfefc/execute/sync {"script": "return window.scrollY", "args": []}
DEBUG:urllib3.connectionpool:http://127.0.0.1:58737 "POST /session/b73059f7961a173121d8211ebc3bfefc/execute/sync HTTP/1.1" 200 11
DEBUG:selenium.webdriver.remote.remote_connection:Finished Request
DEBUG:selenium.webdriver.remote.remote_connection:POST http://127.0.0.1:58737/session/b73059f7961a173121d8211ebc3bfefc/execute/sync {"script": "window.scrollTo(0, 871)", "args": []}
DEBUG:urllib3.connectionpool:http://127.0.0.1:58737 "POST /session/b73059f7961a173121d8211ebc3bfefc/execute/sync HTTP/1.1" 200 14
DEBUG:selenium.webdriver.remote.remote_connection:Finished Request
DEBUG:selenium.webdriver.remote.remote_connection:POST http://127.0.0.1:58737/session/b73059f7961a173121d8211ebc3bfefc/execute/sync {"script": "return window.scrollY", "args": []}
DEBUG:urllib3.connectionpool:http://127.0.0.1:58737 "POST /session/b73059f7961a173121d8211ebc3bfefc/execute/sync HTTP/1.1" 200 13
DEBUG:selenium.webdriver.remote.remote_connection:Finished Request
DEBUG:selenium.webdriver.remote.remote_connection:POST http://127.0.0.1:58737/session/b73059f7961a173121d8211ebc3bfefc/execute/sync {"script": "window.scrollTo(871, 215)", "args": []}
DEBUG:urllib3.connectionpool:http://127.0.0.1:58737 "POST /session/b73059f7961a173121d8211ebc3bfefc/execute/sync HTTP/1.1" 200 14
DEBUG:selenium.webdriver.remote.remote_connection:Finished Request
DEBUG:selenium.webdriver.remote.remote_connection:POST http://127.0.0.1:58737/session/b73059f7961a173121d8211ebc3bfefc/execute/sync {"script": "return window.scrollY", "args": []}
DEBUG:urllib3.connectionpool:http://127.0.0.1:58737 "POST /session/b73059f7961a173121d8211ebc3bfefc/execute/sync HTTP/1.1" 200 13
DEBUG:selenium.webdriver.remote.remote_connection:Finished Request
DEBUG:selenium.webdriver.remote.remote_connection:POST http://127.0.0.1:58737/session/b73059f7961a173121d8211ebc3bfefc/execute/sync {"script": "window.scrollTo(215, 1279)", "args": []}
DEBUG:urllib3.connectionpool:http://127.0.0.1:58737 "POST /session/b73059f7961a173121d8211ebc3bfefc/execute/sync HTTP/1.1" 200 14
DEBUG:selenium.webdriver.remote.remote_connection:Finished Request
DEBUG:selenium.webdriver.remote.remote_connection:GET http://127.0.0.1:58737/session/b73059f7961a173121d8211ebc3bfefc/source {}
DEBUG:urllib3.connectionpool:http://127.0.0.1:58737 "GET /session/b73059f7961a173121d8211ebc3bfefc/source HTTP/1.1" 200 557236
DEBUG:selenium.webdriver.remote.remote_connection:Finished Request
DEBUG:selenium.webdriver.remote.remote_connection:POST http://127.0.0.1:58737/session/b73059f7961a173121d8211ebc3bfefc/url {"url": "https://www.cmegroup.com/trading/energy/crude-oil/brent-crude-oil.html"}
DEBUG:urllib3.connectionpool:http://127.0.0.1:58737 "POST /session/b73059f7961a173121d8211ebc3bfefc/url HTTP/1.1" 200 14
DEBUG:selenium.webdriver.remote.remote_connection:Finished Request
DEBUG:selenium.webdriver.remote.remote_connection:POST http://127.0.0.1:58737/session/b73059f7961a173121d8211ebc3bfefc/execute/sync {"script": "return document.body.scrollHeight", "args": []}
DEBUG:urllib3.connectionpool:http://127.0.0.1:58737 "POST /session/b73059f7961a173121d8211ebc3bfefc/execute/sync HTTP/1.1" 200 14
DEBUG:selenium.webdriver.remote.remote_connection:Finished Request
DEBUG:selenium.webdriver.remote.remote_connection:POST http://127.0.0.1:58737/session/b73059f7961a173121d8211ebc3bfefc/execute/sync {"script": "return window.scrollY", "args": []}
DEBUG:urllib3.connectionpool:http://127.0.0.1:58737 "POST /session/b73059f7961a173121d8211ebc3bfefc/execute/sync HTTP/1.1" 200 11
DEBUG:selenium.webdriver.remote.remote_connection:Finished Request
DEBUG:selenium.webdriver.remote.remote_connection:POST http://127.0.0.1:58737/session/b73059f7961a173121d8211ebc3bfefc/execute/sync {"script": "window.scrollTo(0, 880)", "args": []}
DEBUG:urllib3.connectionpool:http://127.0.0.1:58737 "POST /session/b73059f7961a173121d8211ebc3bfefc/execute/sync HTTP/1.1" 200 14
DEBUG:selenium.webdriver.remote.remote_connection:Finished Request
DEBUG:selenium.webdriver.remote.remote_connection:POST http://127.0.0.1:58737/session/b73059f7961a173121d8211ebc3bfefc/execute/sync {"script": "return window.scrollY", "args": []}
DEBUG:urllib3.connectionpool:http://127.0.0.1:58737 "POST /session/b73059f7961a173121d8211ebc3bfefc/execute/sync HTTP/1.1" 200 13
DEBUG:selenium.webdriver.remote.remote_connection:Finished Request
DEBUG:selenium.webdriver.remote.remote_connection:POST http://127.0.0.1:58737/session/b73059f7961a173121d8211ebc3bfefc/execute/sync {"script": "window.scrollTo(880, 1915)", "args": []}
DEBUG:urllib3.connectionpool:http://127.0.0.1:58737 "POST /session/b73059f7961a173121d8211ebc3bfefc/execute/sync HTTP/1.1" 200 14
DEBUG:selenium.webdriver.remote.remote_connection:Finished Request
DEBUG:selenium.webdriver.remote.remote_connection:POST http://127.0.0.1:58737/session/b73059f7961a173121d8211ebc3bfefc/execute/sync {"script": "return window.scrollY", "args": []}
DEBUG:urllib3.connectionpool:http://127.0.0.1:58737 "POST /session/b73059f7961a173121d8211ebc3bfefc/execute/sync HTTP/1.1" 200 14
DEBUG:selenium.webdriver.remote.remote_connection:Finished Request
DEBUG:selenium.webdriver.remote.remote_connection:POST http://127.0.0.1:58737/session/b73059f7961a173121d8211ebc3bfefc/execute/sync {"script": "window.scrollTo(1915, 2572)", "args": []}
DEBUG:urllib3.connectionpool:http://127.0.0.1:58737 "POST /session/b73059f7961a173121d8211ebc3bfefc/execute/sync HTTP/1.1" 200 14
DEBUG:selenium.webdriver.remote.remote_connection:Finished Request
DEBUG:selenium.webdriver.remote.remote_connection:POST http://127.0.0.1:58737/session/b73059f7961a173121d8211ebc3bfefc/execute/sync {"script": "return window.scrollY", "args": []}
DEBUG:urllib3.connectionpool:http://127.0.0.1:58737 "POST /session/b73059f7961a173121d8211ebc3bfefc/execute/sync HTTP/1.1" 200 14
DEBUG:selenium.webdriver.remote.remote_connection:Finished Request
DEBUG:selenium.webdriver.remote.remote_connection:POST http://127.0.0.1:58737/session/b73059f7961a173121d8211ebc3bfefc/execute/sync {"script": "window.scrollTo(2572, 1666)", "args": []}
DEBUG:urllib3.connectionpool:http://127.0.0.1:58737 "POST /session/b73059f7961a173121d8211ebc3bfefc/execute/sync HTTP/1.1" 200 14
DEBUG:selenium.webdriver.remote.remote_connection:Finished Request
DEBUG:selenium.webdriver.remote.remote_connection:GET http://127.0.0.1:58737/session/b73059f7961a173121d8211ebc3bfefc/source {}
DEBUG:urllib3.connectionpool:http://127.0.0.1:58737 "GET /session/b73059f7961a173121d8211ebc3bfefc/source HTTP/1.1" 200 658522
DEBUG:selenium.webdriver.remote.remote_connection:Finished Request
DEBUG:selenium.webdriver.remote.remote_connection:POST http://127.0.0.1:58737/session/b73059f7961a173121d8211ebc3bfefc/url {"url": "https://www.cmegroup.com/trading/energy/refined-products/gulf-coast-ultra-low-sulfur-diesel-usld-platts-calendar-swap.html"}
DEBUG:urllib3.connectionpool:http://127.0.0.1:58737 "POST /session/b73059f7961a173121d8211ebc3bfefc/url HTTP/1.1" 200 14
DEBUG:selenium.webdriver.remote.remote_connection:Finished Request
DEBUG:selenium.webdriver.remote.remote_connection:POST http://127.0.0.1:58737/session/b73059f7961a173121d8211ebc3bfefc/execute/sync {"script": "return document.body.scrollHeight", "args": []}
DEBUG:urllib3.connectionpool:http://127.0.0.1:58737 "POST /session/b73059f7961a173121d8211ebc3bfefc/execute/sync HTTP/1.1" 200 14
DEBUG:selenium.webdriver.remote.remote_connection:Finished Request
DEBUG:selenium.webdriver.remote.remote_connection:POST http://127.0.0.1:58737/session/b73059f7961a173121d8211ebc3bfefc/execute/sync {"script": "return window.scrollY", "args": []}
DEBUG:urllib3.connectionpool:http://127.0.0.1:58737 "POST /session/b73059f7961a173121d8211ebc3bfefc/execute/sync HTTP/1.1" 200 11
DEBUG:selenium.webdriver.remote.remote_connection:Finished Request
DEBUG:selenium.webdriver.remote.remote_connection:POST http://127.0.0.1:58737/session/b73059f7961a173121d8211ebc3bfefc/execute/sync {"script": "window.scrollTo(0, 859)", "args": []}
DEBUG:urllib3.connectionpool:http://127.0.0.1:58737 "POST /session/b73059f7961a173121d8211ebc3bfefc/execute/sync HTTP/1.1" 200 14
DEBUG:selenium.webdriver.remote.remote_connection:Finished Request
DEBUG:selenium.webdriver.remote.remote_connection:POST http://127.0.0.1:58737/session/b73059f7961a173121d8211ebc3bfefc/execute/sync {"script": "return window.scrollY", "args": []}
DEBUG:urllib3.connectionpool:http://127.0.0.1:58737 "POST /session/b73059f7961a173121d8211ebc3bfefc/execute/sync HTTP/1.1" 200 13
DEBUG:selenium.webdriver.remote.remote_connection:Finished Request
DEBUG:selenium.webdriver.remote.remote_connection:POST http://127.0.0.1:58737/session/b73059f7961a173121d8211ebc3bfefc/execute/sync {"script": "window.scrollTo(859, 92)", "args": []}
DEBUG:urllib3.connectionpool:http://127.0.0.1:58737 "POST /session/b73059f7961a173121d8211ebc3bfefc/execute/sync HTTP/1.1" 200 14
DEBUG:selenium.webdriver.remote.remote_connection:Finished Request
DEBUG:selenium.webdriver.remote.remote_connection:POST http://127.0.0.1:58737/session/b73059f7961a173121d8211ebc3bfefc/execute/sync {"script": "return window.scrollY", "args": []}
DEBUG:urllib3.connectionpool:http://127.0.0.1:58737 "POST /session/b73059f7961a173121d8211ebc3bfefc/execute/sync HTTP/1.1" 200 12
DEBUG:selenium.webdriver.remote.remote_connection:Finished Request
DEBUG:selenium.webdriver.remote.remote_connection:POST http://127.0.0.1:58737/session/b73059f7961a173121d8211ebc3bfefc/execute/sync {"script": "window.scrollTo(92, 1032)", "args": []}
DEBUG:urllib3.connectionpool:http://127.0.0.1:58737 "POST /session/b73059f7961a173121d8211ebc3bfefc/execute/sync HTTP/1.1" 200 14
DEBUG:selenium.webdriver.remote.remote_connection:Finished Request
DEBUG:selenium.webdriver.remote.remote_connection:POST http://127.0.0.1:58737/session/b73059f7961a173121d8211ebc3bfefc/execute/sync {"script": "return window.scrollY", "args": []}
DEBUG:urllib3.connectionpool:http://127.0.0.1:58737 "POST /session/b73059f7961a173121d8211ebc3bfefc/execute/sync HTTP/1.1" 200 14
DEBUG:selenium.webdriver.remote.remote_connection:Finished Request
DEBUG:selenium.webdriver.remote.remote_connection:POST http://127.0.0.1:58737/session/b73059f7961a173121d8211ebc3bfefc/execute/sync {"script": "window.scrollTo(1032, 1910)", "args": []}
DEBUG:urllib3.connectionpool:http://127.0.0.1:58737 "POST /session/b73059f7961a173121d8211ebc3bfefc/execute/sync HTTP/1.1" 200 14
DEBUG:selenium.webdriver.remote.remote_connection:Finished Request
DEBUG:selenium.webdriver.remote.remote_connection:POST http://127.0.0.1:58737/session/b73059f7961a173121d8211ebc3bfefc/execute/sync {"script": "return window.scrollY", "args": []}
DEBUG:urllib3.connectionpool:http://127.0.0.1:58737 "POST /session/b73059f7961a173121d8211ebc3bfefc/execute/sync HTTP/1.1" 200 14
DEBUG:selenium.webdriver.remote.remote_connection:Finished Request
DEBUG:selenium.webdriver.remote.remote_connection:POST http://127.0.0.1:58737/session/b73059f7961a173121d8211ebc3bfefc/execute/sync {"script": "window.scrollTo(1910, 1204)", "args": []}
DEBUG:urllib3.connectionpool:http://127.0.0.1:58737 "POST /session/b73059f7961a173121d8211ebc3bfefc/execute/sync HTTP/1.1" 200 14
DEBUG:selenium.webdriver.remote.remote_connection:Finished Request
DEBUG:selenium.webdriver.remote.remote_connection:GET http://127.0.0.1:58737/session/b73059f7961a173121d8211ebc3bfefc/source {}
DEBUG:urllib3.connectionpool:http://127.0.0.1:58737 "GET /session/b73059f7961a173121d8211ebc3bfefc/source HTTP/1.1" 200 563132
DEBUG:selenium.webdriver.remote.remote_connection:Finished Request
DEBUG:selenium.webdriver.remote.remote_connection:POST http://127.0.0.1:58737/session/b73059f7961a173121d8211ebc3bfefc/url {"url": "https://www.cmegroup.com/trading/energy/crude-oil/light-sweet-crude_quotes_globex.html"}
DEBUG:urllib3.connectionpool:http://127.0.0.1:58737 "POST /session/b73059f7961a173121d8211ebc3bfefc/url HTTP/1.1" 200 14
DEBUG:selenium.webdriver.remote.remote_connection:Finished Request
DEBUG:selenium.webdriver.remote.remote_connection:POST http://127.0.0.1:58737/session/b73059f7961a173121d8211ebc3bfefc/execute/sync {"script": "return document.body.scrollHeight", "args": []}
DEBUG:urllib3.connectionpool:http://127.0.0.1:58737 "POST /session/b73059f7961a173121d8211ebc3bfefc/execute/sync HTTP/1.1" 200 14
DEBUG:selenium.webdriver.remote.remote_connection:Finished Request
DEBUG:selenium.webdriver.remote.remote_connection:POST http://127.0.0.1:58737/session/b73059f7961a173121d8211ebc3bfefc/execute/sync {"script": "return window.scrollY", "args": []}
DEBUG:urllib3.connectionpool:http://127.0.0.1:58737 "POST /session/b73059f7961a173121d8211ebc3bfefc/execute/sync HTTP/1.1" 200 11
DEBUG:selenium.webdriver.remote.remote_connection:Finished Request
DEBUG:selenium.webdriver.remote.remote_connection:POST http://127.0.0.1:58737/session/b73059f7961a173121d8211ebc3bfefc/execute/sync {"script": "window.scrollTo(0, 984)", "args": []}
DEBUG:urllib3.connectionpool:http://127.0.0.1:58737 "POST /session/b73059f7961a173121d8211ebc3bfefc/execute/sync HTTP/1.1" 200 14
DEBUG:selenium.webdriver.remote.remote_connection:Finished Request
DEBUG:selenium.webdriver.remote.remote_connection:POST http://127.0.0.1:58737/session/b73059f7961a173121d8211ebc3bfefc/execute/sync {"script": "return window.scrollY", "args": []}
DEBUG:urllib3.connectionpool:http://127.0.0.1:58737 "POST /session/b73059f7961a173121d8211ebc3bfefc/execute/sync HTTP/1.1" 200 13
DEBUG:selenium.webdriver.remote.remote_connection:Finished Request
DEBUG:selenium.webdriver.remote.remote_connection:POST http://127.0.0.1:58737/session/b73059f7961a173121d8211ebc3bfefc/execute/sync {"script": "window.scrollTo(984, 277)", "args": []}
DEBUG:urllib3.connectionpool:http://127.0.0.1:58737 "POST /session/b73059f7961a173121d8211ebc3bfefc/execute/sync HTTP/1.1" 200 14
DEBUG:selenium.webdriver.remote.remote_connection:Finished Request
DEBUG:selenium.webdriver.remote.remote_connection:POST http://127.0.0.1:58737/session/b73059f7961a173121d8211ebc3bfefc/execute/sync {"script": "return window.scrollY", "args": []}
DEBUG:urllib3.connectionpool:http://127.0.0.1:58737 "POST /session/b73059f7961a173121d8211ebc3bfefc/execute/sync HTTP/1.1" 200 13
DEBUG:selenium.webdriver.remote.remote_connection:Finished Request
DEBUG:selenium.webdriver.remote.remote_connection:POST http://127.0.0.1:58737/session/b73059f7961a173121d8211ebc3bfefc/execute/sync {"script": "window.scrollTo(277, 937)", "args": []}
DEBUG:urllib3.connectionpool:http://127.0.0.1:58737 "POST /session/b73059f7961a173121d8211ebc3bfefc/execute/sync HTTP/1.1" 200 14
DEBUG:selenium.webdriver.remote.remote_connection:Finished Request
DEBUG:selenium.webdriver.remote.remote_connection:POST http://127.0.0.1:58737/session/b73059f7961a173121d8211ebc3bfefc/execute/sync {"script": "return window.scrollY", "args": []}
DEBUG:urllib3.connectionpool:http://127.0.0.1:58737 "POST /session/b73059f7961a173121d8211ebc3bfefc/execute/sync HTTP/1.1" 200 13
DEBUG:selenium.webdriver.remote.remote_connection:Finished Request
DEBUG:selenium.webdriver.remote.remote_connection:POST http://127.0.0.1:58737/session/b73059f7961a173121d8211ebc3bfefc/execute/sync {"script": "window.scrollTo(937, 268)", "args": []}
DEBUG:urllib3.connectionpool:http://127.0.0.1:58737 "POST /session/b73059f7961a173121d8211ebc3bfefc/execute/sync HTTP/1.1" 200 14
DEBUG:selenium.webdriver.remote.remote_connection:Finished Request
DEBUG:selenium.webdriver.remote.remote_connection:GET http://127.0.0.1:58737/session/b73059f7961a173121d8211ebc3bfefc/source {}
DEBUG:urllib3.connectionpool:http://127.0.0.1:58737 "GET /session/b73059f7961a173121d8211ebc3bfefc/source HTTP/1.1" 200 752170
DEBUG:selenium.webdriver.remote.remote_connection:Finished Request
DEBUG:selenium.webdriver.remote.remote_connection:POST http://127.0.0.1:58737/session/b73059f7961a173121d8211ebc3bfefc/url {"url": "https://www.cmegroup.com/trading/energy/refined-products/rbob-gasoline.html"}
DEBUG:urllib3.connectionpool:http://127.0.0.1:58737 "POST /session/b73059f7961a173121d8211ebc3bfefc/url HTTP/1.1" 200 14
DEBUG:selenium.webdriver.remote.remote_connection:Finished Request
DEBUG:selenium.webdriver.remote.remote_connection:POST http://127.0.0.1:58737/session/b73059f7961a173121d8211ebc3bfefc/execute/sync {"script": "return document.body.scrollHeight", "args": []}
DEBUG:urllib3.connectionpool:http://127.0.0.1:58737 "POST /session/b73059f7961a173121d8211ebc3bfefc/execute/sync HTTP/1.1" 200 14
DEBUG:selenium.webdriver.remote.remote_connection:Finished Request
DEBUG:selenium.webdriver.remote.remote_connection:POST http://127.0.0.1:58737/session/b73059f7961a173121d8211ebc3bfefc/execute/sync {"script": "return window.scrollY", "args": []}
DEBUG:urllib3.connectionpool:http://127.0.0.1:58737 "POST /session/b73059f7961a173121d8211ebc3bfefc/execute/sync HTTP/1.1" 200 11
DEBUG:selenium.webdriver.remote.remote_connection:Finished Request
DEBUG:selenium.webdriver.remote.remote_connection:POST http://127.0.0.1:58737/session/b73059f7961a173121d8211ebc3bfefc/execute/sync {"script": "window.scrollTo(0, 788)", "args": []}
DEBUG:urllib3.connectionpool:http://127.0.0.1:58737 "POST /session/b73059f7961a173121d8211ebc3bfefc/execute/sync HTTP/1.1" 200 14
DEBUG:selenium.webdriver.remote.remote_connection:Finished Request
DEBUG:selenium.webdriver.remote.remote_connection:POST http://127.0.0.1:58737/session/b73059f7961a173121d8211ebc3bfefc/execute/sync {"script": "return window.scrollY", "args": []}
DEBUG:urllib3.connectionpool:http://127.0.0.1:58737 "POST /session/b73059f7961a173121d8211ebc3bfefc/execute/sync HTTP/1.1" 200 13
DEBUG:selenium.webdriver.remote.remote_connection:Finished Request
DEBUG:selenium.webdriver.remote.remote_connection:POST http://127.0.0.1:58737/session/b73059f7961a173121d8211ebc3bfefc/execute/sync {"script": "window.scrollTo(788, 1763)", "args": []}
DEBUG:urllib3.connectionpool:http://127.0.0.1:58737 "POST /session/b73059f7961a173121d8211ebc3bfefc/execute/sync HTTP/1.1" 200 14
DEBUG:selenium.webdriver.remote.remote_connection:Finished Request
DEBUG:selenium.webdriver.remote.remote_connection:POST http://127.0.0.1:58737/session/b73059f7961a173121d8211ebc3bfefc/execute/sync {"script": "return window.scrollY", "args": []}
DEBUG:urllib3.connectionpool:http://127.0.0.1:58737 "POST /session/b73059f7961a173121d8211ebc3bfefc/execute/sync HTTP/1.1" 200 14
DEBUG:selenium.webdriver.remote.remote_connection:Finished Request
DEBUG:selenium.webdriver.remote.remote_connection:POST http://127.0.0.1:58737/session/b73059f7961a173121d8211ebc3bfefc/execute/sync {"script": "window.scrollTo(1763, 2475)", "args": []}
DEBUG:urllib3.connectionpool:http://127.0.0.1:58737 "POST /session/b73059f7961a173121d8211ebc3bfefc/execute/sync HTTP/1.1" 200 14
DEBUG:selenium.webdriver.remote.remote_connection:Finished Request
DEBUG:selenium.webdriver.remote.remote_connection:GET http://127.0.0.1:58737/session/b73059f7961a173121d8211ebc3bfefc/source {}
DEBUG:urllib3.connectionpool:http://127.0.0.1:58737 "GET /session/b73059f7961a173121d8211ebc3bfefc/source HTTP/1.1" 200 557694
DEBUG:selenium.webdriver.remote.remote_connection:Finished Request
DEBUG:selenium.webdriver.remote.remote_connection:DELETE http://127.0.0.1:58737/session/b73059f7961a173121d8211ebc3bfefc/window {}
DEBUG:urllib3.connectionpool:http://127.0.0.1:58737 "DELETE /session/b73059f7961a173121d8211ebc3bfefc/window HTTP/1.1" 200 14
DEBUG:selenium.webdriver.remote.remote_connection:Finished Request
DEBUG:selenium.webdriver.remote.remote_connection:POST http://127.0.0.1:50232/session {"capabilities": {"firstMatch": [{}], "alwaysMatch": {"browserName": "chrome", "platformName": "any", "goog:chromeOptions": {"extensions": [], "args": []}}}, "desiredCapabilities": {"browserName": "chrome", "version": "", "platform": "ANY", "goog:chromeOptions": {"extensions": [], "args": []}}}
DEBUG:urllib3.connectionpool:Starting new HTTP connection (1): 127.0.0.1:50232
DEBUG:urllib3.connectionpool:http://127.0.0.1:50232 "POST /session HTTP/1.1" 200 683
DEBUG:selenium.webdriver.remote.remote_connection:Finished Request
DEBUG:selenium.webdriver.remote.remote_connection:POST http://127.0.0.1:50232/session/cdb34edbaccd5e088943a945d4dcef56/window/maximize {}
DEBUG:urllib3.connectionpool:http://127.0.0.1:50232 "POST /session/cdb34edbaccd5e088943a945d4dcef56/window/maximize HTTP/1.1" 200 51
DEBUG:selenium.webdriver.remote.remote_connection:Finished Request
DEBUG:selenium.webdriver.remote.remote_connection:POST http://127.0.0.1:50232/session/cdb34edbaccd5e088943a945d4dcef56/url {"url": "https://www.cmegroup.com/trading/energy/refined-products/gulf-coast-ultra-low-sulfur-diesel-usld-platts-calendar-swap.html"}
DEBUG:urllib3.connectionpool:http://127.0.0.1:50232 "POST /session/cdb34edbaccd5e088943a945d4dcef56/url HTTP/1.1" 200 14
DEBUG:selenium.webdriver.remote.remote_connection:Finished Request
DEBUG:selenium.webdriver.remote.remote_connection:POST http://127.0.0.1:50232/session/cdb34edbaccd5e088943a945d4dcef56/execute/sync {"script": "return document.body.scrollHeight", "args": []}
DEBUG:urllib3.connectionpool:http://127.0.0.1:50232 "POST /session/cdb34edbaccd5e088943a945d4dcef56/execute/sync HTTP/1.1" 200 14
DEBUG:selenium.webdriver.remote.remote_connection:Finished Request
DEBUG:selenium.webdriver.remote.remote_connection:POST http://127.0.0.1:50232/session/cdb34edbaccd5e088943a945d4dcef56/execute/sync {"script": "return window.scrollY", "args": []}
DEBUG:urllib3.connectionpool:http://127.0.0.1:50232 "POST /session/cdb34edbaccd5e088943a945d4dcef56/execute/sync HTTP/1.1" 200 11
DEBUG:selenium.webdriver.remote.remote_connection:Finished Request
DEBUG:selenium.webdriver.remote.remote_connection:POST http://127.0.0.1:50232/session/cdb34edbaccd5e088943a945d4dcef56/execute/sync {"script": "window.scrollTo(0, 887)", "args": []}
DEBUG:urllib3.connectionpool:http://127.0.0.1:50232 "POST /session/cdb34edbaccd5e088943a945d4dcef56/execute/sync HTTP/1.1" 200 14
DEBUG:selenium.webdriver.remote.remote_connection:Finished Request
DEBUG:selenium.webdriver.remote.remote_connection:POST http://127.0.0.1:50232/session/cdb34edbaccd5e088943a945d4dcef56/execute/sync {"script": "return window.scrollY", "args": []}
DEBUG:urllib3.connectionpool:http://127.0.0.1:50232 "POST /session/cdb34edbaccd5e088943a945d4dcef56/execute/sync HTTP/1.1" 200 13
DEBUG:selenium.webdriver.remote.remote_connection:Finished Request
DEBUG:selenium.webdriver.remote.remote_connection:POST http://127.0.0.1:50232/session/cdb34edbaccd5e088943a945d4dcef56/execute/sync {"script": "window.scrollTo(887, 1681)", "args": []}
DEBUG:urllib3.connectionpool:http://127.0.0.1:50232 "POST /session/cdb34edbaccd5e088943a945d4dcef56/execute/sync HTTP/1.1" 200 14
DEBUG:selenium.webdriver.remote.remote_connection:Finished Request
DEBUG:selenium.webdriver.remote.remote_connection:POST http://127.0.0.1:50232/session/cdb34edbaccd5e088943a945d4dcef56/execute/sync {"script": "return window.scrollY", "args": []}
DEBUG:urllib3.connectionpool:http://127.0.0.1:50232 "POST /session/cdb34edbaccd5e088943a945d4dcef56/execute/sync HTTP/1.1" 200 14
DEBUG:selenium.webdriver.remote.remote_connection:Finished Request
DEBUG:selenium.webdriver.remote.remote_connection:POST http://127.0.0.1:50232/session/cdb34edbaccd5e088943a945d4dcef56/execute/sync {"script": "window.scrollTo(1681, 660)", "args": []}
DEBUG:urllib3.connectionpool:http://127.0.0.1:50232 "POST /session/cdb34edbaccd5e088943a945d4dcef56/execute/sync HTTP/1.1" 200 14
DEBUG:selenium.webdriver.remote.remote_connection:Finished Request
DEBUG:selenium.webdriver.remote.remote_connection:POST http://127.0.0.1:50232/session/cdb34edbaccd5e088943a945d4dcef56/execute/sync {"script": "return window.scrollY", "args": []}
DEBUG:urllib3.connectionpool:http://127.0.0.1:50232 "POST /session/cdb34edbaccd5e088943a945d4dcef56/execute/sync HTTP/1.1" 200 13
DEBUG:selenium.webdriver.remote.remote_connection:Finished Request
DEBUG:selenium.webdriver.remote.remote_connection:POST http://127.0.0.1:50232/session/cdb34edbaccd5e088943a945d4dcef56/execute/sync {"script": "window.scrollTo(660, 1463)", "args": []}
DEBUG:urllib3.connectionpool:http://127.0.0.1:50232 "POST /session/cdb34edbaccd5e088943a945d4dcef56/execute/sync HTTP/1.1" 200 14
DEBUG:selenium.webdriver.remote.remote_connection:Finished Request
DEBUG:selenium.webdriver.remote.remote_connection:POST http://127.0.0.1:50232/session/cdb34edbaccd5e088943a945d4dcef56/execute/sync {"script": "return window.scrollY", "args": []}
DEBUG:urllib3.connectionpool:http://127.0.0.1:50232 "POST /session/cdb34edbaccd5e088943a945d4dcef56/execute/sync HTTP/1.1" 200 14
DEBUG:selenium.webdriver.remote.remote_connection:Finished Request
DEBUG:selenium.webdriver.remote.remote_connection:POST http://127.0.0.1:50232/session/cdb34edbaccd5e088943a945d4dcef56/execute/sync {"script": "window.scrollTo(1463, 2520)", "args": []}
DEBUG:urllib3.connectionpool:http://127.0.0.1:50232 "POST /session/cdb34edbaccd5e088943a945d4dcef56/execute/sync HTTP/1.1" 200 14
DEBUG:selenium.webdriver.remote.remote_connection:Finished Request
DEBUG:selenium.webdriver.remote.remote_connection:GET http://127.0.0.1:50232/session/cdb34edbaccd5e088943a945d4dcef56/source {}
DEBUG:urllib3.connectionpool:http://127.0.0.1:50232 "GET /session/cdb34edbaccd5e088943a945d4dcef56/source HTTP/1.1" 200 563095
DEBUG:selenium.webdriver.remote.remote_connection:Finished Request
DEBUG:selenium.webdriver.remote.remote_connection:POST http://127.0.0.1:50232/session/cdb34edbaccd5e088943a945d4dcef56/url {"url": "https://www.cmegroup.com/trading/energy/refined-products/gulf-coast-no-6-fuel-oil-30pct-sulfur-platts-swap.html"}
DEBUG:urllib3.connectionpool:http://127.0.0.1:50232 "POST /session/cdb34edbaccd5e088943a945d4dcef56/url HTTP/1.1" 200 14
DEBUG:selenium.webdriver.remote.remote_connection:Finished Request
DEBUG:selenium.webdriver.remote.remote_connection:POST http://127.0.0.1:50232/session/cdb34edbaccd5e088943a945d4dcef56/execute/sync {"script": "return document.body.scrollHeight", "args": []}
DEBUG:urllib3.connectionpool:http://127.0.0.1:50232 "POST /session/cdb34edbaccd5e088943a945d4dcef56/execute/sync HTTP/1.1" 200 14
DEBUG:selenium.webdriver.remote.remote_connection:Finished Request
DEBUG:selenium.webdriver.remote.remote_connection:POST http://127.0.0.1:50232/session/cdb34edbaccd5e088943a945d4dcef56/execute/sync {"script": "return window.scrollY", "args": []}
DEBUG:urllib3.connectionpool:http://127.0.0.1:50232 "POST /session/cdb34edbaccd5e088943a945d4dcef56/execute/sync HTTP/1.1" 200 11
DEBUG:selenium.webdriver.remote.remote_connection:Finished Request
DEBUG:selenium.webdriver.remote.remote_connection:POST http://127.0.0.1:50232/session/cdb34edbaccd5e088943a945d4dcef56/execute/sync {"script": "window.scrollTo(0, 1007)", "args": []}
DEBUG:urllib3.connectionpool:http://127.0.0.1:50232 "POST /session/cdb34edbaccd5e088943a945d4dcef56/execute/sync HTTP/1.1" 200 14
DEBUG:selenium.webdriver.remote.remote_connection:Finished Request
DEBUG:selenium.webdriver.remote.remote_connection:POST http://127.0.0.1:50232/session/cdb34edbaccd5e088943a945d4dcef56/execute/sync {"script": "return window.scrollY", "args": []}
DEBUG:urllib3.connectionpool:http://127.0.0.1:50232 "POST /session/cdb34edbaccd5e088943a945d4dcef56/execute/sync HTTP/1.1" 200 14
DEBUG:selenium.webdriver.remote.remote_connection:Finished Request
DEBUG:selenium.webdriver.remote.remote_connection:POST http://127.0.0.1:50232/session/cdb34edbaccd5e088943a945d4dcef56/execute/sync {"script": "window.scrollTo(1007, 1807)", "args": []}
DEBUG:urllib3.connectionpool:http://127.0.0.1:50232 "POST /session/cdb34edbaccd5e088943a945d4dcef56/execute/sync HTTP/1.1" 200 14
DEBUG:selenium.webdriver.remote.remote_connection:Finished Request
DEBUG:selenium.webdriver.remote.remote_connection:POST http://127.0.0.1:50232/session/cdb34edbaccd5e088943a945d4dcef56/execute/sync {"script": "return window.scrollY", "args": []}
DEBUG:urllib3.connectionpool:http://127.0.0.1:50232 "POST /session/cdb34edbaccd5e088943a945d4dcef56/execute/sync HTTP/1.1" 200 14
DEBUG:selenium.webdriver.remote.remote_connection:Finished Request
DEBUG:selenium.webdriver.remote.remote_connection:POST http://127.0.0.1:50232/session/cdb34edbaccd5e088943a945d4dcef56/execute/sync {"script": "window.scrollTo(1807, 2662)", "args": []}
DEBUG:urllib3.connectionpool:http://127.0.0.1:50232 "POST /session/cdb34edbaccd5e088943a945d4dcef56/execute/sync HTTP/1.1" 200 14
DEBUG:selenium.webdriver.remote.remote_connection:Finished Request
DEBUG:selenium.webdriver.remote.remote_connection:GET http://127.0.0.1:50232/session/cdb34edbaccd5e088943a945d4dcef56/source {}
DEBUG:urllib3.connectionpool:http://127.0.0.1:50232 "GET /session/cdb34edbaccd5e088943a945d4dcef56/source HTTP/1.1" 200 580294
DEBUG:selenium.webdriver.remote.remote_connection:Finished Request
DEBUG:selenium.webdriver.remote.remote_connection:POST http://127.0.0.1:50232/session/cdb34edbaccd5e088943a945d4dcef56/url {"url": "https://www.cmegroup.com/trading/energy/crude-oil/light-sweet-crude_quotes_globex.html"}
DEBUG:urllib3.connectionpool:http://127.0.0.1:50232 "POST /session/cdb34edbaccd5e088943a945d4dcef56/url HTTP/1.1" 200 14
DEBUG:selenium.webdriver.remote.remote_connection:Finished Request
DEBUG:selenium.webdriver.remote.remote_connection:POST http://127.0.0.1:50232/session/cdb34edbaccd5e088943a945d4dcef56/execute/sync {"script": "return document.body.scrollHeight", "args": []}
DEBUG:urllib3.connectionpool:http://127.0.0.1:50232 "POST /session/cdb34edbaccd5e088943a945d4dcef56/execute/sync HTTP/1.1" 200 14
DEBUG:selenium.webdriver.remote.remote_connection:Finished Request
DEBUG:selenium.webdriver.remote.remote_connection:POST http://127.0.0.1:50232/session/cdb34edbaccd5e088943a945d4dcef56/execute/sync {"script": "return window.scrollY", "args": []}
DEBUG:urllib3.connectionpool:http://127.0.0.1:50232 "POST /session/cdb34edbaccd5e088943a945d4dcef56/execute/sync HTTP/1.1" 200 11
DEBUG:selenium.webdriver.remote.remote_connection:Finished Request
DEBUG:selenium.webdriver.remote.remote_connection:POST http://127.0.0.1:50232/session/cdb34edbaccd5e088943a945d4dcef56/execute/sync {"script": "window.scrollTo(0, 895)", "args": []}
DEBUG:urllib3.connectionpool:http://127.0.0.1:50232 "POST /session/cdb34edbaccd5e088943a945d4dcef56/execute/sync HTTP/1.1" 200 14
DEBUG:selenium.webdriver.remote.remote_connection:Finished Request
DEBUG:selenium.webdriver.remote.remote_connection:POST http://127.0.0.1:50232/session/cdb34edbaccd5e088943a945d4dcef56/execute/sync {"script": "return window.scrollY", "args": []}
DEBUG:urllib3.connectionpool:http://127.0.0.1:50232 "POST /session/cdb34edbaccd5e088943a945d4dcef56/execute/sync HTTP/1.1" 200 13
DEBUG:selenium.webdriver.remote.remote_connection:Finished Request
DEBUG:selenium.webdriver.remote.remote_connection:POST http://127.0.0.1:50232/session/cdb34edbaccd5e088943a945d4dcef56/execute/sync {"script": "window.scrollTo(895, 41)", "args": []}
DEBUG:urllib3.connectionpool:http://127.0.0.1:50232 "POST /session/cdb34edbaccd5e088943a945d4dcef56/execute/sync HTTP/1.1" 200 14
DEBUG:selenium.webdriver.remote.remote_connection:Finished Request
DEBUG:selenium.webdriver.remote.remote_connection:GET http://127.0.0.1:50232/session/cdb34edbaccd5e088943a945d4dcef56/source {}
DEBUG:urllib3.connectionpool:http://127.0.0.1:50232 "GET /session/cdb34edbaccd5e088943a945d4dcef56/source HTTP/1.1" 200 752364
DEBUG:selenium.webdriver.remote.remote_connection:Finished Request
DEBUG:selenium.webdriver.remote.remote_connection:POST http://127.0.0.1:50232/session/cdb34edbaccd5e088943a945d4dcef56/url {"url": "https://www.cmegroup.com/trading/energy/crude-oil/brent-crude-oil.html"}
DEBUG:urllib3.connectionpool:http://127.0.0.1:50232 "POST /session/cdb34edbaccd5e088943a945d4dcef56/url HTTP/1.1" 200 14
DEBUG:selenium.webdriver.remote.remote_connection:Finished Request
DEBUG:selenium.webdriver.remote.remote_connection:POST http://127.0.0.1:50232/session/cdb34edbaccd5e088943a945d4dcef56/execute/sync {"script": "return document.body.scrollHeight", "args": []}
DEBUG:urllib3.connectionpool:http://127.0.0.1:50232 "POST /session/cdb34edbaccd5e088943a945d4dcef56/execute/sync HTTP/1.1" 200 14
DEBUG:selenium.webdriver.remote.remote_connection:Finished Request
DEBUG:selenium.webdriver.remote.remote_connection:POST http://127.0.0.1:50232/session/cdb34edbaccd5e088943a945d4dcef56/execute/sync {"script": "return window.scrollY", "args": []}
DEBUG:urllib3.connectionpool:http://127.0.0.1:50232 "POST /session/cdb34edbaccd5e088943a945d4dcef56/execute/sync HTTP/1.1" 200 11
DEBUG:selenium.webdriver.remote.remote_connection:Finished Request
DEBUG:selenium.webdriver.remote.remote_connection:POST http://127.0.0.1:50232/session/cdb34edbaccd5e088943a945d4dcef56/execute/sync {"script": "window.scrollTo(0, 772)", "args": []}
DEBUG:urllib3.connectionpool:http://127.0.0.1:50232 "POST /session/cdb34edbaccd5e088943a945d4dcef56/execute/sync HTTP/1.1" 200 14
DEBUG:selenium.webdriver.remote.remote_connection:Finished Request
DEBUG:selenium.webdriver.remote.remote_connection:POST http://127.0.0.1:50232/session/cdb34edbaccd5e088943a945d4dcef56/execute/sync {"script": "return window.scrollY", "args": []}
DEBUG:urllib3.connectionpool:http://127.0.0.1:50232 "POST /session/cdb34edbaccd5e088943a945d4dcef56/execute/sync HTTP/1.1" 200 13
DEBUG:selenium.webdriver.remote.remote_connection:Finished Request
DEBUG:selenium.webdriver.remote.remote_connection:POST http://127.0.0.1:50232/session/cdb34edbaccd5e088943a945d4dcef56/execute/sync {"script": "window.scrollTo(772, 1793)", "args": []}
DEBUG:urllib3.connectionpool:http://127.0.0.1:50232 "POST /session/cdb34edbaccd5e088943a945d4dcef56/execute/sync HTTP/1.1" 200 14
DEBUG:selenium.webdriver.remote.remote_connection:Finished Request
DEBUG:selenium.webdriver.remote.remote_connection:POST http://127.0.0.1:50232/session/cdb34edbaccd5e088943a945d4dcef56/execute/sync {"script": "return window.scrollY", "args": []}
DEBUG:urllib3.connectionpool:http://127.0.0.1:50232 "POST /session/cdb34edbaccd5e088943a945d4dcef56/execute/sync HTTP/1.1" 200 14
DEBUG:selenium.webdriver.remote.remote_connection:Finished Request
DEBUG:selenium.webdriver.remote.remote_connection:POST http://127.0.0.1:50232/session/cdb34edbaccd5e088943a945d4dcef56/execute/sync {"script": "window.scrollTo(1793, 1032)", "args": []}
DEBUG:urllib3.connectionpool:http://127.0.0.1:50232 "POST /session/cdb34edbaccd5e088943a945d4dcef56/execute/sync HTTP/1.1" 200 14
DEBUG:selenium.webdriver.remote.remote_connection:Finished Request
DEBUG:selenium.webdriver.remote.remote_connection:GET http://127.0.0.1:50232/session/cdb34edbaccd5e088943a945d4dcef56/source {}
DEBUG:urllib3.connectionpool:http://127.0.0.1:50232 "GET /session/cdb34edbaccd5e088943a945d4dcef56/source HTTP/1.1" 200 658427
DEBUG:selenium.webdriver.remote.remote_connection:Finished Request
DEBUG:selenium.webdriver.remote.remote_connection:POST http://127.0.0.1:50232/session/cdb34edbaccd5e088943a945d4dcef56/url {"url": "https://www.cmegroup.com/trading/energy/refined-products/rbob-gasoline.html"}
DEBUG:urllib3.connectionpool:http://127.0.0.1:50232 "POST /session/cdb34edbaccd5e088943a945d4dcef56/url HTTP/1.1" 200 14
DEBUG:selenium.webdriver.remote.remote_connection:Finished Request
DEBUG:selenium.webdriver.remote.remote_connection:POST http://127.0.0.1:50232/session/cdb34edbaccd5e088943a945d4dcef56/execute/sync {"script": "return document.body.scrollHeight", "args": []}
DEBUG:urllib3.connectionpool:http://127.0.0.1:50232 "POST /session/cdb34edbaccd5e088943a945d4dcef56/execute/sync HTTP/1.1" 200 14
DEBUG:selenium.webdriver.remote.remote_connection:Finished Request
DEBUG:selenium.webdriver.remote.remote_connection:POST http://127.0.0.1:50232/session/cdb34edbaccd5e088943a945d4dcef56/execute/sync {"script": "return window.scrollY", "args": []}
DEBUG:urllib3.connectionpool:http://127.0.0.1:50232 "POST /session/cdb34edbaccd5e088943a945d4dcef56/execute/sync HTTP/1.1" 200 11
DEBUG:selenium.webdriver.remote.remote_connection:Finished Request
DEBUG:selenium.webdriver.remote.remote_connection:POST http://127.0.0.1:50232/session/cdb34edbaccd5e088943a945d4dcef56/execute/sync {"script": "window.scrollTo(0, 559)", "args": []}
DEBUG:urllib3.connectionpool:http://127.0.0.1:50232 "POST /session/cdb34edbaccd5e088943a945d4dcef56/execute/sync HTTP/1.1" 200 14
DEBUG:selenium.webdriver.remote.remote_connection:Finished Request
DEBUG:selenium.webdriver.remote.remote_connection:POST http://127.0.0.1:50232/session/cdb34edbaccd5e088943a945d4dcef56/execute/sync {"script": "return window.scrollY", "args": []}
DEBUG:urllib3.connectionpool:http://127.0.0.1:50232 "POST /session/cdb34edbaccd5e088943a945d4dcef56/execute/sync HTTP/1.1" 200 13
DEBUG:selenium.webdriver.remote.remote_connection:Finished Request
DEBUG:selenium.webdriver.remote.remote_connection:POST http://127.0.0.1:50232/session/cdb34edbaccd5e088943a945d4dcef56/execute/sync {"script": "window.scrollTo(559, 1241)", "args": []}
DEBUG:urllib3.connectionpool:http://127.0.0.1:50232 "POST /session/cdb34edbaccd5e088943a945d4dcef56/execute/sync HTTP/1.1" 200 14
DEBUG:selenium.webdriver.remote.remote_connection:Finished Request
DEBUG:selenium.webdriver.remote.remote_connection:POST http://127.0.0.1:50232/session/cdb34edbaccd5e088943a945d4dcef56/execute/sync {"script": "return window.scrollY", "args": []}
DEBUG:urllib3.connectionpool:http://127.0.0.1:50232 "POST /session/cdb34edbaccd5e088943a945d4dcef56/execute/sync HTTP/1.1" 200 14
DEBUG:selenium.webdriver.remote.remote_connection:Finished Request
DEBUG:selenium.webdriver.remote.remote_connection:POST http://127.0.0.1:50232/session/cdb34edbaccd5e088943a945d4dcef56/execute/sync {"script": "window.scrollTo(1241, 299)", "args": []}
DEBUG:urllib3.connectionpool:http://127.0.0.1:50232 "POST /session/cdb34edbaccd5e088943a945d4dcef56/execute/sync HTTP/1.1" 200 14
DEBUG:selenium.webdriver.remote.remote_connection:Finished Request
DEBUG:selenium.webdriver.remote.remote_connection:POST http://127.0.0.1:50232/session/cdb34edbaccd5e088943a945d4dcef56/execute/sync {"script": "return window.scrollY", "args": []}
DEBUG:urllib3.connectionpool:http://127.0.0.1:50232 "POST /session/cdb34edbaccd5e088943a945d4dcef56/execute/sync HTTP/1.1" 200 13
DEBUG:selenium.webdriver.remote.remote_connection:Finished Request
DEBUG:selenium.webdriver.remote.remote_connection:POST http://127.0.0.1:50232/session/cdb34edbaccd5e088943a945d4dcef56/execute/sync {"script": "window.scrollTo(299, 1158)", "args": []}
DEBUG:urllib3.connectionpool:http://127.0.0.1:50232 "POST /session/cdb34edbaccd5e088943a945d4dcef56/execute/sync HTTP/1.1" 200 14
DEBUG:selenium.webdriver.remote.remote_connection:Finished Request
DEBUG:selenium.webdriver.remote.remote_connection:GET http://127.0.0.1:50232/session/cdb34edbaccd5e088943a945d4dcef56/source {}
DEBUG:urllib3.connectionpool:http://127.0.0.1:50232 "GET /session/cdb34edbaccd5e088943a945d4dcef56/source HTTP/1.1" 200 557619
DEBUG:selenium.webdriver.remote.remote_connection:Finished Request
DEBUG:selenium.webdriver.remote.remote_connection:POST http://127.0.0.1:50232/session/cdb34edbaccd5e088943a945d4dcef56/url {"url": "https://www.cmegroup.com/trading/energy/refined-products/heating-oil.html"}
DEBUG:urllib3.connectionpool:http://127.0.0.1:50232 "POST /session/cdb34edbaccd5e088943a945d4dcef56/url HTTP/1.1" 200 14
DEBUG:selenium.webdriver.remote.remote_connection:Finished Request
DEBUG:selenium.webdriver.remote.remote_connection:POST http://127.0.0.1:50232/session/cdb34edbaccd5e088943a945d4dcef56/execute/sync {"script": "return document.body.scrollHeight", "args": []}
DEBUG:urllib3.connectionpool:http://127.0.0.1:50232 "POST /session/cdb34edbaccd5e088943a945d4dcef56/execute/sync HTTP/1.1" 200 14
DEBUG:selenium.webdriver.remote.remote_connection:Finished Request
DEBUG:selenium.webdriver.remote.remote_connection:POST http://127.0.0.1:50232/session/cdb34edbaccd5e088943a945d4dcef56/execute/sync {"script": "return window.scrollY", "args": []}
DEBUG:urllib3.connectionpool:http://127.0.0.1:50232 "POST /session/cdb34edbaccd5e088943a945d4dcef56/execute/sync HTTP/1.1" 200 11
DEBUG:selenium.webdriver.remote.remote_connection:Finished Request
DEBUG:selenium.webdriver.remote.remote_connection:POST http://127.0.0.1:50232/session/cdb34edbaccd5e088943a945d4dcef56/execute/sync {"script": "window.scrollTo(0, 1032)", "args": []}
DEBUG:urllib3.connectionpool:http://127.0.0.1:50232 "POST /session/cdb34edbaccd5e088943a945d4dcef56/execute/sync HTTP/1.1" 200 14
DEBUG:selenium.webdriver.remote.remote_connection:Finished Request
DEBUG:selenium.webdriver.remote.remote_connection:POST http://127.0.0.1:50232/session/cdb34edbaccd5e088943a945d4dcef56/execute/sync {"script": "return window.scrollY", "args": []}
DEBUG:urllib3.connectionpool:http://127.0.0.1:50232 "POST /session/cdb34edbaccd5e088943a945d4dcef56/execute/sync HTTP/1.1" 200 14
DEBUG:selenium.webdriver.remote.remote_connection:Finished Request
DEBUG:selenium.webdriver.remote.remote_connection:POST http://127.0.0.1:50232/session/cdb34edbaccd5e088943a945d4dcef56/execute/sync {"script": "window.scrollTo(1032, 1931)", "args": []}
DEBUG:urllib3.connectionpool:http://127.0.0.1:50232 "POST /session/cdb34edbaccd5e088943a945d4dcef56/execute/sync HTTP/1.1" 200 14
DEBUG:selenium.webdriver.remote.remote_connection:Finished Request
DEBUG:selenium.webdriver.remote.remote_connection:POST http://127.0.0.1:50232/session/cdb34edbaccd5e088943a945d4dcef56/execute/sync {"script": "return window.scrollY", "args": []}
DEBUG:urllib3.connectionpool:http://127.0.0.1:50232 "POST /session/cdb34edbaccd5e088943a945d4dcef56/execute/sync HTTP/1.1" 200 14
DEBUG:selenium.webdriver.remote.remote_connection:Finished Request
DEBUG:selenium.webdriver.remote.remote_connection:POST http://127.0.0.1:50232/session/cdb34edbaccd5e088943a945d4dcef56/execute/sync {"script": "window.scrollTo(1931, 1281)", "args": []}
DEBUG:urllib3.connectionpool:http://127.0.0.1:50232 "POST /session/cdb34edbaccd5e088943a945d4dcef56/execute/sync HTTP/1.1" 200 14
DEBUG:selenium.webdriver.remote.remote_connection:Finished Request
DEBUG:selenium.webdriver.remote.remote_connection:GET http://127.0.0.1:50232/session/cdb34edbaccd5e088943a945d4dcef56/source {}
DEBUG:urllib3.connectionpool:http://127.0.0.1:50232 "GET /session/cdb34edbaccd5e088943a945d4dcef56/source HTTP/1.1" 200 557817
DEBUG:selenium.webdriver.remote.remote_connection:Finished Request
DEBUG:selenium.webdriver.remote.remote_connection:DELETE http://127.0.0.1:50232/session/cdb34edbaccd5e088943a945d4dcef56/window {}
DEBUG:urllib3.connectionpool:http://127.0.0.1:50232 "DELETE /session/cdb34edbaccd5e088943a945d4dcef56/window HTTP/1.1" 200 14
DEBUG:selenium.webdriver.remote.remote_connection:Finished Request
DEBUG:selenium.webdriver.remote.remote_connection:POST http://127.0.0.1:65247/session {"capabilities": {"firstMatch": [{}], "alwaysMatch": {"browserName": "chrome", "platformName": "any", "goog:chromeOptions": {"extensions": [], "args": []}}}, "desiredCapabilities": {"browserName": "chrome", "version": "", "platform": "ANY", "goog:chromeOptions": {"extensions": [], "args": []}}}
DEBUG:urllib3.connectionpool:Starting new HTTP connection (1): 127.0.0.1:65247
DEBUG:urllib3.connectionpool:http://127.0.0.1:65247 "POST /session HTTP/1.1" 200 681
DEBUG:selenium.webdriver.remote.remote_connection:Finished Request
DEBUG:selenium.webdriver.remote.remote_connection:POST http://127.0.0.1:65247/session/23d8971a9014ec56bf0657ce40cebb8c/window/maximize {}
DEBUG:urllib3.connectionpool:http://127.0.0.1:65247 "POST /session/23d8971a9014ec56bf0657ce40cebb8c/window/maximize HTTP/1.1" 200 51
DEBUG:selenium.webdriver.remote.remote_connection:Finished Request
DEBUG:selenium.webdriver.remote.remote_connection:POST http://127.0.0.1:65247/session/23d8971a9014ec56bf0657ce40cebb8c/url {"url": "https://www.cmegroup.com/trading/energy/refined-products/heating-oil.html"}
DEBUG:urllib3.connectionpool:http://127.0.0.1:65247 "POST /session/23d8971a9014ec56bf0657ce40cebb8c/url HTTP/1.1" 200 14
DEBUG:selenium.webdriver.remote.remote_connection:Finished Request
DEBUG:selenium.webdriver.remote.remote_connection:POST http://127.0.0.1:65247/session/23d8971a9014ec56bf0657ce40cebb8c/execute/sync {"script": "return document.body.scrollHeight", "args": []}
DEBUG:urllib3.connectionpool:http://127.0.0.1:65247 "POST /session/23d8971a9014ec56bf0657ce40cebb8c/execute/sync HTTP/1.1" 200 14
DEBUG:selenium.webdriver.remote.remote_connection:Finished Request
DEBUG:selenium.webdriver.remote.remote_connection:POST http://127.0.0.1:65247/session/23d8971a9014ec56bf0657ce40cebb8c/execute/sync {"script": "return window.scrollY", "args": []}
DEBUG:urllib3.connectionpool:http://127.0.0.1:65247 "POST /session/23d8971a9014ec56bf0657ce40cebb8c/execute/sync HTTP/1.1" 200 11
DEBUG:selenium.webdriver.remote.remote_connection:Finished Request
DEBUG:selenium.webdriver.remote.remote_connection:POST http://127.0.0.1:65247/session/23d8971a9014ec56bf0657ce40cebb8c/execute/sync {"script": "window.scrollTo(0, 688)", "args": []}
DEBUG:urllib3.connectionpool:http://127.0.0.1:65247 "POST /session/23d8971a9014ec56bf0657ce40cebb8c/execute/sync HTTP/1.1" 200 14
DEBUG:selenium.webdriver.remote.remote_connection:Finished Request
DEBUG:selenium.webdriver.remote.remote_connection:POST http://127.0.0.1:65247/session/23d8971a9014ec56bf0657ce40cebb8c/execute/sync {"script": "return window.scrollY", "args": []}
DEBUG:urllib3.connectionpool:http://127.0.0.1:65247 "POST /session/23d8971a9014ec56bf0657ce40cebb8c/execute/sync HTTP/1.1" 200 13
DEBUG:selenium.webdriver.remote.remote_connection:Finished Request
DEBUG:selenium.webdriver.remote.remote_connection:POST http://127.0.0.1:65247/session/23d8971a9014ec56bf0657ce40cebb8c/execute/sync {"script": "window.scrollTo(688, 1431)", "args": []}
DEBUG:urllib3.connectionpool:http://127.0.0.1:65247 "POST /session/23d8971a9014ec56bf0657ce40cebb8c/execute/sync HTTP/1.1" 200 14
DEBUG:selenium.webdriver.remote.remote_connection:Finished Request
DEBUG:selenium.webdriver.remote.remote_connection:GET http://127.0.0.1:65247/session/23d8971a9014ec56bf0657ce40cebb8c/source {}
DEBUG:urllib3.connectionpool:http://127.0.0.1:65247 "GET /session/23d8971a9014ec56bf0657ce40cebb8c/source HTTP/1.1" 200 557290
DEBUG:selenium.webdriver.remote.remote_connection:Finished Request
DEBUG:selenium.webdriver.remote.remote_connection:POST http://127.0.0.1:65247/session/23d8971a9014ec56bf0657ce40cebb8c/url {"url": "https://www.cmegroup.com/trading/energy/refined-products/gulf-coast-no-6-fuel-oil-30pct-sulfur-platts-swap.html"}
DEBUG:urllib3.connectionpool:http://127.0.0.1:65247 "POST /session/23d8971a9014ec56bf0657ce40cebb8c/url HTTP/1.1" 200 14
DEBUG:selenium.webdriver.remote.remote_connection:Finished Request
DEBUG:selenium.webdriver.remote.remote_connection:POST http://127.0.0.1:65247/session/23d8971a9014ec56bf0657ce40cebb8c/execute/sync {"script": "return document.body.scrollHeight", "args": []}
DEBUG:urllib3.connectionpool:http://127.0.0.1:65247 "POST /session/23d8971a9014ec56bf0657ce40cebb8c/execute/sync HTTP/1.1" 200 14
DEBUG:selenium.webdriver.remote.remote_connection:Finished Request
DEBUG:selenium.webdriver.remote.remote_connection:POST http://127.0.0.1:65247/session/23d8971a9014ec56bf0657ce40cebb8c/execute/sync {"script": "return window.scrollY", "args": []}
DEBUG:urllib3.connectionpool:http://127.0.0.1:65247 "POST /session/23d8971a9014ec56bf0657ce40cebb8c/execute/sync HTTP/1.1" 200 11
DEBUG:selenium.webdriver.remote.remote_connection:Finished Request
DEBUG:selenium.webdriver.remote.remote_connection:POST http://127.0.0.1:65247/session/23d8971a9014ec56bf0657ce40cebb8c/execute/sync {"script": "window.scrollTo(0, 1054)", "args": []}
DEBUG:urllib3.connectionpool:http://127.0.0.1:65247 "POST /session/23d8971a9014ec56bf0657ce40cebb8c/execute/sync HTTP/1.1" 200 14
DEBUG:selenium.webdriver.remote.remote_connection:Finished Request
DEBUG:selenium.webdriver.remote.remote_connection:POST http://127.0.0.1:65247/session/23d8971a9014ec56bf0657ce40cebb8c/execute/sync {"script": "return window.scrollY", "args": []}
DEBUG:urllib3.connectionpool:http://127.0.0.1:65247 "POST /session/23d8971a9014ec56bf0657ce40cebb8c/execute/sync HTTP/1.1" 200 14
DEBUG:selenium.webdriver.remote.remote_connection:Finished Request
DEBUG:selenium.webdriver.remote.remote_connection:POST http://127.0.0.1:65247/session/23d8971a9014ec56bf0657ce40cebb8c/execute/sync {"script": "window.scrollTo(1054, 238)", "args": []}
DEBUG:urllib3.connectionpool:http://127.0.0.1:65247 "POST /session/23d8971a9014ec56bf0657ce40cebb8c/execute/sync HTTP/1.1" 200 14
DEBUG:selenium.webdriver.remote.remote_connection:Finished Request
DEBUG:selenium.webdriver.remote.remote_connection:POST http://127.0.0.1:65247/session/23d8971a9014ec56bf0657ce40cebb8c/execute/sync {"script": "return window.scrollY", "args": []}
DEBUG:urllib3.connectionpool:http://127.0.0.1:65247 "POST /session/23d8971a9014ec56bf0657ce40cebb8c/execute/sync HTTP/1.1" 200 13
DEBUG:selenium.webdriver.remote.remote_connection:Finished Request
DEBUG:selenium.webdriver.remote.remote_connection:POST http://127.0.0.1:65247/session/23d8971a9014ec56bf0657ce40cebb8c/execute/sync {"script": "window.scrollTo(238, 1043)", "args": []}
DEBUG:urllib3.connectionpool:http://127.0.0.1:65247 "POST /session/23d8971a9014ec56bf0657ce40cebb8c/execute/sync HTTP/1.1" 200 14
DEBUG:selenium.webdriver.remote.remote_connection:Finished Request
DEBUG:selenium.webdriver.remote.remote_connection:POST http://127.0.0.1:65247/session/23d8971a9014ec56bf0657ce40cebb8c/execute/sync {"script": "return window.scrollY", "args": []}
DEBUG:urllib3.connectionpool:http://127.0.0.1:65247 "POST /session/23d8971a9014ec56bf0657ce40cebb8c/execute/sync HTTP/1.1" 200 14
DEBUG:selenium.webdriver.remote.remote_connection:Finished Request
DEBUG:selenium.webdriver.remote.remote_connection:POST http://127.0.0.1:65247/session/23d8971a9014ec56bf0657ce40cebb8c/execute/sync {"script": "window.scrollTo(1043, 63)", "args": []}
DEBUG:urllib3.connectionpool:http://127.0.0.1:65247 "POST /session/23d8971a9014ec56bf0657ce40cebb8c/execute/sync HTTP/1.1" 200 14
DEBUG:selenium.webdriver.remote.remote_connection:Finished Request
DEBUG:selenium.webdriver.remote.remote_connection:GET http://127.0.0.1:65247/session/23d8971a9014ec56bf0657ce40cebb8c/source {}
DEBUG:urllib3.connectionpool:http://127.0.0.1:65247 "GET /session/23d8971a9014ec56bf0657ce40cebb8c/source HTTP/1.1" 200 580296
DEBUG:selenium.webdriver.remote.remote_connection:Finished Request
DEBUG:selenium.webdriver.remote.remote_connection:POST http://127.0.0.1:65247/session/23d8971a9014ec56bf0657ce40cebb8c/url {"url": "https://www.cmegroup.com/trading/energy/refined-products/rbob-gasoline.html"}
DEBUG:urllib3.connectionpool:http://127.0.0.1:65247 "POST /session/23d8971a9014ec56bf0657ce40cebb8c/url HTTP/1.1" 200 14
DEBUG:selenium.webdriver.remote.remote_connection:Finished Request
DEBUG:selenium.webdriver.remote.remote_connection:POST http://127.0.0.1:65247/session/23d8971a9014ec56bf0657ce40cebb8c/execute/sync {"script": "return document.body.scrollHeight", "args": []}
DEBUG:urllib3.connectionpool:http://127.0.0.1:65247 "POST /session/23d8971a9014ec56bf0657ce40cebb8c/execute/sync HTTP/1.1" 200 14
DEBUG:selenium.webdriver.remote.remote_connection:Finished Request
DEBUG:selenium.webdriver.remote.remote_connection:POST http://127.0.0.1:65247/session/23d8971a9014ec56bf0657ce40cebb8c/execute/sync {"script": "return window.scrollY", "args": []}
DEBUG:urllib3.connectionpool:http://127.0.0.1:65247 "POST /session/23d8971a9014ec56bf0657ce40cebb8c/execute/sync HTTP/1.1" 200 11
DEBUG:selenium.webdriver.remote.remote_connection:Finished Request
DEBUG:selenium.webdriver.remote.remote_connection:POST http://127.0.0.1:65247/session/23d8971a9014ec56bf0657ce40cebb8c/execute/sync {"script": "window.scrollTo(0, 841)", "args": []}
DEBUG:urllib3.connectionpool:http://127.0.0.1:65247 "POST /session/23d8971a9014ec56bf0657ce40cebb8c/execute/sync HTTP/1.1" 200 14
DEBUG:selenium.webdriver.remote.remote_connection:Finished Request
DEBUG:selenium.webdriver.remote.remote_connection:POST http://127.0.0.1:65247/session/23d8971a9014ec56bf0657ce40cebb8c/execute/sync {"script": "return window.scrollY", "args": []}
DEBUG:urllib3.connectionpool:http://127.0.0.1:65247 "POST /session/23d8971a9014ec56bf0657ce40cebb8c/execute/sync HTTP/1.1" 200 13
DEBUG:selenium.webdriver.remote.remote_connection:Finished Request
DEBUG:selenium.webdriver.remote.remote_connection:POST http://127.0.0.1:65247/session/23d8971a9014ec56bf0657ce40cebb8c/execute/sync {"script": "window.scrollTo(841, 267)", "args": []}
DEBUG:urllib3.connectionpool:http://127.0.0.1:65247 "POST /session/23d8971a9014ec56bf0657ce40cebb8c/execute/sync HTTP/1.1" 200 14
DEBUG:selenium.webdriver.remote.remote_connection:Finished Request
DEBUG:selenium.webdriver.remote.remote_connection:POST http://127.0.0.1:65247/session/23d8971a9014ec56bf0657ce40cebb8c/execute/sync {"script": "return window.scrollY", "args": []}
DEBUG:urllib3.connectionpool:http://127.0.0.1:65247 "POST /session/23d8971a9014ec56bf0657ce40cebb8c/execute/sync HTTP/1.1" 200 13
DEBUG:selenium.webdriver.remote.remote_connection:Finished Request
DEBUG:selenium.webdriver.remote.remote_connection:POST http://127.0.0.1:65247/session/23d8971a9014ec56bf0657ce40cebb8c/execute/sync {"script": "window.scrollTo(267, 1043)", "args": []}
DEBUG:urllib3.connectionpool:http://127.0.0.1:65247 "POST /session/23d8971a9014ec56bf0657ce40cebb8c/execute/sync HTTP/1.1" 200 14
DEBUG:selenium.webdriver.remote.remote_connection:Finished Request
DEBUG:selenium.webdriver.remote.remote_connection:GET http://127.0.0.1:65247/session/23d8971a9014ec56bf0657ce40cebb8c/source {}
DEBUG:urllib3.connectionpool:http://127.0.0.1:65247 "GET /session/23d8971a9014ec56bf0657ce40cebb8c/source HTTP/1.1" 200 557703
DEBUG:selenium.webdriver.remote.remote_connection:Finished Request
DEBUG:selenium.webdriver.remote.remote_connection:POST http://127.0.0.1:65247/session/23d8971a9014ec56bf0657ce40cebb8c/url {"url": "https://www.cmegroup.com/trading/energy/refined-products/gulf-coast-ultra-low-sulfur-diesel-usld-platts-calendar-swap.html"}
DEBUG:urllib3.connectionpool:http://127.0.0.1:65247 "POST /session/23d8971a9014ec56bf0657ce40cebb8c/url HTTP/1.1" 200 14
DEBUG:selenium.webdriver.remote.remote_connection:Finished Request
DEBUG:selenium.webdriver.remote.remote_connection:POST http://127.0.0.1:65247/session/23d8971a9014ec56bf0657ce40cebb8c/execute/sync {"script": "return document.body.scrollHeight", "args": []}
DEBUG:urllib3.connectionpool:http://127.0.0.1:65247 "POST /session/23d8971a9014ec56bf0657ce40cebb8c/execute/sync HTTP/1.1" 200 14
DEBUG:selenium.webdriver.remote.remote_connection:Finished Request
DEBUG:selenium.webdriver.remote.remote_connection:POST http://127.0.0.1:65247/session/23d8971a9014ec56bf0657ce40cebb8c/execute/sync {"script": "return window.scrollY", "args": []}
DEBUG:urllib3.connectionpool:http://127.0.0.1:65247 "POST /session/23d8971a9014ec56bf0657ce40cebb8c/execute/sync HTTP/1.1" 200 11
DEBUG:selenium.webdriver.remote.remote_connection:Finished Request
DEBUG:selenium.webdriver.remote.remote_connection:POST http://127.0.0.1:65247/session/23d8971a9014ec56bf0657ce40cebb8c/execute/sync {"script": "window.scrollTo(0, 1053)", "args": []}
DEBUG:urllib3.connectionpool:http://127.0.0.1:65247 "POST /session/23d8971a9014ec56bf0657ce40cebb8c/execute/sync HTTP/1.1" 200 14
DEBUG:selenium.webdriver.remote.remote_connection:Finished Request
DEBUG:selenium.webdriver.remote.remote_connection:POST http://127.0.0.1:65247/session/23d8971a9014ec56bf0657ce40cebb8c/execute/sync {"script": "return window.scrollY", "args": []}
DEBUG:urllib3.connectionpool:http://127.0.0.1:65247 "POST /session/23d8971a9014ec56bf0657ce40cebb8c/execute/sync HTTP/1.1" 200 14
DEBUG:selenium.webdriver.remote.remote_connection:Finished Request
DEBUG:selenium.webdriver.remote.remote_connection:POST http://127.0.0.1:65247/session/23d8971a9014ec56bf0657ce40cebb8c/execute/sync {"script": "window.scrollTo(1053, 360)", "args": []}
DEBUG:urllib3.connectionpool:http://127.0.0.1:65247 "POST /session/23d8971a9014ec56bf0657ce40cebb8c/execute/sync HTTP/1.1" 200 14
DEBUG:selenium.webdriver.remote.remote_connection:Finished Request
DEBUG:selenium.webdriver.remote.remote_connection:GET http://127.0.0.1:65247/session/23d8971a9014ec56bf0657ce40cebb8c/source {}
DEBUG:urllib3.connectionpool:http://127.0.0.1:65247 "GET /session/23d8971a9014ec56bf0657ce40cebb8c/source HTTP/1.1" 200 562413
DEBUG:selenium.webdriver.remote.remote_connection:Finished Request
DEBUG:selenium.webdriver.remote.remote_connection:POST http://127.0.0.1:65247/session/23d8971a9014ec56bf0657ce40cebb8c/url {"url": "https://www.cmegroup.com/trading/energy/crude-oil/light-sweet-crude_quotes_globex.html"}
DEBUG:urllib3.connectionpool:http://127.0.0.1:65247 "POST /session/23d8971a9014ec56bf0657ce40cebb8c/url HTTP/1.1" 200 14
DEBUG:selenium.webdriver.remote.remote_connection:Finished Request
DEBUG:selenium.webdriver.remote.remote_connection:POST http://127.0.0.1:65247/session/23d8971a9014ec56bf0657ce40cebb8c/execute/sync {"script": "return document.body.scrollHeight", "args": []}
DEBUG:urllib3.connectionpool:http://127.0.0.1:65247 "POST /session/23d8971a9014ec56bf0657ce40cebb8c/execute/sync HTTP/1.1" 200 14
DEBUG:selenium.webdriver.remote.remote_connection:Finished Request
DEBUG:selenium.webdriver.remote.remote_connection:POST http://127.0.0.1:65247/session/23d8971a9014ec56bf0657ce40cebb8c/execute/sync {"script": "return window.scrollY", "args": []}
DEBUG:urllib3.connectionpool:http://127.0.0.1:65247 "POST /session/23d8971a9014ec56bf0657ce40cebb8c/execute/sync HTTP/1.1" 200 11
DEBUG:selenium.webdriver.remote.remote_connection:Finished Request
DEBUG:selenium.webdriver.remote.remote_connection:POST http://127.0.0.1:65247/session/23d8971a9014ec56bf0657ce40cebb8c/execute/sync {"script": "window.scrollTo(0, 927)", "args": []}
DEBUG:urllib3.connectionpool:http://127.0.0.1:65247 "POST /session/23d8971a9014ec56bf0657ce40cebb8c/execute/sync HTTP/1.1" 200 14
DEBUG:selenium.webdriver.remote.remote_connection:Finished Request
DEBUG:selenium.webdriver.remote.remote_connection:POST http://127.0.0.1:65247/session/23d8971a9014ec56bf0657ce40cebb8c/execute/sync {"script": "return window.scrollY", "args": []}
DEBUG:urllib3.connectionpool:http://127.0.0.1:65247 "POST /session/23d8971a9014ec56bf0657ce40cebb8c/execute/sync HTTP/1.1" 200 13
DEBUG:selenium.webdriver.remote.remote_connection:Finished Request
DEBUG:selenium.webdriver.remote.remote_connection:POST http://127.0.0.1:65247/session/23d8971a9014ec56bf0657ce40cebb8c/execute/sync {"script": "window.scrollTo(927, 1990)", "args": []}
DEBUG:urllib3.connectionpool:http://127.0.0.1:65247 "POST /session/23d8971a9014ec56bf0657ce40cebb8c/execute/sync HTTP/1.1" 200 14
DEBUG:selenium.webdriver.remote.remote_connection:Finished Request
DEBUG:selenium.webdriver.remote.remote_connection:POST http://127.0.0.1:65247/session/23d8971a9014ec56bf0657ce40cebb8c/execute/sync {"script": "return window.scrollY", "args": []}
DEBUG:urllib3.connectionpool:http://127.0.0.1:65247 "POST /session/23d8971a9014ec56bf0657ce40cebb8c/execute/sync HTTP/1.1" 200 14
DEBUG:selenium.webdriver.remote.remote_connection:Finished Request
DEBUG:selenium.webdriver.remote.remote_connection:POST http://127.0.0.1:65247/session/23d8971a9014ec56bf0657ce40cebb8c/execute/sync {"script": "window.scrollTo(1990, 2833)", "args": []}
DEBUG:urllib3.connectionpool:http://127.0.0.1:65247 "POST /session/23d8971a9014ec56bf0657ce40cebb8c/execute/sync HTTP/1.1" 200 14
DEBUG:selenium.webdriver.remote.remote_connection:Finished Request
DEBUG:selenium.webdriver.remote.remote_connection:POST http://127.0.0.1:65247/session/23d8971a9014ec56bf0657ce40cebb8c/execute/sync {"script": "return window.scrollY", "args": []}
DEBUG:urllib3.connectionpool:http://127.0.0.1:65247 "POST /session/23d8971a9014ec56bf0657ce40cebb8c/execute/sync HTTP/1.1" 200 14
DEBUG:selenium.webdriver.remote.remote_connection:Finished Request
DEBUG:selenium.webdriver.remote.remote_connection:POST http://127.0.0.1:65247/session/23d8971a9014ec56bf0657ce40cebb8c/execute/sync {"script": "window.scrollTo(2833, 1878)", "args": []}
DEBUG:urllib3.connectionpool:http://127.0.0.1:65247 "POST /session/23d8971a9014ec56bf0657ce40cebb8c/execute/sync HTTP/1.1" 200 14
DEBUG:selenium.webdriver.remote.remote_connection:Finished Request
DEBUG:selenium.webdriver.remote.remote_connection:POST http://127.0.0.1:65247/session/23d8971a9014ec56bf0657ce40cebb8c/execute/sync {"script": "return window.scrollY", "args": []}
DEBUG:urllib3.connectionpool:http://127.0.0.1:65247 "POST /session/23d8971a9014ec56bf0657ce40cebb8c/execute/sync HTTP/1.1" 200 14
DEBUG:selenium.webdriver.remote.remote_connection:Finished Request
DEBUG:selenium.webdriver.remote.remote_connection:POST http://127.0.0.1:65247/session/23d8971a9014ec56bf0657ce40cebb8c/execute/sync {"script": "window.scrollTo(1878, 910)", "args": []}
DEBUG:urllib3.connectionpool:http://127.0.0.1:65247 "POST /session/23d8971a9014ec56bf0657ce40cebb8c/execute/sync HTTP/1.1" 200 14
DEBUG:selenium.webdriver.remote.remote_connection:Finished Request
DEBUG:selenium.webdriver.remote.remote_connection:GET http://127.0.0.1:65247/session/23d8971a9014ec56bf0657ce40cebb8c/source {}
DEBUG:urllib3.connectionpool:http://127.0.0.1:65247 "GET /session/23d8971a9014ec56bf0657ce40cebb8c/source HTTP/1.1" 200 753978
DEBUG:selenium.webdriver.remote.remote_connection:Finished Request
DEBUG:selenium.webdriver.remote.remote_connection:POST http://127.0.0.1:65247/session/23d8971a9014ec56bf0657ce40cebb8c/url {"url": "https://www.cmegroup.com/trading/energy/crude-oil/brent-crude-oil.html"}
DEBUG:urllib3.connectionpool:http://127.0.0.1:65247 "POST /session/23d8971a9014ec56bf0657ce40cebb8c/url HTTP/1.1" 200 14
DEBUG:selenium.webdriver.remote.remote_connection:Finished Request
DEBUG:selenium.webdriver.remote.remote_connection:POST http://127.0.0.1:65247/session/23d8971a9014ec56bf0657ce40cebb8c/execute/sync {"script": "return document.body.scrollHeight", "args": []}
DEBUG:urllib3.connectionpool:http://127.0.0.1:65247 "POST /session/23d8971a9014ec56bf0657ce40cebb8c/execute/sync HTTP/1.1" 200 14
DEBUG:selenium.webdriver.remote.remote_connection:Finished Request
DEBUG:selenium.webdriver.remote.remote_connection:POST http://127.0.0.1:65247/session/23d8971a9014ec56bf0657ce40cebb8c/execute/sync {"script": "return window.scrollY", "args": []}
DEBUG:urllib3.connectionpool:http://127.0.0.1:65247 "POST /session/23d8971a9014ec56bf0657ce40cebb8c/execute/sync HTTP/1.1" 200 11
DEBUG:selenium.webdriver.remote.remote_connection:Finished Request
DEBUG:selenium.webdriver.remote.remote_connection:POST http://127.0.0.1:65247/session/23d8971a9014ec56bf0657ce40cebb8c/execute/sync {"script": "window.scrollTo(0, 738)", "args": []}
DEBUG:urllib3.connectionpool:http://127.0.0.1:65247 "POST /session/23d8971a9014ec56bf0657ce40cebb8c/execute/sync HTTP/1.1" 200 14
DEBUG:selenium.webdriver.remote.remote_connection:Finished Request
DEBUG:selenium.webdriver.remote.remote_connection:POST http://127.0.0.1:65247/session/23d8971a9014ec56bf0657ce40cebb8c/execute/sync {"script": "return window.scrollY", "args": []}
DEBUG:urllib3.connectionpool:http://127.0.0.1:65247 "POST /session/23d8971a9014ec56bf0657ce40cebb8c/execute/sync HTTP/1.1" 200 13
DEBUG:selenium.webdriver.remote.remote_connection:Finished Request
DEBUG:selenium.webdriver.remote.remote_connection:POST http://127.0.0.1:65247/session/23d8971a9014ec56bf0657ce40cebb8c/execute/sync {"script": "window.scrollTo(738, 1800)", "args": []}
DEBUG:urllib3.connectionpool:http://127.0.0.1:65247 "POST /session/23d8971a9014ec56bf0657ce40cebb8c/execute/sync HTTP/1.1" 200 14
DEBUG:selenium.webdriver.remote.remote_connection:Finished Request
DEBUG:selenium.webdriver.remote.remote_connection:POST http://127.0.0.1:65247/session/23d8971a9014ec56bf0657ce40cebb8c/execute/sync {"script": "return window.scrollY", "args": []}
DEBUG:urllib3.connectionpool:http://127.0.0.1:65247 "POST /session/23d8971a9014ec56bf0657ce40cebb8c/execute/sync HTTP/1.1" 200 14
DEBUG:selenium.webdriver.remote.remote_connection:Finished Request
DEBUG:selenium.webdriver.remote.remote_connection:POST http://127.0.0.1:65247/session/23d8971a9014ec56bf0657ce40cebb8c/execute/sync {"script": "window.scrollTo(1800, 1238)", "args": []}
DEBUG:urllib3.connectionpool:http://127.0.0.1:65247 "POST /session/23d8971a9014ec56bf0657ce40cebb8c/execute/sync HTTP/1.1" 200 14
DEBUG:selenium.webdriver.remote.remote_connection:Finished Request
DEBUG:selenium.webdriver.remote.remote_connection:GET http://127.0.0.1:65247/session/23d8971a9014ec56bf0657ce40cebb8c/source {}
DEBUG:urllib3.connectionpool:http://127.0.0.1:65247 "GET /session/23d8971a9014ec56bf0657ce40cebb8c/source HTTP/1.1" 200 658346
DEBUG:selenium.webdriver.remote.remote_connection:Finished Request
DEBUG:selenium.webdriver.remote.remote_connection:DELETE http://127.0.0.1:65247/session/23d8971a9014ec56bf0657ce40cebb8c/window {}
DEBUG:urllib3.connectionpool:http://127.0.0.1:65247 "DELETE /session/23d8971a9014ec56bf0657ce40cebb8c/window HTTP/1.1" 200 14
DEBUG:selenium.webdriver.remote.remote_connection:Finished Request
DEBUG:selenium.webdriver.remote.remote_connection:POST http://127.0.0.1:61101/session {"capabilities": {"firstMatch": [{}], "alwaysMatch": {"browserName": "chrome", "platformName": "any", "goog:chromeOptions": {"extensions": [], "args": []}}}, "desiredCapabilities": {"browserName": "chrome", "version": "", "platform": "ANY", "goog:chromeOptions": {"extensions": [], "args": []}}}
DEBUG:urllib3.connectionpool:Starting new HTTP connection (1): 127.0.0.1:61101
DEBUG:urllib3.connectionpool:http://127.0.0.1:61101 "POST /session HTTP/1.1" 200 683
DEBUG:selenium.webdriver.remote.remote_connection:Finished Request
DEBUG:selenium.webdriver.remote.remote_connection:POST http://127.0.0.1:61101/session/50834f799e2e6f83de24aa6db89d14e7/window/maximize {}
DEBUG:urllib3.connectionpool:http://127.0.0.1:61101 "POST /session/50834f799e2e6f83de24aa6db89d14e7/window/maximize HTTP/1.1" 200 51
DEBUG:selenium.webdriver.remote.remote_connection:Finished Request
DEBUG:selenium.webdriver.remote.remote_connection:POST http://127.0.0.1:61101/session/50834f799e2e6f83de24aa6db89d14e7/url {"url": "https://www.cmegroup.com/trading/energy/refined-products/rbob-gasoline.html"}
DEBUG:urllib3.connectionpool:http://127.0.0.1:61101 "POST /session/50834f799e2e6f83de24aa6db89d14e7/url HTTP/1.1" 200 14
DEBUG:selenium.webdriver.remote.remote_connection:Finished Request
DEBUG:selenium.webdriver.remote.remote_connection:POST http://127.0.0.1:61101/session/50834f799e2e6f83de24aa6db89d14e7/execute/sync {"script": "return document.body.scrollHeight", "args": []}
DEBUG:urllib3.connectionpool:http://127.0.0.1:61101 "POST /session/50834f799e2e6f83de24aa6db89d14e7/execute/sync HTTP/1.1" 200 14
DEBUG:selenium.webdriver.remote.remote_connection:Finished Request
DEBUG:selenium.webdriver.remote.remote_connection:POST http://127.0.0.1:61101/session/50834f799e2e6f83de24aa6db89d14e7/execute/sync {"script": "return window.scrollY", "args": []}
DEBUG:urllib3.connectionpool:http://127.0.0.1:61101 "POST /session/50834f799e2e6f83de24aa6db89d14e7/execute/sync HTTP/1.1" 200 11
DEBUG:selenium.webdriver.remote.remote_connection:Finished Request
DEBUG:selenium.webdriver.remote.remote_connection:POST http://127.0.0.1:61101/session/50834f799e2e6f83de24aa6db89d14e7/execute/sync {"script": "window.scrollTo(0, 747)", "args": []}
DEBUG:urllib3.connectionpool:http://127.0.0.1:61101 "POST /session/50834f799e2e6f83de24aa6db89d14e7/execute/sync HTTP/1.1" 200 14
DEBUG:selenium.webdriver.remote.remote_connection:Finished Request
DEBUG:selenium.webdriver.remote.remote_connection:POST http://127.0.0.1:61101/session/50834f799e2e6f83de24aa6db89d14e7/execute/sync {"script": "return window.scrollY", "args": []}
DEBUG:urllib3.connectionpool:http://127.0.0.1:61101 "POST /session/50834f799e2e6f83de24aa6db89d14e7/execute/sync HTTP/1.1" 200 13
DEBUG:selenium.webdriver.remote.remote_connection:Finished Request
DEBUG:selenium.webdriver.remote.remote_connection:POST http://127.0.0.1:61101/session/50834f799e2e6f83de24aa6db89d14e7/execute/sync {"script": "window.scrollTo(747, 181)", "args": []}
DEBUG:urllib3.connectionpool:http://127.0.0.1:61101 "POST /session/50834f799e2e6f83de24aa6db89d14e7/execute/sync HTTP/1.1" 200 14
DEBUG:selenium.webdriver.remote.remote_connection:Finished Request
DEBUG:selenium.webdriver.remote.remote_connection:POST http://127.0.0.1:61101/session/50834f799e2e6f83de24aa6db89d14e7/execute/sync {"script": "return window.scrollY", "args": []}
DEBUG:urllib3.connectionpool:http://127.0.0.1:61101 "POST /session/50834f799e2e6f83de24aa6db89d14e7/execute/sync HTTP/1.1" 200 13
DEBUG:selenium.webdriver.remote.remote_connection:Finished Request
DEBUG:selenium.webdriver.remote.remote_connection:POST http://127.0.0.1:61101/session/50834f799e2e6f83de24aa6db89d14e7/execute/sync {"script": "window.scrollTo(181, 1014)", "args": []}
DEBUG:urllib3.connectionpool:http://127.0.0.1:61101 "POST /session/50834f799e2e6f83de24aa6db89d14e7/execute/sync HTTP/1.1" 200 14
DEBUG:selenium.webdriver.remote.remote_connection:Finished Request
DEBUG:selenium.webdriver.remote.remote_connection:POST http://127.0.0.1:61101/session/50834f799e2e6f83de24aa6db89d14e7/execute/sync {"script": "return window.scrollY", "args": []}
DEBUG:urllib3.connectionpool:http://127.0.0.1:61101 "POST /session/50834f799e2e6f83de24aa6db89d14e7/execute/sync HTTP/1.1" 200 14
DEBUG:selenium.webdriver.remote.remote_connection:Finished Request
DEBUG:selenium.webdriver.remote.remote_connection:POST http://127.0.0.1:61101/session/50834f799e2e6f83de24aa6db89d14e7/execute/sync {"script": "window.scrollTo(1014, 1791)", "args": []}
DEBUG:urllib3.connectionpool:http://127.0.0.1:61101 "POST /session/50834f799e2e6f83de24aa6db89d14e7/execute/sync HTTP/1.1" 200 14
DEBUG:selenium.webdriver.remote.remote_connection:Finished Request
DEBUG:selenium.webdriver.remote.remote_connection:GET http://127.0.0.1:61101/session/50834f799e2e6f83de24aa6db89d14e7/source {}
DEBUG:urllib3.connectionpool:http://127.0.0.1:61101 "GET /session/50834f799e2e6f83de24aa6db89d14e7/source HTTP/1.1" 200 558133
DEBUG:selenium.webdriver.remote.remote_connection:Finished Request
DEBUG:selenium.webdriver.remote.remote_connection:POST http://127.0.0.1:61101/session/50834f799e2e6f83de24aa6db89d14e7/url {"url": "https://www.cmegroup.com/trading/energy/crude-oil/light-sweet-crude_quotes_globex.html"}
DEBUG:urllib3.connectionpool:http://127.0.0.1:61101 "POST /session/50834f799e2e6f83de24aa6db89d14e7/url HTTP/1.1" 200 14
DEBUG:selenium.webdriver.remote.remote_connection:Finished Request
DEBUG:selenium.webdriver.remote.remote_connection:POST http://127.0.0.1:61101/session/50834f799e2e6f83de24aa6db89d14e7/execute/sync {"script": "return document.body.scrollHeight", "args": []}
DEBUG:urllib3.connectionpool:http://127.0.0.1:61101 "POST /session/50834f799e2e6f83de24aa6db89d14e7/execute/sync HTTP/1.1" 200 14
DEBUG:selenium.webdriver.remote.remote_connection:Finished Request
DEBUG:selenium.webdriver.remote.remote_connection:POST http://127.0.0.1:61101/session/50834f799e2e6f83de24aa6db89d14e7/execute/sync {"script": "return window.scrollY", "args": []}
DEBUG:urllib3.connectionpool:http://127.0.0.1:61101 "POST /session/50834f799e2e6f83de24aa6db89d14e7/execute/sync HTTP/1.1" 200 11
DEBUG:selenium.webdriver.remote.remote_connection:Finished Request
DEBUG:selenium.webdriver.remote.remote_connection:POST http://127.0.0.1:61101/session/50834f799e2e6f83de24aa6db89d14e7/execute/sync {"script": "window.scrollTo(0, 1019)", "args": []}
DEBUG:urllib3.connectionpool:http://127.0.0.1:61101 "POST /session/50834f799e2e6f83de24aa6db89d14e7/execute/sync HTTP/1.1" 200 14
DEBUG:selenium.webdriver.remote.remote_connection:Finished Request
DEBUG:selenium.webdriver.remote.remote_connection:POST http://127.0.0.1:61101/session/50834f799e2e6f83de24aa6db89d14e7/execute/sync {"script": "return window.scrollY", "args": []}
DEBUG:urllib3.connectionpool:http://127.0.0.1:61101 "POST /session/50834f799e2e6f83de24aa6db89d14e7/execute/sync HTTP/1.1" 200 14
DEBUG:selenium.webdriver.remote.remote_connection:Finished Request
DEBUG:selenium.webdriver.remote.remote_connection:POST http://127.0.0.1:61101/session/50834f799e2e6f83de24aa6db89d14e7/execute/sync {"script": "window.scrollTo(1019, 74)", "args": []}
DEBUG:urllib3.connectionpool:http://127.0.0.1:61101 "POST /session/50834f799e2e6f83de24aa6db89d14e7/execute/sync HTTP/1.1" 200 14
DEBUG:selenium.webdriver.remote.remote_connection:Finished Request
DEBUG:selenium.webdriver.remote.remote_connection:GET http://127.0.0.1:61101/session/50834f799e2e6f83de24aa6db89d14e7/source {}
DEBUG:urllib3.connectionpool:http://127.0.0.1:61101 "GET /session/50834f799e2e6f83de24aa6db89d14e7/source HTTP/1.1" 200 752506
DEBUG:selenium.webdriver.remote.remote_connection:Finished Request
DEBUG:selenium.webdriver.remote.remote_connection:POST http://127.0.0.1:61101/session/50834f799e2e6f83de24aa6db89d14e7/url {"url": "https://www.cmegroup.com/trading/energy/refined-products/gulf-coast-ultra-low-sulfur-diesel-usld-platts-calendar-swap.html"}
DEBUG:urllib3.connectionpool:http://127.0.0.1:61101 "POST /session/50834f799e2e6f83de24aa6db89d14e7/url HTTP/1.1" 200 14
DEBUG:selenium.webdriver.remote.remote_connection:Finished Request
DEBUG:selenium.webdriver.remote.remote_connection:POST http://127.0.0.1:61101/session/50834f799e2e6f83de24aa6db89d14e7/execute/sync {"script": "return document.body.scrollHeight", "args": []}
DEBUG:urllib3.connectionpool:http://127.0.0.1:61101 "POST /session/50834f799e2e6f83de24aa6db89d14e7/execute/sync HTTP/1.1" 200 14
DEBUG:selenium.webdriver.remote.remote_connection:Finished Request
DEBUG:selenium.webdriver.remote.remote_connection:POST http://127.0.0.1:61101/session/50834f799e2e6f83de24aa6db89d14e7/execute/sync {"script": "return window.scrollY", "args": []}
DEBUG:urllib3.connectionpool:http://127.0.0.1:61101 "POST /session/50834f799e2e6f83de24aa6db89d14e7/execute/sync HTTP/1.1" 200 11
DEBUG:selenium.webdriver.remote.remote_connection:Finished Request
DEBUG:selenium.webdriver.remote.remote_connection:POST http://127.0.0.1:61101/session/50834f799e2e6f83de24aa6db89d14e7/execute/sync {"script": "window.scrollTo(0, 715)", "args": []}
DEBUG:urllib3.connectionpool:http://127.0.0.1:61101 "POST /session/50834f799e2e6f83de24aa6db89d14e7/execute/sync HTTP/1.1" 200 14
DEBUG:selenium.webdriver.remote.remote_connection:Finished Request
DEBUG:selenium.webdriver.remote.remote_connection:GET http://127.0.0.1:61101/session/50834f799e2e6f83de24aa6db89d14e7/source {}
DEBUG:urllib3.connectionpool:http://127.0.0.1:61101 "GET /session/50834f799e2e6f83de24aa6db89d14e7/source HTTP/1.1" 200 563129
DEBUG:selenium.webdriver.remote.remote_connection:Finished Request
DEBUG:selenium.webdriver.remote.remote_connection:POST http://127.0.0.1:61101/session/50834f799e2e6f83de24aa6db89d14e7/url {"url": "https://www.cmegroup.com/trading/energy/crude-oil/brent-crude-oil.html"}
DEBUG:urllib3.connectionpool:http://127.0.0.1:61101 "POST /session/50834f799e2e6f83de24aa6db89d14e7/url HTTP/1.1" 200 14
DEBUG:selenium.webdriver.remote.remote_connection:Finished Request
DEBUG:selenium.webdriver.remote.remote_connection:POST http://127.0.0.1:61101/session/50834f799e2e6f83de24aa6db89d14e7/execute/sync {"script": "return document.body.scrollHeight", "args": []}
DEBUG:urllib3.connectionpool:http://127.0.0.1:61101 "POST /session/50834f799e2e6f83de24aa6db89d14e7/execute/sync HTTP/1.1" 200 14
DEBUG:selenium.webdriver.remote.remote_connection:Finished Request
DEBUG:selenium.webdriver.remote.remote_connection:POST http://127.0.0.1:61101/session/50834f799e2e6f83de24aa6db89d14e7/execute/sync {"script": "return window.scrollY", "args": []}
DEBUG:urllib3.connectionpool:http://127.0.0.1:61101 "POST /session/50834f799e2e6f83de24aa6db89d14e7/execute/sync HTTP/1.1" 200 11
DEBUG:selenium.webdriver.remote.remote_connection:Finished Request
DEBUG:selenium.webdriver.remote.remote_connection:POST http://127.0.0.1:61101/session/50834f799e2e6f83de24aa6db89d14e7/execute/sync {"script": "window.scrollTo(0, 662)", "args": []}
DEBUG:urllib3.connectionpool:http://127.0.0.1:61101 "POST /session/50834f799e2e6f83de24aa6db89d14e7/execute/sync HTTP/1.1" 200 14
DEBUG:selenium.webdriver.remote.remote_connection:Finished Request
DEBUG:selenium.webdriver.remote.remote_connection:POST http://127.0.0.1:61101/session/50834f799e2e6f83de24aa6db89d14e7/execute/sync {"script": "return window.scrollY", "args": []}
DEBUG:urllib3.connectionpool:http://127.0.0.1:61101 "POST /session/50834f799e2e6f83de24aa6db89d14e7/execute/sync HTTP/1.1" 200 13
DEBUG:selenium.webdriver.remote.remote_connection:Finished Request
DEBUG:selenium.webdriver.remote.remote_connection:POST http://127.0.0.1:61101/session/50834f799e2e6f83de24aa6db89d14e7/execute/sync {"script": "window.scrollTo(662, 1286)", "args": []}
DEBUG:urllib3.connectionpool:http://127.0.0.1:61101 "POST /session/50834f799e2e6f83de24aa6db89d14e7/execute/sync HTTP/1.1" 200 14
DEBUG:selenium.webdriver.remote.remote_connection:Finished Request
DEBUG:selenium.webdriver.remote.remote_connection:POST http://127.0.0.1:61101/session/50834f799e2e6f83de24aa6db89d14e7/execute/sync {"script": "return window.scrollY", "args": []}
DEBUG:urllib3.connectionpool:http://127.0.0.1:61101 "POST /session/50834f799e2e6f83de24aa6db89d14e7/execute/sync HTTP/1.1" 200 14
DEBUG:selenium.webdriver.remote.remote_connection:Finished Request
DEBUG:selenium.webdriver.remote.remote_connection:POST http://127.0.0.1:61101/session/50834f799e2e6f83de24aa6db89d14e7/execute/sync {"script": "window.scrollTo(1286, 2353)", "args": []}
DEBUG:urllib3.connectionpool:http://127.0.0.1:61101 "POST /session/50834f799e2e6f83de24aa6db89d14e7/execute/sync HTTP/1.1" 200 14
DEBUG:selenium.webdriver.remote.remote_connection:Finished Request
DEBUG:selenium.webdriver.remote.remote_connection:GET http://127.0.0.1:61101/session/50834f799e2e6f83de24aa6db89d14e7/source {}
DEBUG:urllib3.connectionpool:http://127.0.0.1:61101 "GET /session/50834f799e2e6f83de24aa6db89d14e7/source HTTP/1.1" 200 657709
DEBUG:selenium.webdriver.remote.remote_connection:Finished Request
DEBUG:selenium.webdriver.remote.remote_connection:POST http://127.0.0.1:61101/session/50834f799e2e6f83de24aa6db89d14e7/url {"url": "https://www.cmegroup.com/trading/energy/refined-products/heating-oil.html"}
DEBUG:urllib3.connectionpool:http://127.0.0.1:61101 "POST /session/50834f799e2e6f83de24aa6db89d14e7/url HTTP/1.1" 200 14
DEBUG:selenium.webdriver.remote.remote_connection:Finished Request
DEBUG:selenium.webdriver.remote.remote_connection:POST http://127.0.0.1:61101/session/50834f799e2e6f83de24aa6db89d14e7/execute/sync {"script": "return document.body.scrollHeight", "args": []}
DEBUG:urllib3.connectionpool:http://127.0.0.1:61101 "POST /session/50834f799e2e6f83de24aa6db89d14e7/execute/sync HTTP/1.1" 200 14
DEBUG:selenium.webdriver.remote.remote_connection:Finished Request
DEBUG:selenium.webdriver.remote.remote_connection:POST http://127.0.0.1:61101/session/50834f799e2e6f83de24aa6db89d14e7/execute/sync {"script": "return window.scrollY", "args": []}
DEBUG:urllib3.connectionpool:http://127.0.0.1:61101 "POST /session/50834f799e2e6f83de24aa6db89d14e7/execute/sync HTTP/1.1" 200 11
DEBUG:selenium.webdriver.remote.remote_connection:Finished Request
DEBUG:selenium.webdriver.remote.remote_connection:POST http://127.0.0.1:61101/session/50834f799e2e6f83de24aa6db89d14e7/execute/sync {"script": "window.scrollTo(0, 1043)", "args": []}
DEBUG:urllib3.connectionpool:http://127.0.0.1:61101 "POST /session/50834f799e2e6f83de24aa6db89d14e7/execute/sync HTTP/1.1" 200 14
DEBUG:selenium.webdriver.remote.remote_connection:Finished Request
DEBUG:selenium.webdriver.remote.remote_connection:POST http://127.0.0.1:61101/session/50834f799e2e6f83de24aa6db89d14e7/execute/sync {"script": "return window.scrollY", "args": []}
DEBUG:urllib3.connectionpool:http://127.0.0.1:61101 "POST /session/50834f799e2e6f83de24aa6db89d14e7/execute/sync HTTP/1.1" 200 14
DEBUG:selenium.webdriver.remote.remote_connection:Finished Request
DEBUG:selenium.webdriver.remote.remote_connection:POST http://127.0.0.1:61101/session/50834f799e2e6f83de24aa6db89d14e7/execute/sync {"script": "window.scrollTo(1043, 411)", "args": []}
DEBUG:urllib3.connectionpool:http://127.0.0.1:61101 "POST /session/50834f799e2e6f83de24aa6db89d14e7/execute/sync HTTP/1.1" 200 14
DEBUG:selenium.webdriver.remote.remote_connection:Finished Request
DEBUG:selenium.webdriver.remote.remote_connection:GET http://127.0.0.1:61101/session/50834f799e2e6f83de24aa6db89d14e7/source {}
DEBUG:urllib3.connectionpool:http://127.0.0.1:61101 "GET /session/50834f799e2e6f83de24aa6db89d14e7/source HTTP/1.1" 200 557875
DEBUG:selenium.webdriver.remote.remote_connection:Finished Request
DEBUG:selenium.webdriver.remote.remote_connection:POST http://127.0.0.1:61101/session/50834f799e2e6f83de24aa6db89d14e7/url {"url": "https://www.cmegroup.com/trading/energy/refined-products/gulf-coast-no-6-fuel-oil-30pct-sulfur-platts-swap.html"}
DEBUG:urllib3.connectionpool:http://127.0.0.1:61101 "POST /session/50834f799e2e6f83de24aa6db89d14e7/url HTTP/1.1" 200 14
DEBUG:selenium.webdriver.remote.remote_connection:Finished Request
DEBUG:selenium.webdriver.remote.remote_connection:POST http://127.0.0.1:61101/session/50834f799e2e6f83de24aa6db89d14e7/execute/sync {"script": "return document.body.scrollHeight", "args": []}
DEBUG:urllib3.connectionpool:http://127.0.0.1:61101 "POST /session/50834f799e2e6f83de24aa6db89d14e7/execute/sync HTTP/1.1" 200 14
DEBUG:selenium.webdriver.remote.remote_connection:Finished Request
DEBUG:selenium.webdriver.remote.remote_connection:POST http://127.0.0.1:61101/session/50834f799e2e6f83de24aa6db89d14e7/execute/sync {"script": "return window.scrollY", "args": []}
DEBUG:urllib3.connectionpool:http://127.0.0.1:61101 "POST /session/50834f799e2e6f83de24aa6db89d14e7/execute/sync HTTP/1.1" 200 11
DEBUG:selenium.webdriver.remote.remote_connection:Finished Request
DEBUG:selenium.webdriver.remote.remote_connection:POST http://127.0.0.1:61101/session/50834f799e2e6f83de24aa6db89d14e7/execute/sync {"script": "window.scrollTo(0, 566)", "args": []}
DEBUG:urllib3.connectionpool:http://127.0.0.1:61101 "POST /session/50834f799e2e6f83de24aa6db89d14e7/execute/sync HTTP/1.1" 200 14
DEBUG:selenium.webdriver.remote.remote_connection:Finished Request
DEBUG:selenium.webdriver.remote.remote_connection:POST http://127.0.0.1:61101/session/50834f799e2e6f83de24aa6db89d14e7/execute/sync {"script": "return window.scrollY", "args": []}
DEBUG:urllib3.connectionpool:http://127.0.0.1:61101 "POST /session/50834f799e2e6f83de24aa6db89d14e7/execute/sync HTTP/1.1" 200 13
DEBUG:selenium.webdriver.remote.remote_connection:Finished Request
DEBUG:selenium.webdriver.remote.remote_connection:POST http://127.0.0.1:61101/session/50834f799e2e6f83de24aa6db89d14e7/execute/sync {"script": "window.scrollTo(566, 1593)", "args": []}
DEBUG:urllib3.connectionpool:http://127.0.0.1:61101 "POST /session/50834f799e2e6f83de24aa6db89d14e7/execute/sync HTTP/1.1" 200 14
DEBUG:selenium.webdriver.remote.remote_connection:Finished Request
DEBUG:selenium.webdriver.remote.remote_connection:POST http://127.0.0.1:61101/session/50834f799e2e6f83de24aa6db89d14e7/execute/sync {"script": "return window.scrollY", "args": []}
DEBUG:urllib3.connectionpool:http://127.0.0.1:61101 "POST /session/50834f799e2e6f83de24aa6db89d14e7/execute/sync HTTP/1.1" 200 14
DEBUG:selenium.webdriver.remote.remote_connection:Finished Request
DEBUG:selenium.webdriver.remote.remote_connection:POST http://127.0.0.1:61101/session/50834f799e2e6f83de24aa6db89d14e7/execute/sync {"script": "window.scrollTo(1593, 659)", "args": []}
DEBUG:urllib3.connectionpool:http://127.0.0.1:61101 "POST /session/50834f799e2e6f83de24aa6db89d14e7/execute/sync HTTP/1.1" 200 14
DEBUG:selenium.webdriver.remote.remote_connection:Finished Request
DEBUG:selenium.webdriver.remote.remote_connection:GET http://127.0.0.1:61101/session/50834f799e2e6f83de24aa6db89d14e7/source {}
DEBUG:urllib3.connectionpool:http://127.0.0.1:61101 "GET /session/50834f799e2e6f83de24aa6db89d14e7/source HTTP/1.1" 200 580317
DEBUG:selenium.webdriver.remote.remote_connection:Finished Request
DEBUG:selenium.webdriver.remote.remote_connection:DELETE http://127.0.0.1:61101/session/50834f799e2e6f83de24aa6db89d14e7/window {}
DEBUG:urllib3.connectionpool:http://127.0.0.1:61101 "DELETE /session/50834f799e2e6f83de24aa6db89d14e7/window HTTP/1.1" 200 14
DEBUG:selenium.webdriver.remote.remote_connection:Finished Request
DEBUG:selenium.webdriver.remote.remote_connection:POST http://127.0.0.1:55650/session {"capabilities": {"firstMatch": [{}], "alwaysMatch": {"browserName": "chrome", "platformName": "any", "goog:chromeOptions": {"extensions": [], "args": []}}}, "desiredCapabilities": {"browserName": "chrome", "version": "", "platform": "ANY", "goog:chromeOptions": {"extensions": [], "args": []}}}
DEBUG:urllib3.connectionpool:Starting new HTTP connection (1): 127.0.0.1:55650
DEBUG:urllib3.connectionpool:http://127.0.0.1:55650 "POST /session HTTP/1.1" 200 681
DEBUG:selenium.webdriver.remote.remote_connection:Finished Request
DEBUG:selenium.webdriver.remote.remote_connection:POST http://127.0.0.1:55650/session/bfd69eb14368c59498c74dae5a726559/window/maximize {}
DEBUG:urllib3.connectionpool:http://127.0.0.1:55650 "POST /session/bfd69eb14368c59498c74dae5a726559/window/maximize HTTP/1.1" 200 51
DEBUG:selenium.webdriver.remote.remote_connection:Finished Request
DEBUG:selenium.webdriver.remote.remote_connection:POST http://127.0.0.1:55650/session/bfd69eb14368c59498c74dae5a726559/url {"url": "https://www.cmegroup.com/trading/energy/refined-products/heating-oil.html"}
DEBUG:urllib3.connectionpool:http://127.0.0.1:55650 "POST /session/bfd69eb14368c59498c74dae5a726559/url HTTP/1.1" 200 14
DEBUG:selenium.webdriver.remote.remote_connection:Finished Request
DEBUG:selenium.webdriver.remote.remote_connection:POST http://127.0.0.1:55650/session/bfd69eb14368c59498c74dae5a726559/execute/sync {"script": "return document.body.scrollHeight", "args": []}
DEBUG:urllib3.connectionpool:http://127.0.0.1:55650 "POST /session/bfd69eb14368c59498c74dae5a726559/execute/sync HTTP/1.1" 200 14
DEBUG:selenium.webdriver.remote.remote_connection:Finished Request
DEBUG:selenium.webdriver.remote.remote_connection:POST http://127.0.0.1:55650/session/bfd69eb14368c59498c74dae5a726559/execute/sync {"script": "return window.scrollY", "args": []}
DEBUG:urllib3.connectionpool:http://127.0.0.1:55650 "POST /session/bfd69eb14368c59498c74dae5a726559/execute/sync HTTP/1.1" 200 11
DEBUG:selenium.webdriver.remote.remote_connection:Finished Request
DEBUG:selenium.webdriver.remote.remote_connection:POST http://127.0.0.1:55650/session/bfd69eb14368c59498c74dae5a726559/execute/sync {"script": "window.scrollTo(0, 736)", "args": []}
DEBUG:urllib3.connectionpool:http://127.0.0.1:55650 "POST /session/bfd69eb14368c59498c74dae5a726559/execute/sync HTTP/1.1" 200 14
DEBUG:selenium.webdriver.remote.remote_connection:Finished Request
DEBUG:selenium.webdriver.remote.remote_connection:POST http://127.0.0.1:55650/session/bfd69eb14368c59498c74dae5a726559/execute/sync {"script": "return window.scrollY", "args": []}
DEBUG:urllib3.connectionpool:http://127.0.0.1:55650 "POST /session/bfd69eb14368c59498c74dae5a726559/execute/sync HTTP/1.1" 200 13
DEBUG:selenium.webdriver.remote.remote_connection:Finished Request
DEBUG:selenium.webdriver.remote.remote_connection:POST http://127.0.0.1:55650/session/bfd69eb14368c59498c74dae5a726559/execute/sync {"script": "window.scrollTo(736, 1678)", "args": []}
DEBUG:urllib3.connectionpool:http://127.0.0.1:55650 "POST /session/bfd69eb14368c59498c74dae5a726559/execute/sync HTTP/1.1" 200 14
DEBUG:selenium.webdriver.remote.remote_connection:Finished Request
DEBUG:selenium.webdriver.remote.remote_connection:POST http://127.0.0.1:55650/session/bfd69eb14368c59498c74dae5a726559/execute/sync {"script": "return window.scrollY", "args": []}
DEBUG:urllib3.connectionpool:http://127.0.0.1:55650 "POST /session/bfd69eb14368c59498c74dae5a726559/execute/sync HTTP/1.1" 200 14
DEBUG:selenium.webdriver.remote.remote_connection:Finished Request
DEBUG:selenium.webdriver.remote.remote_connection:POST http://127.0.0.1:55650/session/bfd69eb14368c59498c74dae5a726559/execute/sync {"script": "window.scrollTo(1678, 950)", "args": []}
DEBUG:urllib3.connectionpool:http://127.0.0.1:55650 "POST /session/bfd69eb14368c59498c74dae5a726559/execute/sync HTTP/1.1" 200 14
DEBUG:selenium.webdriver.remote.remote_connection:Finished Request
DEBUG:selenium.webdriver.remote.remote_connection:GET http://127.0.0.1:55650/session/bfd69eb14368c59498c74dae5a726559/source {}
DEBUG:urllib3.connectionpool:http://127.0.0.1:55650 "GET /session/bfd69eb14368c59498c74dae5a726559/source HTTP/1.1" 200 436651
DEBUG:selenium.webdriver.remote.remote_connection:Finished Request
DEBUG:selenium.webdriver.remote.remote_connection:POST http://127.0.0.1:55650/session/bfd69eb14368c59498c74dae5a726559/url {"url": "https://www.cmegroup.com/trading/energy/refined-products/gulf-coast-no-6-fuel-oil-30pct-sulfur-platts-swap.html"}
DEBUG:urllib3.connectionpool:http://127.0.0.1:55650 "POST /session/bfd69eb14368c59498c74dae5a726559/url HTTP/1.1" 200 14
DEBUG:selenium.webdriver.remote.remote_connection:Finished Request
DEBUG:selenium.webdriver.remote.remote_connection:POST http://127.0.0.1:55650/session/bfd69eb14368c59498c74dae5a726559/execute/sync {"script": "return document.body.scrollHeight", "args": []}
DEBUG:urllib3.connectionpool:http://127.0.0.1:55650 "POST /session/bfd69eb14368c59498c74dae5a726559/execute/sync HTTP/1.1" 200 14
DEBUG:selenium.webdriver.remote.remote_connection:Finished Request
DEBUG:selenium.webdriver.remote.remote_connection:POST http://127.0.0.1:55650/session/bfd69eb14368c59498c74dae5a726559/execute/sync {"script": "return window.scrollY", "args": []}
DEBUG:urllib3.connectionpool:http://127.0.0.1:55650 "POST /session/bfd69eb14368c59498c74dae5a726559/execute/sync HTTP/1.1" 200 11
DEBUG:selenium.webdriver.remote.remote_connection:Finished Request
DEBUG:selenium.webdriver.remote.remote_connection:POST http://127.0.0.1:55650/session/bfd69eb14368c59498c74dae5a726559/execute/sync {"script": "window.scrollTo(0, 651)", "args": []}
DEBUG:urllib3.connectionpool:http://127.0.0.1:55650 "POST /session/bfd69eb14368c59498c74dae5a726559/execute/sync HTTP/1.1" 200 14
DEBUG:selenium.webdriver.remote.remote_connection:Finished Request
DEBUG:selenium.webdriver.remote.remote_connection:POST http://127.0.0.1:55650/session/bfd69eb14368c59498c74dae5a726559/execute/sync {"script": "return window.scrollY", "args": []}
DEBUG:urllib3.connectionpool:http://127.0.0.1:55650 "POST /session/bfd69eb14368c59498c74dae5a726559/execute/sync HTTP/1.1" 200 13
DEBUG:selenium.webdriver.remote.remote_connection:Finished Request
DEBUG:selenium.webdriver.remote.remote_connection:POST http://127.0.0.1:55650/session/bfd69eb14368c59498c74dae5a726559/execute/sync {"script": "window.scrollTo(651, 34)", "args": []}
DEBUG:urllib3.connectionpool:http://127.0.0.1:55650 "POST /session/bfd69eb14368c59498c74dae5a726559/execute/sync HTTP/1.1" 200 14
DEBUG:selenium.webdriver.remote.remote_connection:Finished Request
DEBUG:selenium.webdriver.remote.remote_connection:POST http://127.0.0.1:55650/session/bfd69eb14368c59498c74dae5a726559/execute/sync {"script": "return window.scrollY", "args": []}
DEBUG:urllib3.connectionpool:http://127.0.0.1:55650 "POST /session/bfd69eb14368c59498c74dae5a726559/execute/sync HTTP/1.1" 200 12
DEBUG:selenium.webdriver.remote.remote_connection:Finished Request
DEBUG:selenium.webdriver.remote.remote_connection:POST http://127.0.0.1:55650/session/bfd69eb14368c59498c74dae5a726559/execute/sync {"script": "window.scrollTo(34, 827)", "args": []}
DEBUG:urllib3.connectionpool:http://127.0.0.1:55650 "POST /session/bfd69eb14368c59498c74dae5a726559/execute/sync HTTP/1.1" 200 14
DEBUG:selenium.webdriver.remote.remote_connection:Finished Request
DEBUG:selenium.webdriver.remote.remote_connection:GET http://127.0.0.1:55650/session/bfd69eb14368c59498c74dae5a726559/source {}
DEBUG:urllib3.connectionpool:http://127.0.0.1:55650 "GET /session/bfd69eb14368c59498c74dae5a726559/source HTTP/1.1" 200 580287
DEBUG:selenium.webdriver.remote.remote_connection:Finished Request
DEBUG:selenium.webdriver.remote.remote_connection:POST http://127.0.0.1:55650/session/bfd69eb14368c59498c74dae5a726559/url {"url": "https://www.cmegroup.com/trading/energy/refined-products/rbob-gasoline.html"}
DEBUG:urllib3.connectionpool:http://127.0.0.1:55650 "POST /session/bfd69eb14368c59498c74dae5a726559/url HTTP/1.1" 200 14
DEBUG:selenium.webdriver.remote.remote_connection:Finished Request
DEBUG:selenium.webdriver.remote.remote_connection:POST http://127.0.0.1:55650/session/bfd69eb14368c59498c74dae5a726559/execute/sync {"script": "return document.body.scrollHeight", "args": []}
DEBUG:urllib3.connectionpool:http://127.0.0.1:55650 "POST /session/bfd69eb14368c59498c74dae5a726559/execute/sync HTTP/1.1" 200 14
DEBUG:selenium.webdriver.remote.remote_connection:Finished Request
DEBUG:selenium.webdriver.remote.remote_connection:POST http://127.0.0.1:55650/session/bfd69eb14368c59498c74dae5a726559/execute/sync {"script": "return window.scrollY", "args": []}
DEBUG:urllib3.connectionpool:http://127.0.0.1:55650 "POST /session/bfd69eb14368c59498c74dae5a726559/execute/sync HTTP/1.1" 200 11
DEBUG:selenium.webdriver.remote.remote_connection:Finished Request
DEBUG:selenium.webdriver.remote.remote_connection:POST http://127.0.0.1:55650/session/bfd69eb14368c59498c74dae5a726559/execute/sync {"script": "window.scrollTo(0, 944)", "args": []}
DEBUG:urllib3.connectionpool:http://127.0.0.1:55650 "POST /session/bfd69eb14368c59498c74dae5a726559/execute/sync HTTP/1.1" 200 14
DEBUG:selenium.webdriver.remote.remote_connection:Finished Request
DEBUG:selenium.webdriver.remote.remote_connection:POST http://127.0.0.1:55650/session/bfd69eb14368c59498c74dae5a726559/execute/sync {"script": "return window.scrollY", "args": []}
DEBUG:urllib3.connectionpool:http://127.0.0.1:55650 "POST /session/bfd69eb14368c59498c74dae5a726559/execute/sync HTTP/1.1" 200 13
DEBUG:selenium.webdriver.remote.remote_connection:Finished Request
DEBUG:selenium.webdriver.remote.remote_connection:POST http://127.0.0.1:55650/session/bfd69eb14368c59498c74dae5a726559/execute/sync {"script": "window.scrollTo(944, 364)", "args": []}
DEBUG:urllib3.connectionpool:http://127.0.0.1:55650 "POST /session/bfd69eb14368c59498c74dae5a726559/execute/sync HTTP/1.1" 200 14
DEBUG:selenium.webdriver.remote.remote_connection:Finished Request
DEBUG:selenium.webdriver.remote.remote_connection:POST http://127.0.0.1:55650/session/bfd69eb14368c59498c74dae5a726559/execute/sync {"script": "return window.scrollY", "args": []}
DEBUG:urllib3.connectionpool:http://127.0.0.1:55650 "POST /session/bfd69eb14368c59498c74dae5a726559/execute/sync HTTP/1.1" 200 13
DEBUG:selenium.webdriver.remote.remote_connection:Finished Request
DEBUG:selenium.webdriver.remote.remote_connection:POST http://127.0.0.1:55650/session/bfd69eb14368c59498c74dae5a726559/execute/sync {"script": "window.scrollTo(364, 1208)", "args": []}
DEBUG:urllib3.connectionpool:http://127.0.0.1:55650 "POST /session/bfd69eb14368c59498c74dae5a726559/execute/sync HTTP/1.1" 200 14
DEBUG:selenium.webdriver.remote.remote_connection:Finished Request
DEBUG:selenium.webdriver.remote.remote_connection:POST http://127.0.0.1:55650/session/bfd69eb14368c59498c74dae5a726559/execute/sync {"script": "return window.scrollY", "args": []}
DEBUG:urllib3.connectionpool:http://127.0.0.1:55650 "POST /session/bfd69eb14368c59498c74dae5a726559/execute/sync HTTP/1.1" 200 14
DEBUG:selenium.webdriver.remote.remote_connection:Finished Request
DEBUG:selenium.webdriver.remote.remote_connection:POST http://127.0.0.1:55650/session/bfd69eb14368c59498c74dae5a726559/execute/sync {"script": "window.scrollTo(1208, 541)", "args": []}
DEBUG:urllib3.connectionpool:http://127.0.0.1:55650 "POST /session/bfd69eb14368c59498c74dae5a726559/execute/sync HTTP/1.1" 200 14
DEBUG:selenium.webdriver.remote.remote_connection:Finished Request
DEBUG:selenium.webdriver.remote.remote_connection:GET http://127.0.0.1:55650/session/bfd69eb14368c59498c74dae5a726559/source {}
DEBUG:urllib3.connectionpool:http://127.0.0.1:55650 "GET /session/bfd69eb14368c59498c74dae5a726559/source HTTP/1.1" 200 436116
DEBUG:selenium.webdriver.remote.remote_connection:Finished Request
DEBUG:selenium.webdriver.remote.remote_connection:POST http://127.0.0.1:55650/session/bfd69eb14368c59498c74dae5a726559/url {"url": "https://www.cmegroup.com/trading/energy/crude-oil/brent-crude-oil.html"}
DEBUG:urllib3.connectionpool:http://127.0.0.1:55650 "POST /session/bfd69eb14368c59498c74dae5a726559/url HTTP/1.1" 200 14
DEBUG:selenium.webdriver.remote.remote_connection:Finished Request
DEBUG:selenium.webdriver.remote.remote_connection:POST http://127.0.0.1:55650/session/bfd69eb14368c59498c74dae5a726559/execute/sync {"script": "return document.body.scrollHeight", "args": []}
DEBUG:urllib3.connectionpool:http://127.0.0.1:55650 "POST /session/bfd69eb14368c59498c74dae5a726559/execute/sync HTTP/1.1" 200 14
DEBUG:selenium.webdriver.remote.remote_connection:Finished Request
DEBUG:selenium.webdriver.remote.remote_connection:POST http://127.0.0.1:55650/session/bfd69eb14368c59498c74dae5a726559/execute/sync {"script": "return window.scrollY", "args": []}
DEBUG:urllib3.connectionpool:http://127.0.0.1:55650 "POST /session/bfd69eb14368c59498c74dae5a726559/execute/sync HTTP/1.1" 200 11
DEBUG:selenium.webdriver.remote.remote_connection:Finished Request
DEBUG:selenium.webdriver.remote.remote_connection:POST http://127.0.0.1:55650/session/bfd69eb14368c59498c74dae5a726559/execute/sync {"script": "window.scrollTo(0, 984)", "args": []}
DEBUG:urllib3.connectionpool:http://127.0.0.1:55650 "POST /session/bfd69eb14368c59498c74dae5a726559/execute/sync HTTP/1.1" 200 14
DEBUG:selenium.webdriver.remote.remote_connection:Finished Request
DEBUG:selenium.webdriver.remote.remote_connection:POST http://127.0.0.1:55650/session/bfd69eb14368c59498c74dae5a726559/execute/sync {"script": "return window.scrollY", "args": []}
DEBUG:urllib3.connectionpool:http://127.0.0.1:55650 "POST /session/bfd69eb14368c59498c74dae5a726559/execute/sync HTTP/1.1" 200 13
DEBUG:selenium.webdriver.remote.remote_connection:Finished Request
DEBUG:selenium.webdriver.remote.remote_connection:POST http://127.0.0.1:55650/session/bfd69eb14368c59498c74dae5a726559/execute/sync {"script": "window.scrollTo(984, 228)", "args": []}
DEBUG:urllib3.connectionpool:http://127.0.0.1:55650 "POST /session/bfd69eb14368c59498c74dae5a726559/execute/sync HTTP/1.1" 200 14
DEBUG:selenium.webdriver.remote.remote_connection:Finished Request
DEBUG:selenium.webdriver.remote.remote_connection:POST http://127.0.0.1:55650/session/bfd69eb14368c59498c74dae5a726559/execute/sync {"script": "return window.scrollY", "args": []}
DEBUG:urllib3.connectionpool:http://127.0.0.1:55650 "POST /session/bfd69eb14368c59498c74dae5a726559/execute/sync HTTP/1.1" 200 13
DEBUG:selenium.webdriver.remote.remote_connection:Finished Request
DEBUG:selenium.webdriver.remote.remote_connection:POST http://127.0.0.1:55650/session/bfd69eb14368c59498c74dae5a726559/execute/sync {"script": "window.scrollTo(228, 1228)", "args": []}
DEBUG:urllib3.connectionpool:http://127.0.0.1:55650 "POST /session/bfd69eb14368c59498c74dae5a726559/execute/sync HTTP/1.1" 200 14
DEBUG:selenium.webdriver.remote.remote_connection:Finished Request
DEBUG:selenium.webdriver.remote.remote_connection:GET http://127.0.0.1:55650/session/bfd69eb14368c59498c74dae5a726559/source {}
DEBUG:urllib3.connectionpool:http://127.0.0.1:55650 "GET /session/bfd69eb14368c59498c74dae5a726559/source HTTP/1.1" 200 658303
DEBUG:selenium.webdriver.remote.remote_connection:Finished Request
DEBUG:selenium.webdriver.remote.remote_connection:POST http://127.0.0.1:55650/session/bfd69eb14368c59498c74dae5a726559/url {"url": "https://www.cmegroup.com/trading/energy/crude-oil/light-sweet-crude_quotes_globex.html"}
DEBUG:urllib3.connectionpool:http://127.0.0.1:55650 "POST /session/bfd69eb14368c59498c74dae5a726559/url HTTP/1.1" 200 14
DEBUG:selenium.webdriver.remote.remote_connection:Finished Request
DEBUG:selenium.webdriver.remote.remote_connection:POST http://127.0.0.1:55650/session/bfd69eb14368c59498c74dae5a726559/execute/sync {"script": "return document.body.scrollHeight", "args": []}
DEBUG:urllib3.connectionpool:http://127.0.0.1:55650 "POST /session/bfd69eb14368c59498c74dae5a726559/execute/sync HTTP/1.1" 200 14
DEBUG:selenium.webdriver.remote.remote_connection:Finished Request
DEBUG:selenium.webdriver.remote.remote_connection:POST http://127.0.0.1:55650/session/bfd69eb14368c59498c74dae5a726559/execute/sync {"script": "return window.scrollY", "args": []}
DEBUG:urllib3.connectionpool:http://127.0.0.1:55650 "POST /session/bfd69eb14368c59498c74dae5a726559/execute/sync HTTP/1.1" 200 11
DEBUG:selenium.webdriver.remote.remote_connection:Finished Request
DEBUG:selenium.webdriver.remote.remote_connection:POST http://127.0.0.1:55650/session/bfd69eb14368c59498c74dae5a726559/execute/sync {"script": "window.scrollTo(0, 743)", "args": []}
DEBUG:urllib3.connectionpool:http://127.0.0.1:55650 "POST /session/bfd69eb14368c59498c74dae5a726559/execute/sync HTTP/1.1" 200 14
DEBUG:selenium.webdriver.remote.remote_connection:Finished Request
DEBUG:selenium.webdriver.remote.remote_connection:POST http://127.0.0.1:55650/session/bfd69eb14368c59498c74dae5a726559/execute/sync {"script": "return window.scrollY", "args": []}
DEBUG:urllib3.connectionpool:http://127.0.0.1:55650 "POST /session/bfd69eb14368c59498c74dae5a726559/execute/sync HTTP/1.1" 200 13
DEBUG:selenium.webdriver.remote.remote_connection:Finished Request
DEBUG:selenium.webdriver.remote.remote_connection:POST http://127.0.0.1:55650/session/bfd69eb14368c59498c74dae5a726559/execute/sync {"script": "window.scrollTo(743, 1388)", "args": []}
DEBUG:urllib3.connectionpool:http://127.0.0.1:55650 "POST /session/bfd69eb14368c59498c74dae5a726559/execute/sync HTTP/1.1" 200 14
DEBUG:selenium.webdriver.remote.remote_connection:Finished Request
DEBUG:selenium.webdriver.remote.remote_connection:POST http://127.0.0.1:55650/session/bfd69eb14368c59498c74dae5a726559/execute/sync {"script": "return window.scrollY", "args": []}
DEBUG:urllib3.connectionpool:http://127.0.0.1:55650 "POST /session/bfd69eb14368c59498c74dae5a726559/execute/sync HTTP/1.1" 200 14
DEBUG:selenium.webdriver.remote.remote_connection:Finished Request
DEBUG:selenium.webdriver.remote.remote_connection:POST http://127.0.0.1:55650/session/bfd69eb14368c59498c74dae5a726559/execute/sync {"script": "window.scrollTo(1388, 320)", "args": []}
DEBUG:urllib3.connectionpool:http://127.0.0.1:55650 "POST /session/bfd69eb14368c59498c74dae5a726559/execute/sync HTTP/1.1" 200 14
DEBUG:selenium.webdriver.remote.remote_connection:Finished Request
DEBUG:selenium.webdriver.remote.remote_connection:GET http://127.0.0.1:55650/session/bfd69eb14368c59498c74dae5a726559/source {}
DEBUG:urllib3.connectionpool:http://127.0.0.1:55650 "GET /session/bfd69eb14368c59498c74dae5a726559/source HTTP/1.1" 200 752616
DEBUG:selenium.webdriver.remote.remote_connection:Finished Request
DEBUG:selenium.webdriver.remote.remote_connection:POST http://127.0.0.1:55650/session/bfd69eb14368c59498c74dae5a726559/url {"url": "https://www.cmegroup.com/trading/energy/refined-products/gulf-coast-ultra-low-sulfur-diesel-usld-platts-calendar-swap.html"}
DEBUG:urllib3.connectionpool:http://127.0.0.1:55650 "POST /session/bfd69eb14368c59498c74dae5a726559/url HTTP/1.1" 200 14
DEBUG:selenium.webdriver.remote.remote_connection:Finished Request
DEBUG:selenium.webdriver.remote.remote_connection:POST http://127.0.0.1:55650/session/bfd69eb14368c59498c74dae5a726559/execute/sync {"script": "return document.body.scrollHeight", "args": []}
DEBUG:urllib3.connectionpool:http://127.0.0.1:55650 "POST /session/bfd69eb14368c59498c74dae5a726559/execute/sync HTTP/1.1" 200 14
DEBUG:selenium.webdriver.remote.remote_connection:Finished Request
DEBUG:selenium.webdriver.remote.remote_connection:POST http://127.0.0.1:55650/session/bfd69eb14368c59498c74dae5a726559/execute/sync {"script": "return window.scrollY", "args": []}
DEBUG:urllib3.connectionpool:http://127.0.0.1:55650 "POST /session/bfd69eb14368c59498c74dae5a726559/execute/sync HTTP/1.1" 200 11
DEBUG:selenium.webdriver.remote.remote_connection:Finished Request
DEBUG:selenium.webdriver.remote.remote_connection:POST http://127.0.0.1:55650/session/bfd69eb14368c59498c74dae5a726559/execute/sync {"script": "window.scrollTo(0, 941)", "args": []}
DEBUG:urllib3.connectionpool:http://127.0.0.1:55650 "POST /session/bfd69eb14368c59498c74dae5a726559/execute/sync HTTP/1.1" 200 14
DEBUG:selenium.webdriver.remote.remote_connection:Finished Request
DEBUG:selenium.webdriver.remote.remote_connection:POST http://127.0.0.1:55650/session/bfd69eb14368c59498c74dae5a726559/execute/sync {"script": "return window.scrollY", "args": []}
DEBUG:urllib3.connectionpool:http://127.0.0.1:55650 "POST /session/bfd69eb14368c59498c74dae5a726559/execute/sync HTTP/1.1" 200 13
DEBUG:selenium.webdriver.remote.remote_connection:Finished Request
DEBUG:selenium.webdriver.remote.remote_connection:POST http://127.0.0.1:55650/session/bfd69eb14368c59498c74dae5a726559/execute/sync {"script": "window.scrollTo(941, 1946)", "args": []}
DEBUG:urllib3.connectionpool:http://127.0.0.1:55650 "POST /session/bfd69eb14368c59498c74dae5a726559/execute/sync HTTP/1.1" 200 14
DEBUG:selenium.webdriver.remote.remote_connection:Finished Request
DEBUG:selenium.webdriver.remote.remote_connection:POST http://127.0.0.1:55650/session/bfd69eb14368c59498c74dae5a726559/execute/sync {"script": "return window.scrollY", "args": []}
DEBUG:urllib3.connectionpool:http://127.0.0.1:55650 "POST /session/bfd69eb14368c59498c74dae5a726559/execute/sync HTTP/1.1" 200 14
DEBUG:selenium.webdriver.remote.remote_connection:Finished Request
DEBUG:selenium.webdriver.remote.remote_connection:POST http://127.0.0.1:55650/session/bfd69eb14368c59498c74dae5a726559/execute/sync {"script": "window.scrollTo(1946, 2523)", "args": []}
DEBUG:urllib3.connectionpool:http://127.0.0.1:55650 "POST /session/bfd69eb14368c59498c74dae5a726559/execute/sync HTTP/1.1" 200 14
DEBUG:selenium.webdriver.remote.remote_connection:Finished Request
DEBUG:selenium.webdriver.remote.remote_connection:POST http://127.0.0.1:55650/session/bfd69eb14368c59498c74dae5a726559/execute/sync {"script": "return window.scrollY", "args": []}
DEBUG:urllib3.connectionpool:http://127.0.0.1:55650 "POST /session/bfd69eb14368c59498c74dae5a726559/execute/sync HTTP/1.1" 200 14
DEBUG:selenium.webdriver.remote.remote_connection:Finished Request
DEBUG:selenium.webdriver.remote.remote_connection:POST http://127.0.0.1:55650/session/bfd69eb14368c59498c74dae5a726559/execute/sync {"script": "window.scrollTo(2523, 3392)", "args": []}
DEBUG:urllib3.connectionpool:http://127.0.0.1:55650 "POST /session/bfd69eb14368c59498c74dae5a726559/execute/sync HTTP/1.1" 200 14
DEBUG:selenium.webdriver.remote.remote_connection:Finished Request
DEBUG:selenium.webdriver.remote.remote_connection:GET http://127.0.0.1:55650/session/bfd69eb14368c59498c74dae5a726559/source {}
DEBUG:urllib3.connectionpool:http://127.0.0.1:55650 "GET /session/bfd69eb14368c59498c74dae5a726559/source HTTP/1.1" 200 441854
DEBUG:selenium.webdriver.remote.remote_connection:Finished Request
DEBUG:selenium.webdriver.remote.remote_connection:DELETE http://127.0.0.1:55650/session/bfd69eb14368c59498c74dae5a726559/window {}
DEBUG:urllib3.connectionpool:http://127.0.0.1:55650 "DELETE /session/bfd69eb14368c59498c74dae5a726559/window HTTP/1.1" 200 14
DEBUG:selenium.webdriver.remote.remote_connection:Finished Request
DEBUG:selenium.webdriver.remote.remote_connection:POST http://127.0.0.1:60429/session {"capabilities": {"firstMatch": [{}], "alwaysMatch": {"browserName": "chrome", "platformName": "any", "goog:chromeOptions": {"extensions": [], "args": []}}}, "desiredCapabilities": {"browserName": "chrome", "version": "", "platform": "ANY", "goog:chromeOptions": {"extensions": [], "args": []}}}
DEBUG:urllib3.connectionpool:Starting new HTTP connection (1): 127.0.0.1:60429
DEBUG:urllib3.connectionpool:http://127.0.0.1:60429 "POST /session HTTP/1.1" 200 683
DEBUG:selenium.webdriver.remote.remote_connection:Finished Request
DEBUG:selenium.webdriver.remote.remote_connection:POST http://127.0.0.1:60429/session/39a6e5e1d5ba6c647afb6f64e91d6135/window/maximize {}
DEBUG:urllib3.connectionpool:http://127.0.0.1:60429 "POST /session/39a6e5e1d5ba6c647afb6f64e91d6135/window/maximize HTTP/1.1" 200 51
DEBUG:selenium.webdriver.remote.remote_connection:Finished Request
DEBUG:selenium.webdriver.remote.remote_connection:POST http://127.0.0.1:60429/session/39a6e5e1d5ba6c647afb6f64e91d6135/url {"url": "https://www.cmegroup.com/trading/energy/refined-products/rbob-gasoline.html"}
DEBUG:urllib3.connectionpool:http://127.0.0.1:60429 "POST /session/39a6e5e1d5ba6c647afb6f64e91d6135/url HTTP/1.1" 200 14
DEBUG:selenium.webdriver.remote.remote_connection:Finished Request
DEBUG:selenium.webdriver.remote.remote_connection:POST http://127.0.0.1:60429/session/39a6e5e1d5ba6c647afb6f64e91d6135/execute/sync {"script": "return document.body.scrollHeight", "args": []}
DEBUG:urllib3.connectionpool:http://127.0.0.1:60429 "POST /session/39a6e5e1d5ba6c647afb6f64e91d6135/execute/sync HTTP/1.1" 200 14
DEBUG:selenium.webdriver.remote.remote_connection:Finished Request
DEBUG:selenium.webdriver.remote.remote_connection:POST http://127.0.0.1:60429/session/39a6e5e1d5ba6c647afb6f64e91d6135/execute/sync {"script": "return window.scrollY", "args": []}
DEBUG:urllib3.connectionpool:http://127.0.0.1:60429 "POST /session/39a6e5e1d5ba6c647afb6f64e91d6135/execute/sync HTTP/1.1" 200 11
DEBUG:selenium.webdriver.remote.remote_connection:Finished Request
DEBUG:selenium.webdriver.remote.remote_connection:POST http://127.0.0.1:60429/session/39a6e5e1d5ba6c647afb6f64e91d6135/execute/sync {"script": "window.scrollTo(0, 561)", "args": []}
DEBUG:urllib3.connectionpool:http://127.0.0.1:60429 "POST /session/39a6e5e1d5ba6c647afb6f64e91d6135/execute/sync HTTP/1.1" 200 14
DEBUG:selenium.webdriver.remote.remote_connection:Finished Request
DEBUG:selenium.webdriver.remote.remote_connection:POST http://127.0.0.1:60429/session/39a6e5e1d5ba6c647afb6f64e91d6135/execute/sync {"script": "return window.scrollY", "args": []}
DEBUG:urllib3.connectionpool:http://127.0.0.1:60429 "POST /session/39a6e5e1d5ba6c647afb6f64e91d6135/execute/sync HTTP/1.1" 200 13
DEBUG:selenium.webdriver.remote.remote_connection:Finished Request
DEBUG:selenium.webdriver.remote.remote_connection:POST http://127.0.0.1:60429/session/39a6e5e1d5ba6c647afb6f64e91d6135/execute/sync {"script": "window.scrollTo(561, 1277)", "args": []}
DEBUG:urllib3.connectionpool:http://127.0.0.1:60429 "POST /session/39a6e5e1d5ba6c647afb6f64e91d6135/execute/sync HTTP/1.1" 200 14
DEBUG:selenium.webdriver.remote.remote_connection:Finished Request
DEBUG:selenium.webdriver.remote.remote_connection:GET http://127.0.0.1:60429/session/39a6e5e1d5ba6c647afb6f64e91d6135/source {}
DEBUG:urllib3.connectionpool:http://127.0.0.1:60429 "GET /session/39a6e5e1d5ba6c647afb6f64e91d6135/source HTTP/1.1" 200 557744
DEBUG:selenium.webdriver.remote.remote_connection:Finished Request
DEBUG:selenium.webdriver.remote.remote_connection:POST http://127.0.0.1:60429/session/39a6e5e1d5ba6c647afb6f64e91d6135/url {"url": "https://www.cmegroup.com/trading/energy/crude-oil/light-sweet-crude_quotes_globex.html"}
DEBUG:urllib3.connectionpool:http://127.0.0.1:60429 "POST /session/39a6e5e1d5ba6c647afb6f64e91d6135/url HTTP/1.1" 200 14
DEBUG:selenium.webdriver.remote.remote_connection:Finished Request
DEBUG:selenium.webdriver.remote.remote_connection:POST http://127.0.0.1:60429/session/39a6e5e1d5ba6c647afb6f64e91d6135/execute/sync {"script": "return document.body.scrollHeight", "args": []}
DEBUG:urllib3.connectionpool:http://127.0.0.1:60429 "POST /session/39a6e5e1d5ba6c647afb6f64e91d6135/execute/sync HTTP/1.1" 200 14
DEBUG:selenium.webdriver.remote.remote_connection:Finished Request
DEBUG:selenium.webdriver.remote.remote_connection:POST http://127.0.0.1:60429/session/39a6e5e1d5ba6c647afb6f64e91d6135/execute/sync {"script": "return window.scrollY", "args": []}
DEBUG:urllib3.connectionpool:http://127.0.0.1:60429 "POST /session/39a6e5e1d5ba6c647afb6f64e91d6135/execute/sync HTTP/1.1" 200 11
DEBUG:selenium.webdriver.remote.remote_connection:Finished Request
DEBUG:selenium.webdriver.remote.remote_connection:POST http://127.0.0.1:60429/session/39a6e5e1d5ba6c647afb6f64e91d6135/execute/sync {"script": "window.scrollTo(0, 719)", "args": []}
DEBUG:urllib3.connectionpool:http://127.0.0.1:60429 "POST /session/39a6e5e1d5ba6c647afb6f64e91d6135/execute/sync HTTP/1.1" 200 14
DEBUG:selenium.webdriver.remote.remote_connection:Finished Request
DEBUG:selenium.webdriver.remote.remote_connection:POST http://127.0.0.1:60429/session/39a6e5e1d5ba6c647afb6f64e91d6135/execute/sync {"script": "return window.scrollY", "args": []}
DEBUG:urllib3.connectionpool:http://127.0.0.1:60429 "POST /session/39a6e5e1d5ba6c647afb6f64e91d6135/execute/sync HTTP/1.1" 200 13
DEBUG:selenium.webdriver.remote.remote_connection:Finished Request
DEBUG:selenium.webdriver.remote.remote_connection:POST http://127.0.0.1:60429/session/39a6e5e1d5ba6c647afb6f64e91d6135/execute/sync {"script": "window.scrollTo(719, 143)", "args": []}
DEBUG:urllib3.connectionpool:http://127.0.0.1:60429 "POST /session/39a6e5e1d5ba6c647afb6f64e91d6135/execute/sync HTTP/1.1" 200 14
DEBUG:selenium.webdriver.remote.remote_connection:Finished Request
DEBUG:selenium.webdriver.remote.remote_connection:POST http://127.0.0.1:60429/session/39a6e5e1d5ba6c647afb6f64e91d6135/execute/sync {"script": "return window.scrollY", "args": []}
DEBUG:urllib3.connectionpool:http://127.0.0.1:60429 "POST /session/39a6e5e1d5ba6c647afb6f64e91d6135/execute/sync HTTP/1.1" 200 13
DEBUG:selenium.webdriver.remote.remote_connection:Finished Request
DEBUG:selenium.webdriver.remote.remote_connection:POST http://127.0.0.1:60429/session/39a6e5e1d5ba6c647afb6f64e91d6135/execute/sync {"script": "window.scrollTo(143, 886)", "args": []}
DEBUG:urllib3.connectionpool:http://127.0.0.1:60429 "POST /session/39a6e5e1d5ba6c647afb6f64e91d6135/execute/sync HTTP/1.1" 200 14
DEBUG:selenium.webdriver.remote.remote_connection:Finished Request
DEBUG:selenium.webdriver.remote.remote_connection:GET http://127.0.0.1:60429/session/39a6e5e1d5ba6c647afb6f64e91d6135/source {}
DEBUG:urllib3.connectionpool:http://127.0.0.1:60429 "GET /session/39a6e5e1d5ba6c647afb6f64e91d6135/source HTTP/1.1" 200 752325
DEBUG:selenium.webdriver.remote.remote_connection:Finished Request
DEBUG:selenium.webdriver.remote.remote_connection:POST http://127.0.0.1:60429/session/39a6e5e1d5ba6c647afb6f64e91d6135/url {"url": "https://www.cmegroup.com/trading/energy/crude-oil/brent-crude-oil.html"}
DEBUG:urllib3.connectionpool:http://127.0.0.1:60429 "POST /session/39a6e5e1d5ba6c647afb6f64e91d6135/url HTTP/1.1" 200 14
DEBUG:selenium.webdriver.remote.remote_connection:Finished Request
DEBUG:selenium.webdriver.remote.remote_connection:POST http://127.0.0.1:60429/session/39a6e5e1d5ba6c647afb6f64e91d6135/execute/sync {"script": "return document.body.scrollHeight", "args": []}
DEBUG:urllib3.connectionpool:http://127.0.0.1:60429 "POST /session/39a6e5e1d5ba6c647afb6f64e91d6135/execute/sync HTTP/1.1" 200 14
DEBUG:selenium.webdriver.remote.remote_connection:Finished Request
DEBUG:selenium.webdriver.remote.remote_connection:POST http://127.0.0.1:60429/session/39a6e5e1d5ba6c647afb6f64e91d6135/execute/sync {"script": "return window.scrollY", "args": []}
DEBUG:urllib3.connectionpool:http://127.0.0.1:60429 "POST /session/39a6e5e1d5ba6c647afb6f64e91d6135/execute/sync HTTP/1.1" 200 11
DEBUG:selenium.webdriver.remote.remote_connection:Finished Request
DEBUG:selenium.webdriver.remote.remote_connection:POST http://127.0.0.1:60429/session/39a6e5e1d5ba6c647afb6f64e91d6135/execute/sync {"script": "window.scrollTo(0, 793)", "args": []}
DEBUG:urllib3.connectionpool:http://127.0.0.1:60429 "POST /session/39a6e5e1d5ba6c647afb6f64e91d6135/execute/sync HTTP/1.1" 200 14
DEBUG:selenium.webdriver.remote.remote_connection:Finished Request
DEBUG:selenium.webdriver.remote.remote_connection:POST http://127.0.0.1:60429/session/39a6e5e1d5ba6c647afb6f64e91d6135/execute/sync {"script": "return window.scrollY", "args": []}
DEBUG:urllib3.connectionpool:http://127.0.0.1:60429 "POST /session/39a6e5e1d5ba6c647afb6f64e91d6135/execute/sync HTTP/1.1" 200 13
DEBUG:selenium.webdriver.remote.remote_connection:Finished Request
DEBUG:selenium.webdriver.remote.remote_connection:POST http://127.0.0.1:60429/session/39a6e5e1d5ba6c647afb6f64e91d6135/execute/sync {"script": "window.scrollTo(793, 1513)", "args": []}
DEBUG:urllib3.connectionpool:http://127.0.0.1:60429 "POST /session/39a6e5e1d5ba6c647afb6f64e91d6135/execute/sync HTTP/1.1" 200 14
DEBUG:selenium.webdriver.remote.remote_connection:Finished Request
DEBUG:selenium.webdriver.remote.remote_connection:POST http://127.0.0.1:60429/session/39a6e5e1d5ba6c647afb6f64e91d6135/execute/sync {"script": "return window.scrollY", "args": []}
DEBUG:urllib3.connectionpool:http://127.0.0.1:60429 "POST /session/39a6e5e1d5ba6c647afb6f64e91d6135/execute/sync HTTP/1.1" 200 14
DEBUG:selenium.webdriver.remote.remote_connection:Finished Request
DEBUG:selenium.webdriver.remote.remote_connection:POST http://127.0.0.1:60429/session/39a6e5e1d5ba6c647afb6f64e91d6135/execute/sync {"script": "window.scrollTo(1513, 637)", "args": []}
DEBUG:urllib3.connectionpool:http://127.0.0.1:60429 "POST /session/39a6e5e1d5ba6c647afb6f64e91d6135/execute/sync HTTP/1.1" 200 14
DEBUG:selenium.webdriver.remote.remote_connection:Finished Request
DEBUG:selenium.webdriver.remote.remote_connection:GET http://127.0.0.1:60429/session/39a6e5e1d5ba6c647afb6f64e91d6135/source {}
DEBUG:urllib3.connectionpool:http://127.0.0.1:60429 "GET /session/39a6e5e1d5ba6c647afb6f64e91d6135/source HTTP/1.1" 200 658418
DEBUG:selenium.webdriver.remote.remote_connection:Finished Request
DEBUG:selenium.webdriver.remote.remote_connection:POST http://127.0.0.1:60429/session/39a6e5e1d5ba6c647afb6f64e91d6135/url {"url": "https://www.cmegroup.com/trading/energy/refined-products/heating-oil.html"}
DEBUG:urllib3.connectionpool:http://127.0.0.1:60429 "POST /session/39a6e5e1d5ba6c647afb6f64e91d6135/url HTTP/1.1" 200 14
DEBUG:selenium.webdriver.remote.remote_connection:Finished Request
DEBUG:selenium.webdriver.remote.remote_connection:POST http://127.0.0.1:60429/session/39a6e5e1d5ba6c647afb6f64e91d6135/execute/sync {"script": "return document.body.scrollHeight", "args": []}
DEBUG:urllib3.connectionpool:http://127.0.0.1:60429 "POST /session/39a6e5e1d5ba6c647afb6f64e91d6135/execute/sync HTTP/1.1" 200 14
DEBUG:selenium.webdriver.remote.remote_connection:Finished Request
DEBUG:selenium.webdriver.remote.remote_connection:POST http://127.0.0.1:60429/session/39a6e5e1d5ba6c647afb6f64e91d6135/execute/sync {"script": "return window.scrollY", "args": []}
DEBUG:urllib3.connectionpool:http://127.0.0.1:60429 "POST /session/39a6e5e1d5ba6c647afb6f64e91d6135/execute/sync HTTP/1.1" 200 11
DEBUG:selenium.webdriver.remote.remote_connection:Finished Request
DEBUG:selenium.webdriver.remote.remote_connection:POST http://127.0.0.1:60429/session/39a6e5e1d5ba6c647afb6f64e91d6135/execute/sync {"script": "window.scrollTo(0, 941)", "args": []}
DEBUG:urllib3.connectionpool:http://127.0.0.1:60429 "POST /session/39a6e5e1d5ba6c647afb6f64e91d6135/execute/sync HTTP/1.1" 200 14
DEBUG:selenium.webdriver.remote.remote_connection:Finished Request
DEBUG:selenium.webdriver.remote.remote_connection:GET http://127.0.0.1:60429/session/39a6e5e1d5ba6c647afb6f64e91d6135/source {}
DEBUG:urllib3.connectionpool:http://127.0.0.1:60429 "GET /session/39a6e5e1d5ba6c647afb6f64e91d6135/source HTTP/1.1" 200 557215
DEBUG:selenium.webdriver.remote.remote_connection:Finished Request
DEBUG:selenium.webdriver.remote.remote_connection:POST http://127.0.0.1:60429/session/39a6e5e1d5ba6c647afb6f64e91d6135/url {"url": "https://www.cmegroup.com/trading/energy/refined-products/gulf-coast-no-6-fuel-oil-30pct-sulfur-platts-swap.html"}
DEBUG:urllib3.connectionpool:http://127.0.0.1:60429 "POST /session/39a6e5e1d5ba6c647afb6f64e91d6135/url HTTP/1.1" 200 14
DEBUG:selenium.webdriver.remote.remote_connection:Finished Request
DEBUG:selenium.webdriver.remote.remote_connection:POST http://127.0.0.1:60429/session/39a6e5e1d5ba6c647afb6f64e91d6135/execute/sync {"script": "return document.body.scrollHeight", "args": []}
DEBUG:urllib3.connectionpool:http://127.0.0.1:60429 "POST /session/39a6e5e1d5ba6c647afb6f64e91d6135/execute/sync HTTP/1.1" 200 14
DEBUG:selenium.webdriver.remote.remote_connection:Finished Request
DEBUG:selenium.webdriver.remote.remote_connection:POST http://127.0.0.1:60429/session/39a6e5e1d5ba6c647afb6f64e91d6135/execute/sync {"script": "return window.scrollY", "args": []}
DEBUG:urllib3.connectionpool:http://127.0.0.1:60429 "POST /session/39a6e5e1d5ba6c647afb6f64e91d6135/execute/sync HTTP/1.1" 200 11
DEBUG:selenium.webdriver.remote.remote_connection:Finished Request
DEBUG:selenium.webdriver.remote.remote_connection:POST http://127.0.0.1:60429/session/39a6e5e1d5ba6c647afb6f64e91d6135/execute/sync {"script": "window.scrollTo(0, 547)", "args": []}
DEBUG:urllib3.connectionpool:http://127.0.0.1:60429 "POST /session/39a6e5e1d5ba6c647afb6f64e91d6135/execute/sync HTTP/1.1" 200 14
DEBUG:selenium.webdriver.remote.remote_connection:Finished Request
DEBUG:selenium.webdriver.remote.remote_connection:POST http://127.0.0.1:60429/session/39a6e5e1d5ba6c647afb6f64e91d6135/execute/sync {"script": "return window.scrollY", "args": []}
DEBUG:urllib3.connectionpool:http://127.0.0.1:60429 "POST /session/39a6e5e1d5ba6c647afb6f64e91d6135/execute/sync HTTP/1.1" 200 13
DEBUG:selenium.webdriver.remote.remote_connection:Finished Request
DEBUG:selenium.webdriver.remote.remote_connection:POST http://127.0.0.1:60429/session/39a6e5e1d5ba6c647afb6f64e91d6135/execute/sync {"script": "window.scrollTo(547, 1114)", "args": []}
DEBUG:urllib3.connectionpool:http://127.0.0.1:60429 "POST /session/39a6e5e1d5ba6c647afb6f64e91d6135/execute/sync HTTP/1.1" 200 14
DEBUG:selenium.webdriver.remote.remote_connection:Finished Request
DEBUG:selenium.webdriver.remote.remote_connection:GET http://127.0.0.1:60429/session/39a6e5e1d5ba6c647afb6f64e91d6135/source {}
DEBUG:urllib3.connectionpool:http://127.0.0.1:60429 "GET /session/39a6e5e1d5ba6c647afb6f64e91d6135/source HTTP/1.1" 200 580411
DEBUG:selenium.webdriver.remote.remote_connection:Finished Request
DEBUG:selenium.webdriver.remote.remote_connection:POST http://127.0.0.1:60429/session/39a6e5e1d5ba6c647afb6f64e91d6135/url {"url": "https://www.cmegroup.com/trading/energy/refined-products/gulf-coast-ultra-low-sulfur-diesel-usld-platts-calendar-swap.html"}
DEBUG:urllib3.connectionpool:http://127.0.0.1:60429 "POST /session/39a6e5e1d5ba6c647afb6f64e91d6135/url HTTP/1.1" 200 14
DEBUG:selenium.webdriver.remote.remote_connection:Finished Request
DEBUG:selenium.webdriver.remote.remote_connection:POST http://127.0.0.1:60429/session/39a6e5e1d5ba6c647afb6f64e91d6135/execute/sync {"script": "return document.body.scrollHeight", "args": []}
DEBUG:urllib3.connectionpool:http://127.0.0.1:60429 "POST /session/39a6e5e1d5ba6c647afb6f64e91d6135/execute/sync HTTP/1.1" 200 14
DEBUG:selenium.webdriver.remote.remote_connection:Finished Request
DEBUG:selenium.webdriver.remote.remote_connection:POST http://127.0.0.1:60429/session/39a6e5e1d5ba6c647afb6f64e91d6135/execute/sync {"script": "return window.scrollY", "args": []}
DEBUG:urllib3.connectionpool:http://127.0.0.1:60429 "POST /session/39a6e5e1d5ba6c647afb6f64e91d6135/execute/sync HTTP/1.1" 200 11
DEBUG:selenium.webdriver.remote.remote_connection:Finished Request
DEBUG:selenium.webdriver.remote.remote_connection:POST http://127.0.0.1:60429/session/39a6e5e1d5ba6c647afb6f64e91d6135/execute/sync {"script": "window.scrollTo(0, 719)", "args": []}
DEBUG:urllib3.connectionpool:http://127.0.0.1:60429 "POST /session/39a6e5e1d5ba6c647afb6f64e91d6135/execute/sync HTTP/1.1" 200 14
DEBUG:selenium.webdriver.remote.remote_connection:Finished Request
DEBUG:selenium.webdriver.remote.remote_connection:POST http://127.0.0.1:60429/session/39a6e5e1d5ba6c647afb6f64e91d6135/execute/sync {"script": "return window.scrollY", "args": []}
DEBUG:urllib3.connectionpool:http://127.0.0.1:60429 "POST /session/39a6e5e1d5ba6c647afb6f64e91d6135/execute/sync HTTP/1.1" 200 13
DEBUG:selenium.webdriver.remote.remote_connection:Finished Request
DEBUG:selenium.webdriver.remote.remote_connection:POST http://127.0.0.1:60429/session/39a6e5e1d5ba6c647afb6f64e91d6135/execute/sync {"script": "window.scrollTo(719, 1665)", "args": []}
DEBUG:urllib3.connectionpool:http://127.0.0.1:60429 "POST /session/39a6e5e1d5ba6c647afb6f64e91d6135/execute/sync HTTP/1.1" 200 14
DEBUG:selenium.webdriver.remote.remote_connection:Finished Request
DEBUG:selenium.webdriver.remote.remote_connection:POST http://127.0.0.1:60429/session/39a6e5e1d5ba6c647afb6f64e91d6135/execute/sync {"script": "return window.scrollY", "args": []}
DEBUG:urllib3.connectionpool:http://127.0.0.1:60429 "POST /session/39a6e5e1d5ba6c647afb6f64e91d6135/execute/sync HTTP/1.1" 200 14
DEBUG:selenium.webdriver.remote.remote_connection:Finished Request
DEBUG:selenium.webdriver.remote.remote_connection:POST http://127.0.0.1:60429/session/39a6e5e1d5ba6c647afb6f64e91d6135/execute/sync {"script": "window.scrollTo(1665, 856)", "args": []}
DEBUG:urllib3.connectionpool:http://127.0.0.1:60429 "POST /session/39a6e5e1d5ba6c647afb6f64e91d6135/execute/sync HTTP/1.1" 200 14
DEBUG:selenium.webdriver.remote.remote_connection:Finished Request
DEBUG:selenium.webdriver.remote.remote_connection:GET http://127.0.0.1:60429/session/39a6e5e1d5ba6c647afb6f64e91d6135/source {}
DEBUG:urllib3.connectionpool:http://127.0.0.1:60429 "GET /session/39a6e5e1d5ba6c647afb6f64e91d6135/source HTTP/1.1" 200 563197
DEBUG:selenium.webdriver.remote.remote_connection:Finished Request
DEBUG:selenium.webdriver.remote.remote_connection:DELETE http://127.0.0.1:60429/session/39a6e5e1d5ba6c647afb6f64e91d6135/window {}
DEBUG:urllib3.connectionpool:http://127.0.0.1:60429 "DELETE /session/39a6e5e1d5ba6c647afb6f64e91d6135/window HTTP/1.1" 200 14
DEBUG:selenium.webdriver.remote.remote_connection:Finished Request
DEBUG:selenium.webdriver.remote.remote_connection:POST http://127.0.0.1:61749/session {"capabilities": {"firstMatch": [{}], "alwaysMatch": {"browserName": "chrome", "platformName": "any", "goog:chromeOptions": {"extensions": [], "args": []}}}, "desiredCapabilities": {"browserName": "chrome", "version": "", "platform": "ANY", "goog:chromeOptions": {"extensions": [], "args": []}}}
DEBUG:urllib3.connectionpool:Starting new HTTP connection (1): 127.0.0.1:61749
DEBUG:urllib3.connectionpool:http://127.0.0.1:61749 "POST /session HTTP/1.1" 200 682
DEBUG:selenium.webdriver.remote.remote_connection:Finished Request
DEBUG:selenium.webdriver.remote.remote_connection:POST http://127.0.0.1:61749/session/5d16acf4b535fcc074e06e8fa44febfd/window/maximize {}
DEBUG:urllib3.connectionpool:http://127.0.0.1:61749 "POST /session/5d16acf4b535fcc074e06e8fa44febfd/window/maximize HTTP/1.1" 200 51
DEBUG:selenium.webdriver.remote.remote_connection:Finished Request
DEBUG:selenium.webdriver.remote.remote_connection:POST http://127.0.0.1:61749/session/5d16acf4b535fcc074e06e8fa44febfd/url {"url": "https://www.cmegroup.com/trading/energy/crude-oil/brent-crude-oil.html"}
DEBUG:urllib3.connectionpool:http://127.0.0.1:61749 "POST /session/5d16acf4b535fcc074e06e8fa44febfd/url HTTP/1.1" 200 14
DEBUG:selenium.webdriver.remote.remote_connection:Finished Request
DEBUG:selenium.webdriver.remote.remote_connection:POST http://127.0.0.1:61749/session/5d16acf4b535fcc074e06e8fa44febfd/execute/sync {"script": "return document.body.scrollHeight", "args": []}
DEBUG:urllib3.connectionpool:http://127.0.0.1:61749 "POST /session/5d16acf4b535fcc074e06e8fa44febfd/execute/sync HTTP/1.1" 200 14
DEBUG:selenium.webdriver.remote.remote_connection:Finished Request
DEBUG:selenium.webdriver.remote.remote_connection:POST http://127.0.0.1:61749/session/5d16acf4b535fcc074e06e8fa44febfd/execute/sync {"script": "return window.scrollY", "args": []}
DEBUG:urllib3.connectionpool:http://127.0.0.1:61749 "POST /session/5d16acf4b535fcc074e06e8fa44febfd/execute/sync HTTP/1.1" 200 11
DEBUG:selenium.webdriver.remote.remote_connection:Finished Request
DEBUG:selenium.webdriver.remote.remote_connection:POST http://127.0.0.1:61749/session/5d16acf4b535fcc074e06e8fa44febfd/execute/sync {"script": "window.scrollTo(0, 817)", "args": []}
DEBUG:urllib3.connectionpool:http://127.0.0.1:61749 "POST /session/5d16acf4b535fcc074e06e8fa44febfd/execute/sync HTTP/1.1" 200 14
DEBUG:selenium.webdriver.remote.remote_connection:Finished Request
DEBUG:selenium.webdriver.remote.remote_connection:POST http://127.0.0.1:61749/session/5d16acf4b535fcc074e06e8fa44febfd/execute/sync {"script": "return window.scrollY", "args": []}
DEBUG:urllib3.connectionpool:http://127.0.0.1:61749 "POST /session/5d16acf4b535fcc074e06e8fa44febfd/execute/sync HTTP/1.1" 200 13
DEBUG:selenium.webdriver.remote.remote_connection:Finished Request
DEBUG:selenium.webdriver.remote.remote_connection:POST http://127.0.0.1:61749/session/5d16acf4b535fcc074e06e8fa44febfd/execute/sync {"script": "window.scrollTo(817, 262)", "args": []}
DEBUG:urllib3.connectionpool:http://127.0.0.1:61749 "POST /session/5d16acf4b535fcc074e06e8fa44febfd/execute/sync HTTP/1.1" 200 14
DEBUG:selenium.webdriver.remote.remote_connection:Finished Request
DEBUG:selenium.webdriver.remote.remote_connection:GET http://127.0.0.1:61749/session/5d16acf4b535fcc074e06e8fa44febfd/source {}
DEBUG:urllib3.connectionpool:http://127.0.0.1:61749 "GET /session/5d16acf4b535fcc074e06e8fa44febfd/source HTTP/1.1" 200 659487
DEBUG:selenium.webdriver.remote.remote_connection:Finished Request
DEBUG:selenium.webdriver.remote.remote_connection:POST http://127.0.0.1:61749/session/5d16acf4b535fcc074e06e8fa44febfd/url {"url": "https://www.cmegroup.com/trading/energy/refined-products/rbob-gasoline.html"}
DEBUG:urllib3.connectionpool:http://127.0.0.1:61749 "POST /session/5d16acf4b535fcc074e06e8fa44febfd/url HTTP/1.1" 200 14
DEBUG:selenium.webdriver.remote.remote_connection:Finished Request
DEBUG:selenium.webdriver.remote.remote_connection:POST http://127.0.0.1:61749/session/5d16acf4b535fcc074e06e8fa44febfd/execute/sync {"script": "return document.body.scrollHeight", "args": []}
DEBUG:urllib3.connectionpool:http://127.0.0.1:61749 "POST /session/5d16acf4b535fcc074e06e8fa44febfd/execute/sync HTTP/1.1" 200 14
DEBUG:selenium.webdriver.remote.remote_connection:Finished Request
DEBUG:selenium.webdriver.remote.remote_connection:POST http://127.0.0.1:61749/session/5d16acf4b535fcc074e06e8fa44febfd/execute/sync {"script": "return window.scrollY", "args": []}
DEBUG:urllib3.connectionpool:http://127.0.0.1:61749 "POST /session/5d16acf4b535fcc074e06e8fa44febfd/execute/sync HTTP/1.1" 200 11
DEBUG:selenium.webdriver.remote.remote_connection:Finished Request
DEBUG:selenium.webdriver.remote.remote_connection:POST http://127.0.0.1:61749/session/5d16acf4b535fcc074e06e8fa44febfd/execute/sync {"script": "window.scrollTo(0, 833)", "args": []}
DEBUG:urllib3.connectionpool:http://127.0.0.1:61749 "POST /session/5d16acf4b535fcc074e06e8fa44febfd/execute/sync HTTP/1.1" 200 14
DEBUG:selenium.webdriver.remote.remote_connection:Finished Request
DEBUG:selenium.webdriver.remote.remote_connection:POST http://127.0.0.1:61749/session/5d16acf4b535fcc074e06e8fa44febfd/execute/sync {"script": "return window.scrollY", "args": []}
DEBUG:urllib3.connectionpool:http://127.0.0.1:61749 "POST /session/5d16acf4b535fcc074e06e8fa44febfd/execute/sync HTTP/1.1" 200 13
DEBUG:selenium.webdriver.remote.remote_connection:Finished Request
DEBUG:selenium.webdriver.remote.remote_connection:POST http://127.0.0.1:61749/session/5d16acf4b535fcc074e06e8fa44febfd/execute/sync {"script": "window.scrollTo(833, 1466)", "args": []}
DEBUG:urllib3.connectionpool:http://127.0.0.1:61749 "POST /session/5d16acf4b535fcc074e06e8fa44febfd/execute/sync HTTP/1.1" 200 14
DEBUG:selenium.webdriver.remote.remote_connection:Finished Request
DEBUG:selenium.webdriver.remote.remote_connection:GET http://127.0.0.1:61749/session/5d16acf4b535fcc074e06e8fa44febfd/source {}
DEBUG:urllib3.connectionpool:http://127.0.0.1:61749 "GET /session/5d16acf4b535fcc074e06e8fa44febfd/source HTTP/1.1" 200 557647
DEBUG:selenium.webdriver.remote.remote_connection:Finished Request
DEBUG:selenium.webdriver.remote.remote_connection:POST http://127.0.0.1:61749/session/5d16acf4b535fcc074e06e8fa44febfd/url {"url": "https://www.cmegroup.com/trading/energy/refined-products/gulf-coast-ultra-low-sulfur-diesel-usld-platts-calendar-swap.html"}
DEBUG:urllib3.connectionpool:http://127.0.0.1:61749 "POST /session/5d16acf4b535fcc074e06e8fa44febfd/url HTTP/1.1" 200 14
DEBUG:selenium.webdriver.remote.remote_connection:Finished Request
DEBUG:selenium.webdriver.remote.remote_connection:POST http://127.0.0.1:61749/session/5d16acf4b535fcc074e06e8fa44febfd/execute/sync {"script": "return document.body.scrollHeight", "args": []}
DEBUG:urllib3.connectionpool:http://127.0.0.1:61749 "POST /session/5d16acf4b535fcc074e06e8fa44febfd/execute/sync HTTP/1.1" 200 14
DEBUG:selenium.webdriver.remote.remote_connection:Finished Request
DEBUG:selenium.webdriver.remote.remote_connection:POST http://127.0.0.1:61749/session/5d16acf4b535fcc074e06e8fa44febfd/execute/sync {"script": "return window.scrollY", "args": []}
DEBUG:urllib3.connectionpool:http://127.0.0.1:61749 "POST /session/5d16acf4b535fcc074e06e8fa44febfd/execute/sync HTTP/1.1" 200 11
DEBUG:selenium.webdriver.remote.remote_connection:Finished Request
DEBUG:selenium.webdriver.remote.remote_connection:POST http://127.0.0.1:61749/session/5d16acf4b535fcc074e06e8fa44febfd/execute/sync {"script": "window.scrollTo(0, 1029)", "args": []}
DEBUG:urllib3.connectionpool:http://127.0.0.1:61749 "POST /session/5d16acf4b535fcc074e06e8fa44febfd/execute/sync HTTP/1.1" 200 14
DEBUG:selenium.webdriver.remote.remote_connection:Finished Request
DEBUG:selenium.webdriver.remote.remote_connection:POST http://127.0.0.1:61749/session/5d16acf4b535fcc074e06e8fa44febfd/execute/sync {"script": "return window.scrollY", "args": []}
DEBUG:urllib3.connectionpool:http://127.0.0.1:61749 "POST /session/5d16acf4b535fcc074e06e8fa44febfd/execute/sync HTTP/1.1" 200 14
DEBUG:selenium.webdriver.remote.remote_connection:Finished Request
DEBUG:selenium.webdriver.remote.remote_connection:POST http://127.0.0.1:61749/session/5d16acf4b535fcc074e06e8fa44febfd/execute/sync {"script": "window.scrollTo(1029, 2088)", "args": []}
DEBUG:urllib3.connectionpool:http://127.0.0.1:61749 "POST /session/5d16acf4b535fcc074e06e8fa44febfd/execute/sync HTTP/1.1" 200 14
DEBUG:selenium.webdriver.remote.remote_connection:Finished Request
DEBUG:selenium.webdriver.remote.remote_connection:GET http://127.0.0.1:61749/session/5d16acf4b535fcc074e06e8fa44febfd/source {}
DEBUG:urllib3.connectionpool:http://127.0.0.1:61749 "GET /session/5d16acf4b535fcc074e06e8fa44febfd/source HTTP/1.1" 200 563118
DEBUG:selenium.webdriver.remote.remote_connection:Finished Request
DEBUG:selenium.webdriver.remote.remote_connection:POST http://127.0.0.1:61749/session/5d16acf4b535fcc074e06e8fa44febfd/url {"url": "https://www.cmegroup.com/trading/energy/refined-products/gulf-coast-no-6-fuel-oil-30pct-sulfur-platts-swap.html"}
DEBUG:urllib3.connectionpool:http://127.0.0.1:61749 "POST /session/5d16acf4b535fcc074e06e8fa44febfd/url HTTP/1.1" 200 14
DEBUG:selenium.webdriver.remote.remote_connection:Finished Request
DEBUG:selenium.webdriver.remote.remote_connection:POST http://127.0.0.1:61749/session/5d16acf4b535fcc074e06e8fa44febfd/execute/sync {"script": "return document.body.scrollHeight", "args": []}
DEBUG:urllib3.connectionpool:http://127.0.0.1:61749 "POST /session/5d16acf4b535fcc074e06e8fa44febfd/execute/sync HTTP/1.1" 200 14
DEBUG:selenium.webdriver.remote.remote_connection:Finished Request
DEBUG:selenium.webdriver.remote.remote_connection:POST http://127.0.0.1:61749/session/5d16acf4b535fcc074e06e8fa44febfd/execute/sync {"script": "return window.scrollY", "args": []}
DEBUG:urllib3.connectionpool:http://127.0.0.1:61749 "POST /session/5d16acf4b535fcc074e06e8fa44febfd/execute/sync HTTP/1.1" 200 11
DEBUG:selenium.webdriver.remote.remote_connection:Finished Request
DEBUG:selenium.webdriver.remote.remote_connection:POST http://127.0.0.1:61749/session/5d16acf4b535fcc074e06e8fa44febfd/execute/sync {"script": "window.scrollTo(0, 939)", "args": []}
DEBUG:urllib3.connectionpool:http://127.0.0.1:61749 "POST /session/5d16acf4b535fcc074e06e8fa44febfd/execute/sync HTTP/1.1" 200 14
DEBUG:selenium.webdriver.remote.remote_connection:Finished Request
DEBUG:selenium.webdriver.remote.remote_connection:GET http://127.0.0.1:61749/session/5d16acf4b535fcc074e06e8fa44febfd/source {}
DEBUG:urllib3.connectionpool:http://127.0.0.1:61749 "GET /session/5d16acf4b535fcc074e06e8fa44febfd/source HTTP/1.1" 200 580307
DEBUG:selenium.webdriver.remote.remote_connection:Finished Request
DEBUG:selenium.webdriver.remote.remote_connection:POST http://127.0.0.1:61749/session/5d16acf4b535fcc074e06e8fa44febfd/url {"url": "https://www.cmegroup.com/trading/energy/refined-products/heating-oil.html"}
DEBUG:urllib3.connectionpool:http://127.0.0.1:61749 "POST /session/5d16acf4b535fcc074e06e8fa44febfd/url HTTP/1.1" 200 14
DEBUG:selenium.webdriver.remote.remote_connection:Finished Request
DEBUG:selenium.webdriver.remote.remote_connection:POST http://127.0.0.1:61749/session/5d16acf4b535fcc074e06e8fa44febfd/execute/sync {"script": "return document.body.scrollHeight", "args": []}
DEBUG:urllib3.connectionpool:http://127.0.0.1:61749 "POST /session/5d16acf4b535fcc074e06e8fa44febfd/execute/sync HTTP/1.1" 200 14
DEBUG:selenium.webdriver.remote.remote_connection:Finished Request
DEBUG:selenium.webdriver.remote.remote_connection:POST http://127.0.0.1:61749/session/5d16acf4b535fcc074e06e8fa44febfd/execute/sync {"script": "return window.scrollY", "args": []}
DEBUG:urllib3.connectionpool:http://127.0.0.1:61749 "POST /session/5d16acf4b535fcc074e06e8fa44febfd/execute/sync HTTP/1.1" 200 11
DEBUG:selenium.webdriver.remote.remote_connection:Finished Request
DEBUG:selenium.webdriver.remote.remote_connection:POST http://127.0.0.1:61749/session/5d16acf4b535fcc074e06e8fa44febfd/execute/sync {"script": "window.scrollTo(0, 825)", "args": []}
DEBUG:urllib3.connectionpool:http://127.0.0.1:61749 "POST /session/5d16acf4b535fcc074e06e8fa44febfd/execute/sync HTTP/1.1" 200 14
DEBUG:selenium.webdriver.remote.remote_connection:Finished Request
DEBUG:selenium.webdriver.remote.remote_connection:POST http://127.0.0.1:61749/session/5d16acf4b535fcc074e06e8fa44febfd/execute/sync {"script": "return window.scrollY", "args": []}
DEBUG:urllib3.connectionpool:http://127.0.0.1:61749 "POST /session/5d16acf4b535fcc074e06e8fa44febfd/execute/sync HTTP/1.1" 200 13
DEBUG:selenium.webdriver.remote.remote_connection:Finished Request
DEBUG:selenium.webdriver.remote.remote_connection:POST http://127.0.0.1:61749/session/5d16acf4b535fcc074e06e8fa44febfd/execute/sync {"script": "window.scrollTo(825, 1585)", "args": []}
DEBUG:urllib3.connectionpool:http://127.0.0.1:61749 "POST /session/5d16acf4b535fcc074e06e8fa44febfd/execute/sync HTTP/1.1" 200 14
DEBUG:selenium.webdriver.remote.remote_connection:Finished Request
DEBUG:selenium.webdriver.remote.remote_connection:GET http://127.0.0.1:61749/session/5d16acf4b535fcc074e06e8fa44febfd/source {}
DEBUG:urllib3.connectionpool:http://127.0.0.1:61749 "GET /session/5d16acf4b535fcc074e06e8fa44febfd/source HTTP/1.1" 200 557393
DEBUG:selenium.webdriver.remote.remote_connection:Finished Request
DEBUG:selenium.webdriver.remote.remote_connection:POST http://127.0.0.1:61749/session/5d16acf4b535fcc074e06e8fa44febfd/url {"url": "https://www.cmegroup.com/trading/energy/crude-oil/light-sweet-crude_quotes_globex.html"}
DEBUG:urllib3.connectionpool:http://127.0.0.1:61749 "POST /session/5d16acf4b535fcc074e06e8fa44febfd/url HTTP/1.1" 200 14
DEBUG:selenium.webdriver.remote.remote_connection:Finished Request
DEBUG:selenium.webdriver.remote.remote_connection:POST http://127.0.0.1:61749/session/5d16acf4b535fcc074e06e8fa44febfd/execute/sync {"script": "return document.body.scrollHeight", "args": []}
DEBUG:urllib3.connectionpool:http://127.0.0.1:61749 "POST /session/5d16acf4b535fcc074e06e8fa44febfd/execute/sync HTTP/1.1" 200 14
DEBUG:selenium.webdriver.remote.remote_connection:Finished Request
DEBUG:selenium.webdriver.remote.remote_connection:POST http://127.0.0.1:61749/session/5d16acf4b535fcc074e06e8fa44febfd/execute/sync {"script": "return window.scrollY", "args": []}
DEBUG:urllib3.connectionpool:http://127.0.0.1:61749 "POST /session/5d16acf4b535fcc074e06e8fa44febfd/execute/sync HTTP/1.1" 200 11
DEBUG:selenium.webdriver.remote.remote_connection:Finished Request
DEBUG:selenium.webdriver.remote.remote_connection:POST http://127.0.0.1:61749/session/5d16acf4b535fcc074e06e8fa44febfd/execute/sync {"script": "window.scrollTo(0, 658)", "args": []}
DEBUG:urllib3.connectionpool:http://127.0.0.1:61749 "POST /session/5d16acf4b535fcc074e06e8fa44febfd/execute/sync HTTP/1.1" 200 14
DEBUG:selenium.webdriver.remote.remote_connection:Finished Request
DEBUG:selenium.webdriver.remote.remote_connection:POST http://127.0.0.1:61749/session/5d16acf4b535fcc074e06e8fa44febfd/execute/sync {"script": "return window.scrollY", "args": []}
DEBUG:urllib3.connectionpool:http://127.0.0.1:61749 "POST /session/5d16acf4b535fcc074e06e8fa44febfd/execute/sync HTTP/1.1" 200 13
DEBUG:selenium.webdriver.remote.remote_connection:Finished Request
DEBUG:selenium.webdriver.remote.remote_connection:POST http://127.0.0.1:61749/session/5d16acf4b535fcc074e06e8fa44febfd/execute/sync {"script": "window.scrollTo(658, 84)", "args": []}
DEBUG:urllib3.connectionpool:http://127.0.0.1:61749 "POST /session/5d16acf4b535fcc074e06e8fa44febfd/execute/sync HTTP/1.1" 200 14
DEBUG:selenium.webdriver.remote.remote_connection:Finished Request
DEBUG:selenium.webdriver.remote.remote_connection:GET http://127.0.0.1:61749/session/5d16acf4b535fcc074e06e8fa44febfd/source {}
DEBUG:urllib3.connectionpool:http://127.0.0.1:61749 "GET /session/5d16acf4b535fcc074e06e8fa44febfd/source HTTP/1.1" 200 751691
DEBUG:selenium.webdriver.remote.remote_connection:Finished Request
DEBUG:selenium.webdriver.remote.remote_connection:DELETE http://127.0.0.1:61749/session/5d16acf4b535fcc074e06e8fa44febfd/window {}
DEBUG:urllib3.connectionpool:http://127.0.0.1:61749 "DELETE /session/5d16acf4b535fcc074e06e8fa44febfd/window HTTP/1.1" 200 14
DEBUG:selenium.webdriver.remote.remote_connection:Finished Request
DEBUG:selenium.webdriver.remote.remote_connection:POST http://127.0.0.1:58155/session {"capabilities": {"firstMatch": [{}], "alwaysMatch": {"browserName": "chrome", "platformName": "any", "goog:chromeOptions": {"extensions": [], "args": []}}}, "desiredCapabilities": {"browserName": "chrome", "version": "", "platform": "ANY", "goog:chromeOptions": {"extensions": [], "args": []}}}
DEBUG:urllib3.connectionpool:Starting new HTTP connection (1): 127.0.0.1:58155
DEBUG:urllib3.connectionpool:http://127.0.0.1:58155 "POST /session HTTP/1.1" 200 682
DEBUG:selenium.webdriver.remote.remote_connection:Finished Request
DEBUG:selenium.webdriver.remote.remote_connection:POST http://127.0.0.1:58155/session/1083409c94f34f0fa5e9ba793bc33486/window/maximize {}
DEBUG:urllib3.connectionpool:http://127.0.0.1:58155 "POST /session/1083409c94f34f0fa5e9ba793bc33486/window/maximize HTTP/1.1" 200 51
DEBUG:selenium.webdriver.remote.remote_connection:Finished Request
DEBUG:selenium.webdriver.remote.remote_connection:POST http://127.0.0.1:58155/session/1083409c94f34f0fa5e9ba793bc33486/url {"url": "https://www.cmegroup.com/trading/energy/refined-products/rbob-gasoline.html"}
DEBUG:urllib3.connectionpool:http://127.0.0.1:58155 "POST /session/1083409c94f34f0fa5e9ba793bc33486/url HTTP/1.1" 200 14
DEBUG:selenium.webdriver.remote.remote_connection:Finished Request
DEBUG:selenium.webdriver.remote.remote_connection:POST http://127.0.0.1:58155/session/1083409c94f34f0fa5e9ba793bc33486/execute/sync {"script": "return document.body.scrollHeight", "args": []}
DEBUG:urllib3.connectionpool:http://127.0.0.1:58155 "POST /session/1083409c94f34f0fa5e9ba793bc33486/execute/sync HTTP/1.1" 200 14
DEBUG:selenium.webdriver.remote.remote_connection:Finished Request
DEBUG:selenium.webdriver.remote.remote_connection:POST http://127.0.0.1:58155/session/1083409c94f34f0fa5e9ba793bc33486/execute/sync {"script": "return window.scrollY", "args": []}
DEBUG:urllib3.connectionpool:http://127.0.0.1:58155 "POST /session/1083409c94f34f0fa5e9ba793bc33486/execute/sync HTTP/1.1" 200 11
DEBUG:selenium.webdriver.remote.remote_connection:Finished Request
DEBUG:selenium.webdriver.remote.remote_connection:POST http://127.0.0.1:58155/session/1083409c94f34f0fa5e9ba793bc33486/execute/sync {"script": "window.scrollTo(0, 658)", "args": []}
DEBUG:urllib3.connectionpool:http://127.0.0.1:58155 "POST /session/1083409c94f34f0fa5e9ba793bc33486/execute/sync HTTP/1.1" 200 14
DEBUG:selenium.webdriver.remote.remote_connection:Finished Request
DEBUG:selenium.webdriver.remote.remote_connection:GET http://127.0.0.1:58155/session/1083409c94f34f0fa5e9ba793bc33486/source {}
DEBUG:urllib3.connectionpool:http://127.0.0.1:58155 "GET /session/1083409c94f34f0fa5e9ba793bc33486/source HTTP/1.1" 200 557517
DEBUG:selenium.webdriver.remote.remote_connection:Finished Request
DEBUG:selenium.webdriver.remote.remote_connection:POST http://127.0.0.1:58155/session/1083409c94f34f0fa5e9ba793bc33486/url {"url": "https://www.cmegroup.com/trading/energy/refined-products/gulf-coast-ultra-low-sulfur-diesel-usld-platts-calendar-swap.html"}
DEBUG:urllib3.connectionpool:http://127.0.0.1:58155 "POST /session/1083409c94f34f0fa5e9ba793bc33486/url HTTP/1.1" 200 14
DEBUG:selenium.webdriver.remote.remote_connection:Finished Request
DEBUG:selenium.webdriver.remote.remote_connection:POST http://127.0.0.1:58155/session/1083409c94f34f0fa5e9ba793bc33486/execute/sync {"script": "return document.body.scrollHeight", "args": []}
DEBUG:urllib3.connectionpool:http://127.0.0.1:58155 "POST /session/1083409c94f34f0fa5e9ba793bc33486/execute/sync HTTP/1.1" 200 14
DEBUG:selenium.webdriver.remote.remote_connection:Finished Request
DEBUG:selenium.webdriver.remote.remote_connection:POST http://127.0.0.1:58155/session/1083409c94f34f0fa5e9ba793bc33486/execute/sync {"script": "return window.scrollY", "args": []}
DEBUG:urllib3.connectionpool:http://127.0.0.1:58155 "POST /session/1083409c94f34f0fa5e9ba793bc33486/execute/sync HTTP/1.1" 200 11
DEBUG:selenium.webdriver.remote.remote_connection:Finished Request
DEBUG:selenium.webdriver.remote.remote_connection:POST http://127.0.0.1:58155/session/1083409c94f34f0fa5e9ba793bc33486/execute/sync {"script": "window.scrollTo(0, 1061)", "args": []}
DEBUG:urllib3.connectionpool:http://127.0.0.1:58155 "POST /session/1083409c94f34f0fa5e9ba793bc33486/execute/sync HTTP/1.1" 200 14
DEBUG:selenium.webdriver.remote.remote_connection:Finished Request
DEBUG:selenium.webdriver.remote.remote_connection:POST http://127.0.0.1:58155/session/1083409c94f34f0fa5e9ba793bc33486/execute/sync {"script": "return window.scrollY", "args": []}
DEBUG:urllib3.connectionpool:http://127.0.0.1:58155 "POST /session/1083409c94f34f0fa5e9ba793bc33486/execute/sync HTTP/1.1" 200 14
DEBUG:selenium.webdriver.remote.remote_connection:Finished Request
DEBUG:selenium.webdriver.remote.remote_connection:POST http://127.0.0.1:58155/session/1083409c94f34f0fa5e9ba793bc33486/execute/sync {"script": "window.scrollTo(1061, 2075)", "args": []}
DEBUG:urllib3.connectionpool:http://127.0.0.1:58155 "POST /session/1083409c94f34f0fa5e9ba793bc33486/execute/sync HTTP/1.1" 200 14
DEBUG:selenium.webdriver.remote.remote_connection:Finished Request
DEBUG:selenium.webdriver.remote.remote_connection:POST http://127.0.0.1:58155/session/1083409c94f34f0fa5e9ba793bc33486/execute/sync {"script": "return window.scrollY", "args": []}
DEBUG:urllib3.connectionpool:http://127.0.0.1:58155 "POST /session/1083409c94f34f0fa5e9ba793bc33486/execute/sync HTTP/1.1" 200 14
DEBUG:selenium.webdriver.remote.remote_connection:Finished Request
DEBUG:selenium.webdriver.remote.remote_connection:POST http://127.0.0.1:58155/session/1083409c94f34f0fa5e9ba793bc33486/execute/sync {"script": "window.scrollTo(2075, 1436)", "args": []}
DEBUG:urllib3.connectionpool:http://127.0.0.1:58155 "POST /session/1083409c94f34f0fa5e9ba793bc33486/execute/sync HTTP/1.1" 200 14
DEBUG:selenium.webdriver.remote.remote_connection:Finished Request
DEBUG:selenium.webdriver.remote.remote_connection:GET http://127.0.0.1:58155/session/1083409c94f34f0fa5e9ba793bc33486/source {}
DEBUG:urllib3.connectionpool:http://127.0.0.1:58155 "GET /session/1083409c94f34f0fa5e9ba793bc33486/source HTTP/1.1" 200 563136
DEBUG:selenium.webdriver.remote.remote_connection:Finished Request
DEBUG:selenium.webdriver.remote.remote_connection:POST http://127.0.0.1:58155/session/1083409c94f34f0fa5e9ba793bc33486/url {"url": "https://www.cmegroup.com/trading/energy/refined-products/heating-oil.html"}
DEBUG:urllib3.connectionpool:http://127.0.0.1:58155 "POST /session/1083409c94f34f0fa5e9ba793bc33486/url HTTP/1.1" 200 14
DEBUG:selenium.webdriver.remote.remote_connection:Finished Request
DEBUG:selenium.webdriver.remote.remote_connection:POST http://127.0.0.1:58155/session/1083409c94f34f0fa5e9ba793bc33486/execute/sync {"script": "return document.body.scrollHeight", "args": []}
DEBUG:urllib3.connectionpool:http://127.0.0.1:58155 "POST /session/1083409c94f34f0fa5e9ba793bc33486/execute/sync HTTP/1.1" 200 14
DEBUG:selenium.webdriver.remote.remote_connection:Finished Request
DEBUG:selenium.webdriver.remote.remote_connection:POST http://127.0.0.1:58155/session/1083409c94f34f0fa5e9ba793bc33486/execute/sync {"script": "return window.scrollY", "args": []}
DEBUG:urllib3.connectionpool:http://127.0.0.1:58155 "POST /session/1083409c94f34f0fa5e9ba793bc33486/execute/sync HTTP/1.1" 200 11
DEBUG:selenium.webdriver.remote.remote_connection:Finished Request
DEBUG:selenium.webdriver.remote.remote_connection:POST http://127.0.0.1:58155/session/1083409c94f34f0fa5e9ba793bc33486/execute/sync {"script": "window.scrollTo(0, 705)", "args": []}
DEBUG:urllib3.connectionpool:http://127.0.0.1:58155 "POST /session/1083409c94f34f0fa5e9ba793bc33486/execute/sync HTTP/1.1" 200 14
DEBUG:selenium.webdriver.remote.remote_connection:Finished Request
DEBUG:selenium.webdriver.remote.remote_connection:POST http://127.0.0.1:58155/session/1083409c94f34f0fa5e9ba793bc33486/execute/sync {"script": "return window.scrollY", "args": []}
DEBUG:urllib3.connectionpool:http://127.0.0.1:58155 "POST /session/1083409c94f34f0fa5e9ba793bc33486/execute/sync HTTP/1.1" 200 13
DEBUG:selenium.webdriver.remote.remote_connection:Finished Request
DEBUG:selenium.webdriver.remote.remote_connection:POST http://127.0.0.1:58155/session/1083409c94f34f0fa5e9ba793bc33486/execute/sync {"script": "window.scrollTo(705, 1730)", "args": []}
DEBUG:urllib3.connectionpool:http://127.0.0.1:58155 "POST /session/1083409c94f34f0fa5e9ba793bc33486/execute/sync HTTP/1.1" 200 14
DEBUG:selenium.webdriver.remote.remote_connection:Finished Request
DEBUG:selenium.webdriver.remote.remote_connection:POST http://127.0.0.1:58155/session/1083409c94f34f0fa5e9ba793bc33486/execute/sync {"script": "return window.scrollY", "args": []}
DEBUG:urllib3.connectionpool:http://127.0.0.1:58155 "POST /session/1083409c94f34f0fa5e9ba793bc33486/execute/sync HTTP/1.1" 200 14
DEBUG:selenium.webdriver.remote.remote_connection:Finished Request
DEBUG:selenium.webdriver.remote.remote_connection:POST http://127.0.0.1:58155/session/1083409c94f34f0fa5e9ba793bc33486/execute/sync {"script": "window.scrollTo(1730, 2804)", "args": []}
DEBUG:urllib3.connectionpool:http://127.0.0.1:58155 "POST /session/1083409c94f34f0fa5e9ba793bc33486/execute/sync HTTP/1.1" 200 14
DEBUG:selenium.webdriver.remote.remote_connection:Finished Request
DEBUG:selenium.webdriver.remote.remote_connection:POST http://127.0.0.1:58155/session/1083409c94f34f0fa5e9ba793bc33486/execute/sync {"script": "return window.scrollY", "args": []}
DEBUG:urllib3.connectionpool:http://127.0.0.1:58155 "POST /session/1083409c94f34f0fa5e9ba793bc33486/execute/sync HTTP/1.1" 200 14
DEBUG:selenium.webdriver.remote.remote_connection:Finished Request
DEBUG:selenium.webdriver.remote.remote_connection:POST http://127.0.0.1:58155/session/1083409c94f34f0fa5e9ba793bc33486/execute/sync {"script": "window.scrollTo(2792, 1912)", "args": []}
DEBUG:urllib3.connectionpool:http://127.0.0.1:58155 "POST /session/1083409c94f34f0fa5e9ba793bc33486/execute/sync HTTP/1.1" 200 14
DEBUG:selenium.webdriver.remote.remote_connection:Finished Request
DEBUG:selenium.webdriver.remote.remote_connection:GET http://127.0.0.1:58155/session/1083409c94f34f0fa5e9ba793bc33486/source {}
DEBUG:urllib3.connectionpool:http://127.0.0.1:58155 "GET /session/1083409c94f34f0fa5e9ba793bc33486/source HTTP/1.1" 200 558581
DEBUG:selenium.webdriver.remote.remote_connection:Finished Request
DEBUG:selenium.webdriver.remote.remote_connection:POST http://127.0.0.1:58155/session/1083409c94f34f0fa5e9ba793bc33486/url {"url": "https://www.cmegroup.com/trading/energy/crude-oil/brent-crude-oil.html"}
DEBUG:urllib3.connectionpool:http://127.0.0.1:58155 "POST /session/1083409c94f34f0fa5e9ba793bc33486/url HTTP/1.1" 200 14
DEBUG:selenium.webdriver.remote.remote_connection:Finished Request
DEBUG:selenium.webdriver.remote.remote_connection:POST http://127.0.0.1:58155/session/1083409c94f34f0fa5e9ba793bc33486/execute/sync {"script": "return document.body.scrollHeight", "args": []}
DEBUG:urllib3.connectionpool:http://127.0.0.1:58155 "POST /session/1083409c94f34f0fa5e9ba793bc33486/execute/sync HTTP/1.1" 200 14
DEBUG:selenium.webdriver.remote.remote_connection:Finished Request
DEBUG:selenium.webdriver.remote.remote_connection:POST http://127.0.0.1:58155/session/1083409c94f34f0fa5e9ba793bc33486/execute/sync {"script": "return window.scrollY", "args": []}
DEBUG:urllib3.connectionpool:http://127.0.0.1:58155 "POST /session/1083409c94f34f0fa5e9ba793bc33486/execute/sync HTTP/1.1" 200 11
DEBUG:selenium.webdriver.remote.remote_connection:Finished Request
DEBUG:selenium.webdriver.remote.remote_connection:POST http://127.0.0.1:58155/session/1083409c94f34f0fa5e9ba793bc33486/execute/sync {"script": "window.scrollTo(0, 825)", "args": []}
DEBUG:urllib3.connectionpool:http://127.0.0.1:58155 "POST /session/1083409c94f34f0fa5e9ba793bc33486/execute/sync HTTP/1.1" 200 14
DEBUG:selenium.webdriver.remote.remote_connection:Finished Request
DEBUG:selenium.webdriver.remote.remote_connection:POST http://127.0.0.1:58155/session/1083409c94f34f0fa5e9ba793bc33486/execute/sync {"script": "return window.scrollY", "args": []}
DEBUG:urllib3.connectionpool:http://127.0.0.1:58155 "POST /session/1083409c94f34f0fa5e9ba793bc33486/execute/sync HTTP/1.1" 200 13
DEBUG:selenium.webdriver.remote.remote_connection:Finished Request
DEBUG:selenium.webdriver.remote.remote_connection:POST http://127.0.0.1:58155/session/1083409c94f34f0fa5e9ba793bc33486/execute/sync {"script": "window.scrollTo(825, 1838)", "args": []}
DEBUG:urllib3.connectionpool:http://127.0.0.1:58155 "POST /session/1083409c94f34f0fa5e9ba793bc33486/execute/sync HTTP/1.1" 200 14
DEBUG:selenium.webdriver.remote.remote_connection:Finished Request
DEBUG:selenium.webdriver.remote.remote_connection:GET http://127.0.0.1:58155/session/1083409c94f34f0fa5e9ba793bc33486/source {}
DEBUG:urllib3.connectionpool:http://127.0.0.1:58155 "GET /session/1083409c94f34f0fa5e9ba793bc33486/source HTTP/1.1" 200 658351
DEBUG:selenium.webdriver.remote.remote_connection:Finished Request
DEBUG:selenium.webdriver.remote.remote_connection:POST http://127.0.0.1:58155/session/1083409c94f34f0fa5e9ba793bc33486/url {"url": "https://www.cmegroup.com/trading/energy/refined-products/gulf-coast-no-6-fuel-oil-30pct-sulfur-platts-swap.html"}
DEBUG:urllib3.connectionpool:http://127.0.0.1:58155 "POST /session/1083409c94f34f0fa5e9ba793bc33486/url HTTP/1.1" 200 14
DEBUG:selenium.webdriver.remote.remote_connection:Finished Request
DEBUG:selenium.webdriver.remote.remote_connection:POST http://127.0.0.1:58155/session/1083409c94f34f0fa5e9ba793bc33486/execute/sync {"script": "return document.body.scrollHeight", "args": []}
DEBUG:urllib3.connectionpool:http://127.0.0.1:58155 "POST /session/1083409c94f34f0fa5e9ba793bc33486/execute/sync HTTP/1.1" 200 14
DEBUG:selenium.webdriver.remote.remote_connection:Finished Request
DEBUG:selenium.webdriver.remote.remote_connection:POST http://127.0.0.1:58155/session/1083409c94f34f0fa5e9ba793bc33486/execute/sync {"script": "return window.scrollY", "args": []}
DEBUG:urllib3.connectionpool:http://127.0.0.1:58155 "POST /session/1083409c94f34f0fa5e9ba793bc33486/execute/sync HTTP/1.1" 200 11
DEBUG:selenium.webdriver.remote.remote_connection:Finished Request
DEBUG:selenium.webdriver.remote.remote_connection:POST http://127.0.0.1:58155/session/1083409c94f34f0fa5e9ba793bc33486/execute/sync {"script": "window.scrollTo(0, 733)", "args": []}
DEBUG:urllib3.connectionpool:http://127.0.0.1:58155 "POST /session/1083409c94f34f0fa5e9ba793bc33486/execute/sync HTTP/1.1" 200 14
DEBUG:selenium.webdriver.remote.remote_connection:Finished Request
DEBUG:selenium.webdriver.remote.remote_connection:POST http://127.0.0.1:58155/session/1083409c94f34f0fa5e9ba793bc33486/execute/sync {"script": "return window.scrollY", "args": []}
DEBUG:urllib3.connectionpool:http://127.0.0.1:58155 "POST /session/1083409c94f34f0fa5e9ba793bc33486/execute/sync HTTP/1.1" 200 13
DEBUG:selenium.webdriver.remote.remote_connection:Finished Request
DEBUG:selenium.webdriver.remote.remote_connection:POST http://127.0.0.1:58155/session/1083409c94f34f0fa5e9ba793bc33486/execute/sync {"script": "window.scrollTo(733, 1522)", "args": []}
DEBUG:urllib3.connectionpool:http://127.0.0.1:58155 "POST /session/1083409c94f34f0fa5e9ba793bc33486/execute/sync HTTP/1.1" 200 14
DEBUG:selenium.webdriver.remote.remote_connection:Finished Request
DEBUG:selenium.webdriver.remote.remote_connection:GET http://127.0.0.1:58155/session/1083409c94f34f0fa5e9ba793bc33486/source {}
DEBUG:urllib3.connectionpool:http://127.0.0.1:58155 "GET /session/1083409c94f34f0fa5e9ba793bc33486/source HTTP/1.1" 200 580332
DEBUG:selenium.webdriver.remote.remote_connection:Finished Request
DEBUG:selenium.webdriver.remote.remote_connection:POST http://127.0.0.1:58155/session/1083409c94f34f0fa5e9ba793bc33486/url {"url": "https://www.cmegroup.com/trading/energy/crude-oil/light-sweet-crude_quotes_globex.html"}
DEBUG:urllib3.connectionpool:http://127.0.0.1:58155 "POST /session/1083409c94f34f0fa5e9ba793bc33486/url HTTP/1.1" 200 14
DEBUG:selenium.webdriver.remote.remote_connection:Finished Request
DEBUG:selenium.webdriver.remote.remote_connection:POST http://127.0.0.1:58155/session/1083409c94f34f0fa5e9ba793bc33486/execute/sync {"script": "return document.body.scrollHeight", "args": []}
DEBUG:urllib3.connectionpool:http://127.0.0.1:58155 "POST /session/1083409c94f34f0fa5e9ba793bc33486/execute/sync HTTP/1.1" 200 14
DEBUG:selenium.webdriver.remote.remote_connection:Finished Request
DEBUG:selenium.webdriver.remote.remote_connection:POST http://127.0.0.1:58155/session/1083409c94f34f0fa5e9ba793bc33486/execute/sync {"script": "return window.scrollY", "args": []}
DEBUG:urllib3.connectionpool:http://127.0.0.1:58155 "POST /session/1083409c94f34f0fa5e9ba793bc33486/execute/sync HTTP/1.1" 200 11
DEBUG:selenium.webdriver.remote.remote_connection:Finished Request
DEBUG:selenium.webdriver.remote.remote_connection:POST http://127.0.0.1:58155/session/1083409c94f34f0fa5e9ba793bc33486/execute/sync {"script": "window.scrollTo(0, 578)", "args": []}
DEBUG:urllib3.connectionpool:http://127.0.0.1:58155 "POST /session/1083409c94f34f0fa5e9ba793bc33486/execute/sync HTTP/1.1" 200 14
DEBUG:selenium.webdriver.remote.remote_connection:Finished Request
DEBUG:selenium.webdriver.remote.remote_connection:POST http://127.0.0.1:58155/session/1083409c94f34f0fa5e9ba793bc33486/execute/sync {"script": "return window.scrollY", "args": []}
DEBUG:urllib3.connectionpool:http://127.0.0.1:58155 "POST /session/1083409c94f34f0fa5e9ba793bc33486/execute/sync HTTP/1.1" 200 13
DEBUG:selenium.webdriver.remote.remote_connection:Finished Request
DEBUG:selenium.webdriver.remote.remote_connection:POST http://127.0.0.1:58155/session/1083409c94f34f0fa5e9ba793bc33486/execute/sync {"script": "window.scrollTo(578, 1193)", "args": []}
DEBUG:urllib3.connectionpool:http://127.0.0.1:58155 "POST /session/1083409c94f34f0fa5e9ba793bc33486/execute/sync HTTP/1.1" 200 14
DEBUG:selenium.webdriver.remote.remote_connection:Finished Request
DEBUG:selenium.webdriver.remote.remote_connection:POST http://127.0.0.1:58155/session/1083409c94f34f0fa5e9ba793bc33486/execute/sync {"script": "return window.scrollY", "args": []}
DEBUG:urllib3.connectionpool:http://127.0.0.1:58155 "POST /session/1083409c94f34f0fa5e9ba793bc33486/execute/sync HTTP/1.1" 200 14
DEBUG:selenium.webdriver.remote.remote_connection:Finished Request
DEBUG:selenium.webdriver.remote.remote_connection:POST http://127.0.0.1:58155/session/1083409c94f34f0fa5e9ba793bc33486/execute/sync {"script": "window.scrollTo(1193, 2070)", "args": []}
DEBUG:urllib3.connectionpool:http://127.0.0.1:58155 "POST /session/1083409c94f34f0fa5e9ba793bc33486/execute/sync HTTP/1.1" 200 14
DEBUG:selenium.webdriver.remote.remote_connection:Finished Request
DEBUG:selenium.webdriver.remote.remote_connection:GET http://127.0.0.1:58155/session/1083409c94f34f0fa5e9ba793bc33486/source {}
DEBUG:urllib3.connectionpool:http://127.0.0.1:58155 "GET /session/1083409c94f34f0fa5e9ba793bc33486/source HTTP/1.1" 200 752232
DEBUG:selenium.webdriver.remote.remote_connection:Finished Request
DEBUG:selenium.webdriver.remote.remote_connection:DELETE http://127.0.0.1:58155/session/1083409c94f34f0fa5e9ba793bc33486/window {}
DEBUG:urllib3.connectionpool:http://127.0.0.1:58155 "DELETE /session/1083409c94f34f0fa5e9ba793bc33486/window HTTP/1.1" 200 14
DEBUG:selenium.webdriver.remote.remote_connection:Finished Request
DEBUG:selenium.webdriver.remote.remote_connection:POST http://127.0.0.1:65386/session {"capabilities": {"firstMatch": [{}], "alwaysMatch": {"browserName": "chrome", "platformName": "any", "goog:chromeOptions": {"extensions": [], "args": []}}}, "desiredCapabilities": {"browserName": "chrome", "version": "", "platform": "ANY", "goog:chromeOptions": {"extensions": [], "args": []}}}
DEBUG:urllib3.connectionpool:Starting new HTTP connection (1): 127.0.0.1:65386
DEBUG:urllib3.connectionpool:http://127.0.0.1:65386 "POST /session HTTP/1.1" 200 683
DEBUG:selenium.webdriver.remote.remote_connection:Finished Request
DEBUG:selenium.webdriver.remote.remote_connection:POST http://127.0.0.1:65386/session/560543461b342f542406e210bb3c9a10/window/maximize {}
DEBUG:urllib3.connectionpool:http://127.0.0.1:65386 "POST /session/560543461b342f542406e210bb3c9a10/window/maximize HTTP/1.1" 200 51
DEBUG:selenium.webdriver.remote.remote_connection:Finished Request
DEBUG:selenium.webdriver.remote.remote_connection:POST http://127.0.0.1:65386/session/560543461b342f542406e210bb3c9a10/url {"url": "https://www.cmegroup.com/trading/energy/refined-products/gulf-coast-ultra-low-sulfur-diesel-usld-platts-calendar-swap.html"}
DEBUG:urllib3.connectionpool:http://127.0.0.1:65386 "POST /session/560543461b342f542406e210bb3c9a10/url HTTP/1.1" 200 14
DEBUG:selenium.webdriver.remote.remote_connection:Finished Request
DEBUG:selenium.webdriver.remote.remote_connection:POST http://127.0.0.1:65386/session/560543461b342f542406e210bb3c9a10/execute/sync {"script": "return document.body.scrollHeight", "args": []}
DEBUG:urllib3.connectionpool:http://127.0.0.1:65386 "POST /session/560543461b342f542406e210bb3c9a10/execute/sync HTTP/1.1" 200 14
DEBUG:selenium.webdriver.remote.remote_connection:Finished Request
DEBUG:selenium.webdriver.remote.remote_connection:POST http://127.0.0.1:65386/session/560543461b342f542406e210bb3c9a10/execute/sync {"script": "return window.scrollY", "args": []}
DEBUG:urllib3.connectionpool:http://127.0.0.1:65386 "POST /session/560543461b342f542406e210bb3c9a10/execute/sync HTTP/1.1" 200 11
DEBUG:selenium.webdriver.remote.remote_connection:Finished Request
DEBUG:selenium.webdriver.remote.remote_connection:POST http://127.0.0.1:65386/session/560543461b342f542406e210bb3c9a10/execute/sync {"script": "window.scrollTo(0, 833)", "args": []}
DEBUG:urllib3.connectionpool:http://127.0.0.1:65386 "POST /session/560543461b342f542406e210bb3c9a10/execute/sync HTTP/1.1" 200 14
DEBUG:selenium.webdriver.remote.remote_connection:Finished Request
DEBUG:selenium.webdriver.remote.remote_connection:POST http://127.0.0.1:65386/session/560543461b342f542406e210bb3c9a10/execute/sync {"script": "return window.scrollY", "args": []}
DEBUG:urllib3.connectionpool:http://127.0.0.1:65386 "POST /session/560543461b342f542406e210bb3c9a10/execute/sync HTTP/1.1" 200 13
DEBUG:selenium.webdriver.remote.remote_connection:Finished Request
DEBUG:selenium.webdriver.remote.remote_connection:POST http://127.0.0.1:65386/session/560543461b342f542406e210bb3c9a10/execute/sync {"script": "window.scrollTo(833, 48)", "args": []}
DEBUG:urllib3.connectionpool:http://127.0.0.1:65386 "POST /session/560543461b342f542406e210bb3c9a10/execute/sync HTTP/1.1" 200 14
DEBUG:selenium.webdriver.remote.remote_connection:Finished Request
DEBUG:selenium.webdriver.remote.remote_connection:POST http://127.0.0.1:65386/session/560543461b342f542406e210bb3c9a10/execute/sync {"script": "return window.scrollY", "args": []}
DEBUG:urllib3.connectionpool:http://127.0.0.1:65386 "POST /session/560543461b342f542406e210bb3c9a10/execute/sync HTTP/1.1" 200 12
DEBUG:selenium.webdriver.remote.remote_connection:Finished Request
DEBUG:selenium.webdriver.remote.remote_connection:POST http://127.0.0.1:65386/session/560543461b342f542406e210bb3c9a10/execute/sync {"script": "window.scrollTo(48, 641)", "args": []}
DEBUG:urllib3.connectionpool:http://127.0.0.1:65386 "POST /session/560543461b342f542406e210bb3c9a10/execute/sync HTTP/1.1" 200 14
DEBUG:selenium.webdriver.remote.remote_connection:Finished Request
DEBUG:selenium.webdriver.remote.remote_connection:POST http://127.0.0.1:65386/session/560543461b342f542406e210bb3c9a10/execute/sync {"script": "return window.scrollY", "args": []}
DEBUG:urllib3.connectionpool:http://127.0.0.1:65386 "POST /session/560543461b342f542406e210bb3c9a10/execute/sync HTTP/1.1" 200 13
DEBUG:selenium.webdriver.remote.remote_connection:Finished Request
DEBUG:selenium.webdriver.remote.remote_connection:POST http://127.0.0.1:65386/session/560543461b342f542406e210bb3c9a10/execute/sync {"script": "window.scrollTo(641, 1623)", "args": []}
DEBUG:urllib3.connectionpool:http://127.0.0.1:65386 "POST /session/560543461b342f542406e210bb3c9a10/execute/sync HTTP/1.1" 200 14
DEBUG:selenium.webdriver.remote.remote_connection:Finished Request
DEBUG:selenium.webdriver.remote.remote_connection:GET http://127.0.0.1:65386/session/560543461b342f542406e210bb3c9a10/source {}
DEBUG:urllib3.connectionpool:http://127.0.0.1:65386 "GET /session/560543461b342f542406e210bb3c9a10/source HTTP/1.1" 200 563133
DEBUG:selenium.webdriver.remote.remote_connection:Finished Request
DEBUG:selenium.webdriver.remote.remote_connection:POST http://127.0.0.1:65386/session/560543461b342f542406e210bb3c9a10/url {"url": "https://www.cmegroup.com/trading/energy/crude-oil/light-sweet-crude_quotes_globex.html"}
DEBUG:urllib3.connectionpool:http://127.0.0.1:65386 "POST /session/560543461b342f542406e210bb3c9a10/url HTTP/1.1" 200 14
DEBUG:selenium.webdriver.remote.remote_connection:Finished Request
DEBUG:selenium.webdriver.remote.remote_connection:POST http://127.0.0.1:65386/session/560543461b342f542406e210bb3c9a10/execute/sync {"script": "return document.body.scrollHeight", "args": []}
DEBUG:urllib3.connectionpool:http://127.0.0.1:65386 "POST /session/560543461b342f542406e210bb3c9a10/execute/sync HTTP/1.1" 200 14
DEBUG:selenium.webdriver.remote.remote_connection:Finished Request
DEBUG:selenium.webdriver.remote.remote_connection:POST http://127.0.0.1:65386/session/560543461b342f542406e210bb3c9a10/execute/sync {"script": "return window.scrollY", "args": []}
DEBUG:urllib3.connectionpool:http://127.0.0.1:65386 "POST /session/560543461b342f542406e210bb3c9a10/execute/sync HTTP/1.1" 200 11
DEBUG:selenium.webdriver.remote.remote_connection:Finished Request
DEBUG:selenium.webdriver.remote.remote_connection:POST http://127.0.0.1:65386/session/560543461b342f542406e210bb3c9a10/execute/sync {"script": "window.scrollTo(0, 1071)", "args": []}
DEBUG:urllib3.connectionpool:http://127.0.0.1:65386 "POST /session/560543461b342f542406e210bb3c9a10/execute/sync HTTP/1.1" 200 14
DEBUG:selenium.webdriver.remote.remote_connection:Finished Request
DEBUG:selenium.webdriver.remote.remote_connection:POST http://127.0.0.1:65386/session/560543461b342f542406e210bb3c9a10/execute/sync {"script": "return window.scrollY", "args": []}
DEBUG:urllib3.connectionpool:http://127.0.0.1:65386 "POST /session/560543461b342f542406e210bb3c9a10/execute/sync HTTP/1.1" 200 14
DEBUG:selenium.webdriver.remote.remote_connection:Finished Request
DEBUG:selenium.webdriver.remote.remote_connection:POST http://127.0.0.1:65386/session/560543461b342f542406e210bb3c9a10/execute/sync {"script": "window.scrollTo(1071, 2069)", "args": []}
DEBUG:urllib3.connectionpool:http://127.0.0.1:65386 "POST /session/560543461b342f542406e210bb3c9a10/execute/sync HTTP/1.1" 200 14
DEBUG:selenium.webdriver.remote.remote_connection:Finished Request
DEBUG:selenium.webdriver.remote.remote_connection:POST http://127.0.0.1:65386/session/560543461b342f542406e210bb3c9a10/execute/sync {"script": "return window.scrollY", "args": []}
DEBUG:urllib3.connectionpool:http://127.0.0.1:65386 "POST /session/560543461b342f542406e210bb3c9a10/execute/sync HTTP/1.1" 200 14
DEBUG:selenium.webdriver.remote.remote_connection:Finished Request
DEBUG:selenium.webdriver.remote.remote_connection:POST http://127.0.0.1:65386/session/560543461b342f542406e210bb3c9a10/execute/sync {"script": "window.scrollTo(2069, 3092)", "args": []}
DEBUG:urllib3.connectionpool:http://127.0.0.1:65386 "POST /session/560543461b342f542406e210bb3c9a10/execute/sync HTTP/1.1" 200 14
DEBUG:selenium.webdriver.remote.remote_connection:Finished Request
DEBUG:selenium.webdriver.remote.remote_connection:POST http://127.0.0.1:65386/session/560543461b342f542406e210bb3c9a10/execute/sync {"script": "return window.scrollY", "args": []}
DEBUG:urllib3.connectionpool:http://127.0.0.1:65386 "POST /session/560543461b342f542406e210bb3c9a10/execute/sync HTTP/1.1" 200 14
DEBUG:selenium.webdriver.remote.remote_connection:Finished Request
DEBUG:selenium.webdriver.remote.remote_connection:POST http://127.0.0.1:65386/session/560543461b342f542406e210bb3c9a10/execute/sync {"script": "window.scrollTo(3092, 2147)", "args": []}
DEBUG:urllib3.connectionpool:http://127.0.0.1:65386 "POST /session/560543461b342f542406e210bb3c9a10/execute/sync HTTP/1.1" 200 14
DEBUG:selenium.webdriver.remote.remote_connection:Finished Request
DEBUG:selenium.webdriver.remote.remote_connection:POST http://127.0.0.1:65386/session/560543461b342f542406e210bb3c9a10/execute/sync {"script": "return window.scrollY", "args": []}
DEBUG:urllib3.connectionpool:http://127.0.0.1:65386 "POST /session/560543461b342f542406e210bb3c9a10/execute/sync HTTP/1.1" 200 14
DEBUG:selenium.webdriver.remote.remote_connection:Finished Request
DEBUG:selenium.webdriver.remote.remote_connection:POST http://127.0.0.1:65386/session/560543461b342f542406e210bb3c9a10/execute/sync {"script": "window.scrollTo(2147, 1544)", "args": []}
DEBUG:urllib3.connectionpool:http://127.0.0.1:65386 "POST /session/560543461b342f542406e210bb3c9a10/execute/sync HTTP/1.1" 200 14
DEBUG:selenium.webdriver.remote.remote_connection:Finished Request
DEBUG:selenium.webdriver.remote.remote_connection:GET http://127.0.0.1:65386/session/560543461b342f542406e210bb3c9a10/source {}
DEBUG:urllib3.connectionpool:http://127.0.0.1:65386 "GET /session/560543461b342f542406e210bb3c9a10/source HTTP/1.1" 200 752338
DEBUG:selenium.webdriver.remote.remote_connection:Finished Request
DEBUG:selenium.webdriver.remote.remote_connection:POST http://127.0.0.1:65386/session/560543461b342f542406e210bb3c9a10/url {"url": "https://www.cmegroup.com/trading/energy/refined-products/heating-oil.html"}
DEBUG:urllib3.connectionpool:http://127.0.0.1:65386 "POST /session/560543461b342f542406e210bb3c9a10/url HTTP/1.1" 200 14
DEBUG:selenium.webdriver.remote.remote_connection:Finished Request
DEBUG:selenium.webdriver.remote.remote_connection:POST http://127.0.0.1:65386/session/560543461b342f542406e210bb3c9a10/execute/sync {"script": "return document.body.scrollHeight", "args": []}
DEBUG:urllib3.connectionpool:http://127.0.0.1:65386 "POST /session/560543461b342f542406e210bb3c9a10/execute/sync HTTP/1.1" 200 14
DEBUG:selenium.webdriver.remote.remote_connection:Finished Request
DEBUG:selenium.webdriver.remote.remote_connection:POST http://127.0.0.1:65386/session/560543461b342f542406e210bb3c9a10/execute/sync {"script": "return window.scrollY", "args": []}
DEBUG:urllib3.connectionpool:http://127.0.0.1:65386 "POST /session/560543461b342f542406e210bb3c9a10/execute/sync HTTP/1.1" 200 11
DEBUG:selenium.webdriver.remote.remote_connection:Finished Request
DEBUG:selenium.webdriver.remote.remote_connection:POST http://127.0.0.1:65386/session/560543461b342f542406e210bb3c9a10/execute/sync {"script": "window.scrollTo(0, 622)", "args": []}
DEBUG:urllib3.connectionpool:http://127.0.0.1:65386 "POST /session/560543461b342f542406e210bb3c9a10/execute/sync HTTP/1.1" 200 14
DEBUG:selenium.webdriver.remote.remote_connection:Finished Request
DEBUG:selenium.webdriver.remote.remote_connection:POST http://127.0.0.1:65386/session/560543461b342f542406e210bb3c9a10/execute/sync {"script": "return window.scrollY", "args": []}
DEBUG:urllib3.connectionpool:http://127.0.0.1:65386 "POST /session/560543461b342f542406e210bb3c9a10/execute/sync HTTP/1.1" 200 13
DEBUG:selenium.webdriver.remote.remote_connection:Finished Request
DEBUG:selenium.webdriver.remote.remote_connection:POST http://127.0.0.1:65386/session/560543461b342f542406e210bb3c9a10/execute/sync {"script": "window.scrollTo(622, 1377)", "args": []}
DEBUG:urllib3.connectionpool:http://127.0.0.1:65386 "POST /session/560543461b342f542406e210bb3c9a10/execute/sync HTTP/1.1" 200 14
DEBUG:selenium.webdriver.remote.remote_connection:Finished Request
DEBUG:selenium.webdriver.remote.remote_connection:GET http://127.0.0.1:65386/session/560543461b342f542406e210bb3c9a10/source {}
DEBUG:urllib3.connectionpool:http://127.0.0.1:65386 "GET /session/560543461b342f542406e210bb3c9a10/source HTTP/1.1" 200 558710
DEBUG:selenium.webdriver.remote.remote_connection:Finished Request
DEBUG:selenium.webdriver.remote.remote_connection:POST http://127.0.0.1:65386/session/560543461b342f542406e210bb3c9a10/url {"url": "https://www.cmegroup.com/trading/energy/crude-oil/brent-crude-oil.html"}
DEBUG:urllib3.connectionpool:http://127.0.0.1:65386 "POST /session/560543461b342f542406e210bb3c9a10/url HTTP/1.1" 200 14
DEBUG:selenium.webdriver.remote.remote_connection:Finished Request
DEBUG:selenium.webdriver.remote.remote_connection:POST http://127.0.0.1:65386/session/560543461b342f542406e210bb3c9a10/execute/sync {"script": "return document.body.scrollHeight", "args": []}
DEBUG:urllib3.connectionpool:http://127.0.0.1:65386 "POST /session/560543461b342f542406e210bb3c9a10/execute/sync HTTP/1.1" 200 14
DEBUG:selenium.webdriver.remote.remote_connection:Finished Request
DEBUG:selenium.webdriver.remote.remote_connection:POST http://127.0.0.1:65386/session/560543461b342f542406e210bb3c9a10/execute/sync {"script": "return window.scrollY", "args": []}
DEBUG:urllib3.connectionpool:http://127.0.0.1:65386 "POST /session/560543461b342f542406e210bb3c9a10/execute/sync HTTP/1.1" 200 11
DEBUG:selenium.webdriver.remote.remote_connection:Finished Request
DEBUG:selenium.webdriver.remote.remote_connection:POST http://127.0.0.1:65386/session/560543461b342f542406e210bb3c9a10/execute/sync {"script": "window.scrollTo(0, 668)", "args": []}
DEBUG:urllib3.connectionpool:http://127.0.0.1:65386 "POST /session/560543461b342f542406e210bb3c9a10/execute/sync HTTP/1.1" 200 14
DEBUG:selenium.webdriver.remote.remote_connection:Finished Request
DEBUG:selenium.webdriver.remote.remote_connection:POST http://127.0.0.1:65386/session/560543461b342f542406e210bb3c9a10/execute/sync {"script": "return window.scrollY", "args": []}
DEBUG:urllib3.connectionpool:http://127.0.0.1:65386 "POST /session/560543461b342f542406e210bb3c9a10/execute/sync HTTP/1.1" 200 13
DEBUG:selenium.webdriver.remote.remote_connection:Finished Request
DEBUG:selenium.webdriver.remote.remote_connection:POST http://127.0.0.1:65386/session/560543461b342f542406e210bb3c9a10/execute/sync {"script": "window.scrollTo(668, 1739)", "args": []}
DEBUG:urllib3.connectionpool:http://127.0.0.1:65386 "POST /session/560543461b342f542406e210bb3c9a10/execute/sync HTTP/1.1" 200 14
DEBUG:selenium.webdriver.remote.remote_connection:Finished Request
DEBUG:selenium.webdriver.remote.remote_connection:POST http://127.0.0.1:65386/session/560543461b342f542406e210bb3c9a10/execute/sync {"script": "return window.scrollY", "args": []}
DEBUG:urllib3.connectionpool:http://127.0.0.1:65386 "POST /session/560543461b342f542406e210bb3c9a10/execute/sync HTTP/1.1" 200 14
DEBUG:selenium.webdriver.remote.remote_connection:Finished Request
DEBUG:selenium.webdriver.remote.remote_connection:POST http://127.0.0.1:65386/session/560543461b342f542406e210bb3c9a10/execute/sync {"script": "window.scrollTo(1739, 688)", "args": []}
DEBUG:urllib3.connectionpool:http://127.0.0.1:65386 "POST /session/560543461b342f542406e210bb3c9a10/execute/sync HTTP/1.1" 200 14
DEBUG:selenium.webdriver.remote.remote_connection:Finished Request
DEBUG:selenium.webdriver.remote.remote_connection:POST http://127.0.0.1:65386/session/560543461b342f542406e210bb3c9a10/execute/sync {"script": "return window.scrollY", "args": []}
DEBUG:urllib3.connectionpool:http://127.0.0.1:65386 "POST /session/560543461b342f542406e210bb3c9a10/execute/sync HTTP/1.1" 200 13
DEBUG:selenium.webdriver.remote.remote_connection:Finished Request
DEBUG:selenium.webdriver.remote.remote_connection:POST http://127.0.0.1:65386/session/560543461b342f542406e210bb3c9a10/execute/sync {"script": "window.scrollTo(688, 1382)", "args": []}
DEBUG:urllib3.connectionpool:http://127.0.0.1:65386 "POST /session/560543461b342f542406e210bb3c9a10/execute/sync HTTP/1.1" 200 14
DEBUG:selenium.webdriver.remote.remote_connection:Finished Request
DEBUG:selenium.webdriver.remote.remote_connection:GET http://127.0.0.1:65386/session/560543461b342f542406e210bb3c9a10/source {}
DEBUG:urllib3.connectionpool:http://127.0.0.1:65386 "GET /session/560543461b342f542406e210bb3c9a10/source HTTP/1.1" 200 656163
DEBUG:selenium.webdriver.remote.remote_connection:Finished Request
DEBUG:selenium.webdriver.remote.remote_connection:POST http://127.0.0.1:65386/session/560543461b342f542406e210bb3c9a10/url {"url": "https://www.cmegroup.com/trading/energy/refined-products/gulf-coast-no-6-fuel-oil-30pct-sulfur-platts-swap.html"}
DEBUG:urllib3.connectionpool:http://127.0.0.1:65386 "POST /session/560543461b342f542406e210bb3c9a10/url HTTP/1.1" 200 14
DEBUG:selenium.webdriver.remote.remote_connection:Finished Request
DEBUG:selenium.webdriver.remote.remote_connection:POST http://127.0.0.1:65386/session/560543461b342f542406e210bb3c9a10/execute/sync {"script": "return document.body.scrollHeight", "args": []}
DEBUG:urllib3.connectionpool:http://127.0.0.1:65386 "POST /session/560543461b342f542406e210bb3c9a10/execute/sync HTTP/1.1" 200 14
DEBUG:selenium.webdriver.remote.remote_connection:Finished Request
DEBUG:selenium.webdriver.remote.remote_connection:POST http://127.0.0.1:65386/session/560543461b342f542406e210bb3c9a10/execute/sync {"script": "return window.scrollY", "args": []}
DEBUG:urllib3.connectionpool:http://127.0.0.1:65386 "POST /session/560543461b342f542406e210bb3c9a10/execute/sync HTTP/1.1" 200 11
DEBUG:selenium.webdriver.remote.remote_connection:Finished Request
DEBUG:selenium.webdriver.remote.remote_connection:POST http://127.0.0.1:65386/session/560543461b342f542406e210bb3c9a10/execute/sync {"script": "window.scrollTo(0, 653)", "args": []}
DEBUG:urllib3.connectionpool:http://127.0.0.1:65386 "POST /session/560543461b342f542406e210bb3c9a10/execute/sync HTTP/1.1" 200 14
DEBUG:selenium.webdriver.remote.remote_connection:Finished Request
DEBUG:selenium.webdriver.remote.remote_connection:POST http://127.0.0.1:65386/session/560543461b342f542406e210bb3c9a10/execute/sync {"script": "return window.scrollY", "args": []}
DEBUG:urllib3.connectionpool:http://127.0.0.1:65386 "POST /session/560543461b342f542406e210bb3c9a10/execute/sync HTTP/1.1" 200 13
DEBUG:selenium.webdriver.remote.remote_connection:Finished Request
DEBUG:selenium.webdriver.remote.remote_connection:POST http://127.0.0.1:65386/session/560543461b342f542406e210bb3c9a10/execute/sync {"script": "window.scrollTo(653, 79)", "args": []}
DEBUG:urllib3.connectionpool:http://127.0.0.1:65386 "POST /session/560543461b342f542406e210bb3c9a10/execute/sync HTTP/1.1" 200 14
DEBUG:selenium.webdriver.remote.remote_connection:Finished Request
DEBUG:selenium.webdriver.remote.remote_connection:GET http://127.0.0.1:65386/session/560543461b342f542406e210bb3c9a10/source {}
DEBUG:urllib3.connectionpool:http://127.0.0.1:65386 "GET /session/560543461b342f542406e210bb3c9a10/source HTTP/1.1" 200 579643
DEBUG:selenium.webdriver.remote.remote_connection:Finished Request
DEBUG:selenium.webdriver.remote.remote_connection:POST http://127.0.0.1:65386/session/560543461b342f542406e210bb3c9a10/url {"url": "https://www.cmegroup.com/trading/energy/refined-products/rbob-gasoline.html"}
DEBUG:urllib3.connectionpool:http://127.0.0.1:65386 "POST /session/560543461b342f542406e210bb3c9a10/url HTTP/1.1" 200 14
DEBUG:selenium.webdriver.remote.remote_connection:Finished Request
DEBUG:selenium.webdriver.remote.remote_connection:POST http://127.0.0.1:65386/session/560543461b342f542406e210bb3c9a10/execute/sync {"script": "return document.body.scrollHeight", "args": []}
DEBUG:urllib3.connectionpool:http://127.0.0.1:65386 "POST /session/560543461b342f542406e210bb3c9a10/execute/sync HTTP/1.1" 200 14
DEBUG:selenium.webdriver.remote.remote_connection:Finished Request
DEBUG:selenium.webdriver.remote.remote_connection:POST http://127.0.0.1:65386/session/560543461b342f542406e210bb3c9a10/execute/sync {"script": "return window.scrollY", "args": []}
DEBUG:urllib3.connectionpool:http://127.0.0.1:65386 "POST /session/560543461b342f542406e210bb3c9a10/execute/sync HTTP/1.1" 200 11
DEBUG:selenium.webdriver.remote.remote_connection:Finished Request
DEBUG:selenium.webdriver.remote.remote_connection:POST http://127.0.0.1:65386/session/560543461b342f542406e210bb3c9a10/execute/sync {"script": "window.scrollTo(0, 805)", "args": []}
DEBUG:urllib3.connectionpool:http://127.0.0.1:65386 "POST /session/560543461b342f542406e210bb3c9a10/execute/sync HTTP/1.1" 200 14
DEBUG:selenium.webdriver.remote.remote_connection:Finished Request
DEBUG:selenium.webdriver.remote.remote_connection:POST http://127.0.0.1:65386/session/560543461b342f542406e210bb3c9a10/execute/sync {"script": "return window.scrollY", "args": []}
DEBUG:urllib3.connectionpool:http://127.0.0.1:65386 "POST /session/560543461b342f542406e210bb3c9a10/execute/sync HTTP/1.1" 200 13
DEBUG:selenium.webdriver.remote.remote_connection:Finished Request
DEBUG:selenium.webdriver.remote.remote_connection:POST http://127.0.0.1:65386/session/560543461b342f542406e210bb3c9a10/execute/sync {"script": "window.scrollTo(805, 1709)", "args": []}
DEBUG:urllib3.connectionpool:http://127.0.0.1:65386 "POST /session/560543461b342f542406e210bb3c9a10/execute/sync HTTP/1.1" 200 14
DEBUG:selenium.webdriver.remote.remote_connection:Finished Request
DEBUG:selenium.webdriver.remote.remote_connection:POST http://127.0.0.1:65386/session/560543461b342f542406e210bb3c9a10/execute/sync {"script": "return window.scrollY", "args": []}
DEBUG:urllib3.connectionpool:http://127.0.0.1:65386 "POST /session/560543461b342f542406e210bb3c9a10/execute/sync HTTP/1.1" 200 14
DEBUG:selenium.webdriver.remote.remote_connection:Finished Request
DEBUG:selenium.webdriver.remote.remote_connection:POST http://127.0.0.1:65386/session/560543461b342f542406e210bb3c9a10/execute/sync {"script": "window.scrollTo(1709, 2346)", "args": []}
DEBUG:urllib3.connectionpool:http://127.0.0.1:65386 "POST /session/560543461b342f542406e210bb3c9a10/execute/sync HTTP/1.1" 200 14
DEBUG:selenium.webdriver.remote.remote_connection:Finished Request
DEBUG:selenium.webdriver.remote.remote_connection:POST http://127.0.0.1:65386/session/560543461b342f542406e210bb3c9a10/execute/sync {"script": "return window.scrollY", "args": []}
DEBUG:urllib3.connectionpool:http://127.0.0.1:65386 "POST /session/560543461b342f542406e210bb3c9a10/execute/sync HTTP/1.1" 200 14
DEBUG:selenium.webdriver.remote.remote_connection:Finished Request
DEBUG:selenium.webdriver.remote.remote_connection:POST http://127.0.0.1:65386/session/560543461b342f542406e210bb3c9a10/execute/sync {"script": "window.scrollTo(2346, 1675)", "args": []}
DEBUG:urllib3.connectionpool:http://127.0.0.1:65386 "POST /session/560543461b342f542406e210bb3c9a10/execute/sync HTTP/1.1" 200 14
DEBUG:selenium.webdriver.remote.remote_connection:Finished Request
DEBUG:selenium.webdriver.remote.remote_connection:GET http://127.0.0.1:65386/session/560543461b342f542406e210bb3c9a10/source {}
DEBUG:urllib3.connectionpool:http://127.0.0.1:65386 "GET /session/560543461b342f542406e210bb3c9a10/source HTTP/1.1" 200 557630
DEBUG:selenium.webdriver.remote.remote_connection:Finished Request
DEBUG:selenium.webdriver.remote.remote_connection:DELETE http://127.0.0.1:65386/session/560543461b342f542406e210bb3c9a10/window {}
DEBUG:urllib3.connectionpool:http://127.0.0.1:65386 "DELETE /session/560543461b342f542406e210bb3c9a10/window HTTP/1.1" 200 14
DEBUG:selenium.webdriver.remote.remote_connection:Finished Request
DEBUG:selenium.webdriver.remote.remote_connection:POST http://127.0.0.1:63705/session {"capabilities": {"firstMatch": [{}], "alwaysMatch": {"browserName": "chrome", "platformName": "any", "goog:chromeOptions": {"extensions": [], "args": []}}}, "desiredCapabilities": {"browserName": "chrome", "version": "", "platform": "ANY", "goog:chromeOptions": {"extensions": [], "args": []}}}
DEBUG:urllib3.connectionpool:Starting new HTTP connection (1): 127.0.0.1:63705
DEBUG:urllib3.connectionpool:http://127.0.0.1:63705 "POST /session HTTP/1.1" 200 683
DEBUG:selenium.webdriver.remote.remote_connection:Finished Request
DEBUG:selenium.webdriver.remote.remote_connection:POST http://127.0.0.1:63705/session/1a8bedfac63de89ddb011f4b5ac7edb9/window/maximize {}
DEBUG:urllib3.connectionpool:http://127.0.0.1:63705 "POST /session/1a8bedfac63de89ddb011f4b5ac7edb9/window/maximize HTTP/1.1" 200 51
DEBUG:selenium.webdriver.remote.remote_connection:Finished Request
DEBUG:selenium.webdriver.remote.remote_connection:POST http://127.0.0.1:63705/session/1a8bedfac63de89ddb011f4b5ac7edb9/url {"url": "https://www.cmegroup.com/trading/energy/refined-products/gulf-coast-ultra-low-sulfur-diesel-usld-platts-calendar-swap.html"}
DEBUG:urllib3.connectionpool:http://127.0.0.1:63705 "POST /session/1a8bedfac63de89ddb011f4b5ac7edb9/url HTTP/1.1" 200 14
DEBUG:selenium.webdriver.remote.remote_connection:Finished Request
DEBUG:selenium.webdriver.remote.remote_connection:POST http://127.0.0.1:63705/session/1a8bedfac63de89ddb011f4b5ac7edb9/execute/sync {"script": "return document.body.scrollHeight", "args": []}
DEBUG:urllib3.connectionpool:http://127.0.0.1:63705 "POST /session/1a8bedfac63de89ddb011f4b5ac7edb9/execute/sync HTTP/1.1" 200 14
DEBUG:selenium.webdriver.remote.remote_connection:Finished Request
DEBUG:selenium.webdriver.remote.remote_connection:POST http://127.0.0.1:63705/session/1a8bedfac63de89ddb011f4b5ac7edb9/execute/sync {"script": "return window.scrollY", "args": []}
DEBUG:urllib3.connectionpool:http://127.0.0.1:63705 "POST /session/1a8bedfac63de89ddb011f4b5ac7edb9/execute/sync HTTP/1.1" 200 11
DEBUG:selenium.webdriver.remote.remote_connection:Finished Request
DEBUG:selenium.webdriver.remote.remote_connection:POST http://127.0.0.1:63705/session/1a8bedfac63de89ddb011f4b5ac7edb9/execute/sync {"script": "window.scrollTo(0, 857)", "args": []}
DEBUG:urllib3.connectionpool:http://127.0.0.1:63705 "POST /session/1a8bedfac63de89ddb011f4b5ac7edb9/execute/sync HTTP/1.1" 200 14
DEBUG:selenium.webdriver.remote.remote_connection:Finished Request
DEBUG:selenium.webdriver.remote.remote_connection:POST http://127.0.0.1:63705/session/1a8bedfac63de89ddb011f4b5ac7edb9/execute/sync {"script": "return window.scrollY", "args": []}
DEBUG:urllib3.connectionpool:http://127.0.0.1:63705 "POST /session/1a8bedfac63de89ddb011f4b5ac7edb9/execute/sync HTTP/1.1" 200 13
DEBUG:selenium.webdriver.remote.remote_connection:Finished Request
DEBUG:selenium.webdriver.remote.remote_connection:POST http://127.0.0.1:63705/session/1a8bedfac63de89ddb011f4b5ac7edb9/execute/sync {"script": "window.scrollTo(857, 1826)", "args": []}
DEBUG:urllib3.connectionpool:http://127.0.0.1:63705 "POST /session/1a8bedfac63de89ddb011f4b5ac7edb9/execute/sync HTTP/1.1" 200 14
DEBUG:selenium.webdriver.remote.remote_connection:Finished Request
DEBUG:selenium.webdriver.remote.remote_connection:POST http://127.0.0.1:63705/session/1a8bedfac63de89ddb011f4b5ac7edb9/execute/sync {"script": "return window.scrollY", "args": []}
DEBUG:urllib3.connectionpool:http://127.0.0.1:63705 "POST /session/1a8bedfac63de89ddb011f4b5ac7edb9/execute/sync HTTP/1.1" 200 14
DEBUG:selenium.webdriver.remote.remote_connection:Finished Request
DEBUG:selenium.webdriver.remote.remote_connection:POST http://127.0.0.1:63705/session/1a8bedfac63de89ddb011f4b5ac7edb9/execute/sync {"script": "window.scrollTo(1826, 1133)", "args": []}
DEBUG:urllib3.connectionpool:http://127.0.0.1:63705 "POST /session/1a8bedfac63de89ddb011f4b5ac7edb9/execute/sync HTTP/1.1" 200 14
DEBUG:selenium.webdriver.remote.remote_connection:Finished Request
DEBUG:selenium.webdriver.remote.remote_connection:GET http://127.0.0.1:63705/session/1a8bedfac63de89ddb011f4b5ac7edb9/source {}
DEBUG:urllib3.connectionpool:http://127.0.0.1:63705 "GET /session/1a8bedfac63de89ddb011f4b5ac7edb9/source HTTP/1.1" 200 560831
DEBUG:selenium.webdriver.remote.remote_connection:Finished Request
DEBUG:selenium.webdriver.remote.remote_connection:POST http://127.0.0.1:63705/session/1a8bedfac63de89ddb011f4b5ac7edb9/url {"url": "https://www.cmegroup.com/trading/energy/refined-products/heating-oil.html"}
DEBUG:urllib3.connectionpool:http://127.0.0.1:63705 "POST /session/1a8bedfac63de89ddb011f4b5ac7edb9/url HTTP/1.1" 200 14
DEBUG:selenium.webdriver.remote.remote_connection:Finished Request
DEBUG:selenium.webdriver.remote.remote_connection:POST http://127.0.0.1:63705/session/1a8bedfac63de89ddb011f4b5ac7edb9/execute/sync {"script": "return document.body.scrollHeight", "args": []}
DEBUG:urllib3.connectionpool:http://127.0.0.1:63705 "POST /session/1a8bedfac63de89ddb011f4b5ac7edb9/execute/sync HTTP/1.1" 200 14
DEBUG:selenium.webdriver.remote.remote_connection:Finished Request
DEBUG:selenium.webdriver.remote.remote_connection:POST http://127.0.0.1:63705/session/1a8bedfac63de89ddb011f4b5ac7edb9/execute/sync {"script": "return window.scrollY", "args": []}
DEBUG:urllib3.connectionpool:http://127.0.0.1:63705 "POST /session/1a8bedfac63de89ddb011f4b5ac7edb9/execute/sync HTTP/1.1" 200 11
DEBUG:selenium.webdriver.remote.remote_connection:Finished Request
DEBUG:selenium.webdriver.remote.remote_connection:POST http://127.0.0.1:63705/session/1a8bedfac63de89ddb011f4b5ac7edb9/execute/sync {"script": "window.scrollTo(0, 1016)", "args": []}
DEBUG:urllib3.connectionpool:http://127.0.0.1:63705 "POST /session/1a8bedfac63de89ddb011f4b5ac7edb9/execute/sync HTTP/1.1" 200 14
DEBUG:selenium.webdriver.remote.remote_connection:Finished Request
DEBUG:selenium.webdriver.remote.remote_connection:POST http://127.0.0.1:63705/session/1a8bedfac63de89ddb011f4b5ac7edb9/execute/sync {"script": "return window.scrollY", "args": []}
DEBUG:urllib3.connectionpool:http://127.0.0.1:63705 "POST /session/1a8bedfac63de89ddb011f4b5ac7edb9/execute/sync HTTP/1.1" 200 14
DEBUG:selenium.webdriver.remote.remote_connection:Finished Request
DEBUG:selenium.webdriver.remote.remote_connection:POST http://127.0.0.1:63705/session/1a8bedfac63de89ddb011f4b5ac7edb9/execute/sync {"script": "window.scrollTo(1016, 455)", "args": []}
DEBUG:urllib3.connectionpool:http://127.0.0.1:63705 "POST /session/1a8bedfac63de89ddb011f4b5ac7edb9/execute/sync HTTP/1.1" 200 14
DEBUG:selenium.webdriver.remote.remote_connection:Finished Request
DEBUG:selenium.webdriver.remote.remote_connection:GET http://127.0.0.1:63705/session/1a8bedfac63de89ddb011f4b5ac7edb9/source {}
DEBUG:urllib3.connectionpool:http://127.0.0.1:63705 "GET /session/1a8bedfac63de89ddb011f4b5ac7edb9/source HTTP/1.1" 200 558069
DEBUG:selenium.webdriver.remote.remote_connection:Finished Request
DEBUG:selenium.webdriver.remote.remote_connection:POST http://127.0.0.1:63705/session/1a8bedfac63de89ddb011f4b5ac7edb9/url {"url": "https://www.cmegroup.com/trading/energy/refined-products/rbob-gasoline.html"}
DEBUG:urllib3.connectionpool:http://127.0.0.1:63705 "POST /session/1a8bedfac63de89ddb011f4b5ac7edb9/url HTTP/1.1" 200 14
DEBUG:selenium.webdriver.remote.remote_connection:Finished Request
DEBUG:selenium.webdriver.remote.remote_connection:POST http://127.0.0.1:63705/session/1a8bedfac63de89ddb011f4b5ac7edb9/execute/sync {"script": "return document.body.scrollHeight", "args": []}
DEBUG:urllib3.connectionpool:http://127.0.0.1:63705 "POST /session/1a8bedfac63de89ddb011f4b5ac7edb9/execute/sync HTTP/1.1" 200 14
DEBUG:selenium.webdriver.remote.remote_connection:Finished Request
DEBUG:selenium.webdriver.remote.remote_connection:POST http://127.0.0.1:63705/session/1a8bedfac63de89ddb011f4b5ac7edb9/execute/sync {"script": "return window.scrollY", "args": []}
DEBUG:urllib3.connectionpool:http://127.0.0.1:63705 "POST /session/1a8bedfac63de89ddb011f4b5ac7edb9/execute/sync HTTP/1.1" 200 11
DEBUG:selenium.webdriver.remote.remote_connection:Finished Request
DEBUG:selenium.webdriver.remote.remote_connection:POST http://127.0.0.1:63705/session/1a8bedfac63de89ddb011f4b5ac7edb9/execute/sync {"script": "window.scrollTo(0, 722)", "args": []}
DEBUG:urllib3.connectionpool:http://127.0.0.1:63705 "POST /session/1a8bedfac63de89ddb011f4b5ac7edb9/execute/sync HTTP/1.1" 200 14
DEBUG:selenium.webdriver.remote.remote_connection:Finished Request
DEBUG:selenium.webdriver.remote.remote_connection:GET http://127.0.0.1:63705/session/1a8bedfac63de89ddb011f4b5ac7edb9/source {}
DEBUG:urllib3.connectionpool:http://127.0.0.1:63705 "GET /session/1a8bedfac63de89ddb011f4b5ac7edb9/source HTTP/1.1" 200 555283
DEBUG:selenium.webdriver.remote.remote_connection:Finished Request
DEBUG:selenium.webdriver.remote.remote_connection:POST http://127.0.0.1:63705/session/1a8bedfac63de89ddb011f4b5ac7edb9/url {"url": "https://www.cmegroup.com/trading/energy/crude-oil/light-sweet-crude_quotes_globex.html"}
DEBUG:urllib3.connectionpool:http://127.0.0.1:63705 "POST /session/1a8bedfac63de89ddb011f4b5ac7edb9/url HTTP/1.1" 200 14
DEBUG:selenium.webdriver.remote.remote_connection:Finished Request
DEBUG:selenium.webdriver.remote.remote_connection:POST http://127.0.0.1:63705/session/1a8bedfac63de89ddb011f4b5ac7edb9/execute/sync {"script": "return document.body.scrollHeight", "args": []}
DEBUG:urllib3.connectionpool:http://127.0.0.1:63705 "POST /session/1a8bedfac63de89ddb011f4b5ac7edb9/execute/sync HTTP/1.1" 200 14
DEBUG:selenium.webdriver.remote.remote_connection:Finished Request
DEBUG:selenium.webdriver.remote.remote_connection:POST http://127.0.0.1:63705/session/1a8bedfac63de89ddb011f4b5ac7edb9/execute/sync {"script": "return window.scrollY", "args": []}
DEBUG:urllib3.connectionpool:http://127.0.0.1:63705 "POST /session/1a8bedfac63de89ddb011f4b5ac7edb9/execute/sync HTTP/1.1" 200 11
DEBUG:selenium.webdriver.remote.remote_connection:Finished Request
DEBUG:selenium.webdriver.remote.remote_connection:POST http://127.0.0.1:63705/session/1a8bedfac63de89ddb011f4b5ac7edb9/execute/sync {"script": "window.scrollTo(0, 721)", "args": []}
DEBUG:urllib3.connectionpool:http://127.0.0.1:63705 "POST /session/1a8bedfac63de89ddb011f4b5ac7edb9/execute/sync HTTP/1.1" 200 14
DEBUG:selenium.webdriver.remote.remote_connection:Finished Request
DEBUG:selenium.webdriver.remote.remote_connection:GET http://127.0.0.1:63705/session/1a8bedfac63de89ddb011f4b5ac7edb9/source {}
DEBUG:urllib3.connectionpool:http://127.0.0.1:63705 "GET /session/1a8bedfac63de89ddb011f4b5ac7edb9/source HTTP/1.1" 200 752198
DEBUG:selenium.webdriver.remote.remote_connection:Finished Request
DEBUG:selenium.webdriver.remote.remote_connection:POST http://127.0.0.1:63705/session/1a8bedfac63de89ddb011f4b5ac7edb9/url {"url": "https://www.cmegroup.com/trading/energy/refined-products/gulf-coast-no-6-fuel-oil-30pct-sulfur-platts-swap.html"}
DEBUG:urllib3.connectionpool:http://127.0.0.1:63705 "POST /session/1a8bedfac63de89ddb011f4b5ac7edb9/url HTTP/1.1" 200 14
DEBUG:selenium.webdriver.remote.remote_connection:Finished Request
DEBUG:selenium.webdriver.remote.remote_connection:POST http://127.0.0.1:63705/session/1a8bedfac63de89ddb011f4b5ac7edb9/execute/sync {"script": "return document.body.scrollHeight", "args": []}
DEBUG:urllib3.connectionpool:http://127.0.0.1:63705 "POST /session/1a8bedfac63de89ddb011f4b5ac7edb9/execute/sync HTTP/1.1" 200 14
DEBUG:selenium.webdriver.remote.remote_connection:Finished Request
DEBUG:selenium.webdriver.remote.remote_connection:POST http://127.0.0.1:63705/session/1a8bedfac63de89ddb011f4b5ac7edb9/execute/sync {"script": "return window.scrollY", "args": []}
DEBUG:urllib3.connectionpool:http://127.0.0.1:63705 "POST /session/1a8bedfac63de89ddb011f4b5ac7edb9/execute/sync HTTP/1.1" 200 11
DEBUG:selenium.webdriver.remote.remote_connection:Finished Request
DEBUG:selenium.webdriver.remote.remote_connection:POST http://127.0.0.1:63705/session/1a8bedfac63de89ddb011f4b5ac7edb9/execute/sync {"script": "window.scrollTo(0, 1026)", "args": []}
DEBUG:urllib3.connectionpool:http://127.0.0.1:63705 "POST /session/1a8bedfac63de89ddb011f4b5ac7edb9/execute/sync HTTP/1.1" 200 14
DEBUG:selenium.webdriver.remote.remote_connection:Finished Request
DEBUG:selenium.webdriver.remote.remote_connection:POST http://127.0.0.1:63705/session/1a8bedfac63de89ddb011f4b5ac7edb9/execute/sync {"script": "return window.scrollY", "args": []}
DEBUG:urllib3.connectionpool:http://127.0.0.1:63705 "POST /session/1a8bedfac63de89ddb011f4b5ac7edb9/execute/sync HTTP/1.1" 200 14
DEBUG:selenium.webdriver.remote.remote_connection:Finished Request
DEBUG:selenium.webdriver.remote.remote_connection:POST http://127.0.0.1:63705/session/1a8bedfac63de89ddb011f4b5ac7edb9/execute/sync {"script": "window.scrollTo(1026, 2061)", "args": []}
DEBUG:urllib3.connectionpool:http://127.0.0.1:63705 "POST /session/1a8bedfac63de89ddb011f4b5ac7edb9/execute/sync HTTP/1.1" 200 14
DEBUG:selenium.webdriver.remote.remote_connection:Finished Request
DEBUG:selenium.webdriver.remote.remote_connection:POST http://127.0.0.1:63705/session/1a8bedfac63de89ddb011f4b5ac7edb9/execute/sync {"script": "return window.scrollY", "args": []}
DEBUG:urllib3.connectionpool:http://127.0.0.1:63705 "POST /session/1a8bedfac63de89ddb011f4b5ac7edb9/execute/sync HTTP/1.1" 200 14
DEBUG:selenium.webdriver.remote.remote_connection:Finished Request
DEBUG:selenium.webdriver.remote.remote_connection:POST http://127.0.0.1:63705/session/1a8bedfac63de89ddb011f4b5ac7edb9/execute/sync {"script": "window.scrollTo(2061, 1009)", "args": []}
DEBUG:urllib3.connectionpool:http://127.0.0.1:63705 "POST /session/1a8bedfac63de89ddb011f4b5ac7edb9/execute/sync HTTP/1.1" 200 14
DEBUG:selenium.webdriver.remote.remote_connection:Finished Request
DEBUG:selenium.webdriver.remote.remote_connection:GET http://127.0.0.1:63705/session/1a8bedfac63de89ddb011f4b5ac7edb9/source {}
DEBUG:urllib3.connectionpool:http://127.0.0.1:63705 "GET /session/1a8bedfac63de89ddb011f4b5ac7edb9/source HTTP/1.1" 200 580279
DEBUG:selenium.webdriver.remote.remote_connection:Finished Request
DEBUG:selenium.webdriver.remote.remote_connection:POST http://127.0.0.1:63705/session/1a8bedfac63de89ddb011f4b5ac7edb9/url {"url": "https://www.cmegroup.com/trading/energy/crude-oil/brent-crude-oil.html"}
DEBUG:urllib3.connectionpool:http://127.0.0.1:63705 "POST /session/1a8bedfac63de89ddb011f4b5ac7edb9/url HTTP/1.1" 200 14
DEBUG:selenium.webdriver.remote.remote_connection:Finished Request
DEBUG:selenium.webdriver.remote.remote_connection:POST http://127.0.0.1:63705/session/1a8bedfac63de89ddb011f4b5ac7edb9/execute/sync {"script": "return document.body.scrollHeight", "args": []}
DEBUG:urllib3.connectionpool:http://127.0.0.1:63705 "POST /session/1a8bedfac63de89ddb011f4b5ac7edb9/execute/sync HTTP/1.1" 200 14
DEBUG:selenium.webdriver.remote.remote_connection:Finished Request
DEBUG:selenium.webdriver.remote.remote_connection:POST http://127.0.0.1:63705/session/1a8bedfac63de89ddb011f4b5ac7edb9/execute/sync {"script": "return window.scrollY", "args": []}
DEBUG:urllib3.connectionpool:http://127.0.0.1:63705 "POST /session/1a8bedfac63de89ddb011f4b5ac7edb9/execute/sync HTTP/1.1" 200 11
DEBUG:selenium.webdriver.remote.remote_connection:Finished Request
DEBUG:selenium.webdriver.remote.remote_connection:POST http://127.0.0.1:63705/session/1a8bedfac63de89ddb011f4b5ac7edb9/execute/sync {"script": "window.scrollTo(0, 715)", "args": []}
DEBUG:urllib3.connectionpool:http://127.0.0.1:63705 "POST /session/1a8bedfac63de89ddb011f4b5ac7edb9/execute/sync HTTP/1.1" 200 14
DEBUG:selenium.webdriver.remote.remote_connection:Finished Request
DEBUG:selenium.webdriver.remote.remote_connection:POST http://127.0.0.1:63705/session/1a8bedfac63de89ddb011f4b5ac7edb9/execute/sync {"script": "return window.scrollY", "args": []}
DEBUG:urllib3.connectionpool:http://127.0.0.1:63705 "POST /session/1a8bedfac63de89ddb011f4b5ac7edb9/execute/sync HTTP/1.1" 200 13
DEBUG:selenium.webdriver.remote.remote_connection:Finished Request
DEBUG:selenium.webdriver.remote.remote_connection:POST http://127.0.0.1:63705/session/1a8bedfac63de89ddb011f4b5ac7edb9/execute/sync {"script": "window.scrollTo(715, 1657)", "args": []}
DEBUG:urllib3.connectionpool:http://127.0.0.1:63705 "POST /session/1a8bedfac63de89ddb011f4b5ac7edb9/execute/sync HTTP/1.1" 200 14
DEBUG:selenium.webdriver.remote.remote_connection:Finished Request
DEBUG:selenium.webdriver.remote.remote_connection:POST http://127.0.0.1:63705/session/1a8bedfac63de89ddb011f4b5ac7edb9/execute/sync {"script": "return window.scrollY", "args": []}
DEBUG:urllib3.connectionpool:http://127.0.0.1:63705 "POST /session/1a8bedfac63de89ddb011f4b5ac7edb9/execute/sync HTTP/1.1" 200 14
DEBUG:selenium.webdriver.remote.remote_connection:Finished Request
DEBUG:selenium.webdriver.remote.remote_connection:POST http://127.0.0.1:63705/session/1a8bedfac63de89ddb011f4b5ac7edb9/execute/sync {"script": "window.scrollTo(1657, 2578)", "args": []}
DEBUG:urllib3.connectionpool:http://127.0.0.1:63705 "POST /session/1a8bedfac63de89ddb011f4b5ac7edb9/execute/sync HTTP/1.1" 200 14
DEBUG:selenium.webdriver.remote.remote_connection:Finished Request
DEBUG:selenium.webdriver.remote.remote_connection:POST http://127.0.0.1:63705/session/1a8bedfac63de89ddb011f4b5ac7edb9/execute/sync {"script": "return window.scrollY", "args": []}
DEBUG:urllib3.connectionpool:http://127.0.0.1:63705 "POST /session/1a8bedfac63de89ddb011f4b5ac7edb9/execute/sync HTTP/1.1" 200 14
DEBUG:selenium.webdriver.remote.remote_connection:Finished Request
DEBUG:selenium.webdriver.remote.remote_connection:POST http://127.0.0.1:63705/session/1a8bedfac63de89ddb011f4b5ac7edb9/execute/sync {"script": "window.scrollTo(2578, 1657)", "args": []}
DEBUG:urllib3.connectionpool:http://127.0.0.1:63705 "POST /session/1a8bedfac63de89ddb011f4b5ac7edb9/execute/sync HTTP/1.1" 200 14
DEBUG:selenium.webdriver.remote.remote_connection:Finished Request
DEBUG:selenium.webdriver.remote.remote_connection:GET http://127.0.0.1:63705/session/1a8bedfac63de89ddb011f4b5ac7edb9/source {}
DEBUG:urllib3.connectionpool:http://127.0.0.1:63705 "GET /session/1a8bedfac63de89ddb011f4b5ac7edb9/source HTTP/1.1" 200 656126
DEBUG:selenium.webdriver.remote.remote_connection:Finished Request
DEBUG:selenium.webdriver.remote.remote_connection:DELETE http://127.0.0.1:63705/session/1a8bedfac63de89ddb011f4b5ac7edb9/window {}
DEBUG:urllib3.connectionpool:http://127.0.0.1:63705 "DELETE /session/1a8bedfac63de89ddb011f4b5ac7edb9/window HTTP/1.1" 200 14
DEBUG:selenium.webdriver.remote.remote_connection:Finished Request
DEBUG:selenium.webdriver.remote.remote_connection:POST http://127.0.0.1:65054/session {"capabilities": {"firstMatch": [{}], "alwaysMatch": {"browserName": "chrome", "platformName": "any", "goog:chromeOptions": {"extensions": [], "args": []}}}, "desiredCapabilities": {"browserName": "chrome", "version": "", "platform": "ANY", "goog:chromeOptions": {"extensions": [], "args": []}}}
DEBUG:urllib3.connectionpool:Starting new HTTP connection (1): 127.0.0.1:65054
DEBUG:urllib3.connectionpool:http://127.0.0.1:65054 "POST /session HTTP/1.1" 200 682
DEBUG:selenium.webdriver.remote.remote_connection:Finished Request
DEBUG:selenium.webdriver.remote.remote_connection:POST http://127.0.0.1:65054/session/aac60c458a7543dbe305a5c0f9d4a0d9/window/maximize {}
DEBUG:urllib3.connectionpool:http://127.0.0.1:65054 "POST /session/aac60c458a7543dbe305a5c0f9d4a0d9/window/maximize HTTP/1.1" 200 51
DEBUG:selenium.webdriver.remote.remote_connection:Finished Request
DEBUG:selenium.webdriver.remote.remote_connection:POST http://127.0.0.1:65054/session/aac60c458a7543dbe305a5c0f9d4a0d9/url {"url": "https://www.cmegroup.com/trading/energy/refined-products/heating-oil.html"}
DEBUG:urllib3.connectionpool:http://127.0.0.1:65054 "POST /session/aac60c458a7543dbe305a5c0f9d4a0d9/url HTTP/1.1" 200 14
DEBUG:selenium.webdriver.remote.remote_connection:Finished Request
DEBUG:selenium.webdriver.remote.remote_connection:POST http://127.0.0.1:65054/session/aac60c458a7543dbe305a5c0f9d4a0d9/execute/sync {"script": "return document.body.scrollHeight", "args": []}
DEBUG:urllib3.connectionpool:http://127.0.0.1:65054 "POST /session/aac60c458a7543dbe305a5c0f9d4a0d9/execute/sync HTTP/1.1" 200 14
DEBUG:selenium.webdriver.remote.remote_connection:Finished Request
DEBUG:selenium.webdriver.remote.remote_connection:POST http://127.0.0.1:65054/session/aac60c458a7543dbe305a5c0f9d4a0d9/execute/sync {"script": "return window.scrollY", "args": []}
DEBUG:urllib3.connectionpool:http://127.0.0.1:65054 "POST /session/aac60c458a7543dbe305a5c0f9d4a0d9/execute/sync HTTP/1.1" 200 11
DEBUG:selenium.webdriver.remote.remote_connection:Finished Request
DEBUG:selenium.webdriver.remote.remote_connection:POST http://127.0.0.1:65054/session/aac60c458a7543dbe305a5c0f9d4a0d9/execute/sync {"script": "window.scrollTo(0, 867)", "args": []}
DEBUG:urllib3.connectionpool:http://127.0.0.1:65054 "POST /session/aac60c458a7543dbe305a5c0f9d4a0d9/execute/sync HTTP/1.1" 200 14
DEBUG:selenium.webdriver.remote.remote_connection:Finished Request
DEBUG:selenium.webdriver.remote.remote_connection:POST http://127.0.0.1:65054/session/aac60c458a7543dbe305a5c0f9d4a0d9/execute/sync {"script": "return window.scrollY", "args": []}
DEBUG:urllib3.connectionpool:http://127.0.0.1:65054 "POST /session/aac60c458a7543dbe305a5c0f9d4a0d9/execute/sync HTTP/1.1" 200 13
DEBUG:selenium.webdriver.remote.remote_connection:Finished Request
DEBUG:selenium.webdriver.remote.remote_connection:POST http://127.0.0.1:65054/session/aac60c458a7543dbe305a5c0f9d4a0d9/execute/sync {"script": "window.scrollTo(867, 1906)", "args": []}
DEBUG:urllib3.connectionpool:http://127.0.0.1:65054 "POST /session/aac60c458a7543dbe305a5c0f9d4a0d9/execute/sync HTTP/1.1" 200 14
DEBUG:selenium.webdriver.remote.remote_connection:Finished Request
DEBUG:selenium.webdriver.remote.remote_connection:POST http://127.0.0.1:65054/session/aac60c458a7543dbe305a5c0f9d4a0d9/execute/sync {"script": "return window.scrollY", "args": []}
DEBUG:urllib3.connectionpool:http://127.0.0.1:65054 "POST /session/aac60c458a7543dbe305a5c0f9d4a0d9/execute/sync HTTP/1.1" 200 14
DEBUG:selenium.webdriver.remote.remote_connection:Finished Request
DEBUG:selenium.webdriver.remote.remote_connection:POST http://127.0.0.1:65054/session/aac60c458a7543dbe305a5c0f9d4a0d9/execute/sync {"script": "window.scrollTo(1906, 1289)", "args": []}
DEBUG:urllib3.connectionpool:http://127.0.0.1:65054 "POST /session/aac60c458a7543dbe305a5c0f9d4a0d9/execute/sync HTTP/1.1" 200 14
DEBUG:selenium.webdriver.remote.remote_connection:Finished Request
DEBUG:selenium.webdriver.remote.remote_connection:POST http://127.0.0.1:65054/session/aac60c458a7543dbe305a5c0f9d4a0d9/execute/sync {"script": "return window.scrollY", "args": []}
DEBUG:urllib3.connectionpool:http://127.0.0.1:65054 "POST /session/aac60c458a7543dbe305a5c0f9d4a0d9/execute/sync HTTP/1.1" 200 14
DEBUG:selenium.webdriver.remote.remote_connection:Finished Request
DEBUG:selenium.webdriver.remote.remote_connection:POST http://127.0.0.1:65054/session/aac60c458a7543dbe305a5c0f9d4a0d9/execute/sync {"script": "window.scrollTo(1289, 2115)", "args": []}
DEBUG:urllib3.connectionpool:http://127.0.0.1:65054 "POST /session/aac60c458a7543dbe305a5c0f9d4a0d9/execute/sync HTTP/1.1" 200 14
DEBUG:selenium.webdriver.remote.remote_connection:Finished Request
DEBUG:selenium.webdriver.remote.remote_connection:POST http://127.0.0.1:65054/session/aac60c458a7543dbe305a5c0f9d4a0d9/execute/sync {"script": "return window.scrollY", "args": []}
DEBUG:urllib3.connectionpool:http://127.0.0.1:65054 "POST /session/aac60c458a7543dbe305a5c0f9d4a0d9/execute/sync HTTP/1.1" 200 14
DEBUG:selenium.webdriver.remote.remote_connection:Finished Request
DEBUG:selenium.webdriver.remote.remote_connection:POST http://127.0.0.1:65054/session/aac60c458a7543dbe305a5c0f9d4a0d9/execute/sync {"script": "window.scrollTo(2115, 1190)", "args": []}
DEBUG:urllib3.connectionpool:http://127.0.0.1:65054 "POST /session/aac60c458a7543dbe305a5c0f9d4a0d9/execute/sync HTTP/1.1" 200 14
DEBUG:selenium.webdriver.remote.remote_connection:Finished Request
DEBUG:selenium.webdriver.remote.remote_connection:GET http://127.0.0.1:65054/session/aac60c458a7543dbe305a5c0f9d4a0d9/source {}
DEBUG:urllib3.connectionpool:http://127.0.0.1:65054 "GET /session/aac60c458a7543dbe305a5c0f9d4a0d9/source HTTP/1.1" 200 558993
DEBUG:selenium.webdriver.remote.remote_connection:Finished Request
DEBUG:selenium.webdriver.remote.remote_connection:POST http://127.0.0.1:65054/session/aac60c458a7543dbe305a5c0f9d4a0d9/url {"url": "https://www.cmegroup.com/trading/energy/crude-oil/light-sweet-crude_quotes_globex.html"}
DEBUG:urllib3.connectionpool:http://127.0.0.1:65054 "POST /session/aac60c458a7543dbe305a5c0f9d4a0d9/url HTTP/1.1" 200 14
DEBUG:selenium.webdriver.remote.remote_connection:Finished Request
DEBUG:selenium.webdriver.remote.remote_connection:POST http://127.0.0.1:65054/session/aac60c458a7543dbe305a5c0f9d4a0d9/execute/sync {"script": "return document.body.scrollHeight", "args": []}
DEBUG:urllib3.connectionpool:http://127.0.0.1:65054 "POST /session/aac60c458a7543dbe305a5c0f9d4a0d9/execute/sync HTTP/1.1" 200 14
DEBUG:selenium.webdriver.remote.remote_connection:Finished Request
DEBUG:selenium.webdriver.remote.remote_connection:POST http://127.0.0.1:65054/session/aac60c458a7543dbe305a5c0f9d4a0d9/execute/sync {"script": "return window.scrollY", "args": []}
DEBUG:urllib3.connectionpool:http://127.0.0.1:65054 "POST /session/aac60c458a7543dbe305a5c0f9d4a0d9/execute/sync HTTP/1.1" 200 11
DEBUG:selenium.webdriver.remote.remote_connection:Finished Request
DEBUG:selenium.webdriver.remote.remote_connection:POST http://127.0.0.1:65054/session/aac60c458a7543dbe305a5c0f9d4a0d9/execute/sync {"script": "window.scrollTo(0, 795)", "args": []}
DEBUG:urllib3.connectionpool:http://127.0.0.1:65054 "POST /session/aac60c458a7543dbe305a5c0f9d4a0d9/execute/sync HTTP/1.1" 200 14
DEBUG:selenium.webdriver.remote.remote_connection:Finished Request
DEBUG:selenium.webdriver.remote.remote_connection:POST http://127.0.0.1:65054/session/aac60c458a7543dbe305a5c0f9d4a0d9/execute/sync {"script": "return window.scrollY", "args": []}
DEBUG:urllib3.connectionpool:http://127.0.0.1:65054 "POST /session/aac60c458a7543dbe305a5c0f9d4a0d9/execute/sync HTTP/1.1" 200 13
DEBUG:selenium.webdriver.remote.remote_connection:Finished Request
DEBUG:selenium.webdriver.remote.remote_connection:POST http://127.0.0.1:65054/session/aac60c458a7543dbe305a5c0f9d4a0d9/execute/sync {"script": "window.scrollTo(795, 240)", "args": []}
DEBUG:urllib3.connectionpool:http://127.0.0.1:65054 "POST /session/aac60c458a7543dbe305a5c0f9d4a0d9/execute/sync HTTP/1.1" 200 14
DEBUG:selenium.webdriver.remote.remote_connection:Finished Request
DEBUG:selenium.webdriver.remote.remote_connection:POST http://127.0.0.1:65054/session/aac60c458a7543dbe305a5c0f9d4a0d9/execute/sync {"script": "return window.scrollY", "args": []}
DEBUG:urllib3.connectionpool:http://127.0.0.1:65054 "POST /session/aac60c458a7543dbe305a5c0f9d4a0d9/execute/sync HTTP/1.1" 200 13
DEBUG:selenium.webdriver.remote.remote_connection:Finished Request
DEBUG:selenium.webdriver.remote.remote_connection:POST http://127.0.0.1:65054/session/aac60c458a7543dbe305a5c0f9d4a0d9/execute/sync {"script": "window.scrollTo(240, 1041)", "args": []}
DEBUG:urllib3.connectionpool:http://127.0.0.1:65054 "POST /session/aac60c458a7543dbe305a5c0f9d4a0d9/execute/sync HTTP/1.1" 200 14
DEBUG:selenium.webdriver.remote.remote_connection:Finished Request
DEBUG:selenium.webdriver.remote.remote_connection:GET http://127.0.0.1:65054/session/aac60c458a7543dbe305a5c0f9d4a0d9/source {}
DEBUG:urllib3.connectionpool:http://127.0.0.1:65054 "GET /session/aac60c458a7543dbe305a5c0f9d4a0d9/source HTTP/1.1" 200 755890
DEBUG:selenium.webdriver.remote.remote_connection:Finished Request
DEBUG:selenium.webdriver.remote.remote_connection:POST http://127.0.0.1:65054/session/aac60c458a7543dbe305a5c0f9d4a0d9/url {"url": "https://www.cmegroup.com/trading/energy/refined-products/rbob-gasoline.html"}
DEBUG:urllib3.connectionpool:http://127.0.0.1:65054 "POST /session/aac60c458a7543dbe305a5c0f9d4a0d9/url HTTP/1.1" 200 14
DEBUG:selenium.webdriver.remote.remote_connection:Finished Request
DEBUG:selenium.webdriver.remote.remote_connection:POST http://127.0.0.1:65054/session/aac60c458a7543dbe305a5c0f9d4a0d9/execute/sync {"script": "return document.body.scrollHeight", "args": []}
DEBUG:urllib3.connectionpool:http://127.0.0.1:65054 "POST /session/aac60c458a7543dbe305a5c0f9d4a0d9/execute/sync HTTP/1.1" 200 14
DEBUG:selenium.webdriver.remote.remote_connection:Finished Request
DEBUG:selenium.webdriver.remote.remote_connection:POST http://127.0.0.1:65054/session/aac60c458a7543dbe305a5c0f9d4a0d9/execute/sync {"script": "return window.scrollY", "args": []}
DEBUG:urllib3.connectionpool:http://127.0.0.1:65054 "POST /session/aac60c458a7543dbe305a5c0f9d4a0d9/execute/sync HTTP/1.1" 200 11
DEBUG:selenium.webdriver.remote.remote_connection:Finished Request
DEBUG:selenium.webdriver.remote.remote_connection:POST http://127.0.0.1:65054/session/aac60c458a7543dbe305a5c0f9d4a0d9/execute/sync {"script": "window.scrollTo(0, 605)", "args": []}
DEBUG:urllib3.connectionpool:http://127.0.0.1:65054 "POST /session/aac60c458a7543dbe305a5c0f9d4a0d9/execute/sync HTTP/1.1" 200 14
DEBUG:selenium.webdriver.remote.remote_connection:Finished Request
DEBUG:selenium.webdriver.remote.remote_connection:POST http://127.0.0.1:65054/session/aac60c458a7543dbe305a5c0f9d4a0d9/execute/sync {"script": "return window.scrollY", "args": []}
DEBUG:urllib3.connectionpool:http://127.0.0.1:65054 "POST /session/aac60c458a7543dbe305a5c0f9d4a0d9/execute/sync HTTP/1.1" 200 13
DEBUG:selenium.webdriver.remote.remote_connection:Finished Request
DEBUG:selenium.webdriver.remote.remote_connection:POST http://127.0.0.1:65054/session/aac60c458a7543dbe305a5c0f9d4a0d9/execute/sync {"script": "window.scrollTo(605, 1651)", "args": []}
DEBUG:urllib3.connectionpool:http://127.0.0.1:65054 "POST /session/aac60c458a7543dbe305a5c0f9d4a0d9/execute/sync HTTP/1.1" 200 14
DEBUG:selenium.webdriver.remote.remote_connection:Finished Request
DEBUG:selenium.webdriver.remote.remote_connection:POST http://127.0.0.1:65054/session/aac60c458a7543dbe305a5c0f9d4a0d9/execute/sync {"script": "return window.scrollY", "args": []}
DEBUG:urllib3.connectionpool:http://127.0.0.1:65054 "POST /session/aac60c458a7543dbe305a5c0f9d4a0d9/execute/sync HTTP/1.1" 200 14
DEBUG:selenium.webdriver.remote.remote_connection:Finished Request
DEBUG:selenium.webdriver.remote.remote_connection:POST http://127.0.0.1:65054/session/aac60c458a7543dbe305a5c0f9d4a0d9/execute/sync {"script": "window.scrollTo(1651, 2383)", "args": []}
DEBUG:urllib3.connectionpool:http://127.0.0.1:65054 "POST /session/aac60c458a7543dbe305a5c0f9d4a0d9/execute/sync HTTP/1.1" 200 14
DEBUG:selenium.webdriver.remote.remote_connection:Finished Request
DEBUG:selenium.webdriver.remote.remote_connection:POST http://127.0.0.1:65054/session/aac60c458a7543dbe305a5c0f9d4a0d9/execute/sync {"script": "return window.scrollY", "args": []}
DEBUG:urllib3.connectionpool:http://127.0.0.1:65054 "POST /session/aac60c458a7543dbe305a5c0f9d4a0d9/execute/sync HTTP/1.1" 200 14
DEBUG:selenium.webdriver.remote.remote_connection:Finished Request
DEBUG:selenium.webdriver.remote.remote_connection:POST http://127.0.0.1:65054/session/aac60c458a7543dbe305a5c0f9d4a0d9/execute/sync {"script": "window.scrollTo(2383, 1529)", "args": []}
DEBUG:urllib3.connectionpool:http://127.0.0.1:65054 "POST /session/aac60c458a7543dbe305a5c0f9d4a0d9/execute/sync HTTP/1.1" 200 14
DEBUG:selenium.webdriver.remote.remote_connection:Finished Request
DEBUG:selenium.webdriver.remote.remote_connection:GET http://127.0.0.1:65054/session/aac60c458a7543dbe305a5c0f9d4a0d9/source {}
DEBUG:urllib3.connectionpool:http://127.0.0.1:65054 "GET /session/aac60c458a7543dbe305a5c0f9d4a0d9/source HTTP/1.1" 200 558815
DEBUG:selenium.webdriver.remote.remote_connection:Finished Request
DEBUG:selenium.webdriver.remote.remote_connection:POST http://127.0.0.1:65054/session/aac60c458a7543dbe305a5c0f9d4a0d9/url {"url": "https://www.cmegroup.com/trading/energy/refined-products/gulf-coast-no-6-fuel-oil-30pct-sulfur-platts-swap.html"}
DEBUG:urllib3.connectionpool:http://127.0.0.1:65054 "POST /session/aac60c458a7543dbe305a5c0f9d4a0d9/url HTTP/1.1" 200 14
DEBUG:selenium.webdriver.remote.remote_connection:Finished Request
DEBUG:selenium.webdriver.remote.remote_connection:POST http://127.0.0.1:65054/session/aac60c458a7543dbe305a5c0f9d4a0d9/execute/sync {"script": "return document.body.scrollHeight", "args": []}
DEBUG:urllib3.connectionpool:http://127.0.0.1:65054 "POST /session/aac60c458a7543dbe305a5c0f9d4a0d9/execute/sync HTTP/1.1" 200 14
DEBUG:selenium.webdriver.remote.remote_connection:Finished Request
DEBUG:selenium.webdriver.remote.remote_connection:POST http://127.0.0.1:65054/session/aac60c458a7543dbe305a5c0f9d4a0d9/execute/sync {"script": "return window.scrollY", "args": []}
DEBUG:urllib3.connectionpool:http://127.0.0.1:65054 "POST /session/aac60c458a7543dbe305a5c0f9d4a0d9/execute/sync HTTP/1.1" 200 11
DEBUG:selenium.webdriver.remote.remote_connection:Finished Request
DEBUG:selenium.webdriver.remote.remote_connection:POST http://127.0.0.1:65054/session/aac60c458a7543dbe305a5c0f9d4a0d9/execute/sync {"script": "window.scrollTo(0, 838)", "args": []}
DEBUG:urllib3.connectionpool:http://127.0.0.1:65054 "POST /session/aac60c458a7543dbe305a5c0f9d4a0d9/execute/sync HTTP/1.1" 200 14
DEBUG:selenium.webdriver.remote.remote_connection:Finished Request
DEBUG:selenium.webdriver.remote.remote_connection:POST http://127.0.0.1:65054/session/aac60c458a7543dbe305a5c0f9d4a0d9/execute/sync {"script": "return window.scrollY", "args": []}
DEBUG:urllib3.connectionpool:http://127.0.0.1:65054 "POST /session/aac60c458a7543dbe305a5c0f9d4a0d9/execute/sync HTTP/1.1" 200 13
DEBUG:selenium.webdriver.remote.remote_connection:Finished Request
DEBUG:selenium.webdriver.remote.remote_connection:POST http://127.0.0.1:65054/session/aac60c458a7543dbe305a5c0f9d4a0d9/execute/sync {"script": "window.scrollTo(838, 183)", "args": []}
DEBUG:urllib3.connectionpool:http://127.0.0.1:65054 "POST /session/aac60c458a7543dbe305a5c0f9d4a0d9/execute/sync HTTP/1.1" 200 14
DEBUG:selenium.webdriver.remote.remote_connection:Finished Request
DEBUG:selenium.webdriver.remote.remote_connection:POST http://127.0.0.1:65054/session/aac60c458a7543dbe305a5c0f9d4a0d9/execute/sync {"script": "return window.scrollY", "args": []}
DEBUG:urllib3.connectionpool:http://127.0.0.1:65054 "POST /session/aac60c458a7543dbe305a5c0f9d4a0d9/execute/sync HTTP/1.1" 200 13
DEBUG:selenium.webdriver.remote.remote_connection:Finished Request
DEBUG:selenium.webdriver.remote.remote_connection:POST http://127.0.0.1:65054/session/aac60c458a7543dbe305a5c0f9d4a0d9/execute/sync {"script": "window.scrollTo(183, 1160)", "args": []}
DEBUG:urllib3.connectionpool:http://127.0.0.1:65054 "POST /session/aac60c458a7543dbe305a5c0f9d4a0d9/execute/sync HTTP/1.1" 200 14
DEBUG:selenium.webdriver.remote.remote_connection:Finished Request
DEBUG:selenium.webdriver.remote.remote_connection:POST http://127.0.0.1:65054/session/aac60c458a7543dbe305a5c0f9d4a0d9/execute/sync {"script": "return window.scrollY", "args": []}
DEBUG:urllib3.connectionpool:http://127.0.0.1:65054 "POST /session/aac60c458a7543dbe305a5c0f9d4a0d9/execute/sync HTTP/1.1" 200 14
DEBUG:selenium.webdriver.remote.remote_connection:Finished Request
DEBUG:selenium.webdriver.remote.remote_connection:POST http://127.0.0.1:65054/session/aac60c458a7543dbe305a5c0f9d4a0d9/execute/sync {"script": "window.scrollTo(1160, 385)", "args": []}
DEBUG:urllib3.connectionpool:http://127.0.0.1:65054 "POST /session/aac60c458a7543dbe305a5c0f9d4a0d9/execute/sync HTTP/1.1" 200 14
DEBUG:selenium.webdriver.remote.remote_connection:Finished Request
DEBUG:selenium.webdriver.remote.remote_connection:GET http://127.0.0.1:65054/session/aac60c458a7543dbe305a5c0f9d4a0d9/source {}
DEBUG:urllib3.connectionpool:http://127.0.0.1:65054 "GET /session/aac60c458a7543dbe305a5c0f9d4a0d9/source HTTP/1.1" 200 581503
DEBUG:selenium.webdriver.remote.remote_connection:Finished Request
DEBUG:selenium.webdriver.remote.remote_connection:POST http://127.0.0.1:65054/session/aac60c458a7543dbe305a5c0f9d4a0d9/url {"url": "https://www.cmegroup.com/trading/energy/crude-oil/brent-crude-oil.html"}
DEBUG:urllib3.connectionpool:http://127.0.0.1:65054 "POST /session/aac60c458a7543dbe305a5c0f9d4a0d9/url HTTP/1.1" 200 14
DEBUG:selenium.webdriver.remote.remote_connection:Finished Request
DEBUG:selenium.webdriver.remote.remote_connection:POST http://127.0.0.1:65054/session/aac60c458a7543dbe305a5c0f9d4a0d9/execute/sync {"script": "return document.body.scrollHeight", "args": []}
DEBUG:urllib3.connectionpool:http://127.0.0.1:65054 "POST /session/aac60c458a7543dbe305a5c0f9d4a0d9/execute/sync HTTP/1.1" 200 14
DEBUG:selenium.webdriver.remote.remote_connection:Finished Request
DEBUG:selenium.webdriver.remote.remote_connection:POST http://127.0.0.1:65054/session/aac60c458a7543dbe305a5c0f9d4a0d9/execute/sync {"script": "return window.scrollY", "args": []}
DEBUG:urllib3.connectionpool:http://127.0.0.1:65054 "POST /session/aac60c458a7543dbe305a5c0f9d4a0d9/execute/sync HTTP/1.1" 200 11
DEBUG:selenium.webdriver.remote.remote_connection:Finished Request
DEBUG:selenium.webdriver.remote.remote_connection:POST http://127.0.0.1:65054/session/aac60c458a7543dbe305a5c0f9d4a0d9/execute/sync {"script": "window.scrollTo(0, 970)", "args": []}
DEBUG:urllib3.connectionpool:http://127.0.0.1:65054 "POST /session/aac60c458a7543dbe305a5c0f9d4a0d9/execute/sync HTTP/1.1" 200 14
DEBUG:selenium.webdriver.remote.remote_connection:Finished Request
DEBUG:selenium.webdriver.remote.remote_connection:POST http://127.0.0.1:65054/session/aac60c458a7543dbe305a5c0f9d4a0d9/execute/sync {"script": "return window.scrollY", "args": []}
DEBUG:urllib3.connectionpool:http://127.0.0.1:65054 "POST /session/aac60c458a7543dbe305a5c0f9d4a0d9/execute/sync HTTP/1.1" 200 13
DEBUG:selenium.webdriver.remote.remote_connection:Finished Request
DEBUG:selenium.webdriver.remote.remote_connection:POST http://127.0.0.1:65054/session/aac60c458a7543dbe305a5c0f9d4a0d9/execute/sync {"script": "window.scrollTo(970, 261)", "args": []}
DEBUG:urllib3.connectionpool:http://127.0.0.1:65054 "POST /session/aac60c458a7543dbe305a5c0f9d4a0d9/execute/sync HTTP/1.1" 200 14
DEBUG:selenium.webdriver.remote.remote_connection:Finished Request
DEBUG:selenium.webdriver.remote.remote_connection:POST http://127.0.0.1:65054/session/aac60c458a7543dbe305a5c0f9d4a0d9/execute/sync {"script": "return window.scrollY", "args": []}
DEBUG:urllib3.connectionpool:http://127.0.0.1:65054 "POST /session/aac60c458a7543dbe305a5c0f9d4a0d9/execute/sync HTTP/1.1" 200 13
DEBUG:selenium.webdriver.remote.remote_connection:Finished Request
DEBUG:selenium.webdriver.remote.remote_connection:POST http://127.0.0.1:65054/session/aac60c458a7543dbe305a5c0f9d4a0d9/execute/sync {"script": "window.scrollTo(261, 1017)", "args": []}
DEBUG:urllib3.connectionpool:http://127.0.0.1:65054 "POST /session/aac60c458a7543dbe305a5c0f9d4a0d9/execute/sync HTTP/1.1" 200 14
DEBUG:selenium.webdriver.remote.remote_connection:Finished Request
DEBUG:selenium.webdriver.remote.remote_connection:GET http://127.0.0.1:65054/session/aac60c458a7543dbe305a5c0f9d4a0d9/source {}
DEBUG:urllib3.connectionpool:http://127.0.0.1:65054 "GET /session/aac60c458a7543dbe305a5c0f9d4a0d9/source HTTP/1.1" 200 659487
DEBUG:selenium.webdriver.remote.remote_connection:Finished Request
DEBUG:selenium.webdriver.remote.remote_connection:POST http://127.0.0.1:65054/session/aac60c458a7543dbe305a5c0f9d4a0d9/url {"url": "https://www.cmegroup.com/trading/energy/refined-products/gulf-coast-ultra-low-sulfur-diesel-usld-platts-calendar-swap.html"}
DEBUG:urllib3.connectionpool:http://127.0.0.1:65054 "POST /session/aac60c458a7543dbe305a5c0f9d4a0d9/url HTTP/1.1" 200 14
DEBUG:selenium.webdriver.remote.remote_connection:Finished Request
DEBUG:selenium.webdriver.remote.remote_connection:POST http://127.0.0.1:65054/session/aac60c458a7543dbe305a5c0f9d4a0d9/execute/sync {"script": "return document.body.scrollHeight", "args": []}
DEBUG:urllib3.connectionpool:http://127.0.0.1:65054 "POST /session/aac60c458a7543dbe305a5c0f9d4a0d9/execute/sync HTTP/1.1" 200 14
DEBUG:selenium.webdriver.remote.remote_connection:Finished Request
DEBUG:selenium.webdriver.remote.remote_connection:POST http://127.0.0.1:65054/session/aac60c458a7543dbe305a5c0f9d4a0d9/execute/sync {"script": "return window.scrollY", "args": []}
DEBUG:urllib3.connectionpool:http://127.0.0.1:65054 "POST /session/aac60c458a7543dbe305a5c0f9d4a0d9/execute/sync HTTP/1.1" 200 11
DEBUG:selenium.webdriver.remote.remote_connection:Finished Request
DEBUG:selenium.webdriver.remote.remote_connection:POST http://127.0.0.1:65054/session/aac60c458a7543dbe305a5c0f9d4a0d9/execute/sync {"script": "window.scrollTo(0, 624)", "args": []}
DEBUG:urllib3.connectionpool:http://127.0.0.1:65054 "POST /session/aac60c458a7543dbe305a5c0f9d4a0d9/execute/sync HTTP/1.1" 200 14
DEBUG:selenium.webdriver.remote.remote_connection:Finished Request
DEBUG:selenium.webdriver.remote.remote_connection:GET http://127.0.0.1:65054/session/aac60c458a7543dbe305a5c0f9d4a0d9/source {}
DEBUG:urllib3.connectionpool:http://127.0.0.1:65054 "GET /session/aac60c458a7543dbe305a5c0f9d4a0d9/source HTTP/1.1" 200 564299
DEBUG:selenium.webdriver.remote.remote_connection:Finished Request
DEBUG:selenium.webdriver.remote.remote_connection:DELETE http://127.0.0.1:65054/session/aac60c458a7543dbe305a5c0f9d4a0d9/window {}
DEBUG:urllib3.connectionpool:http://127.0.0.1:65054 "DELETE /session/aac60c458a7543dbe305a5c0f9d4a0d9/window HTTP/1.1" 200 14
DEBUG:selenium.webdriver.remote.remote_connection:Finished Request
DEBUG:selenium.webdriver.remote.remote_connection:POST http://127.0.0.1:60550/session {"capabilities": {"firstMatch": [{}], "alwaysMatch": {"browserName": "chrome", "platformName": "any", "goog:chromeOptions": {"extensions": [], "args": []}}}, "desiredCapabilities": {"browserName": "chrome", "version": "", "platform": "ANY", "goog:chromeOptions": {"extensions": [], "args": []}}}
DEBUG:urllib3.connectionpool:Starting new HTTP connection (1): 127.0.0.1:60550
DEBUG:urllib3.connectionpool:http://127.0.0.1:60550 "POST /session HTTP/1.1" 200 682
DEBUG:selenium.webdriver.remote.remote_connection:Finished Request
DEBUG:selenium.webdriver.remote.remote_connection:POST http://127.0.0.1:60550/session/a659885b87e380c020c1c6f6768b700a/window/maximize {}
DEBUG:urllib3.connectionpool:http://127.0.0.1:60550 "POST /session/a659885b87e380c020c1c6f6768b700a/window/maximize HTTP/1.1" 200 51
DEBUG:selenium.webdriver.remote.remote_connection:Finished Request
DEBUG:selenium.webdriver.remote.remote_connection:POST http://127.0.0.1:60550/session/a659885b87e380c020c1c6f6768b700a/url {"url": "https://www.cmegroup.com/trading/energy/crude-oil/brent-crude-oil.html"}
DEBUG:urllib3.connectionpool:http://127.0.0.1:60550 "POST /session/a659885b87e380c020c1c6f6768b700a/url HTTP/1.1" 200 14
DEBUG:selenium.webdriver.remote.remote_connection:Finished Request
DEBUG:selenium.webdriver.remote.remote_connection:POST http://127.0.0.1:60550/session/a659885b87e380c020c1c6f6768b700a/execute/sync {"script": "return document.body.scrollHeight", "args": []}
DEBUG:urllib3.connectionpool:http://127.0.0.1:60550 "POST /session/a659885b87e380c020c1c6f6768b700a/execute/sync HTTP/1.1" 200 14
DEBUG:selenium.webdriver.remote.remote_connection:Finished Request
DEBUG:selenium.webdriver.remote.remote_connection:POST http://127.0.0.1:60550/session/a659885b87e380c020c1c6f6768b700a/execute/sync {"script": "return window.scrollY", "args": []}
DEBUG:urllib3.connectionpool:http://127.0.0.1:60550 "POST /session/a659885b87e380c020c1c6f6768b700a/execute/sync HTTP/1.1" 200 11
DEBUG:selenium.webdriver.remote.remote_connection:Finished Request
DEBUG:selenium.webdriver.remote.remote_connection:POST http://127.0.0.1:60550/session/a659885b87e380c020c1c6f6768b700a/execute/sync {"script": "window.scrollTo(0, 954)", "args": []}
DEBUG:urllib3.connectionpool:http://127.0.0.1:60550 "POST /session/a659885b87e380c020c1c6f6768b700a/execute/sync HTTP/1.1" 200 14
DEBUG:selenium.webdriver.remote.remote_connection:Finished Request
DEBUG:selenium.webdriver.remote.remote_connection:POST http://127.0.0.1:60550/session/a659885b87e380c020c1c6f6768b700a/execute/sync {"script": "return window.scrollY", "args": []}
DEBUG:urllib3.connectionpool:http://127.0.0.1:60550 "POST /session/a659885b87e380c020c1c6f6768b700a/execute/sync HTTP/1.1" 200 13
DEBUG:selenium.webdriver.remote.remote_connection:Finished Request
DEBUG:selenium.webdriver.remote.remote_connection:POST http://127.0.0.1:60550/session/a659885b87e380c020c1c6f6768b700a/execute/sync {"script": "window.scrollTo(954, 1967)", "args": []}
DEBUG:urllib3.connectionpool:http://127.0.0.1:60550 "POST /session/a659885b87e380c020c1c6f6768b700a/execute/sync HTTP/1.1" 200 14
DEBUG:selenium.webdriver.remote.remote_connection:Finished Request
DEBUG:selenium.webdriver.remote.remote_connection:POST http://127.0.0.1:60550/session/a659885b87e380c020c1c6f6768b700a/execute/sync {"script": "return window.scrollY", "args": []}
DEBUG:urllib3.connectionpool:http://127.0.0.1:60550 "POST /session/a659885b87e380c020c1c6f6768b700a/execute/sync HTTP/1.1" 200 14
DEBUG:selenium.webdriver.remote.remote_connection:Finished Request
DEBUG:selenium.webdriver.remote.remote_connection:POST http://127.0.0.1:60550/session/a659885b87e380c020c1c6f6768b700a/execute/sync {"script": "window.scrollTo(1967, 1019)", "args": []}
DEBUG:urllib3.connectionpool:http://127.0.0.1:60550 "POST /session/a659885b87e380c020c1c6f6768b700a/execute/sync HTTP/1.1" 200 14
DEBUG:selenium.webdriver.remote.remote_connection:Finished Request
DEBUG:selenium.webdriver.remote.remote_connection:POST http://127.0.0.1:60550/session/a659885b87e380c020c1c6f6768b700a/execute/sync {"script": "return window.scrollY", "args": []}
DEBUG:urllib3.connectionpool:http://127.0.0.1:60550 "POST /session/a659885b87e380c020c1c6f6768b700a/execute/sync HTTP/1.1" 200 14
DEBUG:selenium.webdriver.remote.remote_connection:Finished Request
DEBUG:selenium.webdriver.remote.remote_connection:POST http://127.0.0.1:60550/session/a659885b87e380c020c1c6f6768b700a/execute/sync {"script": "window.scrollTo(1019, 20)", "args": []}
DEBUG:urllib3.connectionpool:http://127.0.0.1:60550 "POST /session/a659885b87e380c020c1c6f6768b700a/execute/sync HTTP/1.1" 200 14
DEBUG:selenium.webdriver.remote.remote_connection:Finished Request
DEBUG:selenium.webdriver.remote.remote_connection:POST http://127.0.0.1:60550/session/a659885b87e380c020c1c6f6768b700a/execute/sync {"script": "return window.scrollY", "args": []}
DEBUG:urllib3.connectionpool:http://127.0.0.1:60550 "POST /session/a659885b87e380c020c1c6f6768b700a/execute/sync HTTP/1.1" 200 12
DEBUG:selenium.webdriver.remote.remote_connection:Finished Request
DEBUG:selenium.webdriver.remote.remote_connection:POST http://127.0.0.1:60550/session/a659885b87e380c020c1c6f6768b700a/execute/sync {"script": "window.scrollTo(20, 707)", "args": []}
DEBUG:urllib3.connectionpool:http://127.0.0.1:60550 "POST /session/a659885b87e380c020c1c6f6768b700a/execute/sync HTTP/1.1" 200 14
DEBUG:selenium.webdriver.remote.remote_connection:Finished Request
DEBUG:selenium.webdriver.remote.remote_connection:GET http://127.0.0.1:60550/session/a659885b87e380c020c1c6f6768b700a/source {}
DEBUG:urllib3.connectionpool:http://127.0.0.1:60550 "GET /session/a659885b87e380c020c1c6f6768b700a/source HTTP/1.1" 200 659335
DEBUG:selenium.webdriver.remote.remote_connection:Finished Request
DEBUG:selenium.webdriver.remote.remote_connection:POST http://127.0.0.1:60550/session/a659885b87e380c020c1c6f6768b700a/url {"url": "https://www.cmegroup.com/trading/energy/refined-products/gulf-coast-no-6-fuel-oil-30pct-sulfur-platts-swap.html"}
DEBUG:urllib3.connectionpool:http://127.0.0.1:60550 "POST /session/a659885b87e380c020c1c6f6768b700a/url HTTP/1.1" 200 14
DEBUG:selenium.webdriver.remote.remote_connection:Finished Request
DEBUG:selenium.webdriver.remote.remote_connection:POST http://127.0.0.1:60550/session/a659885b87e380c020c1c6f6768b700a/execute/sync {"script": "return document.body.scrollHeight", "args": []}
DEBUG:urllib3.connectionpool:http://127.0.0.1:60550 "POST /session/a659885b87e380c020c1c6f6768b700a/execute/sync HTTP/1.1" 200 14
DEBUG:selenium.webdriver.remote.remote_connection:Finished Request
DEBUG:selenium.webdriver.remote.remote_connection:POST http://127.0.0.1:60550/session/a659885b87e380c020c1c6f6768b700a/execute/sync {"script": "return window.scrollY", "args": []}
DEBUG:urllib3.connectionpool:http://127.0.0.1:60550 "POST /session/a659885b87e380c020c1c6f6768b700a/execute/sync HTTP/1.1" 200 11
DEBUG:selenium.webdriver.remote.remote_connection:Finished Request
DEBUG:selenium.webdriver.remote.remote_connection:POST http://127.0.0.1:60550/session/a659885b87e380c020c1c6f6768b700a/execute/sync {"script": "window.scrollTo(0, 786)", "args": []}
DEBUG:urllib3.connectionpool:http://127.0.0.1:60550 "POST /session/a659885b87e380c020c1c6f6768b700a/execute/sync HTTP/1.1" 200 14
DEBUG:selenium.webdriver.remote.remote_connection:Finished Request
DEBUG:selenium.webdriver.remote.remote_connection:GET http://127.0.0.1:60550/session/a659885b87e380c020c1c6f6768b700a/source {}
DEBUG:urllib3.connectionpool:http://127.0.0.1:60550 "GET /session/a659885b87e380c020c1c6f6768b700a/source HTTP/1.1" 200 583635
DEBUG:selenium.webdriver.remote.remote_connection:Finished Request
DEBUG:selenium.webdriver.remote.remote_connection:POST http://127.0.0.1:60550/session/a659885b87e380c020c1c6f6768b700a/url {"url": "https://www.cmegroup.com/trading/energy/refined-products/rbob-gasoline.html"}
DEBUG:urllib3.connectionpool:http://127.0.0.1:60550 "POST /session/a659885b87e380c020c1c6f6768b700a/url HTTP/1.1" 200 14
DEBUG:selenium.webdriver.remote.remote_connection:Finished Request
DEBUG:selenium.webdriver.remote.remote_connection:POST http://127.0.0.1:60550/session/a659885b87e380c020c1c6f6768b700a/execute/sync {"script": "return document.body.scrollHeight", "args": []}
DEBUG:urllib3.connectionpool:http://127.0.0.1:60550 "POST /session/a659885b87e380c020c1c6f6768b700a/execute/sync HTTP/1.1" 200 14
DEBUG:selenium.webdriver.remote.remote_connection:Finished Request
DEBUG:selenium.webdriver.remote.remote_connection:POST http://127.0.0.1:60550/session/a659885b87e380c020c1c6f6768b700a/execute/sync {"script": "return window.scrollY", "args": []}
DEBUG:urllib3.connectionpool:http://127.0.0.1:60550 "POST /session/a659885b87e380c020c1c6f6768b700a/execute/sync HTTP/1.1" 200 11
DEBUG:selenium.webdriver.remote.remote_connection:Finished Request
DEBUG:selenium.webdriver.remote.remote_connection:POST http://127.0.0.1:60550/session/a659885b87e380c020c1c6f6768b700a/execute/sync {"script": "window.scrollTo(0, 612)", "args": []}
DEBUG:urllib3.connectionpool:http://127.0.0.1:60550 "POST /session/a659885b87e380c020c1c6f6768b700a/execute/sync HTTP/1.1" 200 14
DEBUG:selenium.webdriver.remote.remote_connection:Finished Request
DEBUG:selenium.webdriver.remote.remote_connection:POST http://127.0.0.1:60550/session/a659885b87e380c020c1c6f6768b700a/execute/sync {"script": "return window.scrollY", "args": []}
DEBUG:urllib3.connectionpool:http://127.0.0.1:60550 "POST /session/a659885b87e380c020c1c6f6768b700a/execute/sync HTTP/1.1" 200 13
DEBUG:selenium.webdriver.remote.remote_connection:Finished Request
DEBUG:selenium.webdriver.remote.remote_connection:POST http://127.0.0.1:60550/session/a659885b87e380c020c1c6f6768b700a/execute/sync {"script": "window.scrollTo(612, 1463)", "args": []}
DEBUG:urllib3.connectionpool:http://127.0.0.1:60550 "POST /session/a659885b87e380c020c1c6f6768b700a/execute/sync HTTP/1.1" 200 14
DEBUG:selenium.webdriver.remote.remote_connection:Finished Request
DEBUG:selenium.webdriver.remote.remote_connection:POST http://127.0.0.1:60550/session/a659885b87e380c020c1c6f6768b700a/execute/sync {"script": "return window.scrollY", "args": []}
DEBUG:urllib3.connectionpool:http://127.0.0.1:60550 "POST /session/a659885b87e380c020c1c6f6768b700a/execute/sync HTTP/1.1" 200 14
DEBUG:selenium.webdriver.remote.remote_connection:Finished Request
DEBUG:selenium.webdriver.remote.remote_connection:POST http://127.0.0.1:60550/session/a659885b87e380c020c1c6f6768b700a/execute/sync {"script": "window.scrollTo(1463, 832)", "args": []}
DEBUG:urllib3.connectionpool:http://127.0.0.1:60550 "POST /session/a659885b87e380c020c1c6f6768b700a/execute/sync HTTP/1.1" 200 14
DEBUG:selenium.webdriver.remote.remote_connection:Finished Request
DEBUG:selenium.webdriver.remote.remote_connection:POST http://127.0.0.1:60550/session/a659885b87e380c020c1c6f6768b700a/execute/sync {"script": "return window.scrollY", "args": []}
DEBUG:urllib3.connectionpool:http://127.0.0.1:60550 "POST /session/a659885b87e380c020c1c6f6768b700a/execute/sync HTTP/1.1" 200 13
DEBUG:selenium.webdriver.remote.remote_connection:Finished Request
DEBUG:selenium.webdriver.remote.remote_connection:POST http://127.0.0.1:60550/session/a659885b87e380c020c1c6f6768b700a/execute/sync {"script": "window.scrollTo(832, 1541)", "args": []}
DEBUG:urllib3.connectionpool:http://127.0.0.1:60550 "POST /session/a659885b87e380c020c1c6f6768b700a/execute/sync HTTP/1.1" 200 14
DEBUG:selenium.webdriver.remote.remote_connection:Finished Request
DEBUG:selenium.webdriver.remote.remote_connection:GET http://127.0.0.1:60550/session/a659885b87e380c020c1c6f6768b700a/source {}
DEBUG:urllib3.connectionpool:http://127.0.0.1:60550 "GET /session/a659885b87e380c020c1c6f6768b700a/source HTTP/1.1" 200 558674
DEBUG:selenium.webdriver.remote.remote_connection:Finished Request
DEBUG:selenium.webdriver.remote.remote_connection:POST http://127.0.0.1:60550/session/a659885b87e380c020c1c6f6768b700a/url {"url": "https://www.cmegroup.com/trading/energy/crude-oil/light-sweet-crude_quotes_globex.html"}
DEBUG:urllib3.connectionpool:http://127.0.0.1:60550 "POST /session/a659885b87e380c020c1c6f6768b700a/url HTTP/1.1" 200 14
DEBUG:selenium.webdriver.remote.remote_connection:Finished Request
DEBUG:selenium.webdriver.remote.remote_connection:POST http://127.0.0.1:60550/session/a659885b87e380c020c1c6f6768b700a/execute/sync {"script": "return document.body.scrollHeight", "args": []}
DEBUG:urllib3.connectionpool:http://127.0.0.1:60550 "POST /session/a659885b87e380c020c1c6f6768b700a/execute/sync HTTP/1.1" 200 14
DEBUG:selenium.webdriver.remote.remote_connection:Finished Request
DEBUG:selenium.webdriver.remote.remote_connection:POST http://127.0.0.1:60550/session/a659885b87e380c020c1c6f6768b700a/execute/sync {"script": "return window.scrollY", "args": []}
DEBUG:urllib3.connectionpool:http://127.0.0.1:60550 "POST /session/a659885b87e380c020c1c6f6768b700a/execute/sync HTTP/1.1" 200 11
DEBUG:selenium.webdriver.remote.remote_connection:Finished Request
DEBUG:selenium.webdriver.remote.remote_connection:POST http://127.0.0.1:60550/session/a659885b87e380c020c1c6f6768b700a/execute/sync {"script": "window.scrollTo(0, 753)", "args": []}
DEBUG:urllib3.connectionpool:http://127.0.0.1:60550 "POST /session/a659885b87e380c020c1c6f6768b700a/execute/sync HTTP/1.1" 200 14
DEBUG:selenium.webdriver.remote.remote_connection:Finished Request
DEBUG:selenium.webdriver.remote.remote_connection:POST http://127.0.0.1:60550/session/a659885b87e380c020c1c6f6768b700a/execute/sync {"script": "return window.scrollY", "args": []}
DEBUG:urllib3.connectionpool:http://127.0.0.1:60550 "POST /session/a659885b87e380c020c1c6f6768b700a/execute/sync HTTP/1.1" 200 13
DEBUG:selenium.webdriver.remote.remote_connection:Finished Request
DEBUG:selenium.webdriver.remote.remote_connection:POST http://127.0.0.1:60550/session/a659885b87e380c020c1c6f6768b700a/execute/sync {"script": "window.scrollTo(753, 22)", "args": []}
DEBUG:urllib3.connectionpool:http://127.0.0.1:60550 "POST /session/a659885b87e380c020c1c6f6768b700a/execute/sync HTTP/1.1" 200 14
DEBUG:selenium.webdriver.remote.remote_connection:Finished Request
DEBUG:selenium.webdriver.remote.remote_connection:GET http://127.0.0.1:60550/session/a659885b87e380c020c1c6f6768b700a/source {}
DEBUG:urllib3.connectionpool:http://127.0.0.1:60550 "GET /session/a659885b87e380c020c1c6f6768b700a/source HTTP/1.1" 200 755909
DEBUG:selenium.webdriver.remote.remote_connection:Finished Request
DEBUG:selenium.webdriver.remote.remote_connection:POST http://127.0.0.1:60550/session/a659885b87e380c020c1c6f6768b700a/url {"url": "https://www.cmegroup.com/trading/energy/refined-products/heating-oil.html"}
DEBUG:urllib3.connectionpool:http://127.0.0.1:60550 "POST /session/a659885b87e380c020c1c6f6768b700a/url HTTP/1.1" 200 14
DEBUG:selenium.webdriver.remote.remote_connection:Finished Request
DEBUG:selenium.webdriver.remote.remote_connection:POST http://127.0.0.1:60550/session/a659885b87e380c020c1c6f6768b700a/execute/sync {"script": "return document.body.scrollHeight", "args": []}
DEBUG:urllib3.connectionpool:http://127.0.0.1:60550 "POST /session/a659885b87e380c020c1c6f6768b700a/execute/sync HTTP/1.1" 200 14
DEBUG:selenium.webdriver.remote.remote_connection:Finished Request
DEBUG:selenium.webdriver.remote.remote_connection:POST http://127.0.0.1:60550/session/a659885b87e380c020c1c6f6768b700a/execute/sync {"script": "return window.scrollY", "args": []}
DEBUG:urllib3.connectionpool:http://127.0.0.1:60550 "POST /session/a659885b87e380c020c1c6f6768b700a/execute/sync HTTP/1.1" 200 11
DEBUG:selenium.webdriver.remote.remote_connection:Finished Request
DEBUG:selenium.webdriver.remote.remote_connection:POST http://127.0.0.1:60550/session/a659885b87e380c020c1c6f6768b700a/execute/sync {"script": "window.scrollTo(0, 1061)", "args": []}
DEBUG:urllib3.connectionpool:http://127.0.0.1:60550 "POST /session/a659885b87e380c020c1c6f6768b700a/execute/sync HTTP/1.1" 200 14
DEBUG:selenium.webdriver.remote.remote_connection:Finished Request
DEBUG:selenium.webdriver.remote.remote_connection:POST http://127.0.0.1:60550/session/a659885b87e380c020c1c6f6768b700a/execute/sync {"script": "return window.scrollY", "args": []}
DEBUG:urllib3.connectionpool:http://127.0.0.1:60550 "POST /session/a659885b87e380c020c1c6f6768b700a/execute/sync HTTP/1.1" 200 14
DEBUG:selenium.webdriver.remote.remote_connection:Finished Request
DEBUG:selenium.webdriver.remote.remote_connection:POST http://127.0.0.1:60550/session/a659885b87e380c020c1c6f6768b700a/execute/sync {"script": "window.scrollTo(1061, 462)", "args": []}
DEBUG:urllib3.connectionpool:http://127.0.0.1:60550 "POST /session/a659885b87e380c020c1c6f6768b700a/execute/sync HTTP/1.1" 200 14
DEBUG:selenium.webdriver.remote.remote_connection:Finished Request
DEBUG:selenium.webdriver.remote.remote_connection:POST http://127.0.0.1:60550/session/a659885b87e380c020c1c6f6768b700a/execute/sync {"script": "return window.scrollY", "args": []}
DEBUG:urllib3.connectionpool:http://127.0.0.1:60550 "POST /session/a659885b87e380c020c1c6f6768b700a/execute/sync HTTP/1.1" 200 13
DEBUG:selenium.webdriver.remote.remote_connection:Finished Request
DEBUG:selenium.webdriver.remote.remote_connection:POST http://127.0.0.1:60550/session/a659885b87e380c020c1c6f6768b700a/execute/sync {"script": "window.scrollTo(462, 1507)", "args": []}
DEBUG:urllib3.connectionpool:http://127.0.0.1:60550 "POST /session/a659885b87e380c020c1c6f6768b700a/execute/sync HTTP/1.1" 200 14
DEBUG:selenium.webdriver.remote.remote_connection:Finished Request
DEBUG:selenium.webdriver.remote.remote_connection:GET http://127.0.0.1:60550/session/a659885b87e380c020c1c6f6768b700a/source {}
DEBUG:urllib3.connectionpool:http://127.0.0.1:60550 "GET /session/a659885b87e380c020c1c6f6768b700a/source HTTP/1.1" 200 559052
DEBUG:selenium.webdriver.remote.remote_connection:Finished Request
DEBUG:selenium.webdriver.remote.remote_connection:POST http://127.0.0.1:60550/session/a659885b87e380c020c1c6f6768b700a/url {"url": "https://www.cmegroup.com/trading/energy/refined-products/gulf-coast-ultra-low-sulfur-diesel-usld-platts-calendar-swap.html"}
DEBUG:urllib3.connectionpool:http://127.0.0.1:60550 "POST /session/a659885b87e380c020c1c6f6768b700a/url HTTP/1.1" 200 14
DEBUG:selenium.webdriver.remote.remote_connection:Finished Request
DEBUG:selenium.webdriver.remote.remote_connection:POST http://127.0.0.1:60550/session/a659885b87e380c020c1c6f6768b700a/execute/sync {"script": "return document.body.scrollHeight", "args": []}
DEBUG:urllib3.connectionpool:http://127.0.0.1:60550 "POST /session/a659885b87e380c020c1c6f6768b700a/execute/sync HTTP/1.1" 200 14
DEBUG:selenium.webdriver.remote.remote_connection:Finished Request
DEBUG:selenium.webdriver.remote.remote_connection:POST http://127.0.0.1:60550/session/a659885b87e380c020c1c6f6768b700a/execute/sync {"script": "return window.scrollY", "args": []}
DEBUG:urllib3.connectionpool:http://127.0.0.1:60550 "POST /session/a659885b87e380c020c1c6f6768b700a/execute/sync HTTP/1.1" 200 11
DEBUG:selenium.webdriver.remote.remote_connection:Finished Request
DEBUG:selenium.webdriver.remote.remote_connection:POST http://127.0.0.1:60550/session/a659885b87e380c020c1c6f6768b700a/execute/sync {"script": "window.scrollTo(0, 941)", "args": []}
DEBUG:urllib3.connectionpool:http://127.0.0.1:60550 "POST /session/a659885b87e380c020c1c6f6768b700a/execute/sync HTTP/1.1" 200 14
DEBUG:selenium.webdriver.remote.remote_connection:Finished Request
DEBUG:selenium.webdriver.remote.remote_connection:POST http://127.0.0.1:60550/session/a659885b87e380c020c1c6f6768b700a/execute/sync {"script": "return window.scrollY", "args": []}
DEBUG:urllib3.connectionpool:http://127.0.0.1:60550 "POST /session/a659885b87e380c020c1c6f6768b700a/execute/sync HTTP/1.1" 200 13
DEBUG:selenium.webdriver.remote.remote_connection:Finished Request
DEBUG:selenium.webdriver.remote.remote_connection:POST http://127.0.0.1:60550/session/a659885b87e380c020c1c6f6768b700a/execute/sync {"script": "window.scrollTo(941, 1990)", "args": []}
DEBUG:urllib3.connectionpool:http://127.0.0.1:60550 "POST /session/a659885b87e380c020c1c6f6768b700a/execute/sync HTTP/1.1" 200 14
DEBUG:selenium.webdriver.remote.remote_connection:Finished Request
DEBUG:selenium.webdriver.remote.remote_connection:POST http://127.0.0.1:60550/session/a659885b87e380c020c1c6f6768b700a/execute/sync {"script": "return window.scrollY", "args": []}
DEBUG:urllib3.connectionpool:http://127.0.0.1:60550 "POST /session/a659885b87e380c020c1c6f6768b700a/execute/sync HTTP/1.1" 200 14
DEBUG:selenium.webdriver.remote.remote_connection:Finished Request
DEBUG:selenium.webdriver.remote.remote_connection:POST http://127.0.0.1:60550/session/a659885b87e380c020c1c6f6768b700a/execute/sync {"script": "window.scrollTo(1990, 3062)", "args": []}
DEBUG:urllib3.connectionpool:http://127.0.0.1:60550 "POST /session/a659885b87e380c020c1c6f6768b700a/execute/sync HTTP/1.1" 200 14
DEBUG:selenium.webdriver.remote.remote_connection:Finished Request
DEBUG:selenium.webdriver.remote.remote_connection:POST http://127.0.0.1:60550/session/a659885b87e380c020c1c6f6768b700a/execute/sync {"script": "return window.scrollY", "args": []}
DEBUG:urllib3.connectionpool:http://127.0.0.1:60550 "POST /session/a659885b87e380c020c1c6f6768b700a/execute/sync HTTP/1.1" 200 14
DEBUG:selenium.webdriver.remote.remote_connection:Finished Request
DEBUG:selenium.webdriver.remote.remote_connection:POST http://127.0.0.1:60550/session/a659885b87e380c020c1c6f6768b700a/execute/sync {"script": "window.scrollTo(3062, 2013)", "args": []}
DEBUG:urllib3.connectionpool:http://127.0.0.1:60550 "POST /session/a659885b87e380c020c1c6f6768b700a/execute/sync HTTP/1.1" 200 14
DEBUG:selenium.webdriver.remote.remote_connection:Finished Request
DEBUG:selenium.webdriver.remote.remote_connection:POST http://127.0.0.1:60550/session/a659885b87e380c020c1c6f6768b700a/execute/sync {"script": "return window.scrollY", "args": []}
DEBUG:urllib3.connectionpool:http://127.0.0.1:60550 "POST /session/a659885b87e380c020c1c6f6768b700a/execute/sync HTTP/1.1" 200 14
DEBUG:selenium.webdriver.remote.remote_connection:Finished Request
DEBUG:selenium.webdriver.remote.remote_connection:POST http://127.0.0.1:60550/session/a659885b87e380c020c1c6f6768b700a/execute/sync {"script": "window.scrollTo(2013, 1391)", "args": []}
DEBUG:urllib3.connectionpool:http://127.0.0.1:60550 "POST /session/a659885b87e380c020c1c6f6768b700a/execute/sync HTTP/1.1" 200 14
DEBUG:selenium.webdriver.remote.remote_connection:Finished Request
DEBUG:selenium.webdriver.remote.remote_connection:GET http://127.0.0.1:60550/session/a659885b87e380c020c1c6f6768b700a/source {}
DEBUG:urllib3.connectionpool:http://127.0.0.1:60550 "GET /session/a659885b87e380c020c1c6f6768b700a/source HTTP/1.1" 200 563511
DEBUG:selenium.webdriver.remote.remote_connection:Finished Request
DEBUG:selenium.webdriver.remote.remote_connection:DELETE http://127.0.0.1:60550/session/a659885b87e380c020c1c6f6768b700a/window {}
DEBUG:urllib3.connectionpool:http://127.0.0.1:60550 "DELETE /session/a659885b87e380c020c1c6f6768b700a/window HTTP/1.1" 200 14
DEBUG:selenium.webdriver.remote.remote_connection:Finished Request
DEBUG:selenium.webdriver.remote.remote_connection:POST http://127.0.0.1:64339/session {"capabilities": {"firstMatch": [{}], "alwaysMatch": {"browserName": "chrome", "platformName": "any", "goog:chromeOptions": {"extensions": [], "args": []}}}, "desiredCapabilities": {"browserName": "chrome", "version": "", "platform": "ANY", "goog:chromeOptions": {"extensions": [], "args": []}}}
DEBUG:urllib3.connectionpool:Starting new HTTP connection (1): 127.0.0.1:64339
DEBUG:urllib3.connectionpool:http://127.0.0.1:64339 "POST /session HTTP/1.1" 200 682
DEBUG:selenium.webdriver.remote.remote_connection:Finished Request
DEBUG:selenium.webdriver.remote.remote_connection:POST http://127.0.0.1:64339/session/4f247e901f7d43a9ee3d7d5095d8d11f/window/maximize {}
DEBUG:urllib3.connectionpool:http://127.0.0.1:64339 "POST /session/4f247e901f7d43a9ee3d7d5095d8d11f/window/maximize HTTP/1.1" 200 51
DEBUG:selenium.webdriver.remote.remote_connection:Finished Request
DEBUG:selenium.webdriver.remote.remote_connection:POST http://127.0.0.1:64339/session/4f247e901f7d43a9ee3d7d5095d8d11f/url {"url": "https://www.cmegroup.com/trading/energy/refined-products/gulf-coast-no-6-fuel-oil-30pct-sulfur-platts-swap.html"}
DEBUG:urllib3.connectionpool:http://127.0.0.1:64339 "POST /session/4f247e901f7d43a9ee3d7d5095d8d11f/url HTTP/1.1" 200 14
DEBUG:selenium.webdriver.remote.remote_connection:Finished Request
DEBUG:selenium.webdriver.remote.remote_connection:POST http://127.0.0.1:64339/session/4f247e901f7d43a9ee3d7d5095d8d11f/execute/sync {"script": "return document.body.scrollHeight", "args": []}
DEBUG:urllib3.connectionpool:http://127.0.0.1:64339 "POST /session/4f247e901f7d43a9ee3d7d5095d8d11f/execute/sync HTTP/1.1" 200 14
DEBUG:selenium.webdriver.remote.remote_connection:Finished Request
DEBUG:selenium.webdriver.remote.remote_connection:POST http://127.0.0.1:64339/session/4f247e901f7d43a9ee3d7d5095d8d11f/execute/sync {"script": "return window.scrollY", "args": []}
DEBUG:urllib3.connectionpool:http://127.0.0.1:64339 "POST /session/4f247e901f7d43a9ee3d7d5095d8d11f/execute/sync HTTP/1.1" 200 11
DEBUG:selenium.webdriver.remote.remote_connection:Finished Request
DEBUG:selenium.webdriver.remote.remote_connection:POST http://127.0.0.1:64339/session/4f247e901f7d43a9ee3d7d5095d8d11f/execute/sync {"script": "window.scrollTo(0, 547)", "args": []}
DEBUG:urllib3.connectionpool:http://127.0.0.1:64339 "POST /session/4f247e901f7d43a9ee3d7d5095d8d11f/execute/sync HTTP/1.1" 200 14
DEBUG:selenium.webdriver.remote.remote_connection:Finished Request
DEBUG:selenium.webdriver.remote.remote_connection:POST http://127.0.0.1:64339/session/4f247e901f7d43a9ee3d7d5095d8d11f/execute/sync {"script": "return window.scrollY", "args": []}
DEBUG:urllib3.connectionpool:http://127.0.0.1:64339 "POST /session/4f247e901f7d43a9ee3d7d5095d8d11f/execute/sync HTTP/1.1" 200 13
DEBUG:selenium.webdriver.remote.remote_connection:Finished Request
DEBUG:selenium.webdriver.remote.remote_connection:POST http://127.0.0.1:64339/session/4f247e901f7d43a9ee3d7d5095d8d11f/execute/sync {"script": "window.scrollTo(547, 1237)", "args": []}
DEBUG:urllib3.connectionpool:http://127.0.0.1:64339 "POST /session/4f247e901f7d43a9ee3d7d5095d8d11f/execute/sync HTTP/1.1" 200 14
DEBUG:selenium.webdriver.remote.remote_connection:Finished Request
DEBUG:selenium.webdriver.remote.remote_connection:POST http://127.0.0.1:64339/session/4f247e901f7d43a9ee3d7d5095d8d11f/execute/sync {"script": "return window.scrollY", "args": []}
DEBUG:urllib3.connectionpool:http://127.0.0.1:64339 "POST /session/4f247e901f7d43a9ee3d7d5095d8d11f/execute/sync HTTP/1.1" 200 14
DEBUG:selenium.webdriver.remote.remote_connection:Finished Request
DEBUG:selenium.webdriver.remote.remote_connection:POST http://127.0.0.1:64339/session/4f247e901f7d43a9ee3d7d5095d8d11f/execute/sync {"script": "window.scrollTo(1237, 2034)", "args": []}
DEBUG:urllib3.connectionpool:http://127.0.0.1:64339 "POST /session/4f247e901f7d43a9ee3d7d5095d8d11f/execute/sync HTTP/1.1" 200 14
DEBUG:selenium.webdriver.remote.remote_connection:Finished Request
DEBUG:selenium.webdriver.remote.remote_connection:GET http://127.0.0.1:64339/session/4f247e901f7d43a9ee3d7d5095d8d11f/source {}
DEBUG:urllib3.connectionpool:http://127.0.0.1:64339 "GET /session/4f247e901f7d43a9ee3d7d5095d8d11f/source HTTP/1.1" 200 583314
DEBUG:selenium.webdriver.remote.remote_connection:Finished Request
DEBUG:selenium.webdriver.remote.remote_connection:POST http://127.0.0.1:64339/session/4f247e901f7d43a9ee3d7d5095d8d11f/url {"url": "https://www.cmegroup.com/trading/energy/crude-oil/brent-crude-oil.html"}
DEBUG:urllib3.connectionpool:http://127.0.0.1:64339 "POST /session/4f247e901f7d43a9ee3d7d5095d8d11f/url HTTP/1.1" 200 14
DEBUG:selenium.webdriver.remote.remote_connection:Finished Request
DEBUG:selenium.webdriver.remote.remote_connection:POST http://127.0.0.1:64339/session/4f247e901f7d43a9ee3d7d5095d8d11f/execute/sync {"script": "return document.body.scrollHeight", "args": []}
DEBUG:urllib3.connectionpool:http://127.0.0.1:64339 "POST /session/4f247e901f7d43a9ee3d7d5095d8d11f/execute/sync HTTP/1.1" 200 14
DEBUG:selenium.webdriver.remote.remote_connection:Finished Request
DEBUG:selenium.webdriver.remote.remote_connection:POST http://127.0.0.1:64339/session/4f247e901f7d43a9ee3d7d5095d8d11f/execute/sync {"script": "return window.scrollY", "args": []}
DEBUG:urllib3.connectionpool:http://127.0.0.1:64339 "POST /session/4f247e901f7d43a9ee3d7d5095d8d11f/execute/sync HTTP/1.1" 200 11
DEBUG:selenium.webdriver.remote.remote_connection:Finished Request
DEBUG:selenium.webdriver.remote.remote_connection:POST http://127.0.0.1:64339/session/4f247e901f7d43a9ee3d7d5095d8d11f/execute/sync {"script": "window.scrollTo(0, 982)", "args": []}
DEBUG:urllib3.connectionpool:http://127.0.0.1:64339 "POST /session/4f247e901f7d43a9ee3d7d5095d8d11f/execute/sync HTTP/1.1" 200 14
DEBUG:selenium.webdriver.remote.remote_connection:Finished Request
DEBUG:selenium.webdriver.remote.remote_connection:GET http://127.0.0.1:64339/session/4f247e901f7d43a9ee3d7d5095d8d11f/source {}
DEBUG:urllib3.connectionpool:http://127.0.0.1:64339 "GET /session/4f247e901f7d43a9ee3d7d5095d8d11f/source HTTP/1.1" 200 659337
DEBUG:selenium.webdriver.remote.remote_connection:Finished Request
DEBUG:selenium.webdriver.remote.remote_connection:POST http://127.0.0.1:64339/session/4f247e901f7d43a9ee3d7d5095d8d11f/url {"url": "https://www.cmegroup.com/trading/energy/crude-oil/light-sweet-crude_quotes_globex.html"}
DEBUG:urllib3.connectionpool:http://127.0.0.1:64339 "POST /session/4f247e901f7d43a9ee3d7d5095d8d11f/url HTTP/1.1" 200 14
DEBUG:selenium.webdriver.remote.remote_connection:Finished Request
DEBUG:selenium.webdriver.remote.remote_connection:POST http://127.0.0.1:64339/session/4f247e901f7d43a9ee3d7d5095d8d11f/execute/sync {"script": "return document.body.scrollHeight", "args": []}
DEBUG:urllib3.connectionpool:http://127.0.0.1:64339 "POST /session/4f247e901f7d43a9ee3d7d5095d8d11f/execute/sync HTTP/1.1" 200 14
DEBUG:selenium.webdriver.remote.remote_connection:Finished Request
DEBUG:selenium.webdriver.remote.remote_connection:POST http://127.0.0.1:64339/session/4f247e901f7d43a9ee3d7d5095d8d11f/execute/sync {"script": "return window.scrollY", "args": []}
DEBUG:urllib3.connectionpool:http://127.0.0.1:64339 "POST /session/4f247e901f7d43a9ee3d7d5095d8d11f/execute/sync HTTP/1.1" 200 11
DEBUG:selenium.webdriver.remote.remote_connection:Finished Request
DEBUG:selenium.webdriver.remote.remote_connection:POST http://127.0.0.1:64339/session/4f247e901f7d43a9ee3d7d5095d8d11f/execute/sync {"script": "window.scrollTo(0, 633)", "args": []}
DEBUG:urllib3.connectionpool:http://127.0.0.1:64339 "POST /session/4f247e901f7d43a9ee3d7d5095d8d11f/execute/sync HTTP/1.1" 200 14
DEBUG:selenium.webdriver.remote.remote_connection:Finished Request
DEBUG:selenium.webdriver.remote.remote_connection:POST http://127.0.0.1:64339/session/4f247e901f7d43a9ee3d7d5095d8d11f/execute/sync {"script": "return window.scrollY", "args": []}
DEBUG:urllib3.connectionpool:http://127.0.0.1:64339 "POST /session/4f247e901f7d43a9ee3d7d5095d8d11f/execute/sync HTTP/1.1" 200 13
DEBUG:selenium.webdriver.remote.remote_connection:Finished Request
DEBUG:selenium.webdriver.remote.remote_connection:POST http://127.0.0.1:64339/session/4f247e901f7d43a9ee3d7d5095d8d11f/execute/sync {"script": "window.scrollTo(633, 64)", "args": []}
DEBUG:urllib3.connectionpool:http://127.0.0.1:64339 "POST /session/4f247e901f7d43a9ee3d7d5095d8d11f/execute/sync HTTP/1.1" 200 14
DEBUG:selenium.webdriver.remote.remote_connection:Finished Request
DEBUG:selenium.webdriver.remote.remote_connection:POST http://127.0.0.1:64339/session/4f247e901f7d43a9ee3d7d5095d8d11f/execute/sync {"script": "return window.scrollY", "args": []}
DEBUG:urllib3.connectionpool:http://127.0.0.1:64339 "POST /session/4f247e901f7d43a9ee3d7d5095d8d11f/execute/sync HTTP/1.1" 200 12
DEBUG:selenium.webdriver.remote.remote_connection:Finished Request
DEBUG:selenium.webdriver.remote.remote_connection:POST http://127.0.0.1:64339/session/4f247e901f7d43a9ee3d7d5095d8d11f/execute/sync {"script": "window.scrollTo(64, 868)", "args": []}
DEBUG:urllib3.connectionpool:http://127.0.0.1:64339 "POST /session/4f247e901f7d43a9ee3d7d5095d8d11f/execute/sync HTTP/1.1" 200 14
DEBUG:selenium.webdriver.remote.remote_connection:Finished Request
DEBUG:selenium.webdriver.remote.remote_connection:GET http://127.0.0.1:64339/session/4f247e901f7d43a9ee3d7d5095d8d11f/source {}
DEBUG:urllib3.connectionpool:http://127.0.0.1:64339 "GET /session/4f247e901f7d43a9ee3d7d5095d8d11f/source HTTP/1.1" 200 755536
DEBUG:selenium.webdriver.remote.remote_connection:Finished Request
DEBUG:selenium.webdriver.remote.remote_connection:POST http://127.0.0.1:64339/session/4f247e901f7d43a9ee3d7d5095d8d11f/url {"url": "https://www.cmegroup.com/trading/energy/refined-products/heating-oil.html"}
DEBUG:urllib3.connectionpool:http://127.0.0.1:64339 "POST /session/4f247e901f7d43a9ee3d7d5095d8d11f/url HTTP/1.1" 200 14
DEBUG:selenium.webdriver.remote.remote_connection:Finished Request
DEBUG:selenium.webdriver.remote.remote_connection:POST http://127.0.0.1:64339/session/4f247e901f7d43a9ee3d7d5095d8d11f/execute/sync {"script": "return document.body.scrollHeight", "args": []}
DEBUG:urllib3.connectionpool:http://127.0.0.1:64339 "POST /session/4f247e901f7d43a9ee3d7d5095d8d11f/execute/sync HTTP/1.1" 200 14
DEBUG:selenium.webdriver.remote.remote_connection:Finished Request
DEBUG:selenium.webdriver.remote.remote_connection:POST http://127.0.0.1:64339/session/4f247e901f7d43a9ee3d7d5095d8d11f/execute/sync {"script": "return window.scrollY", "args": []}
DEBUG:urllib3.connectionpool:http://127.0.0.1:64339 "POST /session/4f247e901f7d43a9ee3d7d5095d8d11f/execute/sync HTTP/1.1" 200 11
DEBUG:selenium.webdriver.remote.remote_connection:Finished Request
DEBUG:selenium.webdriver.remote.remote_connection:POST http://127.0.0.1:64339/session/4f247e901f7d43a9ee3d7d5095d8d11f/execute/sync {"script": "window.scrollTo(0, 702)", "args": []}
DEBUG:urllib3.connectionpool:http://127.0.0.1:64339 "POST /session/4f247e901f7d43a9ee3d7d5095d8d11f/execute/sync HTTP/1.1" 200 14
DEBUG:selenium.webdriver.remote.remote_connection:Finished Request
DEBUG:selenium.webdriver.remote.remote_connection:GET http://127.0.0.1:64339/session/4f247e901f7d43a9ee3d7d5095d8d11f/source {}
DEBUG:urllib3.connectionpool:http://127.0.0.1:64339 "GET /session/4f247e901f7d43a9ee3d7d5095d8d11f/source HTTP/1.1" 200 558330
DEBUG:selenium.webdriver.remote.remote_connection:Finished Request
DEBUG:selenium.webdriver.remote.remote_connection:POST http://127.0.0.1:64339/session/4f247e901f7d43a9ee3d7d5095d8d11f/url {"url": "https://www.cmegroup.com/trading/energy/refined-products/gulf-coast-ultra-low-sulfur-diesel-usld-platts-calendar-swap.html"}
DEBUG:urllib3.connectionpool:http://127.0.0.1:64339 "POST /session/4f247e901f7d43a9ee3d7d5095d8d11f/url HTTP/1.1" 200 14
DEBUG:selenium.webdriver.remote.remote_connection:Finished Request
DEBUG:selenium.webdriver.remote.remote_connection:POST http://127.0.0.1:64339/session/4f247e901f7d43a9ee3d7d5095d8d11f/execute/sync {"script": "return document.body.scrollHeight", "args": []}
DEBUG:urllib3.connectionpool:http://127.0.0.1:64339 "POST /session/4f247e901f7d43a9ee3d7d5095d8d11f/execute/sync HTTP/1.1" 200 14
DEBUG:selenium.webdriver.remote.remote_connection:Finished Request
DEBUG:selenium.webdriver.remote.remote_connection:POST http://127.0.0.1:64339/session/4f247e901f7d43a9ee3d7d5095d8d11f/execute/sync {"script": "return window.scrollY", "args": []}
DEBUG:urllib3.connectionpool:http://127.0.0.1:64339 "POST /session/4f247e901f7d43a9ee3d7d5095d8d11f/execute/sync HTTP/1.1" 200 11
DEBUG:selenium.webdriver.remote.remote_connection:Finished Request
DEBUG:selenium.webdriver.remote.remote_connection:POST http://127.0.0.1:64339/session/4f247e901f7d43a9ee3d7d5095d8d11f/execute/sync {"script": "window.scrollTo(0, 587)", "args": []}
DEBUG:urllib3.connectionpool:http://127.0.0.1:64339 "POST /session/4f247e901f7d43a9ee3d7d5095d8d11f/execute/sync HTTP/1.1" 200 14
DEBUG:selenium.webdriver.remote.remote_connection:Finished Request
DEBUG:selenium.webdriver.remote.remote_connection:POST http://127.0.0.1:64339/session/4f247e901f7d43a9ee3d7d5095d8d11f/execute/sync {"script": "return window.scrollY", "args": []}
DEBUG:urllib3.connectionpool:http://127.0.0.1:64339 "POST /session/4f247e901f7d43a9ee3d7d5095d8d11f/execute/sync HTTP/1.1" 200 13
DEBUG:selenium.webdriver.remote.remote_connection:Finished Request
DEBUG:selenium.webdriver.remote.remote_connection:POST http://127.0.0.1:64339/session/4f247e901f7d43a9ee3d7d5095d8d11f/execute/sync {"script": "window.scrollTo(587, 1422)", "args": []}
DEBUG:urllib3.connectionpool:http://127.0.0.1:64339 "POST /session/4f247e901f7d43a9ee3d7d5095d8d11f/execute/sync HTTP/1.1" 200 14
DEBUG:selenium.webdriver.remote.remote_connection:Finished Request
DEBUG:selenium.webdriver.remote.remote_connection:GET http://127.0.0.1:64339/session/4f247e901f7d43a9ee3d7d5095d8d11f/source {}
DEBUG:urllib3.connectionpool:http://127.0.0.1:64339 "GET /session/4f247e901f7d43a9ee3d7d5095d8d11f/source HTTP/1.1" 200 564043
DEBUG:selenium.webdriver.remote.remote_connection:Finished Request
DEBUG:selenium.webdriver.remote.remote_connection:POST http://127.0.0.1:64339/session/4f247e901f7d43a9ee3d7d5095d8d11f/url {"url": "https://www.cmegroup.com/trading/energy/refined-products/rbob-gasoline.html"}
DEBUG:urllib3.connectionpool:http://127.0.0.1:64339 "POST /session/4f247e901f7d43a9ee3d7d5095d8d11f/url HTTP/1.1" 200 14
DEBUG:selenium.webdriver.remote.remote_connection:Finished Request
DEBUG:selenium.webdriver.remote.remote_connection:POST http://127.0.0.1:64339/session/4f247e901f7d43a9ee3d7d5095d8d11f/execute/sync {"script": "return document.body.scrollHeight", "args": []}
DEBUG:urllib3.connectionpool:http://127.0.0.1:64339 "POST /session/4f247e901f7d43a9ee3d7d5095d8d11f/execute/sync HTTP/1.1" 200 14
DEBUG:selenium.webdriver.remote.remote_connection:Finished Request
DEBUG:selenium.webdriver.remote.remote_connection:POST http://127.0.0.1:64339/session/4f247e901f7d43a9ee3d7d5095d8d11f/execute/sync {"script": "return window.scrollY", "args": []}
DEBUG:urllib3.connectionpool:http://127.0.0.1:64339 "POST /session/4f247e901f7d43a9ee3d7d5095d8d11f/execute/sync HTTP/1.1" 200 11
DEBUG:selenium.webdriver.remote.remote_connection:Finished Request
DEBUG:selenium.webdriver.remote.remote_connection:POST http://127.0.0.1:64339/session/4f247e901f7d43a9ee3d7d5095d8d11f/execute/sync {"script": "window.scrollTo(0, 673)", "args": []}
DEBUG:urllib3.connectionpool:http://127.0.0.1:64339 "POST /session/4f247e901f7d43a9ee3d7d5095d8d11f/execute/sync HTTP/1.1" 200 14
DEBUG:selenium.webdriver.remote.remote_connection:Finished Request
DEBUG:selenium.webdriver.remote.remote_connection:POST http://127.0.0.1:64339/session/4f247e901f7d43a9ee3d7d5095d8d11f/execute/sync {"script": "return window.scrollY", "args": []}
DEBUG:urllib3.connectionpool:http://127.0.0.1:64339 "POST /session/4f247e901f7d43a9ee3d7d5095d8d11f/execute/sync HTTP/1.1" 200 13
DEBUG:selenium.webdriver.remote.remote_connection:Finished Request
DEBUG:selenium.webdriver.remote.remote_connection:POST http://127.0.0.1:64339/session/4f247e901f7d43a9ee3d7d5095d8d11f/execute/sync {"script": "window.scrollTo(673, 1594)", "args": []}
DEBUG:urllib3.connectionpool:http://127.0.0.1:64339 "POST /session/4f247e901f7d43a9ee3d7d5095d8d11f/execute/sync HTTP/1.1" 200 14
DEBUG:selenium.webdriver.remote.remote_connection:Finished Request
DEBUG:selenium.webdriver.remote.remote_connection:POST http://127.0.0.1:64339/session/4f247e901f7d43a9ee3d7d5095d8d11f/execute/sync {"script": "return window.scrollY", "args": []}
DEBUG:urllib3.connectionpool:http://127.0.0.1:64339 "POST /session/4f247e901f7d43a9ee3d7d5095d8d11f/execute/sync HTTP/1.1" 200 14
DEBUG:selenium.webdriver.remote.remote_connection:Finished Request
DEBUG:selenium.webdriver.remote.remote_connection:POST http://127.0.0.1:64339/session/4f247e901f7d43a9ee3d7d5095d8d11f/execute/sync {"script": "window.scrollTo(1594, 817)", "args": []}
DEBUG:urllib3.connectionpool:http://127.0.0.1:64339 "POST /session/4f247e901f7d43a9ee3d7d5095d8d11f/execute/sync HTTP/1.1" 200 14
DEBUG:selenium.webdriver.remote.remote_connection:Finished Request
DEBUG:selenium.webdriver.remote.remote_connection:GET http://127.0.0.1:64339/session/4f247e901f7d43a9ee3d7d5095d8d11f/source {}
DEBUG:urllib3.connectionpool:http://127.0.0.1:64339 "GET /session/4f247e901f7d43a9ee3d7d5095d8d11f/source HTTP/1.1" 200 558664
DEBUG:selenium.webdriver.remote.remote_connection:Finished Request
DEBUG:selenium.webdriver.remote.remote_connection:DELETE http://127.0.0.1:64339/session/4f247e901f7d43a9ee3d7d5095d8d11f/window {}
DEBUG:urllib3.connectionpool:http://127.0.0.1:64339 "DELETE /session/4f247e901f7d43a9ee3d7d5095d8d11f/window HTTP/1.1" 200 14
DEBUG:selenium.webdriver.remote.remote_connection:Finished Request
DEBUG:selenium.webdriver.remote.remote_connection:POST http://127.0.0.1:55851/session {"capabilities": {"firstMatch": [{}], "alwaysMatch": {"browserName": "chrome", "platformName": "any", "goog:chromeOptions": {"extensions": [], "args": []}}}, "desiredCapabilities": {"browserName": "chrome", "version": "", "platform": "ANY", "goog:chromeOptions": {"extensions": [], "args": []}}}
DEBUG:urllib3.connectionpool:Starting new HTTP connection (1): 127.0.0.1:55851
DEBUG:urllib3.connectionpool:http://127.0.0.1:55851 "POST /session HTTP/1.1" 200 683
DEBUG:selenium.webdriver.remote.remote_connection:Finished Request
DEBUG:selenium.webdriver.remote.remote_connection:POST http://127.0.0.1:55851/session/cd43464ffa8fcbd099ba406afc74a0e0/window/maximize {}
DEBUG:urllib3.connectionpool:http://127.0.0.1:55851 "POST /session/cd43464ffa8fcbd099ba406afc74a0e0/window/maximize HTTP/1.1" 200 51
DEBUG:selenium.webdriver.remote.remote_connection:Finished Request
DEBUG:selenium.webdriver.remote.remote_connection:POST http://127.0.0.1:55851/session/cd43464ffa8fcbd099ba406afc74a0e0/url {"url": "https://www.cmegroup.com/trading/energy/refined-products/gulf-coast-no-6-fuel-oil-30pct-sulfur-platts-swap.html"}
DEBUG:urllib3.connectionpool:http://127.0.0.1:55851 "POST /session/cd43464ffa8fcbd099ba406afc74a0e0/url HTTP/1.1" 200 14
DEBUG:selenium.webdriver.remote.remote_connection:Finished Request
DEBUG:selenium.webdriver.remote.remote_connection:POST http://127.0.0.1:55851/session/cd43464ffa8fcbd099ba406afc74a0e0/execute/sync {"script": "return document.body.scrollHeight", "args": []}
DEBUG:urllib3.connectionpool:http://127.0.0.1:55851 "POST /session/cd43464ffa8fcbd099ba406afc74a0e0/execute/sync HTTP/1.1" 200 14
DEBUG:selenium.webdriver.remote.remote_connection:Finished Request
DEBUG:selenium.webdriver.remote.remote_connection:POST http://127.0.0.1:55851/session/cd43464ffa8fcbd099ba406afc74a0e0/execute/sync {"script": "return window.scrollY", "args": []}
DEBUG:urllib3.connectionpool:http://127.0.0.1:55851 "POST /session/cd43464ffa8fcbd099ba406afc74a0e0/execute/sync HTTP/1.1" 200 11
DEBUG:selenium.webdriver.remote.remote_connection:Finished Request
DEBUG:selenium.webdriver.remote.remote_connection:POST http://127.0.0.1:55851/session/cd43464ffa8fcbd099ba406afc74a0e0/execute/sync {"script": "window.scrollTo(0, 1050)", "args": []}
DEBUG:urllib3.connectionpool:http://127.0.0.1:55851 "POST /session/cd43464ffa8fcbd099ba406afc74a0e0/execute/sync HTTP/1.1" 200 14
DEBUG:selenium.webdriver.remote.remote_connection:Finished Request
DEBUG:selenium.webdriver.remote.remote_connection:POST http://127.0.0.1:55851/session/cd43464ffa8fcbd099ba406afc74a0e0/execute/sync {"script": "return window.scrollY", "args": []}
DEBUG:urllib3.connectionpool:http://127.0.0.1:55851 "POST /session/cd43464ffa8fcbd099ba406afc74a0e0/execute/sync HTTP/1.1" 200 14
DEBUG:selenium.webdriver.remote.remote_connection:Finished Request
DEBUG:selenium.webdriver.remote.remote_connection:POST http://127.0.0.1:55851/session/cd43464ffa8fcbd099ba406afc74a0e0/execute/sync {"script": "window.scrollTo(1050, 1725)", "args": []}
DEBUG:urllib3.connectionpool:http://127.0.0.1:55851 "POST /session/cd43464ffa8fcbd099ba406afc74a0e0/execute/sync HTTP/1.1" 200 14
DEBUG:selenium.webdriver.remote.remote_connection:Finished Request
DEBUG:selenium.webdriver.remote.remote_connection:GET http://127.0.0.1:55851/session/cd43464ffa8fcbd099ba406afc74a0e0/source {}
DEBUG:urllib3.connectionpool:http://127.0.0.1:55851 "GET /session/cd43464ffa8fcbd099ba406afc74a0e0/source HTTP/1.1" 200 577891
DEBUG:selenium.webdriver.remote.remote_connection:Finished Request
DEBUG:selenium.webdriver.remote.remote_connection:POST http://127.0.0.1:55851/session/cd43464ffa8fcbd099ba406afc74a0e0/url {"url": "https://www.cmegroup.com/trading/energy/crude-oil/light-sweet-crude_quotes_globex.html"}
DEBUG:urllib3.connectionpool:http://127.0.0.1:55851 "POST /session/cd43464ffa8fcbd099ba406afc74a0e0/url HTTP/1.1" 200 14
DEBUG:selenium.webdriver.remote.remote_connection:Finished Request
DEBUG:selenium.webdriver.remote.remote_connection:POST http://127.0.0.1:55851/session/cd43464ffa8fcbd099ba406afc74a0e0/execute/sync {"script": "return document.body.scrollHeight", "args": []}
DEBUG:urllib3.connectionpool:http://127.0.0.1:55851 "POST /session/cd43464ffa8fcbd099ba406afc74a0e0/execute/sync HTTP/1.1" 200 14
DEBUG:selenium.webdriver.remote.remote_connection:Finished Request
DEBUG:selenium.webdriver.remote.remote_connection:POST http://127.0.0.1:55851/session/cd43464ffa8fcbd099ba406afc74a0e0/execute/sync {"script": "return window.scrollY", "args": []}
DEBUG:urllib3.connectionpool:http://127.0.0.1:55851 "POST /session/cd43464ffa8fcbd099ba406afc74a0e0/execute/sync HTTP/1.1" 200 11
DEBUG:selenium.webdriver.remote.remote_connection:Finished Request
DEBUG:selenium.webdriver.remote.remote_connection:POST http://127.0.0.1:55851/session/cd43464ffa8fcbd099ba406afc74a0e0/execute/sync {"script": "window.scrollTo(0, 825)", "args": []}
DEBUG:urllib3.connectionpool:http://127.0.0.1:55851 "POST /session/cd43464ffa8fcbd099ba406afc74a0e0/execute/sync HTTP/1.1" 200 14
DEBUG:selenium.webdriver.remote.remote_connection:Finished Request
DEBUG:selenium.webdriver.remote.remote_connection:POST http://127.0.0.1:55851/session/cd43464ffa8fcbd099ba406afc74a0e0/execute/sync {"script": "return window.scrollY", "args": []}
DEBUG:urllib3.connectionpool:http://127.0.0.1:55851 "POST /session/cd43464ffa8fcbd099ba406afc74a0e0/execute/sync HTTP/1.1" 200 13
DEBUG:selenium.webdriver.remote.remote_connection:Finished Request
DEBUG:selenium.webdriver.remote.remote_connection:POST http://127.0.0.1:55851/session/cd43464ffa8fcbd099ba406afc74a0e0/execute/sync {"script": "window.scrollTo(825, 1505)", "args": []}
DEBUG:urllib3.connectionpool:http://127.0.0.1:55851 "POST /session/cd43464ffa8fcbd099ba406afc74a0e0/execute/sync HTTP/1.1" 200 14
DEBUG:selenium.webdriver.remote.remote_connection:Finished Request
DEBUG:selenium.webdriver.remote.remote_connection:POST http://127.0.0.1:55851/session/cd43464ffa8fcbd099ba406afc74a0e0/execute/sync {"script": "return window.scrollY", "args": []}
DEBUG:urllib3.connectionpool:http://127.0.0.1:55851 "POST /session/cd43464ffa8fcbd099ba406afc74a0e0/execute/sync HTTP/1.1" 200 14
DEBUG:selenium.webdriver.remote.remote_connection:Finished Request
DEBUG:selenium.webdriver.remote.remote_connection:POST http://127.0.0.1:55851/session/cd43464ffa8fcbd099ba406afc74a0e0/execute/sync {"script": "window.scrollTo(1505, 711)", "args": []}
DEBUG:urllib3.connectionpool:http://127.0.0.1:55851 "POST /session/cd43464ffa8fcbd099ba406afc74a0e0/execute/sync HTTP/1.1" 200 14
DEBUG:selenium.webdriver.remote.remote_connection:Finished Request
DEBUG:selenium.webdriver.remote.remote_connection:GET http://127.0.0.1:55851/session/cd43464ffa8fcbd099ba406afc74a0e0/source {}
DEBUG:urllib3.connectionpool:http://127.0.0.1:55851 "GET /session/cd43464ffa8fcbd099ba406afc74a0e0/source HTTP/1.1" 200 755738
DEBUG:selenium.webdriver.remote.remote_connection:Finished Request
DEBUG:selenium.webdriver.remote.remote_connection:POST http://127.0.0.1:55851/session/cd43464ffa8fcbd099ba406afc74a0e0/url {"url": "https://www.cmegroup.com/trading/energy/refined-products/heating-oil.html"}
DEBUG:urllib3.connectionpool:http://127.0.0.1:55851 "POST /session/cd43464ffa8fcbd099ba406afc74a0e0/url HTTP/1.1" 200 14
DEBUG:selenium.webdriver.remote.remote_connection:Finished Request
DEBUG:selenium.webdriver.remote.remote_connection:POST http://127.0.0.1:55851/session/cd43464ffa8fcbd099ba406afc74a0e0/execute/sync {"script": "return document.body.scrollHeight", "args": []}
DEBUG:urllib3.connectionpool:http://127.0.0.1:55851 "POST /session/cd43464ffa8fcbd099ba406afc74a0e0/execute/sync HTTP/1.1" 200 14
DEBUG:selenium.webdriver.remote.remote_connection:Finished Request
DEBUG:selenium.webdriver.remote.remote_connection:POST http://127.0.0.1:55851/session/cd43464ffa8fcbd099ba406afc74a0e0/execute/sync {"script": "return window.scrollY", "args": []}
DEBUG:urllib3.connectionpool:http://127.0.0.1:55851 "POST /session/cd43464ffa8fcbd099ba406afc74a0e0/execute/sync HTTP/1.1" 200 11
DEBUG:selenium.webdriver.remote.remote_connection:Finished Request
DEBUG:selenium.webdriver.remote.remote_connection:POST http://127.0.0.1:55851/session/cd43464ffa8fcbd099ba406afc74a0e0/execute/sync {"script": "window.scrollTo(0, 659)", "args": []}
DEBUG:urllib3.connectionpool:http://127.0.0.1:55851 "POST /session/cd43464ffa8fcbd099ba406afc74a0e0/execute/sync HTTP/1.1" 200 14
DEBUG:selenium.webdriver.remote.remote_connection:Finished Request
DEBUG:selenium.webdriver.remote.remote_connection:POST http://127.0.0.1:55851/session/cd43464ffa8fcbd099ba406afc74a0e0/execute/sync {"script": "return window.scrollY", "args": []}
DEBUG:urllib3.connectionpool:http://127.0.0.1:55851 "POST /session/cd43464ffa8fcbd099ba406afc74a0e0/execute/sync HTTP/1.1" 200 13
DEBUG:selenium.webdriver.remote.remote_connection:Finished Request
DEBUG:selenium.webdriver.remote.remote_connection:POST http://127.0.0.1:55851/session/cd43464ffa8fcbd099ba406afc74a0e0/execute/sync {"script": "window.scrollTo(659, 1635)", "args": []}
DEBUG:urllib3.connectionpool:http://127.0.0.1:55851 "POST /session/cd43464ffa8fcbd099ba406afc74a0e0/execute/sync HTTP/1.1" 200 14
DEBUG:selenium.webdriver.remote.remote_connection:Finished Request
DEBUG:selenium.webdriver.remote.remote_connection:POST http://127.0.0.1:55851/session/cd43464ffa8fcbd099ba406afc74a0e0/execute/sync {"script": "return window.scrollY", "args": []}
DEBUG:urllib3.connectionpool:http://127.0.0.1:55851 "POST /session/cd43464ffa8fcbd099ba406afc74a0e0/execute/sync HTTP/1.1" 200 14
DEBUG:selenium.webdriver.remote.remote_connection:Finished Request
DEBUG:selenium.webdriver.remote.remote_connection:POST http://127.0.0.1:55851/session/cd43464ffa8fcbd099ba406afc74a0e0/execute/sync {"script": "window.scrollTo(1635, 2236)", "args": []}
DEBUG:urllib3.connectionpool:http://127.0.0.1:55851 "POST /session/cd43464ffa8fcbd099ba406afc74a0e0/execute/sync HTTP/1.1" 200 14
DEBUG:selenium.webdriver.remote.remote_connection:Finished Request
DEBUG:selenium.webdriver.remote.remote_connection:POST http://127.0.0.1:55851/session/cd43464ffa8fcbd099ba406afc74a0e0/execute/sync {"script": "return window.scrollY", "args": []}
DEBUG:urllib3.connectionpool:http://127.0.0.1:55851 "POST /session/cd43464ffa8fcbd099ba406afc74a0e0/execute/sync HTTP/1.1" 200 14
DEBUG:selenium.webdriver.remote.remote_connection:Finished Request
DEBUG:selenium.webdriver.remote.remote_connection:POST http://127.0.0.1:55851/session/cd43464ffa8fcbd099ba406afc74a0e0/execute/sync {"script": "window.scrollTo(2236, 1335)", "args": []}
DEBUG:urllib3.connectionpool:http://127.0.0.1:55851 "POST /session/cd43464ffa8fcbd099ba406afc74a0e0/execute/sync HTTP/1.1" 200 14
DEBUG:selenium.webdriver.remote.remote_connection:Finished Request
DEBUG:selenium.webdriver.remote.remote_connection:GET http://127.0.0.1:55851/session/cd43464ffa8fcbd099ba406afc74a0e0/source {}
DEBUG:urllib3.connectionpool:http://127.0.0.1:55851 "GET /session/cd43464ffa8fcbd099ba406afc74a0e0/source HTTP/1.1" 200 428234
DEBUG:selenium.webdriver.remote.remote_connection:Finished Request
DEBUG:selenium.webdriver.remote.remote_connection:POST http://127.0.0.1:55851/session/cd43464ffa8fcbd099ba406afc74a0e0/url {"url": "https://www.cmegroup.com/trading/energy/crude-oil/brent-crude-oil.html"}
DEBUG:urllib3.connectionpool:http://127.0.0.1:55851 "POST /session/cd43464ffa8fcbd099ba406afc74a0e0/url HTTP/1.1" 200 14
DEBUG:selenium.webdriver.remote.remote_connection:Finished Request
DEBUG:selenium.webdriver.remote.remote_connection:POST http://127.0.0.1:55851/session/cd43464ffa8fcbd099ba406afc74a0e0/execute/sync {"script": "return document.body.scrollHeight", "args": []}
DEBUG:urllib3.connectionpool:http://127.0.0.1:55851 "POST /session/cd43464ffa8fcbd099ba406afc74a0e0/execute/sync HTTP/1.1" 200 14
DEBUG:selenium.webdriver.remote.remote_connection:Finished Request
DEBUG:selenium.webdriver.remote.remote_connection:POST http://127.0.0.1:55851/session/cd43464ffa8fcbd099ba406afc74a0e0/execute/sync {"script": "return window.scrollY", "args": []}
DEBUG:urllib3.connectionpool:http://127.0.0.1:55851 "POST /session/cd43464ffa8fcbd099ba406afc74a0e0/execute/sync HTTP/1.1" 200 11
DEBUG:selenium.webdriver.remote.remote_connection:Finished Request
DEBUG:selenium.webdriver.remote.remote_connection:POST http://127.0.0.1:55851/session/cd43464ffa8fcbd099ba406afc74a0e0/execute/sync {"script": "window.scrollTo(0, 661)", "args": []}
DEBUG:urllib3.connectionpool:http://127.0.0.1:55851 "POST /session/cd43464ffa8fcbd099ba406afc74a0e0/execute/sync HTTP/1.1" 200 14
DEBUG:selenium.webdriver.remote.remote_connection:Finished Request
DEBUG:selenium.webdriver.remote.remote_connection:POST http://127.0.0.1:55851/session/cd43464ffa8fcbd099ba406afc74a0e0/execute/sync {"script": "return window.scrollY", "args": []}
DEBUG:urllib3.connectionpool:http://127.0.0.1:55851 "POST /session/cd43464ffa8fcbd099ba406afc74a0e0/execute/sync HTTP/1.1" 200 13
DEBUG:selenium.webdriver.remote.remote_connection:Finished Request
DEBUG:selenium.webdriver.remote.remote_connection:POST http://127.0.0.1:55851/session/cd43464ffa8fcbd099ba406afc74a0e0/execute/sync {"script": "window.scrollTo(661, 1355)", "args": []}
DEBUG:urllib3.connectionpool:http://127.0.0.1:55851 "POST /session/cd43464ffa8fcbd099ba406afc74a0e0/execute/sync HTTP/1.1" 200 14
DEBUG:selenium.webdriver.remote.remote_connection:Finished Request
DEBUG:selenium.webdriver.remote.remote_connection:POST http://127.0.0.1:55851/session/cd43464ffa8fcbd099ba406afc74a0e0/execute/sync {"script": "return window.scrollY", "args": []}
DEBUG:urllib3.connectionpool:http://127.0.0.1:55851 "POST /session/cd43464ffa8fcbd099ba406afc74a0e0/execute/sync HTTP/1.1" 200 14
DEBUG:selenium.webdriver.remote.remote_connection:Finished Request
DEBUG:selenium.webdriver.remote.remote_connection:POST http://127.0.0.1:55851/session/cd43464ffa8fcbd099ba406afc74a0e0/execute/sync {"script": "window.scrollTo(1355, 687)", "args": []}
DEBUG:urllib3.connectionpool:http://127.0.0.1:55851 "POST /session/cd43464ffa8fcbd099ba406afc74a0e0/execute/sync HTTP/1.1" 200 14
DEBUG:selenium.webdriver.remote.remote_connection:Finished Request
DEBUG:selenium.webdriver.remote.remote_connection:POST http://127.0.0.1:55851/session/cd43464ffa8fcbd099ba406afc74a0e0/execute/sync {"script": "return window.scrollY", "args": []}
DEBUG:urllib3.connectionpool:http://127.0.0.1:55851 "POST /session/cd43464ffa8fcbd099ba406afc74a0e0/execute/sync HTTP/1.1" 200 13
DEBUG:selenium.webdriver.remote.remote_connection:Finished Request
DEBUG:selenium.webdriver.remote.remote_connection:POST http://127.0.0.1:55851/session/cd43464ffa8fcbd099ba406afc74a0e0/execute/sync {"script": "window.scrollTo(687, 42)", "args": []}
DEBUG:urllib3.connectionpool:http://127.0.0.1:55851 "POST /session/cd43464ffa8fcbd099ba406afc74a0e0/execute/sync HTTP/1.1" 200 14
DEBUG:selenium.webdriver.remote.remote_connection:Finished Request
DEBUG:selenium.webdriver.remote.remote_connection:GET http://127.0.0.1:55851/session/cd43464ffa8fcbd099ba406afc74a0e0/source {}
DEBUG:urllib3.connectionpool:http://127.0.0.1:55851 "GET /session/cd43464ffa8fcbd099ba406afc74a0e0/source HTTP/1.1" 200 650744
DEBUG:selenium.webdriver.remote.remote_connection:Finished Request
DEBUG:selenium.webdriver.remote.remote_connection:POST http://127.0.0.1:55851/session/cd43464ffa8fcbd099ba406afc74a0e0/url {"url": "https://www.cmegroup.com/trading/energy/refined-products/gulf-coast-ultra-low-sulfur-diesel-usld-platts-calendar-swap.html"}
DEBUG:urllib3.connectionpool:http://127.0.0.1:55851 "POST /session/cd43464ffa8fcbd099ba406afc74a0e0/url HTTP/1.1" 200 14
DEBUG:selenium.webdriver.remote.remote_connection:Finished Request
DEBUG:selenium.webdriver.remote.remote_connection:POST http://127.0.0.1:55851/session/cd43464ffa8fcbd099ba406afc74a0e0/execute/sync {"script": "return document.body.scrollHeight", "args": []}
DEBUG:urllib3.connectionpool:http://127.0.0.1:55851 "POST /session/cd43464ffa8fcbd099ba406afc74a0e0/execute/sync HTTP/1.1" 200 14
DEBUG:selenium.webdriver.remote.remote_connection:Finished Request
DEBUG:selenium.webdriver.remote.remote_connection:POST http://127.0.0.1:55851/session/cd43464ffa8fcbd099ba406afc74a0e0/execute/sync {"script": "return window.scrollY", "args": []}
DEBUG:urllib3.connectionpool:http://127.0.0.1:55851 "POST /session/cd43464ffa8fcbd099ba406afc74a0e0/execute/sync HTTP/1.1" 200 11
DEBUG:selenium.webdriver.remote.remote_connection:Finished Request
DEBUG:selenium.webdriver.remote.remote_connection:POST http://127.0.0.1:55851/session/cd43464ffa8fcbd099ba406afc74a0e0/execute/sync {"script": "window.scrollTo(0, 853)", "args": []}
DEBUG:urllib3.connectionpool:http://127.0.0.1:55851 "POST /session/cd43464ffa8fcbd099ba406afc74a0e0/execute/sync HTTP/1.1" 200 14
DEBUG:selenium.webdriver.remote.remote_connection:Finished Request
DEBUG:selenium.webdriver.remote.remote_connection:POST http://127.0.0.1:55851/session/cd43464ffa8fcbd099ba406afc74a0e0/execute/sync {"script": "return window.scrollY", "args": []}
DEBUG:urllib3.connectionpool:http://127.0.0.1:55851 "POST /session/cd43464ffa8fcbd099ba406afc74a0e0/execute/sync HTTP/1.1" 200 13
DEBUG:selenium.webdriver.remote.remote_connection:Finished Request
DEBUG:selenium.webdriver.remote.remote_connection:POST http://127.0.0.1:55851/session/cd43464ffa8fcbd099ba406afc74a0e0/execute/sync {"script": "window.scrollTo(853, 1810)", "args": []}
DEBUG:urllib3.connectionpool:http://127.0.0.1:55851 "POST /session/cd43464ffa8fcbd099ba406afc74a0e0/execute/sync HTTP/1.1" 200 14
DEBUG:selenium.webdriver.remote.remote_connection:Finished Request
DEBUG:selenium.webdriver.remote.remote_connection:POST http://127.0.0.1:55851/session/cd43464ffa8fcbd099ba406afc74a0e0/execute/sync {"script": "return window.scrollY", "args": []}
DEBUG:urllib3.connectionpool:http://127.0.0.1:55851 "POST /session/cd43464ffa8fcbd099ba406afc74a0e0/execute/sync HTTP/1.1" 200 14
DEBUG:selenium.webdriver.remote.remote_connection:Finished Request
DEBUG:selenium.webdriver.remote.remote_connection:POST http://127.0.0.1:55851/session/cd43464ffa8fcbd099ba406afc74a0e0/execute/sync {"script": "window.scrollTo(1810, 1104)", "args": []}
DEBUG:urllib3.connectionpool:http://127.0.0.1:55851 "POST /session/cd43464ffa8fcbd099ba406afc74a0e0/execute/sync HTTP/1.1" 200 14
DEBUG:selenium.webdriver.remote.remote_connection:Finished Request
DEBUG:selenium.webdriver.remote.remote_connection:GET http://127.0.0.1:55851/session/cd43464ffa8fcbd099ba406afc74a0e0/source {}
DEBUG:urllib3.connectionpool:http://127.0.0.1:55851 "GET /session/cd43464ffa8fcbd099ba406afc74a0e0/source HTTP/1.1" 200 564085
DEBUG:selenium.webdriver.remote.remote_connection:Finished Request
DEBUG:selenium.webdriver.remote.remote_connection:POST http://127.0.0.1:55851/session/cd43464ffa8fcbd099ba406afc74a0e0/url {"url": "https://www.cmegroup.com/trading/energy/refined-products/rbob-gasoline.html"}
DEBUG:urllib3.connectionpool:http://127.0.0.1:55851 "POST /session/cd43464ffa8fcbd099ba406afc74a0e0/url HTTP/1.1" 200 14
DEBUG:selenium.webdriver.remote.remote_connection:Finished Request
DEBUG:selenium.webdriver.remote.remote_connection:POST http://127.0.0.1:55851/session/cd43464ffa8fcbd099ba406afc74a0e0/execute/sync {"script": "return document.body.scrollHeight", "args": []}
DEBUG:urllib3.connectionpool:http://127.0.0.1:55851 "POST /session/cd43464ffa8fcbd099ba406afc74a0e0/execute/sync HTTP/1.1" 200 14
DEBUG:selenium.webdriver.remote.remote_connection:Finished Request
DEBUG:selenium.webdriver.remote.remote_connection:POST http://127.0.0.1:55851/session/cd43464ffa8fcbd099ba406afc74a0e0/execute/sync {"script": "return window.scrollY", "args": []}
DEBUG:urllib3.connectionpool:http://127.0.0.1:55851 "POST /session/cd43464ffa8fcbd099ba406afc74a0e0/execute/sync HTTP/1.1" 200 11
DEBUG:selenium.webdriver.remote.remote_connection:Finished Request
DEBUG:selenium.webdriver.remote.remote_connection:POST http://127.0.0.1:55851/session/cd43464ffa8fcbd099ba406afc74a0e0/execute/sync {"script": "window.scrollTo(0, 798)", "args": []}
DEBUG:urllib3.connectionpool:http://127.0.0.1:55851 "POST /session/cd43464ffa8fcbd099ba406afc74a0e0/execute/sync HTTP/1.1" 200 14
DEBUG:selenium.webdriver.remote.remote_connection:Finished Request
DEBUG:selenium.webdriver.remote.remote_connection:POST http://127.0.0.1:55851/session/cd43464ffa8fcbd099ba406afc74a0e0/execute/sync {"script": "return window.scrollY", "args": []}
DEBUG:urllib3.connectionpool:http://127.0.0.1:55851 "POST /session/cd43464ffa8fcbd099ba406afc74a0e0/execute/sync HTTP/1.1" 200 13
DEBUG:selenium.webdriver.remote.remote_connection:Finished Request
DEBUG:selenium.webdriver.remote.remote_connection:POST http://127.0.0.1:55851/session/cd43464ffa8fcbd099ba406afc74a0e0/execute/sync {"script": "window.scrollTo(798, 162)", "args": []}
DEBUG:urllib3.connectionpool:http://127.0.0.1:55851 "POST /session/cd43464ffa8fcbd099ba406afc74a0e0/execute/sync HTTP/1.1" 200 14
DEBUG:selenium.webdriver.remote.remote_connection:Finished Request
DEBUG:selenium.webdriver.remote.remote_connection:GET http://127.0.0.1:55851/session/cd43464ffa8fcbd099ba406afc74a0e0/source {}
DEBUG:urllib3.connectionpool:http://127.0.0.1:55851 "GET /session/cd43464ffa8fcbd099ba406afc74a0e0/source HTTP/1.1" 200 553568
DEBUG:selenium.webdriver.remote.remote_connection:Finished Request
DEBUG:selenium.webdriver.remote.remote_connection:DELETE http://127.0.0.1:55851/session/cd43464ffa8fcbd099ba406afc74a0e0/window {}
DEBUG:urllib3.connectionpool:http://127.0.0.1:55851 "DELETE /session/cd43464ffa8fcbd099ba406afc74a0e0/window HTTP/1.1" 200 14
DEBUG:selenium.webdriver.remote.remote_connection:Finished Request
DEBUG:selenium.webdriver.remote.remote_connection:POST http://127.0.0.1:61673/session {"capabilities": {"firstMatch": [{}], "alwaysMatch": {"browserName": "chrome", "platformName": "any", "goog:chromeOptions": {"extensions": [], "args": []}}}, "desiredCapabilities": {"browserName": "chrome", "version": "", "platform": "ANY", "goog:chromeOptions": {"extensions": [], "args": []}}}
DEBUG:urllib3.connectionpool:Starting new HTTP connection (1): 127.0.0.1:61673
DEBUG:urllib3.connectionpool:http://127.0.0.1:61673 "POST /session HTTP/1.1" 200 682
DEBUG:selenium.webdriver.remote.remote_connection:Finished Request
DEBUG:selenium.webdriver.remote.remote_connection:POST http://127.0.0.1:61673/session/a655313a6e4f8c1b6658919569884600/window/maximize {}
DEBUG:urllib3.connectionpool:http://127.0.0.1:61673 "POST /session/a655313a6e4f8c1b6658919569884600/window/maximize HTTP/1.1" 200 51
DEBUG:selenium.webdriver.remote.remote_connection:Finished Request
DEBUG:selenium.webdriver.remote.remote_connection:POST http://127.0.0.1:61673/session/a655313a6e4f8c1b6658919569884600/url {"url": "https://www.cmegroup.com/trading/energy/refined-products/rbob-gasoline.html"}
DEBUG:urllib3.connectionpool:http://127.0.0.1:61673 "POST /session/a655313a6e4f8c1b6658919569884600/url HTTP/1.1" 200 14
DEBUG:selenium.webdriver.remote.remote_connection:Finished Request
DEBUG:selenium.webdriver.remote.remote_connection:POST http://127.0.0.1:61673/session/a655313a6e4f8c1b6658919569884600/execute/sync {"script": "return document.body.scrollHeight", "args": []}
DEBUG:urllib3.connectionpool:http://127.0.0.1:61673 "POST /session/a655313a6e4f8c1b6658919569884600/execute/sync HTTP/1.1" 200 14
DEBUG:selenium.webdriver.remote.remote_connection:Finished Request
DEBUG:selenium.webdriver.remote.remote_connection:POST http://127.0.0.1:61673/session/a655313a6e4f8c1b6658919569884600/execute/sync {"script": "return window.scrollY", "args": []}
DEBUG:urllib3.connectionpool:http://127.0.0.1:61673 "POST /session/a655313a6e4f8c1b6658919569884600/execute/sync HTTP/1.1" 200 11
DEBUG:selenium.webdriver.remote.remote_connection:Finished Request
DEBUG:selenium.webdriver.remote.remote_connection:POST http://127.0.0.1:61673/session/a655313a6e4f8c1b6658919569884600/execute/sync {"script": "window.scrollTo(0, 801)", "args": []}
DEBUG:urllib3.connectionpool:http://127.0.0.1:61673 "POST /session/a655313a6e4f8c1b6658919569884600/execute/sync HTTP/1.1" 200 14
DEBUG:selenium.webdriver.remote.remote_connection:Finished Request
DEBUG:selenium.webdriver.remote.remote_connection:POST http://127.0.0.1:61673/session/a655313a6e4f8c1b6658919569884600/execute/sync {"script": "return window.scrollY", "args": []}
DEBUG:urllib3.connectionpool:http://127.0.0.1:61673 "POST /session/a655313a6e4f8c1b6658919569884600/execute/sync HTTP/1.1" 200 13
DEBUG:selenium.webdriver.remote.remote_connection:Finished Request
DEBUG:selenium.webdriver.remote.remote_connection:POST http://127.0.0.1:61673/session/a655313a6e4f8c1b6658919569884600/execute/sync {"script": "window.scrollTo(801, 1692)", "args": []}
DEBUG:urllib3.connectionpool:http://127.0.0.1:61673 "POST /session/a655313a6e4f8c1b6658919569884600/execute/sync HTTP/1.1" 200 14
DEBUG:selenium.webdriver.remote.remote_connection:Finished Request
DEBUG:selenium.webdriver.remote.remote_connection:GET http://127.0.0.1:61673/session/a655313a6e4f8c1b6658919569884600/source {}
DEBUG:urllib3.connectionpool:http://127.0.0.1:61673 "GET /session/a655313a6e4f8c1b6658919569884600/source HTTP/1.1" 200 553992
DEBUG:selenium.webdriver.remote.remote_connection:Finished Request
DEBUG:selenium.webdriver.remote.remote_connection:POST http://127.0.0.1:61673/session/a655313a6e4f8c1b6658919569884600/url {"url": "https://www.cmegroup.com/trading/energy/refined-products/gulf-coast-ultra-low-sulfur-diesel-usld-platts-calendar-swap.html"}
DEBUG:urllib3.connectionpool:http://127.0.0.1:61673 "POST /session/a655313a6e4f8c1b6658919569884600/url HTTP/1.1" 200 14
DEBUG:selenium.webdriver.remote.remote_connection:Finished Request
DEBUG:selenium.webdriver.remote.remote_connection:POST http://127.0.0.1:61673/session/a655313a6e4f8c1b6658919569884600/execute/sync {"script": "return document.body.scrollHeight", "args": []}
DEBUG:urllib3.connectionpool:http://127.0.0.1:61673 "POST /session/a655313a6e4f8c1b6658919569884600/execute/sync HTTP/1.1" 200 14
DEBUG:selenium.webdriver.remote.remote_connection:Finished Request
DEBUG:selenium.webdriver.remote.remote_connection:POST http://127.0.0.1:61673/session/a655313a6e4f8c1b6658919569884600/execute/sync {"script": "return window.scrollY", "args": []}
DEBUG:urllib3.connectionpool:http://127.0.0.1:61673 "POST /session/a655313a6e4f8c1b6658919569884600/execute/sync HTTP/1.1" 200 11
DEBUG:selenium.webdriver.remote.remote_connection:Finished Request
DEBUG:selenium.webdriver.remote.remote_connection:POST http://127.0.0.1:61673/session/a655313a6e4f8c1b6658919569884600/execute/sync {"script": "window.scrollTo(0, 1046)", "args": []}
DEBUG:urllib3.connectionpool:http://127.0.0.1:61673 "POST /session/a655313a6e4f8c1b6658919569884600/execute/sync HTTP/1.1" 200 14
DEBUG:selenium.webdriver.remote.remote_connection:Finished Request
DEBUG:selenium.webdriver.remote.remote_connection:GET http://127.0.0.1:61673/session/a655313a6e4f8c1b6658919569884600/source {}
DEBUG:urllib3.connectionpool:http://127.0.0.1:61673 "GET /session/a655313a6e4f8c1b6658919569884600/source HTTP/1.1" 200 564127
DEBUG:selenium.webdriver.remote.remote_connection:Finished Request
DEBUG:selenium.webdriver.remote.remote_connection:POST http://127.0.0.1:61673/session/a655313a6e4f8c1b6658919569884600/url {"url": "https://www.cmegroup.com/trading/energy/refined-products/gulf-coast-no-6-fuel-oil-30pct-sulfur-platts-swap.html"}
DEBUG:urllib3.connectionpool:http://127.0.0.1:61673 "POST /session/a655313a6e4f8c1b6658919569884600/url HTTP/1.1" 200 14
DEBUG:selenium.webdriver.remote.remote_connection:Finished Request
DEBUG:selenium.webdriver.remote.remote_connection:POST http://127.0.0.1:61673/session/a655313a6e4f8c1b6658919569884600/execute/sync {"script": "return document.body.scrollHeight", "args": []}
DEBUG:urllib3.connectionpool:http://127.0.0.1:61673 "POST /session/a655313a6e4f8c1b6658919569884600/execute/sync HTTP/1.1" 200 14
DEBUG:selenium.webdriver.remote.remote_connection:Finished Request
DEBUG:selenium.webdriver.remote.remote_connection:POST http://127.0.0.1:61673/session/a655313a6e4f8c1b6658919569884600/execute/sync {"script": "return window.scrollY", "args": []}
DEBUG:urllib3.connectionpool:http://127.0.0.1:61673 "POST /session/a655313a6e4f8c1b6658919569884600/execute/sync HTTP/1.1" 200 11
DEBUG:selenium.webdriver.remote.remote_connection:Finished Request
DEBUG:selenium.webdriver.remote.remote_connection:POST http://127.0.0.1:61673/session/a655313a6e4f8c1b6658919569884600/execute/sync {"script": "window.scrollTo(0, 645)", "args": []}
DEBUG:urllib3.connectionpool:http://127.0.0.1:61673 "POST /session/a655313a6e4f8c1b6658919569884600/execute/sync HTTP/1.1" 200 14
DEBUG:selenium.webdriver.remote.remote_connection:Finished Request
DEBUG:selenium.webdriver.remote.remote_connection:POST http://127.0.0.1:61673/session/a655313a6e4f8c1b6658919569884600/execute/sync {"script": "return window.scrollY", "args": []}
DEBUG:urllib3.connectionpool:http://127.0.0.1:61673 "POST /session/a655313a6e4f8c1b6658919569884600/execute/sync HTTP/1.1" 200 13
DEBUG:selenium.webdriver.remote.remote_connection:Finished Request
DEBUG:selenium.webdriver.remote.remote_connection:POST http://127.0.0.1:61673/session/a655313a6e4f8c1b6658919569884600/execute/sync {"script": "window.scrollTo(645, 12)", "args": []}
DEBUG:urllib3.connectionpool:http://127.0.0.1:61673 "POST /session/a655313a6e4f8c1b6658919569884600/execute/sync HTTP/1.1" 200 14
DEBUG:selenium.webdriver.remote.remote_connection:Finished Request
DEBUG:selenium.webdriver.remote.remote_connection:POST http://127.0.0.1:61673/session/a655313a6e4f8c1b6658919569884600/execute/sync {"script": "return window.scrollY", "args": []}
DEBUG:urllib3.connectionpool:http://127.0.0.1:61673 "POST /session/a655313a6e4f8c1b6658919569884600/execute/sync HTTP/1.1" 200 12
DEBUG:selenium.webdriver.remote.remote_connection:Finished Request
DEBUG:selenium.webdriver.remote.remote_connection:POST http://127.0.0.1:61673/session/a655313a6e4f8c1b6658919569884600/execute/sync {"script": "window.scrollTo(12, 991)", "args": []}
DEBUG:urllib3.connectionpool:http://127.0.0.1:61673 "POST /session/a655313a6e4f8c1b6658919569884600/execute/sync HTTP/1.1" 200 14
DEBUG:selenium.webdriver.remote.remote_connection:Finished Request
DEBUG:selenium.webdriver.remote.remote_connection:GET http://127.0.0.1:61673/session/a655313a6e4f8c1b6658919569884600/source {}
DEBUG:urllib3.connectionpool:http://127.0.0.1:61673 "GET /session/a655313a6e4f8c1b6658919569884600/source HTTP/1.1" 200 577865
DEBUG:selenium.webdriver.remote.remote_connection:Finished Request
DEBUG:selenium.webdriver.remote.remote_connection:POST http://127.0.0.1:61673/session/a655313a6e4f8c1b6658919569884600/url {"url": "https://www.cmegroup.com/trading/energy/crude-oil/brent-crude-oil.html"}
DEBUG:urllib3.connectionpool:http://127.0.0.1:61673 "POST /session/a655313a6e4f8c1b6658919569884600/url HTTP/1.1" 200 14
DEBUG:selenium.webdriver.remote.remote_connection:Finished Request
DEBUG:selenium.webdriver.remote.remote_connection:POST http://127.0.0.1:61673/session/a655313a6e4f8c1b6658919569884600/execute/sync {"script": "return document.body.scrollHeight", "args": []}
DEBUG:urllib3.connectionpool:http://127.0.0.1:61673 "POST /session/a655313a6e4f8c1b6658919569884600/execute/sync HTTP/1.1" 200 14
DEBUG:selenium.webdriver.remote.remote_connection:Finished Request
DEBUG:selenium.webdriver.remote.remote_connection:POST http://127.0.0.1:61673/session/a655313a6e4f8c1b6658919569884600/execute/sync {"script": "return window.scrollY", "args": []}
DEBUG:urllib3.connectionpool:http://127.0.0.1:61673 "POST /session/a655313a6e4f8c1b6658919569884600/execute/sync HTTP/1.1" 200 11
DEBUG:selenium.webdriver.remote.remote_connection:Finished Request
DEBUG:selenium.webdriver.remote.remote_connection:POST http://127.0.0.1:61673/session/a655313a6e4f8c1b6658919569884600/execute/sync {"script": "window.scrollTo(0, 946)", "args": []}
DEBUG:urllib3.connectionpool:http://127.0.0.1:61673 "POST /session/a655313a6e4f8c1b6658919569884600/execute/sync HTTP/1.1" 200 14
DEBUG:selenium.webdriver.remote.remote_connection:Finished Request
DEBUG:selenium.webdriver.remote.remote_connection:POST http://127.0.0.1:61673/session/a655313a6e4f8c1b6658919569884600/execute/sync {"script": "return window.scrollY", "args": []}
DEBUG:urllib3.connectionpool:http://127.0.0.1:61673 "POST /session/a655313a6e4f8c1b6658919569884600/execute/sync HTTP/1.1" 200 13
DEBUG:selenium.webdriver.remote.remote_connection:Finished Request
DEBUG:selenium.webdriver.remote.remote_connection:POST http://127.0.0.1:61673/session/a655313a6e4f8c1b6658919569884600/execute/sync {"script": "window.scrollTo(946, 247)", "args": []}
DEBUG:urllib3.connectionpool:http://127.0.0.1:61673 "POST /session/a655313a6e4f8c1b6658919569884600/execute/sync HTTP/1.1" 200 14
DEBUG:selenium.webdriver.remote.remote_connection:Finished Request
DEBUG:selenium.webdriver.remote.remote_connection:GET http://127.0.0.1:61673/session/a655313a6e4f8c1b6658919569884600/source {}
DEBUG:urllib3.connectionpool:http://127.0.0.1:61673 "GET /session/a655313a6e4f8c1b6658919569884600/source HTTP/1.1" 200 649775
DEBUG:selenium.webdriver.remote.remote_connection:Finished Request
DEBUG:selenium.webdriver.remote.remote_connection:POST http://127.0.0.1:61673/session/a655313a6e4f8c1b6658919569884600/url {"url": "https://www.cmegroup.com/trading/energy/refined-products/heating-oil.html"}
DEBUG:urllib3.connectionpool:http://127.0.0.1:61673 "POST /session/a655313a6e4f8c1b6658919569884600/url HTTP/1.1" 200 14
DEBUG:selenium.webdriver.remote.remote_connection:Finished Request
DEBUG:selenium.webdriver.remote.remote_connection:POST http://127.0.0.1:61673/session/a655313a6e4f8c1b6658919569884600/execute/sync {"script": "return document.body.scrollHeight", "args": []}
DEBUG:urllib3.connectionpool:http://127.0.0.1:61673 "POST /session/a655313a6e4f8c1b6658919569884600/execute/sync HTTP/1.1" 200 14
DEBUG:selenium.webdriver.remote.remote_connection:Finished Request
DEBUG:selenium.webdriver.remote.remote_connection:POST http://127.0.0.1:61673/session/a655313a6e4f8c1b6658919569884600/execute/sync {"script": "return window.scrollY", "args": []}
DEBUG:urllib3.connectionpool:http://127.0.0.1:61673 "POST /session/a655313a6e4f8c1b6658919569884600/execute/sync HTTP/1.1" 200 11
DEBUG:selenium.webdriver.remote.remote_connection:Finished Request
DEBUG:selenium.webdriver.remote.remote_connection:POST http://127.0.0.1:61673/session/a655313a6e4f8c1b6658919569884600/execute/sync {"script": "window.scrollTo(0, 753)", "args": []}
DEBUG:urllib3.connectionpool:http://127.0.0.1:61673 "POST /session/a655313a6e4f8c1b6658919569884600/execute/sync HTTP/1.1" 200 14
DEBUG:selenium.webdriver.remote.remote_connection:Finished Request
DEBUG:selenium.webdriver.remote.remote_connection:POST http://127.0.0.1:61673/session/a655313a6e4f8c1b6658919569884600/execute/sync {"script": "return window.scrollY", "args": []}
DEBUG:urllib3.connectionpool:http://127.0.0.1:61673 "POST /session/a655313a6e4f8c1b6658919569884600/execute/sync HTTP/1.1" 200 13
DEBUG:selenium.webdriver.remote.remote_connection:Finished Request
DEBUG:selenium.webdriver.remote.remote_connection:POST http://127.0.0.1:61673/session/a655313a6e4f8c1b6658919569884600/execute/sync {"script": "window.scrollTo(753, 1823)", "args": []}
DEBUG:urllib3.connectionpool:http://127.0.0.1:61673 "POST /session/a655313a6e4f8c1b6658919569884600/execute/sync HTTP/1.1" 200 14
DEBUG:selenium.webdriver.remote.remote_connection:Finished Request
DEBUG:selenium.webdriver.remote.remote_connection:POST http://127.0.0.1:61673/session/a655313a6e4f8c1b6658919569884600/execute/sync {"script": "return window.scrollY", "args": []}
DEBUG:urllib3.connectionpool:http://127.0.0.1:61673 "POST /session/a655313a6e4f8c1b6658919569884600/execute/sync HTTP/1.1" 200 14
DEBUG:selenium.webdriver.remote.remote_connection:Finished Request
DEBUG:selenium.webdriver.remote.remote_connection:POST http://127.0.0.1:61673/session/a655313a6e4f8c1b6658919569884600/execute/sync {"script": "window.scrollTo(1823, 869)", "args": []}
DEBUG:urllib3.connectionpool:http://127.0.0.1:61673 "POST /session/a655313a6e4f8c1b6658919569884600/execute/sync HTTP/1.1" 200 14
DEBUG:selenium.webdriver.remote.remote_connection:Finished Request
DEBUG:selenium.webdriver.remote.remote_connection:GET http://127.0.0.1:61673/session/a655313a6e4f8c1b6658919569884600/source {}
DEBUG:urllib3.connectionpool:http://127.0.0.1:61673 "GET /session/a655313a6e4f8c1b6658919569884600/source HTTP/1.1" 200 553577
DEBUG:selenium.webdriver.remote.remote_connection:Finished Request
DEBUG:selenium.webdriver.remote.remote_connection:POST http://127.0.0.1:61673/session/a655313a6e4f8c1b6658919569884600/url {"url": "https://www.cmegroup.com/trading/energy/crude-oil/light-sweet-crude_quotes_globex.html"}
DEBUG:urllib3.connectionpool:http://127.0.0.1:61673 "POST /session/a655313a6e4f8c1b6658919569884600/url HTTP/1.1" 200 14
DEBUG:selenium.webdriver.remote.remote_connection:Finished Request
DEBUG:selenium.webdriver.remote.remote_connection:POST http://127.0.0.1:61673/session/a655313a6e4f8c1b6658919569884600/execute/sync {"script": "return document.body.scrollHeight", "args": []}
DEBUG:urllib3.connectionpool:http://127.0.0.1:61673 "POST /session/a655313a6e4f8c1b6658919569884600/execute/sync HTTP/1.1" 200 14
DEBUG:selenium.webdriver.remote.remote_connection:Finished Request
DEBUG:selenium.webdriver.remote.remote_connection:POST http://127.0.0.1:61673/session/a655313a6e4f8c1b6658919569884600/execute/sync {"script": "return window.scrollY", "args": []}
DEBUG:urllib3.connectionpool:http://127.0.0.1:61673 "POST /session/a655313a6e4f8c1b6658919569884600/execute/sync HTTP/1.1" 200 11
DEBUG:selenium.webdriver.remote.remote_connection:Finished Request
DEBUG:selenium.webdriver.remote.remote_connection:POST http://127.0.0.1:61673/session/a655313a6e4f8c1b6658919569884600/execute/sync {"script": "window.scrollTo(0, 714)", "args": []}
DEBUG:urllib3.connectionpool:http://127.0.0.1:61673 "POST /session/a655313a6e4f8c1b6658919569884600/execute/sync HTTP/1.1" 200 14
DEBUG:selenium.webdriver.remote.remote_connection:Finished Request
DEBUG:selenium.webdriver.remote.remote_connection:POST http://127.0.0.1:61673/session/a655313a6e4f8c1b6658919569884600/execute/sync {"script": "return window.scrollY", "args": []}
DEBUG:urllib3.connectionpool:http://127.0.0.1:61673 "POST /session/a655313a6e4f8c1b6658919569884600/execute/sync HTTP/1.1" 200 13
DEBUG:selenium.webdriver.remote.remote_connection:Finished Request
DEBUG:selenium.webdriver.remote.remote_connection:POST http://127.0.0.1:61673/session/a655313a6e4f8c1b6658919569884600/execute/sync {"script": "window.scrollTo(714, 1753)", "args": []}
DEBUG:urllib3.connectionpool:http://127.0.0.1:61673 "POST /session/a655313a6e4f8c1b6658919569884600/execute/sync HTTP/1.1" 200 14
DEBUG:selenium.webdriver.remote.remote_connection:Finished Request
DEBUG:selenium.webdriver.remote.remote_connection:POST http://127.0.0.1:61673/session/a655313a6e4f8c1b6658919569884600/execute/sync {"script": "return window.scrollY", "args": []}
DEBUG:urllib3.connectionpool:http://127.0.0.1:61673 "POST /session/a655313a6e4f8c1b6658919569884600/execute/sync HTTP/1.1" 200 14
DEBUG:selenium.webdriver.remote.remote_connection:Finished Request
DEBUG:selenium.webdriver.remote.remote_connection:POST http://127.0.0.1:61673/session/a655313a6e4f8c1b6658919569884600/execute/sync {"script": "window.scrollTo(1753, 692)", "args": []}
DEBUG:urllib3.connectionpool:http://127.0.0.1:61673 "POST /session/a655313a6e4f8c1b6658919569884600/execute/sync HTTP/1.1" 200 14
DEBUG:selenium.webdriver.remote.remote_connection:Finished Request
DEBUG:selenium.webdriver.remote.remote_connection:GET http://127.0.0.1:61673/session/a655313a6e4f8c1b6658919569884600/source {}
DEBUG:urllib3.connectionpool:http://127.0.0.1:61673 "GET /session/a655313a6e4f8c1b6658919569884600/source HTTP/1.1" 200 755733
DEBUG:selenium.webdriver.remote.remote_connection:Finished Request
DEBUG:selenium.webdriver.remote.remote_connection:DELETE http://127.0.0.1:61673/session/a655313a6e4f8c1b6658919569884600/window {}
DEBUG:urllib3.connectionpool:http://127.0.0.1:61673 "DELETE /session/a655313a6e4f8c1b6658919569884600/window HTTP/1.1" 200 14
DEBUG:selenium.webdriver.remote.remote_connection:Finished Request
DEBUG:selenium.webdriver.remote.remote_connection:POST http://127.0.0.1:65492/session {"capabilities": {"firstMatch": [{}], "alwaysMatch": {"browserName": "chrome", "platformName": "any", "goog:chromeOptions": {"extensions": [], "args": []}}}, "desiredCapabilities": {"browserName": "chrome", "version": "", "platform": "ANY", "goog:chromeOptions": {"extensions": [], "args": []}}}
DEBUG:urllib3.connectionpool:Starting new HTTP connection (1): 127.0.0.1:65492
DEBUG:urllib3.connectionpool:http://127.0.0.1:65492 "POST /session HTTP/1.1" 200 682
DEBUG:selenium.webdriver.remote.remote_connection:Finished Request
DEBUG:selenium.webdriver.remote.remote_connection:POST http://127.0.0.1:65492/session/75078230b3d125361bae245b4dffca60/window/maximize {}
DEBUG:urllib3.connectionpool:http://127.0.0.1:65492 "POST /session/75078230b3d125361bae245b4dffca60/window/maximize HTTP/1.1" 200 51
DEBUG:selenium.webdriver.remote.remote_connection:Finished Request
DEBUG:selenium.webdriver.remote.remote_connection:POST http://127.0.0.1:65492/session/75078230b3d125361bae245b4dffca60/url {"url": "https://www.cmegroup.com/trading/energy/crude-oil/light-sweet-crude_quotes_globex.html"}
DEBUG:urllib3.connectionpool:http://127.0.0.1:65492 "POST /session/75078230b3d125361bae245b4dffca60/url HTTP/1.1" 200 14
DEBUG:selenium.webdriver.remote.remote_connection:Finished Request
DEBUG:selenium.webdriver.remote.remote_connection:POST http://127.0.0.1:65492/session/75078230b3d125361bae245b4dffca60/execute/sync {"script": "return document.body.scrollHeight", "args": []}
DEBUG:urllib3.connectionpool:http://127.0.0.1:65492 "POST /session/75078230b3d125361bae245b4dffca60/execute/sync HTTP/1.1" 200 14
DEBUG:selenium.webdriver.remote.remote_connection:Finished Request
DEBUG:selenium.webdriver.remote.remote_connection:POST http://127.0.0.1:65492/session/75078230b3d125361bae245b4dffca60/execute/sync {"script": "return window.scrollY", "args": []}
DEBUG:urllib3.connectionpool:http://127.0.0.1:65492 "POST /session/75078230b3d125361bae245b4dffca60/execute/sync HTTP/1.1" 200 11
DEBUG:selenium.webdriver.remote.remote_connection:Finished Request
DEBUG:selenium.webdriver.remote.remote_connection:POST http://127.0.0.1:65492/session/75078230b3d125361bae245b4dffca60/execute/sync {"script": "window.scrollTo(0, 1051)", "args": []}
DEBUG:urllib3.connectionpool:http://127.0.0.1:65492 "POST /session/75078230b3d125361bae245b4dffca60/execute/sync HTTP/1.1" 200 14
DEBUG:selenium.webdriver.remote.remote_connection:Finished Request
DEBUG:selenium.webdriver.remote.remote_connection:GET http://127.0.0.1:65492/session/75078230b3d125361bae245b4dffca60/source {}
DEBUG:urllib3.connectionpool:http://127.0.0.1:65492 "GET /session/75078230b3d125361bae245b4dffca60/source HTTP/1.1" 200 755487
DEBUG:selenium.webdriver.remote.remote_connection:Finished Request
DEBUG:selenium.webdriver.remote.remote_connection:POST http://127.0.0.1:65492/session/75078230b3d125361bae245b4dffca60/url {"url": "https://www.cmegroup.com/trading/energy/crude-oil/brent-crude-oil.html"}
DEBUG:urllib3.connectionpool:http://127.0.0.1:65492 "POST /session/75078230b3d125361bae245b4dffca60/url HTTP/1.1" 200 14
DEBUG:selenium.webdriver.remote.remote_connection:Finished Request
DEBUG:selenium.webdriver.remote.remote_connection:POST http://127.0.0.1:65492/session/75078230b3d125361bae245b4dffca60/execute/sync {"script": "return document.body.scrollHeight", "args": []}
DEBUG:urllib3.connectionpool:http://127.0.0.1:65492 "POST /session/75078230b3d125361bae245b4dffca60/execute/sync HTTP/1.1" 200 14
DEBUG:selenium.webdriver.remote.remote_connection:Finished Request
DEBUG:selenium.webdriver.remote.remote_connection:POST http://127.0.0.1:65492/session/75078230b3d125361bae245b4dffca60/execute/sync {"script": "return window.scrollY", "args": []}
DEBUG:urllib3.connectionpool:http://127.0.0.1:65492 "POST /session/75078230b3d125361bae245b4dffca60/execute/sync HTTP/1.1" 200 11
DEBUG:selenium.webdriver.remote.remote_connection:Finished Request
DEBUG:selenium.webdriver.remote.remote_connection:POST http://127.0.0.1:65492/session/75078230b3d125361bae245b4dffca60/execute/sync {"script": "window.scrollTo(0, 913)", "args": []}
DEBUG:urllib3.connectionpool:http://127.0.0.1:65492 "POST /session/75078230b3d125361bae245b4dffca60/execute/sync HTTP/1.1" 200 14
DEBUG:selenium.webdriver.remote.remote_connection:Finished Request
DEBUG:selenium.webdriver.remote.remote_connection:POST http://127.0.0.1:65492/session/75078230b3d125361bae245b4dffca60/execute/sync {"script": "return window.scrollY", "args": []}
DEBUG:urllib3.connectionpool:http://127.0.0.1:65492 "POST /session/75078230b3d125361bae245b4dffca60/execute/sync HTTP/1.1" 200 13
DEBUG:selenium.webdriver.remote.remote_connection:Finished Request
DEBUG:selenium.webdriver.remote.remote_connection:POST http://127.0.0.1:65492/session/75078230b3d125361bae245b4dffca60/execute/sync {"script": "window.scrollTo(913, 1698)", "args": []}
DEBUG:urllib3.connectionpool:http://127.0.0.1:65492 "POST /session/75078230b3d125361bae245b4dffca60/execute/sync HTTP/1.1" 200 14
DEBUG:selenium.webdriver.remote.remote_connection:Finished Request
DEBUG:selenium.webdriver.remote.remote_connection:POST http://127.0.0.1:65492/session/75078230b3d125361bae245b4dffca60/execute/sync {"script": "return window.scrollY", "args": []}
DEBUG:urllib3.connectionpool:http://127.0.0.1:65492 "POST /session/75078230b3d125361bae245b4dffca60/execute/sync HTTP/1.1" 200 14
DEBUG:selenium.webdriver.remote.remote_connection:Finished Request
DEBUG:selenium.webdriver.remote.remote_connection:POST http://127.0.0.1:65492/session/75078230b3d125361bae245b4dffca60/execute/sync {"script": "window.scrollTo(1698, 2243)", "args": []}
DEBUG:urllib3.connectionpool:http://127.0.0.1:65492 "POST /session/75078230b3d125361bae245b4dffca60/execute/sync HTTP/1.1" 200 14
DEBUG:selenium.webdriver.remote.remote_connection:Finished Request
DEBUG:selenium.webdriver.remote.remote_connection:POST http://127.0.0.1:65492/session/75078230b3d125361bae245b4dffca60/execute/sync {"script": "return window.scrollY", "args": []}
DEBUG:urllib3.connectionpool:http://127.0.0.1:65492 "POST /session/75078230b3d125361bae245b4dffca60/execute/sync HTTP/1.1" 200 14
DEBUG:selenium.webdriver.remote.remote_connection:Finished Request
DEBUG:selenium.webdriver.remote.remote_connection:POST http://127.0.0.1:65492/session/75078230b3d125361bae245b4dffca60/execute/sync {"script": "window.scrollTo(2243, 1267)", "args": []}
DEBUG:urllib3.connectionpool:http://127.0.0.1:65492 "POST /session/75078230b3d125361bae245b4dffca60/execute/sync HTTP/1.1" 200 14
DEBUG:selenium.webdriver.remote.remote_connection:Finished Request
DEBUG:selenium.webdriver.remote.remote_connection:POST http://127.0.0.1:65492/session/75078230b3d125361bae245b4dffca60/execute/sync {"script": "return window.scrollY", "args": []}
DEBUG:urllib3.connectionpool:http://127.0.0.1:65492 "POST /session/75078230b3d125361bae245b4dffca60/execute/sync HTTP/1.1" 200 14
DEBUG:selenium.webdriver.remote.remote_connection:Finished Request
DEBUG:selenium.webdriver.remote.remote_connection:POST http://127.0.0.1:65492/session/75078230b3d125361bae245b4dffca60/execute/sync {"script": "window.scrollTo(1267, 386)", "args": []}
DEBUG:urllib3.connectionpool:http://127.0.0.1:65492 "POST /session/75078230b3d125361bae245b4dffca60/execute/sync HTTP/1.1" 200 14
DEBUG:selenium.webdriver.remote.remote_connection:Finished Request
DEBUG:selenium.webdriver.remote.remote_connection:GET http://127.0.0.1:65492/session/75078230b3d125361bae245b4dffca60/source {}
DEBUG:urllib3.connectionpool:http://127.0.0.1:65492 "GET /session/75078230b3d125361bae245b4dffca60/source HTTP/1.1" 200 649369
DEBUG:selenium.webdriver.remote.remote_connection:Finished Request
DEBUG:selenium.webdriver.remote.remote_connection:POST http://127.0.0.1:65492/session/75078230b3d125361bae245b4dffca60/url {"url": "https://www.cmegroup.com/trading/energy/refined-products/rbob-gasoline.html"}
DEBUG:urllib3.connectionpool:http://127.0.0.1:65492 "POST /session/75078230b3d125361bae245b4dffca60/url HTTP/1.1" 200 14
DEBUG:selenium.webdriver.remote.remote_connection:Finished Request
DEBUG:selenium.webdriver.remote.remote_connection:POST http://127.0.0.1:65492/session/75078230b3d125361bae245b4dffca60/execute/sync {"script": "return document.body.scrollHeight", "args": []}
DEBUG:urllib3.connectionpool:http://127.0.0.1:65492 "POST /session/75078230b3d125361bae245b4dffca60/execute/sync HTTP/1.1" 200 14
DEBUG:selenium.webdriver.remote.remote_connection:Finished Request
DEBUG:selenium.webdriver.remote.remote_connection:POST http://127.0.0.1:65492/session/75078230b3d125361bae245b4dffca60/execute/sync {"script": "return window.scrollY", "args": []}
DEBUG:urllib3.connectionpool:http://127.0.0.1:65492 "POST /session/75078230b3d125361bae245b4dffca60/execute/sync HTTP/1.1" 200 11
DEBUG:selenium.webdriver.remote.remote_connection:Finished Request
DEBUG:selenium.webdriver.remote.remote_connection:POST http://127.0.0.1:65492/session/75078230b3d125361bae245b4dffca60/execute/sync {"script": "window.scrollTo(0, 868)", "args": []}
DEBUG:urllib3.connectionpool:http://127.0.0.1:65492 "POST /session/75078230b3d125361bae245b4dffca60/execute/sync HTTP/1.1" 200 14
DEBUG:selenium.webdriver.remote.remote_connection:Finished Request
DEBUG:selenium.webdriver.remote.remote_connection:POST http://127.0.0.1:65492/session/75078230b3d125361bae245b4dffca60/execute/sync {"script": "return window.scrollY", "args": []}
DEBUG:urllib3.connectionpool:http://127.0.0.1:65492 "POST /session/75078230b3d125361bae245b4dffca60/execute/sync HTTP/1.1" 200 13
DEBUG:selenium.webdriver.remote.remote_connection:Finished Request
DEBUG:selenium.webdriver.remote.remote_connection:POST http://127.0.0.1:65492/session/75078230b3d125361bae245b4dffca60/execute/sync {"script": "window.scrollTo(868, 299)", "args": []}
DEBUG:urllib3.connectionpool:http://127.0.0.1:65492 "POST /session/75078230b3d125361bae245b4dffca60/execute/sync HTTP/1.1" 200 14
DEBUG:selenium.webdriver.remote.remote_connection:Finished Request
DEBUG:selenium.webdriver.remote.remote_connection:POST http://127.0.0.1:65492/session/75078230b3d125361bae245b4dffca60/execute/sync {"script": "return window.scrollY", "args": []}
DEBUG:urllib3.connectionpool:http://127.0.0.1:65492 "POST /session/75078230b3d125361bae245b4dffca60/execute/sync HTTP/1.1" 200 13
DEBUG:selenium.webdriver.remote.remote_connection:Finished Request
DEBUG:selenium.webdriver.remote.remote_connection:POST http://127.0.0.1:65492/session/75078230b3d125361bae245b4dffca60/execute/sync {"script": "window.scrollTo(299, 841)", "args": []}
DEBUG:urllib3.connectionpool:http://127.0.0.1:65492 "POST /session/75078230b3d125361bae245b4dffca60/execute/sync HTTP/1.1" 200 14
DEBUG:selenium.webdriver.remote.remote_connection:Finished Request
DEBUG:selenium.webdriver.remote.remote_connection:POST http://127.0.0.1:65492/session/75078230b3d125361bae245b4dffca60/execute/sync {"script": "return window.scrollY", "args": []}
DEBUG:urllib3.connectionpool:http://127.0.0.1:65492 "POST /session/75078230b3d125361bae245b4dffca60/execute/sync HTTP/1.1" 200 13
DEBUG:selenium.webdriver.remote.remote_connection:Finished Request
DEBUG:selenium.webdriver.remote.remote_connection:POST http://127.0.0.1:65492/session/75078230b3d125361bae245b4dffca60/execute/sync {"script": "window.scrollTo(841, 161)", "args": []}
DEBUG:urllib3.connectionpool:http://127.0.0.1:65492 "POST /session/75078230b3d125361bae245b4dffca60/execute/sync HTTP/1.1" 200 14
DEBUG:selenium.webdriver.remote.remote_connection:Finished Request
DEBUG:selenium.webdriver.remote.remote_connection:GET http://127.0.0.1:65492/session/75078230b3d125361bae245b4dffca60/source {}
DEBUG:urllib3.connectionpool:http://127.0.0.1:65492 "GET /session/75078230b3d125361bae245b4dffca60/source HTTP/1.1" 200 553556
DEBUG:selenium.webdriver.remote.remote_connection:Finished Request
DEBUG:selenium.webdriver.remote.remote_connection:POST http://127.0.0.1:65492/session/75078230b3d125361bae245b4dffca60/url {"url": "https://www.cmegroup.com/trading/energy/refined-products/gulf-coast-ultra-low-sulfur-diesel-usld-platts-calendar-swap.html"}
DEBUG:urllib3.connectionpool:http://127.0.0.1:65492 "POST /session/75078230b3d125361bae245b4dffca60/url HTTP/1.1" 200 14
DEBUG:selenium.webdriver.remote.remote_connection:Finished Request
DEBUG:selenium.webdriver.remote.remote_connection:POST http://127.0.0.1:65492/session/75078230b3d125361bae245b4dffca60/execute/sync {"script": "return document.body.scrollHeight", "args": []}
DEBUG:urllib3.connectionpool:http://127.0.0.1:65492 "POST /session/75078230b3d125361bae245b4dffca60/execute/sync HTTP/1.1" 200 14
DEBUG:selenium.webdriver.remote.remote_connection:Finished Request
DEBUG:selenium.webdriver.remote.remote_connection:POST http://127.0.0.1:65492/session/75078230b3d125361bae245b4dffca60/execute/sync {"script": "return window.scrollY", "args": []}
DEBUG:urllib3.connectionpool:http://127.0.0.1:65492 "POST /session/75078230b3d125361bae245b4dffca60/execute/sync HTTP/1.1" 200 11
DEBUG:selenium.webdriver.remote.remote_connection:Finished Request
DEBUG:selenium.webdriver.remote.remote_connection:POST http://127.0.0.1:65492/session/75078230b3d125361bae245b4dffca60/execute/sync {"script": "window.scrollTo(0, 1014)", "args": []}
DEBUG:urllib3.connectionpool:http://127.0.0.1:65492 "POST /session/75078230b3d125361bae245b4dffca60/execute/sync HTTP/1.1" 200 14
DEBUG:selenium.webdriver.remote.remote_connection:Finished Request
DEBUG:selenium.webdriver.remote.remote_connection:POST http://127.0.0.1:65492/session/75078230b3d125361bae245b4dffca60/execute/sync {"script": "return window.scrollY", "args": []}
DEBUG:urllib3.connectionpool:http://127.0.0.1:65492 "POST /session/75078230b3d125361bae245b4dffca60/execute/sync HTTP/1.1" 200 14
DEBUG:selenium.webdriver.remote.remote_connection:Finished Request
DEBUG:selenium.webdriver.remote.remote_connection:POST http://127.0.0.1:65492/session/75078230b3d125361bae245b4dffca60/execute/sync {"script": "window.scrollTo(1014, 97)", "args": []}
DEBUG:urllib3.connectionpool:http://127.0.0.1:65492 "POST /session/75078230b3d125361bae245b4dffca60/execute/sync HTTP/1.1" 200 14
DEBUG:selenium.webdriver.remote.remote_connection:Finished Request
DEBUG:selenium.webdriver.remote.remote_connection:POST http://127.0.0.1:65492/session/75078230b3d125361bae245b4dffca60/execute/sync {"script": "return window.scrollY", "args": []}
DEBUG:urllib3.connectionpool:http://127.0.0.1:65492 "POST /session/75078230b3d125361bae245b4dffca60/execute/sync HTTP/1.1" 200 12
DEBUG:selenium.webdriver.remote.remote_connection:Finished Request
DEBUG:selenium.webdriver.remote.remote_connection:POST http://127.0.0.1:65492/session/75078230b3d125361bae245b4dffca60/execute/sync {"script": "window.scrollTo(97, 836)", "args": []}
DEBUG:urllib3.connectionpool:http://127.0.0.1:65492 "POST /session/75078230b3d125361bae245b4dffca60/execute/sync HTTP/1.1" 200 14
DEBUG:selenium.webdriver.remote.remote_connection:Finished Request
DEBUG:selenium.webdriver.remote.remote_connection:POST http://127.0.0.1:65492/session/75078230b3d125361bae245b4dffca60/execute/sync {"script": "return window.scrollY", "args": []}
DEBUG:urllib3.connectionpool:http://127.0.0.1:65492 "POST /session/75078230b3d125361bae245b4dffca60/execute/sync HTTP/1.1" 200 13
DEBUG:selenium.webdriver.remote.remote_connection:Finished Request
DEBUG:selenium.webdriver.remote.remote_connection:POST http://127.0.0.1:65492/session/75078230b3d125361bae245b4dffca60/execute/sync {"script": "window.scrollTo(836, 1706)", "args": []}
DEBUG:urllib3.connectionpool:http://127.0.0.1:65492 "POST /session/75078230b3d125361bae245b4dffca60/execute/sync HTTP/1.1" 200 14
DEBUG:selenium.webdriver.remote.remote_connection:Finished Request
DEBUG:selenium.webdriver.remote.remote_connection:GET http://127.0.0.1:65492/session/75078230b3d125361bae245b4dffca60/source {}
DEBUG:urllib3.connectionpool:http://127.0.0.1:65492 "GET /session/75078230b3d125361bae245b4dffca60/source HTTP/1.1" 200 563328
DEBUG:selenium.webdriver.remote.remote_connection:Finished Request
DEBUG:selenium.webdriver.remote.remote_connection:POST http://127.0.0.1:65492/session/75078230b3d125361bae245b4dffca60/url {"url": "https://www.cmegroup.com/trading/energy/refined-products/heating-oil.html"}
DEBUG:urllib3.connectionpool:http://127.0.0.1:65492 "POST /session/75078230b3d125361bae245b4dffca60/url HTTP/1.1" 200 14
DEBUG:selenium.webdriver.remote.remote_connection:Finished Request
DEBUG:selenium.webdriver.remote.remote_connection:POST http://127.0.0.1:65492/session/75078230b3d125361bae245b4dffca60/execute/sync {"script": "return document.body.scrollHeight", "args": []}
DEBUG:urllib3.connectionpool:http://127.0.0.1:65492 "POST /session/75078230b3d125361bae245b4dffca60/execute/sync HTTP/1.1" 200 14
DEBUG:selenium.webdriver.remote.remote_connection:Finished Request
DEBUG:selenium.webdriver.remote.remote_connection:POST http://127.0.0.1:65492/session/75078230b3d125361bae245b4dffca60/execute/sync {"script": "return window.scrollY", "args": []}
DEBUG:urllib3.connectionpool:http://127.0.0.1:65492 "POST /session/75078230b3d125361bae245b4dffca60/execute/sync HTTP/1.1" 200 11
DEBUG:selenium.webdriver.remote.remote_connection:Finished Request
DEBUG:selenium.webdriver.remote.remote_connection:POST http://127.0.0.1:65492/session/75078230b3d125361bae245b4dffca60/execute/sync {"script": "window.scrollTo(0, 955)", "args": []}
DEBUG:urllib3.connectionpool:http://127.0.0.1:65492 "POST /session/75078230b3d125361bae245b4dffca60/execute/sync HTTP/1.1" 200 14
DEBUG:selenium.webdriver.remote.remote_connection:Finished Request
DEBUG:selenium.webdriver.remote.remote_connection:POST http://127.0.0.1:65492/session/75078230b3d125361bae245b4dffca60/execute/sync {"script": "return window.scrollY", "args": []}
DEBUG:urllib3.connectionpool:http://127.0.0.1:65492 "POST /session/75078230b3d125361bae245b4dffca60/execute/sync HTTP/1.1" 200 13
DEBUG:selenium.webdriver.remote.remote_connection:Finished Request
DEBUG:selenium.webdriver.remote.remote_connection:POST http://127.0.0.1:65492/session/75078230b3d125361bae245b4dffca60/execute/sync {"script": "window.scrollTo(955, 335)", "args": []}
DEBUG:urllib3.connectionpool:http://127.0.0.1:65492 "POST /session/75078230b3d125361bae245b4dffca60/execute/sync HTTP/1.1" 200 14
DEBUG:selenium.webdriver.remote.remote_connection:Finished Request
DEBUG:selenium.webdriver.remote.remote_connection:POST http://127.0.0.1:65492/session/75078230b3d125361bae245b4dffca60/execute/sync {"script": "return window.scrollY", "args": []}
DEBUG:urllib3.connectionpool:http://127.0.0.1:65492 "POST /session/75078230b3d125361bae245b4dffca60/execute/sync HTTP/1.1" 200 13
DEBUG:selenium.webdriver.remote.remote_connection:Finished Request
DEBUG:selenium.webdriver.remote.remote_connection:POST http://127.0.0.1:65492/session/75078230b3d125361bae245b4dffca60/execute/sync {"script": "window.scrollTo(335, 1368)", "args": []}
DEBUG:urllib3.connectionpool:http://127.0.0.1:65492 "POST /session/75078230b3d125361bae245b4dffca60/execute/sync HTTP/1.1" 200 14
DEBUG:selenium.webdriver.remote.remote_connection:Finished Request
DEBUG:selenium.webdriver.remote.remote_connection:GET http://127.0.0.1:65492/session/75078230b3d125361bae245b4dffca60/source {}
DEBUG:urllib3.connectionpool:http://127.0.0.1:65492 "GET /session/75078230b3d125361bae245b4dffca60/source HTTP/1.1" 200 553541
DEBUG:selenium.webdriver.remote.remote_connection:Finished Request
DEBUG:selenium.webdriver.remote.remote_connection:POST http://127.0.0.1:65492/session/75078230b3d125361bae245b4dffca60/url {"url": "https://www.cmegroup.com/trading/energy/refined-products/gulf-coast-no-6-fuel-oil-30pct-sulfur-platts-swap.html"}
DEBUG:urllib3.connectionpool:http://127.0.0.1:65492 "POST /session/75078230b3d125361bae245b4dffca60/url HTTP/1.1" 200 14
DEBUG:selenium.webdriver.remote.remote_connection:Finished Request
DEBUG:selenium.webdriver.remote.remote_connection:POST http://127.0.0.1:65492/session/75078230b3d125361bae245b4dffca60/execute/sync {"script": "return document.body.scrollHeight", "args": []}
DEBUG:urllib3.connectionpool:http://127.0.0.1:65492 "POST /session/75078230b3d125361bae245b4dffca60/execute/sync HTTP/1.1" 200 14
DEBUG:selenium.webdriver.remote.remote_connection:Finished Request
DEBUG:selenium.webdriver.remote.remote_connection:POST http://127.0.0.1:65492/session/75078230b3d125361bae245b4dffca60/execute/sync {"script": "return window.scrollY", "args": []}
DEBUG:urllib3.connectionpool:http://127.0.0.1:65492 "POST /session/75078230b3d125361bae245b4dffca60/execute/sync HTTP/1.1" 200 11
DEBUG:selenium.webdriver.remote.remote_connection:Finished Request
DEBUG:selenium.webdriver.remote.remote_connection:POST http://127.0.0.1:65492/session/75078230b3d125361bae245b4dffca60/execute/sync {"script": "window.scrollTo(0, 759)", "args": []}
DEBUG:urllib3.connectionpool:http://127.0.0.1:65492 "POST /session/75078230b3d125361bae245b4dffca60/execute/sync HTTP/1.1" 200 14
DEBUG:selenium.webdriver.remote.remote_connection:Finished Request
DEBUG:selenium.webdriver.remote.remote_connection:POST http://127.0.0.1:65492/session/75078230b3d125361bae245b4dffca60/execute/sync {"script": "return window.scrollY", "args": []}
DEBUG:urllib3.connectionpool:http://127.0.0.1:65492 "POST /session/75078230b3d125361bae245b4dffca60/execute/sync HTTP/1.1" 200 13
DEBUG:selenium.webdriver.remote.remote_connection:Finished Request
DEBUG:selenium.webdriver.remote.remote_connection:POST http://127.0.0.1:65492/session/75078230b3d125361bae245b4dffca60/execute/sync {"script": "window.scrollTo(759, 1597)", "args": []}
DEBUG:urllib3.connectionpool:http://127.0.0.1:65492 "POST /session/75078230b3d125361bae245b4dffca60/execute/sync HTTP/1.1" 200 14
DEBUG:selenium.webdriver.remote.remote_connection:Finished Request
DEBUG:selenium.webdriver.remote.remote_connection:POST http://127.0.0.1:65492/session/75078230b3d125361bae245b4dffca60/execute/sync {"script": "return window.scrollY", "args": []}
DEBUG:urllib3.connectionpool:http://127.0.0.1:65492 "POST /session/75078230b3d125361bae245b4dffca60/execute/sync HTTP/1.1" 200 14
DEBUG:selenium.webdriver.remote.remote_connection:Finished Request
DEBUG:selenium.webdriver.remote.remote_connection:POST http://127.0.0.1:65492/session/75078230b3d125361bae245b4dffca60/execute/sync {"script": "window.scrollTo(1597, 734)", "args": []}
DEBUG:urllib3.connectionpool:http://127.0.0.1:65492 "POST /session/75078230b3d125361bae245b4dffca60/execute/sync HTTP/1.1" 200 14
DEBUG:selenium.webdriver.remote.remote_connection:Finished Request
DEBUG:selenium.webdriver.remote.remote_connection:GET http://127.0.0.1:65492/session/75078230b3d125361bae245b4dffca60/source {}
DEBUG:urllib3.connectionpool:http://127.0.0.1:65492 "GET /session/75078230b3d125361bae245b4dffca60/source HTTP/1.1" 200 577168
DEBUG:selenium.webdriver.remote.remote_connection:Finished Request
DEBUG:selenium.webdriver.remote.remote_connection:DELETE http://127.0.0.1:65492/session/75078230b3d125361bae245b4dffca60/window {}
DEBUG:urllib3.connectionpool:http://127.0.0.1:65492 "DELETE /session/75078230b3d125361bae245b4dffca60/window HTTP/1.1" 200 14
DEBUG:selenium.webdriver.remote.remote_connection:Finished Request
DEBUG:selenium.webdriver.remote.remote_connection:POST http://127.0.0.1:51629/session {"capabilities": {"firstMatch": [{}], "alwaysMatch": {"browserName": "chrome", "platformName": "any", "goog:chromeOptions": {"extensions": [], "args": []}}}, "desiredCapabilities": {"browserName": "chrome", "version": "", "platform": "ANY", "goog:chromeOptions": {"extensions": [], "args": []}}}
DEBUG:urllib3.connectionpool:Starting new HTTP connection (1): 127.0.0.1:51629
DEBUG:urllib3.connectionpool:http://127.0.0.1:51629 "POST /session HTTP/1.1" 200 683
DEBUG:selenium.webdriver.remote.remote_connection:Finished Request
DEBUG:selenium.webdriver.remote.remote_connection:POST http://127.0.0.1:51629/session/dd0b3fbb6498cfb2aa0366435d5b5ac1/window/maximize {}
DEBUG:urllib3.connectionpool:http://127.0.0.1:51629 "POST /session/dd0b3fbb6498cfb2aa0366435d5b5ac1/window/maximize HTTP/1.1" 200 51
DEBUG:selenium.webdriver.remote.remote_connection:Finished Request
DEBUG:selenium.webdriver.remote.remote_connection:POST http://127.0.0.1:51629/session/dd0b3fbb6498cfb2aa0366435d5b5ac1/url {"url": "https://www.cmegroup.com/trading/energy/crude-oil/light-sweet-crude_quotes_globex.html"}
DEBUG:urllib3.connectionpool:http://127.0.0.1:51629 "POST /session/dd0b3fbb6498cfb2aa0366435d5b5ac1/url HTTP/1.1" 200 14
DEBUG:selenium.webdriver.remote.remote_connection:Finished Request
DEBUG:selenium.webdriver.remote.remote_connection:POST http://127.0.0.1:51629/session/dd0b3fbb6498cfb2aa0366435d5b5ac1/execute/sync {"script": "return document.body.scrollHeight", "args": []}
DEBUG:urllib3.connectionpool:http://127.0.0.1:51629 "POST /session/dd0b3fbb6498cfb2aa0366435d5b5ac1/execute/sync HTTP/1.1" 200 14
DEBUG:selenium.webdriver.remote.remote_connection:Finished Request
DEBUG:selenium.webdriver.remote.remote_connection:POST http://127.0.0.1:51629/session/dd0b3fbb6498cfb2aa0366435d5b5ac1/execute/sync {"script": "return window.scrollY", "args": []}
DEBUG:urllib3.connectionpool:http://127.0.0.1:51629 "POST /session/dd0b3fbb6498cfb2aa0366435d5b5ac1/execute/sync HTTP/1.1" 200 11
DEBUG:selenium.webdriver.remote.remote_connection:Finished Request
DEBUG:selenium.webdriver.remote.remote_connection:POST http://127.0.0.1:51629/session/dd0b3fbb6498cfb2aa0366435d5b5ac1/execute/sync {"script": "window.scrollTo(0, 721)", "args": []}
DEBUG:urllib3.connectionpool:http://127.0.0.1:51629 "POST /session/dd0b3fbb6498cfb2aa0366435d5b5ac1/execute/sync HTTP/1.1" 200 14
DEBUG:selenium.webdriver.remote.remote_connection:Finished Request
DEBUG:selenium.webdriver.remote.remote_connection:POST http://127.0.0.1:51629/session/dd0b3fbb6498cfb2aa0366435d5b5ac1/execute/sync {"script": "return window.scrollY", "args": []}
DEBUG:urllib3.connectionpool:http://127.0.0.1:51629 "POST /session/dd0b3fbb6498cfb2aa0366435d5b5ac1/execute/sync HTTP/1.1" 200 13
DEBUG:selenium.webdriver.remote.remote_connection:Finished Request
DEBUG:selenium.webdriver.remote.remote_connection:POST http://127.0.0.1:51629/session/dd0b3fbb6498cfb2aa0366435d5b5ac1/execute/sync {"script": "window.scrollTo(721, 1533)", "args": []}
DEBUG:urllib3.connectionpool:http://127.0.0.1:51629 "POST /session/dd0b3fbb6498cfb2aa0366435d5b5ac1/execute/sync HTTP/1.1" 200 14
DEBUG:selenium.webdriver.remote.remote_connection:Finished Request
DEBUG:selenium.webdriver.remote.remote_connection:POST http://127.0.0.1:51629/session/dd0b3fbb6498cfb2aa0366435d5b5ac1/execute/sync {"script": "return window.scrollY", "args": []}
DEBUG:urllib3.connectionpool:http://127.0.0.1:51629 "POST /session/dd0b3fbb6498cfb2aa0366435d5b5ac1/execute/sync HTTP/1.1" 200 14
DEBUG:selenium.webdriver.remote.remote_connection:Finished Request
DEBUG:selenium.webdriver.remote.remote_connection:POST http://127.0.0.1:51629/session/dd0b3fbb6498cfb2aa0366435d5b5ac1/execute/sync {"script": "window.scrollTo(1533, 769)", "args": []}
DEBUG:urllib3.connectionpool:http://127.0.0.1:51629 "POST /session/dd0b3fbb6498cfb2aa0366435d5b5ac1/execute/sync HTTP/1.1" 200 14
DEBUG:selenium.webdriver.remote.remote_connection:Finished Request
DEBUG:selenium.webdriver.remote.remote_connection:POST http://127.0.0.1:51629/session/dd0b3fbb6498cfb2aa0366435d5b5ac1/execute/sync {"script": "return window.scrollY", "args": []}
DEBUG:urllib3.connectionpool:http://127.0.0.1:51629 "POST /session/dd0b3fbb6498cfb2aa0366435d5b5ac1/execute/sync HTTP/1.1" 200 13
DEBUG:selenium.webdriver.remote.remote_connection:Finished Request
DEBUG:selenium.webdriver.remote.remote_connection:POST http://127.0.0.1:51629/session/dd0b3fbb6498cfb2aa0366435d5b5ac1/execute/sync {"script": "window.scrollTo(769, 1668)", "args": []}
DEBUG:urllib3.connectionpool:http://127.0.0.1:51629 "POST /session/dd0b3fbb6498cfb2aa0366435d5b5ac1/execute/sync HTTP/1.1" 200 14
DEBUG:selenium.webdriver.remote.remote_connection:Finished Request
DEBUG:selenium.webdriver.remote.remote_connection:GET http://127.0.0.1:51629/session/dd0b3fbb6498cfb2aa0366435d5b5ac1/source {}
DEBUG:urllib3.connectionpool:http://127.0.0.1:51629 "GET /session/dd0b3fbb6498cfb2aa0366435d5b5ac1/source HTTP/1.1" 200 755475
DEBUG:selenium.webdriver.remote.remote_connection:Finished Request
DEBUG:selenium.webdriver.remote.remote_connection:POST http://127.0.0.1:51629/session/dd0b3fbb6498cfb2aa0366435d5b5ac1/url {"url": "https://www.cmegroup.com/trading/energy/refined-products/rbob-gasoline.html"}
DEBUG:urllib3.connectionpool:http://127.0.0.1:51629 "POST /session/dd0b3fbb6498cfb2aa0366435d5b5ac1/url HTTP/1.1" 200 14
DEBUG:selenium.webdriver.remote.remote_connection:Finished Request
DEBUG:selenium.webdriver.remote.remote_connection:POST http://127.0.0.1:51629/session/dd0b3fbb6498cfb2aa0366435d5b5ac1/execute/sync {"script": "return document.body.scrollHeight", "args": []}
DEBUG:urllib3.connectionpool:http://127.0.0.1:51629 "POST /session/dd0b3fbb6498cfb2aa0366435d5b5ac1/execute/sync HTTP/1.1" 200 14
DEBUG:selenium.webdriver.remote.remote_connection:Finished Request
DEBUG:selenium.webdriver.remote.remote_connection:POST http://127.0.0.1:51629/session/dd0b3fbb6498cfb2aa0366435d5b5ac1/execute/sync {"script": "return window.scrollY", "args": []}
DEBUG:urllib3.connectionpool:http://127.0.0.1:51629 "POST /session/dd0b3fbb6498cfb2aa0366435d5b5ac1/execute/sync HTTP/1.1" 200 11
DEBUG:selenium.webdriver.remote.remote_connection:Finished Request
DEBUG:selenium.webdriver.remote.remote_connection:POST http://127.0.0.1:51629/session/dd0b3fbb6498cfb2aa0366435d5b5ac1/execute/sync {"script": "window.scrollTo(0, 983)", "args": []}
DEBUG:urllib3.connectionpool:http://127.0.0.1:51629 "POST /session/dd0b3fbb6498cfb2aa0366435d5b5ac1/execute/sync HTTP/1.1" 200 14
DEBUG:selenium.webdriver.remote.remote_connection:Finished Request
DEBUG:selenium.webdriver.remote.remote_connection:POST http://127.0.0.1:51629/session/dd0b3fbb6498cfb2aa0366435d5b5ac1/execute/sync {"script": "return window.scrollY", "args": []}
DEBUG:urllib3.connectionpool:http://127.0.0.1:51629 "POST /session/dd0b3fbb6498cfb2aa0366435d5b5ac1/execute/sync HTTP/1.1" 200 13
DEBUG:selenium.webdriver.remote.remote_connection:Finished Request
DEBUG:selenium.webdriver.remote.remote_connection:POST http://127.0.0.1:51629/session/dd0b3fbb6498cfb2aa0366435d5b5ac1/execute/sync {"script": "window.scrollTo(983, 247)", "args": []}
DEBUG:urllib3.connectionpool:http://127.0.0.1:51629 "POST /session/dd0b3fbb6498cfb2aa0366435d5b5ac1/execute/sync HTTP/1.1" 200 14
DEBUG:selenium.webdriver.remote.remote_connection:Finished Request
DEBUG:selenium.webdriver.remote.remote_connection:POST http://127.0.0.1:51629/session/dd0b3fbb6498cfb2aa0366435d5b5ac1/execute/sync {"script": "return window.scrollY", "args": []}
DEBUG:urllib3.connectionpool:http://127.0.0.1:51629 "POST /session/dd0b3fbb6498cfb2aa0366435d5b5ac1/execute/sync HTTP/1.1" 200 13
DEBUG:selenium.webdriver.remote.remote_connection:Finished Request
DEBUG:selenium.webdriver.remote.remote_connection:POST http://127.0.0.1:51629/session/dd0b3fbb6498cfb2aa0366435d5b5ac1/execute/sync {"script": "window.scrollTo(247, 1096)", "args": []}
DEBUG:urllib3.connectionpool:http://127.0.0.1:51629 "POST /session/dd0b3fbb6498cfb2aa0366435d5b5ac1/execute/sync HTTP/1.1" 200 14
DEBUG:selenium.webdriver.remote.remote_connection:Finished Request
DEBUG:selenium.webdriver.remote.remote_connection:POST http://127.0.0.1:51629/session/dd0b3fbb6498cfb2aa0366435d5b5ac1/execute/sync {"script": "return window.scrollY", "args": []}
DEBUG:urllib3.connectionpool:http://127.0.0.1:51629 "POST /session/dd0b3fbb6498cfb2aa0366435d5b5ac1/execute/sync HTTP/1.1" 200 14
DEBUG:selenium.webdriver.remote.remote_connection:Finished Request
DEBUG:selenium.webdriver.remote.remote_connection:POST http://127.0.0.1:51629/session/dd0b3fbb6498cfb2aa0366435d5b5ac1/execute/sync {"script": "window.scrollTo(1096, 214)", "args": []}
DEBUG:urllib3.connectionpool:http://127.0.0.1:51629 "POST /session/dd0b3fbb6498cfb2aa0366435d5b5ac1/execute/sync HTTP/1.1" 200 14
DEBUG:selenium.webdriver.remote.remote_connection:Finished Request
DEBUG:selenium.webdriver.remote.remote_connection:GET http://127.0.0.1:51629/session/dd0b3fbb6498cfb2aa0366435d5b5ac1/source {}
DEBUG:urllib3.connectionpool:http://127.0.0.1:51629 "GET /session/dd0b3fbb6498cfb2aa0366435d5b5ac1/source HTTP/1.1" 200 553659
DEBUG:selenium.webdriver.remote.remote_connection:Finished Request
DEBUG:selenium.webdriver.remote.remote_connection:POST http://127.0.0.1:51629/session/dd0b3fbb6498cfb2aa0366435d5b5ac1/url {"url": "https://www.cmegroup.com/trading/energy/crude-oil/brent-crude-oil.html"}
DEBUG:urllib3.connectionpool:http://127.0.0.1:51629 "POST /session/dd0b3fbb6498cfb2aa0366435d5b5ac1/url HTTP/1.1" 200 14
DEBUG:selenium.webdriver.remote.remote_connection:Finished Request
DEBUG:selenium.webdriver.remote.remote_connection:POST http://127.0.0.1:51629/session/dd0b3fbb6498cfb2aa0366435d5b5ac1/execute/sync {"script": "return document.body.scrollHeight", "args": []}
DEBUG:urllib3.connectionpool:http://127.0.0.1:51629 "POST /session/dd0b3fbb6498cfb2aa0366435d5b5ac1/execute/sync HTTP/1.1" 200 14
DEBUG:selenium.webdriver.remote.remote_connection:Finished Request
DEBUG:selenium.webdriver.remote.remote_connection:POST http://127.0.0.1:51629/session/dd0b3fbb6498cfb2aa0366435d5b5ac1/execute/sync {"script": "return window.scrollY", "args": []}
DEBUG:urllib3.connectionpool:http://127.0.0.1:51629 "POST /session/dd0b3fbb6498cfb2aa0366435d5b5ac1/execute/sync HTTP/1.1" 200 11
DEBUG:selenium.webdriver.remote.remote_connection:Finished Request
DEBUG:selenium.webdriver.remote.remote_connection:POST http://127.0.0.1:51629/session/dd0b3fbb6498cfb2aa0366435d5b5ac1/execute/sync {"script": "window.scrollTo(0, 702)", "args": []}
DEBUG:urllib3.connectionpool:http://127.0.0.1:51629 "POST /session/dd0b3fbb6498cfb2aa0366435d5b5ac1/execute/sync HTTP/1.1" 200 14
DEBUG:selenium.webdriver.remote.remote_connection:Finished Request
DEBUG:selenium.webdriver.remote.remote_connection:POST http://127.0.0.1:51629/session/dd0b3fbb6498cfb2aa0366435d5b5ac1/execute/sync {"script": "return window.scrollY", "args": []}
DEBUG:urllib3.connectionpool:http://127.0.0.1:51629 "POST /session/dd0b3fbb6498cfb2aa0366435d5b5ac1/execute/sync HTTP/1.1" 200 13
DEBUG:selenium.webdriver.remote.remote_connection:Finished Request
DEBUG:selenium.webdriver.remote.remote_connection:POST http://127.0.0.1:51629/session/dd0b3fbb6498cfb2aa0366435d5b5ac1/execute/sync {"script": "window.scrollTo(702, 29)", "args": []}
DEBUG:urllib3.connectionpool:http://127.0.0.1:51629 "POST /session/dd0b3fbb6498cfb2aa0366435d5b5ac1/execute/sync HTTP/1.1" 200 14
DEBUG:selenium.webdriver.remote.remote_connection:Finished Request
DEBUG:selenium.webdriver.remote.remote_connection:POST http://127.0.0.1:51629/session/dd0b3fbb6498cfb2aa0366435d5b5ac1/execute/sync {"script": "return window.scrollY", "args": []}
DEBUG:urllib3.connectionpool:http://127.0.0.1:51629 "POST /session/dd0b3fbb6498cfb2aa0366435d5b5ac1/execute/sync HTTP/1.1" 200 12
DEBUG:selenium.webdriver.remote.remote_connection:Finished Request
DEBUG:selenium.webdriver.remote.remote_connection:POST http://127.0.0.1:51629/session/dd0b3fbb6498cfb2aa0366435d5b5ac1/execute/sync {"script": "window.scrollTo(29, 766)", "args": []}
DEBUG:urllib3.connectionpool:http://127.0.0.1:51629 "POST /session/dd0b3fbb6498cfb2aa0366435d5b5ac1/execute/sync HTTP/1.1" 200 14
DEBUG:selenium.webdriver.remote.remote_connection:Finished Request
DEBUG:selenium.webdriver.remote.remote_connection:POST http://127.0.0.1:51629/session/dd0b3fbb6498cfb2aa0366435d5b5ac1/execute/sync {"script": "return window.scrollY", "args": []}
DEBUG:urllib3.connectionpool:http://127.0.0.1:51629 "POST /session/dd0b3fbb6498cfb2aa0366435d5b5ac1/execute/sync HTTP/1.1" 200 13
DEBUG:selenium.webdriver.remote.remote_connection:Finished Request
DEBUG:selenium.webdriver.remote.remote_connection:POST http://127.0.0.1:51629/session/dd0b3fbb6498cfb2aa0366435d5b5ac1/execute/sync {"script": "window.scrollTo(766, 117)", "args": []}
DEBUG:urllib3.connectionpool:http://127.0.0.1:51629 "POST /session/dd0b3fbb6498cfb2aa0366435d5b5ac1/execute/sync HTTP/1.1" 200 14
DEBUG:selenium.webdriver.remote.remote_connection:Finished Request
DEBUG:selenium.webdriver.remote.remote_connection:GET http://127.0.0.1:51629/session/dd0b3fbb6498cfb2aa0366435d5b5ac1/source {}
DEBUG:urllib3.connectionpool:http://127.0.0.1:51629 "GET /session/dd0b3fbb6498cfb2aa0366435d5b5ac1/source HTTP/1.1" 200 649697
DEBUG:selenium.webdriver.remote.remote_connection:Finished Request
DEBUG:selenium.webdriver.remote.remote_connection:POST http://127.0.0.1:51629/session/dd0b3fbb6498cfb2aa0366435d5b5ac1/url {"url": "https://www.cmegroup.com/trading/energy/refined-products/gulf-coast-no-6-fuel-oil-30pct-sulfur-platts-swap.html"}
DEBUG:urllib3.connectionpool:http://127.0.0.1:51629 "POST /session/dd0b3fbb6498cfb2aa0366435d5b5ac1/url HTTP/1.1" 200 14
DEBUG:selenium.webdriver.remote.remote_connection:Finished Request
DEBUG:selenium.webdriver.remote.remote_connection:POST http://127.0.0.1:51629/session/dd0b3fbb6498cfb2aa0366435d5b5ac1/execute/sync {"script": "return document.body.scrollHeight", "args": []}
DEBUG:urllib3.connectionpool:http://127.0.0.1:51629 "POST /session/dd0b3fbb6498cfb2aa0366435d5b5ac1/execute/sync HTTP/1.1" 200 14
DEBUG:selenium.webdriver.remote.remote_connection:Finished Request
DEBUG:selenium.webdriver.remote.remote_connection:POST http://127.0.0.1:51629/session/dd0b3fbb6498cfb2aa0366435d5b5ac1/execute/sync {"script": "return window.scrollY", "args": []}
DEBUG:urllib3.connectionpool:http://127.0.0.1:51629 "POST /session/dd0b3fbb6498cfb2aa0366435d5b5ac1/execute/sync HTTP/1.1" 200 11
DEBUG:selenium.webdriver.remote.remote_connection:Finished Request
DEBUG:selenium.webdriver.remote.remote_connection:POST http://127.0.0.1:51629/session/dd0b3fbb6498cfb2aa0366435d5b5ac1/execute/sync {"script": "window.scrollTo(0, 896)", "args": []}
DEBUG:urllib3.connectionpool:http://127.0.0.1:51629 "POST /session/dd0b3fbb6498cfb2aa0366435d5b5ac1/execute/sync HTTP/1.1" 200 14
DEBUG:selenium.webdriver.remote.remote_connection:Finished Request
DEBUG:selenium.webdriver.remote.remote_connection:POST http://127.0.0.1:51629/session/dd0b3fbb6498cfb2aa0366435d5b5ac1/execute/sync {"script": "return window.scrollY", "args": []}
DEBUG:urllib3.connectionpool:http://127.0.0.1:51629 "POST /session/dd0b3fbb6498cfb2aa0366435d5b5ac1/execute/sync HTTP/1.1" 200 13
DEBUG:selenium.webdriver.remote.remote_connection:Finished Request
DEBUG:selenium.webdriver.remote.remote_connection:POST http://127.0.0.1:51629/session/dd0b3fbb6498cfb2aa0366435d5b5ac1/execute/sync {"script": "window.scrollTo(896, 1556)", "args": []}
DEBUG:urllib3.connectionpool:http://127.0.0.1:51629 "POST /session/dd0b3fbb6498cfb2aa0366435d5b5ac1/execute/sync HTTP/1.1" 200 14
DEBUG:selenium.webdriver.remote.remote_connection:Finished Request
DEBUG:selenium.webdriver.remote.remote_connection:POST http://127.0.0.1:51629/session/dd0b3fbb6498cfb2aa0366435d5b5ac1/execute/sync {"script": "return window.scrollY", "args": []}
DEBUG:urllib3.connectionpool:http://127.0.0.1:51629 "POST /session/dd0b3fbb6498cfb2aa0366435d5b5ac1/execute/sync HTTP/1.1" 200 14
DEBUG:selenium.webdriver.remote.remote_connection:Finished Request
DEBUG:selenium.webdriver.remote.remote_connection:POST http://127.0.0.1:51629/session/dd0b3fbb6498cfb2aa0366435d5b5ac1/execute/sync {"script": "window.scrollTo(1556, 699)", "args": []}
DEBUG:urllib3.connectionpool:http://127.0.0.1:51629 "POST /session/dd0b3fbb6498cfb2aa0366435d5b5ac1/execute/sync HTTP/1.1" 200 14
DEBUG:selenium.webdriver.remote.remote_connection:Finished Request
DEBUG:selenium.webdriver.remote.remote_connection:POST http://127.0.0.1:51629/session/dd0b3fbb6498cfb2aa0366435d5b5ac1/execute/sync {"script": "return window.scrollY", "args": []}
DEBUG:urllib3.connectionpool:http://127.0.0.1:51629 "POST /session/dd0b3fbb6498cfb2aa0366435d5b5ac1/execute/sync HTTP/1.1" 200 13
DEBUG:selenium.webdriver.remote.remote_connection:Finished Request
DEBUG:selenium.webdriver.remote.remote_connection:POST http://127.0.0.1:51629/session/dd0b3fbb6498cfb2aa0366435d5b5ac1/execute/sync {"script": "window.scrollTo(699, 107)", "args": []}
DEBUG:urllib3.connectionpool:http://127.0.0.1:51629 "POST /session/dd0b3fbb6498cfb2aa0366435d5b5ac1/execute/sync HTTP/1.1" 200 14
DEBUG:selenium.webdriver.remote.remote_connection:Finished Request
DEBUG:selenium.webdriver.remote.remote_connection:GET http://127.0.0.1:51629/session/dd0b3fbb6498cfb2aa0366435d5b5ac1/source {}
DEBUG:urllib3.connectionpool:http://127.0.0.1:51629 "GET /session/dd0b3fbb6498cfb2aa0366435d5b5ac1/source HTTP/1.1" 200 577892
DEBUG:selenium.webdriver.remote.remote_connection:Finished Request
DEBUG:selenium.webdriver.remote.remote_connection:POST http://127.0.0.1:51629/session/dd0b3fbb6498cfb2aa0366435d5b5ac1/url {"url": "https://www.cmegroup.com/trading/energy/refined-products/gulf-coast-ultra-low-sulfur-diesel-usld-platts-calendar-swap.html"}
DEBUG:urllib3.connectionpool:http://127.0.0.1:51629 "POST /session/dd0b3fbb6498cfb2aa0366435d5b5ac1/url HTTP/1.1" 200 14
DEBUG:selenium.webdriver.remote.remote_connection:Finished Request
DEBUG:selenium.webdriver.remote.remote_connection:POST http://127.0.0.1:51629/session/dd0b3fbb6498cfb2aa0366435d5b5ac1/execute/sync {"script": "return document.body.scrollHeight", "args": []}
DEBUG:urllib3.connectionpool:http://127.0.0.1:51629 "POST /session/dd0b3fbb6498cfb2aa0366435d5b5ac1/execute/sync HTTP/1.1" 200 14
DEBUG:selenium.webdriver.remote.remote_connection:Finished Request
DEBUG:selenium.webdriver.remote.remote_connection:POST http://127.0.0.1:51629/session/dd0b3fbb6498cfb2aa0366435d5b5ac1/execute/sync {"script": "return window.scrollY", "args": []}
DEBUG:urllib3.connectionpool:http://127.0.0.1:51629 "POST /session/dd0b3fbb6498cfb2aa0366435d5b5ac1/execute/sync HTTP/1.1" 200 11
DEBUG:selenium.webdriver.remote.remote_connection:Finished Request
DEBUG:selenium.webdriver.remote.remote_connection:POST http://127.0.0.1:51629/session/dd0b3fbb6498cfb2aa0366435d5b5ac1/execute/sync {"script": "window.scrollTo(0, 667)", "args": []}
DEBUG:urllib3.connectionpool:http://127.0.0.1:51629 "POST /session/dd0b3fbb6498cfb2aa0366435d5b5ac1/execute/sync HTTP/1.1" 200 14
DEBUG:selenium.webdriver.remote.remote_connection:Finished Request
DEBUG:selenium.webdriver.remote.remote_connection:POST http://127.0.0.1:51629/session/dd0b3fbb6498cfb2aa0366435d5b5ac1/execute/sync {"script": "return window.scrollY", "args": []}
DEBUG:urllib3.connectionpool:http://127.0.0.1:51629 "POST /session/dd0b3fbb6498cfb2aa0366435d5b5ac1/execute/sync HTTP/1.1" 200 13
DEBUG:selenium.webdriver.remote.remote_connection:Finished Request
DEBUG:selenium.webdriver.remote.remote_connection:POST http://127.0.0.1:51629/session/dd0b3fbb6498cfb2aa0366435d5b5ac1/execute/sync {"script": "window.scrollTo(667, 1699)", "args": []}
DEBUG:urllib3.connectionpool:http://127.0.0.1:51629 "POST /session/dd0b3fbb6498cfb2aa0366435d5b5ac1/execute/sync HTTP/1.1" 200 14
DEBUG:selenium.webdriver.remote.remote_connection:Finished Request
DEBUG:selenium.webdriver.remote.remote_connection:GET http://127.0.0.1:51629/session/dd0b3fbb6498cfb2aa0366435d5b5ac1/source {}
DEBUG:urllib3.connectionpool:http://127.0.0.1:51629 "GET /session/dd0b3fbb6498cfb2aa0366435d5b5ac1/source HTTP/1.1" 200 434588
DEBUG:selenium.webdriver.remote.remote_connection:Finished Request
DEBUG:selenium.webdriver.remote.remote_connection:POST http://127.0.0.1:51629/session/dd0b3fbb6498cfb2aa0366435d5b5ac1/url {"url": "https://www.cmegroup.com/trading/energy/refined-products/heating-oil.html"}
DEBUG:urllib3.connectionpool:http://127.0.0.1:51629 "POST /session/dd0b3fbb6498cfb2aa0366435d5b5ac1/url HTTP/1.1" 200 14
DEBUG:selenium.webdriver.remote.remote_connection:Finished Request
DEBUG:selenium.webdriver.remote.remote_connection:POST http://127.0.0.1:51629/session/dd0b3fbb6498cfb2aa0366435d5b5ac1/execute/sync {"script": "return document.body.scrollHeight", "args": []}
DEBUG:urllib3.connectionpool:http://127.0.0.1:51629 "POST /session/dd0b3fbb6498cfb2aa0366435d5b5ac1/execute/sync HTTP/1.1" 200 14
DEBUG:selenium.webdriver.remote.remote_connection:Finished Request
DEBUG:selenium.webdriver.remote.remote_connection:POST http://127.0.0.1:51629/session/dd0b3fbb6498cfb2aa0366435d5b5ac1/execute/sync {"script": "return window.scrollY", "args": []}
DEBUG:urllib3.connectionpool:http://127.0.0.1:51629 "POST /session/dd0b3fbb6498cfb2aa0366435d5b5ac1/execute/sync HTTP/1.1" 200 11
DEBUG:selenium.webdriver.remote.remote_connection:Finished Request
DEBUG:selenium.webdriver.remote.remote_connection:POST http://127.0.0.1:51629/session/dd0b3fbb6498cfb2aa0366435d5b5ac1/execute/sync {"script": "window.scrollTo(0, 550)", "args": []}
DEBUG:urllib3.connectionpool:http://127.0.0.1:51629 "POST /session/dd0b3fbb6498cfb2aa0366435d5b5ac1/execute/sync HTTP/1.1" 200 14
DEBUG:selenium.webdriver.remote.remote_connection:Finished Request
DEBUG:selenium.webdriver.remote.remote_connection:GET http://127.0.0.1:51629/session/dd0b3fbb6498cfb2aa0366435d5b5ac1/source {}
DEBUG:urllib3.connectionpool:http://127.0.0.1:51629 "GET /session/dd0b3fbb6498cfb2aa0366435d5b5ac1/source HTTP/1.1" 200 553382
DEBUG:selenium.webdriver.remote.remote_connection:Finished Request
DEBUG:selenium.webdriver.remote.remote_connection:DELETE http://127.0.0.1:51629/session/dd0b3fbb6498cfb2aa0366435d5b5ac1/window {}
DEBUG:urllib3.connectionpool:http://127.0.0.1:51629 "DELETE /session/dd0b3fbb6498cfb2aa0366435d5b5ac1/window HTTP/1.1" 200 14
DEBUG:selenium.webdriver.remote.remote_connection:Finished Request
DEBUG:selenium.webdriver.remote.remote_connection:POST http://127.0.0.1:55468/session {"capabilities": {"firstMatch": [{}], "alwaysMatch": {"browserName": "chrome", "platformName": "any", "goog:chromeOptions": {"extensions": [], "args": []}}}, "desiredCapabilities": {"browserName": "chrome", "version": "", "platform": "ANY", "goog:chromeOptions": {"extensions": [], "args": []}}}
DEBUG:urllib3.connectionpool:Starting new HTTP connection (1): 127.0.0.1:55468
DEBUG:urllib3.connectionpool:http://127.0.0.1:55468 "POST /session HTTP/1.1" 200 683
DEBUG:selenium.webdriver.remote.remote_connection:Finished Request
DEBUG:selenium.webdriver.remote.remote_connection:POST http://127.0.0.1:55468/session/f0f5bdc6677391c30398c41ca410b076/window/maximize {}
DEBUG:urllib3.connectionpool:http://127.0.0.1:55468 "POST /session/f0f5bdc6677391c30398c41ca410b076/window/maximize HTTP/1.1" 200 52
DEBUG:selenium.webdriver.remote.remote_connection:Finished Request
DEBUG:selenium.webdriver.remote.remote_connection:POST http://127.0.0.1:55468/session/f0f5bdc6677391c30398c41ca410b076/url {"url": "https://www.cmegroup.com/trading/energy/crude-oil/brent-crude-oil.html"}
DEBUG:urllib3.connectionpool:http://127.0.0.1:55468 "POST /session/f0f5bdc6677391c30398c41ca410b076/url HTTP/1.1" 200 14
DEBUG:selenium.webdriver.remote.remote_connection:Finished Request
DEBUG:selenium.webdriver.remote.remote_connection:POST http://127.0.0.1:55468/session/f0f5bdc6677391c30398c41ca410b076/execute/sync {"script": "return document.body.scrollHeight", "args": []}
DEBUG:urllib3.connectionpool:http://127.0.0.1:55468 "POST /session/f0f5bdc6677391c30398c41ca410b076/execute/sync HTTP/1.1" 200 14
DEBUG:selenium.webdriver.remote.remote_connection:Finished Request
DEBUG:selenium.webdriver.remote.remote_connection:POST http://127.0.0.1:55468/session/f0f5bdc6677391c30398c41ca410b076/execute/sync {"script": "return window.scrollY", "args": []}
DEBUG:urllib3.connectionpool:http://127.0.0.1:55468 "POST /session/f0f5bdc6677391c30398c41ca410b076/execute/sync HTTP/1.1" 200 11
DEBUG:selenium.webdriver.remote.remote_connection:Finished Request
DEBUG:selenium.webdriver.remote.remote_connection:POST http://127.0.0.1:55468/session/f0f5bdc6677391c30398c41ca410b076/execute/sync {"script": "window.scrollTo(0, 918)", "args": []}
DEBUG:urllib3.connectionpool:http://127.0.0.1:55468 "POST /session/f0f5bdc6677391c30398c41ca410b076/execute/sync HTTP/1.1" 200 14
DEBUG:selenium.webdriver.remote.remote_connection:Finished Request
DEBUG:selenium.webdriver.remote.remote_connection:POST http://127.0.0.1:55468/session/f0f5bdc6677391c30398c41ca410b076/execute/sync {"script": "return window.scrollY", "args": []}
DEBUG:urllib3.connectionpool:http://127.0.0.1:55468 "POST /session/f0f5bdc6677391c30398c41ca410b076/execute/sync HTTP/1.1" 200 13
DEBUG:selenium.webdriver.remote.remote_connection:Finished Request
DEBUG:selenium.webdriver.remote.remote_connection:POST http://127.0.0.1:55468/session/f0f5bdc6677391c30398c41ca410b076/execute/sync {"script": "window.scrollTo(918, 1520)", "args": []}
DEBUG:urllib3.connectionpool:http://127.0.0.1:55468 "POST /session/f0f5bdc6677391c30398c41ca410b076/execute/sync HTTP/1.1" 200 14
DEBUG:selenium.webdriver.remote.remote_connection:Finished Request
DEBUG:selenium.webdriver.remote.remote_connection:POST http://127.0.0.1:55468/session/f0f5bdc6677391c30398c41ca410b076/execute/sync {"script": "return window.scrollY", "args": []}
DEBUG:urllib3.connectionpool:http://127.0.0.1:55468 "POST /session/f0f5bdc6677391c30398c41ca410b076/execute/sync HTTP/1.1" 200 14
DEBUG:selenium.webdriver.remote.remote_connection:Finished Request
DEBUG:selenium.webdriver.remote.remote_connection:POST http://127.0.0.1:55468/session/f0f5bdc6677391c30398c41ca410b076/execute/sync {"script": "window.scrollTo(1520, 728)", "args": []}
DEBUG:urllib3.connectionpool:http://127.0.0.1:55468 "POST /session/f0f5bdc6677391c30398c41ca410b076/execute/sync HTTP/1.1" 200 14
DEBUG:selenium.webdriver.remote.remote_connection:Finished Request
DEBUG:selenium.webdriver.remote.remote_connection:POST http://127.0.0.1:55468/session/f0f5bdc6677391c30398c41ca410b076/execute/sync {"script": "return window.scrollY", "args": []}
DEBUG:urllib3.connectionpool:http://127.0.0.1:55468 "POST /session/f0f5bdc6677391c30398c41ca410b076/execute/sync HTTP/1.1" 200 13
DEBUG:selenium.webdriver.remote.remote_connection:Finished Request
DEBUG:selenium.webdriver.remote.remote_connection:POST http://127.0.0.1:55468/session/f0f5bdc6677391c30398c41ca410b076/execute/sync {"script": "window.scrollTo(728, 1577)", "args": []}
DEBUG:urllib3.connectionpool:http://127.0.0.1:55468 "POST /session/f0f5bdc6677391c30398c41ca410b076/execute/sync HTTP/1.1" 200 14
DEBUG:selenium.webdriver.remote.remote_connection:Finished Request
DEBUG:selenium.webdriver.remote.remote_connection:GET http://127.0.0.1:55468/session/f0f5bdc6677391c30398c41ca410b076/source {}
DEBUG:urllib3.connectionpool:http://127.0.0.1:55468 "GET /session/f0f5bdc6677391c30398c41ca410b076/source HTTP/1.1" 200 649923
DEBUG:selenium.webdriver.remote.remote_connection:Finished Request
DEBUG:selenium.webdriver.remote.remote_connection:POST http://127.0.0.1:55468/session/f0f5bdc6677391c30398c41ca410b076/url {"url": "https://www.cmegroup.com/trading/energy/refined-products/gulf-coast-ultra-low-sulfur-diesel-usld-platts-calendar-swap.html"}
DEBUG:urllib3.connectionpool:http://127.0.0.1:55468 "POST /session/f0f5bdc6677391c30398c41ca410b076/url HTTP/1.1" 200 14
DEBUG:selenium.webdriver.remote.remote_connection:Finished Request
DEBUG:selenium.webdriver.remote.remote_connection:POST http://127.0.0.1:55468/session/f0f5bdc6677391c30398c41ca410b076/execute/sync {"script": "return document.body.scrollHeight", "args": []}
DEBUG:urllib3.connectionpool:http://127.0.0.1:55468 "POST /session/f0f5bdc6677391c30398c41ca410b076/execute/sync HTTP/1.1" 200 14
DEBUG:selenium.webdriver.remote.remote_connection:Finished Request
DEBUG:selenium.webdriver.remote.remote_connection:POST http://127.0.0.1:55468/session/f0f5bdc6677391c30398c41ca410b076/execute/sync {"script": "return window.scrollY", "args": []}
DEBUG:urllib3.connectionpool:http://127.0.0.1:55468 "POST /session/f0f5bdc6677391c30398c41ca410b076/execute/sync HTTP/1.1" 200 11
DEBUG:selenium.webdriver.remote.remote_connection:Finished Request
DEBUG:selenium.webdriver.remote.remote_connection:POST http://127.0.0.1:55468/session/f0f5bdc6677391c30398c41ca410b076/execute/sync {"script": "window.scrollTo(0, 710)", "args": []}
DEBUG:urllib3.connectionpool:http://127.0.0.1:55468 "POST /session/f0f5bdc6677391c30398c41ca410b076/execute/sync HTTP/1.1" 200 14
DEBUG:selenium.webdriver.remote.remote_connection:Finished Request
DEBUG:selenium.webdriver.remote.remote_connection:POST http://127.0.0.1:55468/session/f0f5bdc6677391c30398c41ca410b076/execute/sync {"script": "return window.scrollY", "args": []}
DEBUG:urllib3.connectionpool:http://127.0.0.1:55468 "POST /session/f0f5bdc6677391c30398c41ca410b076/execute/sync HTTP/1.1" 200 13
DEBUG:selenium.webdriver.remote.remote_connection:Finished Request
DEBUG:selenium.webdriver.remote.remote_connection:POST http://127.0.0.1:55468/session/f0f5bdc6677391c30398c41ca410b076/execute/sync {"script": "window.scrollTo(710, 1655)", "args": []}
DEBUG:urllib3.connectionpool:http://127.0.0.1:55468 "POST /session/f0f5bdc6677391c30398c41ca410b076/execute/sync HTTP/1.1" 200 14
DEBUG:selenium.webdriver.remote.remote_connection:Finished Request
DEBUG:selenium.webdriver.remote.remote_connection:GET http://127.0.0.1:55468/session/f0f5bdc6677391c30398c41ca410b076/source {}
DEBUG:urllib3.connectionpool:http://127.0.0.1:55468 "GET /session/f0f5bdc6677391c30398c41ca410b076/source HTTP/1.1" 200 559195
DEBUG:selenium.webdriver.remote.remote_connection:Finished Request
DEBUG:selenium.webdriver.remote.remote_connection:POST http://127.0.0.1:55468/session/f0f5bdc6677391c30398c41ca410b076/url {"url": "https://www.cmegroup.com/trading/energy/refined-products/gulf-coast-no-6-fuel-oil-30pct-sulfur-platts-swap.html"}
DEBUG:urllib3.connectionpool:http://127.0.0.1:55468 "POST /session/f0f5bdc6677391c30398c41ca410b076/url HTTP/1.1" 200 14
DEBUG:selenium.webdriver.remote.remote_connection:Finished Request
DEBUG:selenium.webdriver.remote.remote_connection:POST http://127.0.0.1:55468/session/f0f5bdc6677391c30398c41ca410b076/execute/sync {"script": "return document.body.scrollHeight", "args": []}
DEBUG:urllib3.connectionpool:http://127.0.0.1:55468 "POST /session/f0f5bdc6677391c30398c41ca410b076/execute/sync HTTP/1.1" 200 14
DEBUG:selenium.webdriver.remote.remote_connection:Finished Request
DEBUG:selenium.webdriver.remote.remote_connection:POST http://127.0.0.1:55468/session/f0f5bdc6677391c30398c41ca410b076/execute/sync {"script": "return window.scrollY", "args": []}
DEBUG:urllib3.connectionpool:http://127.0.0.1:55468 "POST /session/f0f5bdc6677391c30398c41ca410b076/execute/sync HTTP/1.1" 200 11
DEBUG:selenium.webdriver.remote.remote_connection:Finished Request
DEBUG:selenium.webdriver.remote.remote_connection:POST http://127.0.0.1:55468/session/f0f5bdc6677391c30398c41ca410b076/execute/sync {"script": "window.scrollTo(0, 982)", "args": []}
DEBUG:urllib3.connectionpool:http://127.0.0.1:55468 "POST /session/f0f5bdc6677391c30398c41ca410b076/execute/sync HTTP/1.1" 200 14
DEBUG:selenium.webdriver.remote.remote_connection:Finished Request
DEBUG:selenium.webdriver.remote.remote_connection:POST http://127.0.0.1:55468/session/f0f5bdc6677391c30398c41ca410b076/execute/sync {"script": "return window.scrollY", "args": []}
DEBUG:urllib3.connectionpool:http://127.0.0.1:55468 "POST /session/f0f5bdc6677391c30398c41ca410b076/execute/sync HTTP/1.1" 200 13
DEBUG:selenium.webdriver.remote.remote_connection:Finished Request
DEBUG:selenium.webdriver.remote.remote_connection:POST http://127.0.0.1:55468/session/f0f5bdc6677391c30398c41ca410b076/execute/sync {"script": "window.scrollTo(982, 1862)", "args": []}
DEBUG:urllib3.connectionpool:http://127.0.0.1:55468 "POST /session/f0f5bdc6677391c30398c41ca410b076/execute/sync HTTP/1.1" 200 14
DEBUG:selenium.webdriver.remote.remote_connection:Finished Request
DEBUG:selenium.webdriver.remote.remote_connection:GET http://127.0.0.1:55468/session/f0f5bdc6677391c30398c41ca410b076/source {}
DEBUG:urllib3.connectionpool:http://127.0.0.1:55468 "GET /session/f0f5bdc6677391c30398c41ca410b076/source HTTP/1.1" 200 577911
DEBUG:selenium.webdriver.remote.remote_connection:Finished Request
DEBUG:selenium.webdriver.remote.remote_connection:POST http://127.0.0.1:55468/session/f0f5bdc6677391c30398c41ca410b076/url {"url": "https://www.cmegroup.com/trading/energy/refined-products/rbob-gasoline.html"}
DEBUG:urllib3.connectionpool:http://127.0.0.1:55468 "POST /session/f0f5bdc6677391c30398c41ca410b076/url HTTP/1.1" 200 14
DEBUG:selenium.webdriver.remote.remote_connection:Finished Request
DEBUG:selenium.webdriver.remote.remote_connection:POST http://127.0.0.1:55468/session/f0f5bdc6677391c30398c41ca410b076/execute/sync {"script": "return document.body.scrollHeight", "args": []}
DEBUG:urllib3.connectionpool:http://127.0.0.1:55468 "POST /session/f0f5bdc6677391c30398c41ca410b076/execute/sync HTTP/1.1" 200 14
DEBUG:selenium.webdriver.remote.remote_connection:Finished Request
DEBUG:selenium.webdriver.remote.remote_connection:POST http://127.0.0.1:55468/session/f0f5bdc6677391c30398c41ca410b076/execute/sync {"script": "return window.scrollY", "args": []}
DEBUG:urllib3.connectionpool:http://127.0.0.1:55468 "POST /session/f0f5bdc6677391c30398c41ca410b076/execute/sync HTTP/1.1" 200 11
DEBUG:selenium.webdriver.remote.remote_connection:Finished Request
DEBUG:selenium.webdriver.remote.remote_connection:POST http://127.0.0.1:55468/session/f0f5bdc6677391c30398c41ca410b076/execute/sync {"script": "window.scrollTo(0, 959)", "args": []}
DEBUG:urllib3.connectionpool:http://127.0.0.1:55468 "POST /session/f0f5bdc6677391c30398c41ca410b076/execute/sync HTTP/1.1" 200 14
DEBUG:selenium.webdriver.remote.remote_connection:Finished Request
DEBUG:selenium.webdriver.remote.remote_connection:POST http://127.0.0.1:55468/session/f0f5bdc6677391c30398c41ca410b076/execute/sync {"script": "return window.scrollY", "args": []}
DEBUG:urllib3.connectionpool:http://127.0.0.1:55468 "POST /session/f0f5bdc6677391c30398c41ca410b076/execute/sync HTTP/1.1" 200 13
DEBUG:selenium.webdriver.remote.remote_connection:Finished Request
DEBUG:selenium.webdriver.remote.remote_connection:POST http://127.0.0.1:55468/session/f0f5bdc6677391c30398c41ca410b076/execute/sync {"script": "window.scrollTo(959, 304)", "args": []}
DEBUG:urllib3.connectionpool:http://127.0.0.1:55468 "POST /session/f0f5bdc6677391c30398c41ca410b076/execute/sync HTTP/1.1" 200 14
DEBUG:selenium.webdriver.remote.remote_connection:Finished Request
DEBUG:selenium.webdriver.remote.remote_connection:GET http://127.0.0.1:55468/session/f0f5bdc6677391c30398c41ca410b076/source {}
DEBUG:urllib3.connectionpool:http://127.0.0.1:55468 "GET /session/f0f5bdc6677391c30398c41ca410b076/source HTTP/1.1" 200 553603
DEBUG:selenium.webdriver.remote.remote_connection:Finished Request
DEBUG:selenium.webdriver.remote.remote_connection:POST http://127.0.0.1:55468/session/f0f5bdc6677391c30398c41ca410b076/url {"url": "https://www.cmegroup.com/trading/energy/refined-products/heating-oil.html"}
DEBUG:urllib3.connectionpool:http://127.0.0.1:55468 "POST /session/f0f5bdc6677391c30398c41ca410b076/url HTTP/1.1" 200 14
DEBUG:selenium.webdriver.remote.remote_connection:Finished Request
DEBUG:selenium.webdriver.remote.remote_connection:POST http://127.0.0.1:55468/session/f0f5bdc6677391c30398c41ca410b076/execute/sync {"script": "return document.body.scrollHeight", "args": []}
DEBUG:urllib3.connectionpool:http://127.0.0.1:55468 "POST /session/f0f5bdc6677391c30398c41ca410b076/execute/sync HTTP/1.1" 200 14
DEBUG:selenium.webdriver.remote.remote_connection:Finished Request
DEBUG:selenium.webdriver.remote.remote_connection:POST http://127.0.0.1:55468/session/f0f5bdc6677391c30398c41ca410b076/execute/sync {"script": "return window.scrollY", "args": []}
DEBUG:urllib3.connectionpool:http://127.0.0.1:55468 "POST /session/f0f5bdc6677391c30398c41ca410b076/execute/sync HTTP/1.1" 200 11
DEBUG:selenium.webdriver.remote.remote_connection:Finished Request
DEBUG:selenium.webdriver.remote.remote_connection:POST http://127.0.0.1:55468/session/f0f5bdc6677391c30398c41ca410b076/execute/sync {"script": "window.scrollTo(0, 702)", "args": []}
DEBUG:urllib3.connectionpool:http://127.0.0.1:55468 "POST /session/f0f5bdc6677391c30398c41ca410b076/execute/sync HTTP/1.1" 200 14
DEBUG:selenium.webdriver.remote.remote_connection:Finished Request
DEBUG:selenium.webdriver.remote.remote_connection:POST http://127.0.0.1:55468/session/f0f5bdc6677391c30398c41ca410b076/execute/sync {"script": "return window.scrollY", "args": []}
DEBUG:urllib3.connectionpool:http://127.0.0.1:55468 "POST /session/f0f5bdc6677391c30398c41ca410b076/execute/sync HTTP/1.1" 200 13
DEBUG:selenium.webdriver.remote.remote_connection:Finished Request
DEBUG:selenium.webdriver.remote.remote_connection:POST http://127.0.0.1:55468/session/f0f5bdc6677391c30398c41ca410b076/execute/sync {"script": "window.scrollTo(702, 1580)", "args": []}
DEBUG:urllib3.connectionpool:http://127.0.0.1:55468 "POST /session/f0f5bdc6677391c30398c41ca410b076/execute/sync HTTP/1.1" 200 14
DEBUG:selenium.webdriver.remote.remote_connection:Finished Request
DEBUG:selenium.webdriver.remote.remote_connection:GET http://127.0.0.1:55468/session/f0f5bdc6677391c30398c41ca410b076/source {}
DEBUG:urllib3.connectionpool:http://127.0.0.1:55468 "GET /session/f0f5bdc6677391c30398c41ca410b076/source HTTP/1.1" 200 553663
DEBUG:selenium.webdriver.remote.remote_connection:Finished Request
DEBUG:selenium.webdriver.remote.remote_connection:POST http://127.0.0.1:55468/session/f0f5bdc6677391c30398c41ca410b076/url {"url": "https://www.cmegroup.com/trading/energy/crude-oil/light-sweet-crude_quotes_globex.html"}
DEBUG:urllib3.connectionpool:http://127.0.0.1:55468 "POST /session/f0f5bdc6677391c30398c41ca410b076/url HTTP/1.1" 200 14
DEBUG:selenium.webdriver.remote.remote_connection:Finished Request
DEBUG:selenium.webdriver.remote.remote_connection:POST http://127.0.0.1:55468/session/f0f5bdc6677391c30398c41ca410b076/execute/sync {"script": "return document.body.scrollHeight", "args": []}
DEBUG:urllib3.connectionpool:http://127.0.0.1:55468 "POST /session/f0f5bdc6677391c30398c41ca410b076/execute/sync HTTP/1.1" 200 14
DEBUG:selenium.webdriver.remote.remote_connection:Finished Request
DEBUG:selenium.webdriver.remote.remote_connection:POST http://127.0.0.1:55468/session/f0f5bdc6677391c30398c41ca410b076/execute/sync {"script": "return window.scrollY", "args": []}
DEBUG:urllib3.connectionpool:http://127.0.0.1:55468 "POST /session/f0f5bdc6677391c30398c41ca410b076/execute/sync HTTP/1.1" 200 11
DEBUG:selenium.webdriver.remote.remote_connection:Finished Request
DEBUG:selenium.webdriver.remote.remote_connection:POST http://127.0.0.1:55468/session/f0f5bdc6677391c30398c41ca410b076/execute/sync {"script": "window.scrollTo(0, 677)", "args": []}
DEBUG:urllib3.connectionpool:http://127.0.0.1:55468 "POST /session/f0f5bdc6677391c30398c41ca410b076/execute/sync HTTP/1.1" 200 14
DEBUG:selenium.webdriver.remote.remote_connection:Finished Request
DEBUG:selenium.webdriver.remote.remote_connection:GET http://127.0.0.1:55468/session/f0f5bdc6677391c30398c41ca410b076/source {}
DEBUG:urllib3.connectionpool:http://127.0.0.1:55468 "GET /session/f0f5bdc6677391c30398c41ca410b076/source HTTP/1.1" 200 755630
DEBUG:selenium.webdriver.remote.remote_connection:Finished Request
DEBUG:selenium.webdriver.remote.remote_connection:DELETE http://127.0.0.1:55468/session/f0f5bdc6677391c30398c41ca410b076/window {}
DEBUG:urllib3.connectionpool:http://127.0.0.1:55468 "DELETE /session/f0f5bdc6677391c30398c41ca410b076/window HTTP/1.1" 200 14
DEBUG:selenium.webdriver.remote.remote_connection:Finished Request
DEBUG:selenium.webdriver.remote.remote_connection:POST http://127.0.0.1:59402/session {"capabilities": {"firstMatch": [{}], "alwaysMatch": {"browserName": "chrome", "platformName": "any", "goog:chromeOptions": {"extensions": [], "args": []}}}, "desiredCapabilities": {"browserName": "chrome", "version": "", "platform": "ANY", "goog:chromeOptions": {"extensions": [], "args": []}}}
DEBUG:urllib3.connectionpool:Starting new HTTP connection (1): 127.0.0.1:59402
DEBUG:urllib3.connectionpool:http://127.0.0.1:59402 "POST /session HTTP/1.1" 500 988
DEBUG:selenium.webdriver.remote.remote_connection:Finished Request
DEBUG:selenium.webdriver.remote.remote_connection:POST http://127.0.0.1:59507/session {"capabilities": {"firstMatch": [{}], "alwaysMatch": {"browserName": "chrome", "platformName": "any", "goog:chromeOptions": {"extensions": [], "args": []}}}, "desiredCapabilities": {"browserName": "chrome", "version": "", "platform": "ANY", "goog:chromeOptions": {"extensions": [], "args": []}}}
DEBUG:urllib3.connectionpool:Starting new HTTP connection (1): 127.0.0.1:59507
DEBUG:urllib3.connectionpool:http://127.0.0.1:59507 "POST /session HTTP/1.1" 500 988
DEBUG:selenium.webdriver.remote.remote_connection:Finished Request
DEBUG:selenium.webdriver.remote.remote_connection:POST http://127.0.0.1:59699/session {"capabilities": {"firstMatch": [{}], "alwaysMatch": {"browserName": "chrome", "platformName": "any", "goog:chromeOptions": {"extensions": [], "args": []}}}, "desiredCapabilities": {"browserName": "chrome", "version": "", "platform": "ANY", "goog:chromeOptions": {"extensions": [], "args": []}}}
DEBUG:urllib3.connectionpool:Starting new HTTP connection (1): 127.0.0.1:59699
DEBUG:urllib3.connectionpool:http://127.0.0.1:59699 "POST /session HTTP/1.1" 500 988
DEBUG:selenium.webdriver.remote.remote_connection:Finished Request
DEBUG:urllib3.connectionpool:Starting new HTTP connection (1): chromedriver.storage.googleapis.com:80
DEBUG:urllib3.connectionpool:http://chromedriver.storage.googleapis.com:80 "GET /LATEST_RELEASE_83.0.4103 HTTP/1.1" 200 12
INFO:WDM:Trying to download new driver from http://chromedriver.storage.googleapis.com/83.0.4103.39/chromedriver_win32.zip
DEBUG:urllib3.connectionpool:Starting new HTTP connection (1): chromedriver.storage.googleapis.com:80
DEBUG:urllib3.connectionpool:http://chromedriver.storage.googleapis.com:80 "GET /83.0.4103.39/chromedriver_win32.zip HTTP/1.1" 200 4760819
INFO:WDM:Unpack archive C:\Users\GEM7318\.wdm\drivers\chromedriver\83.0.4103.39\win32\chromedriver.zip
DEBUG:selenium.webdriver.remote.remote_connection:POST http://127.0.0.1:59885/session {"capabilities": {"firstMatch": [{}], "alwaysMatch": {"browserName": "chrome", "platformName": "any", "goog:chromeOptions": {"extensions": [], "args": []}}}, "desiredCapabilities": {"browserName": "chrome", "version": "", "platform": "ANY", "goog:chromeOptions": {"extensions": [], "args": []}}}
DEBUG:urllib3.connectionpool:Starting new HTTP connection (1): 127.0.0.1:59885
DEBUG:urllib3.connectionpool:http://127.0.0.1:59885 "POST /session HTTP/1.1" 200 719
DEBUG:selenium.webdriver.remote.remote_connection:Finished Request
DEBUG:selenium.webdriver.remote.remote_connection:POST http://127.0.0.1:59885/session/36f36be6facfa9a0f968c261c6fbb371/window/maximize {}
DEBUG:urllib3.connectionpool:http://127.0.0.1:59885 "POST /session/36f36be6facfa9a0f968c261c6fbb371/window/maximize HTTP/1.1" 200 52
DEBUG:selenium.webdriver.remote.remote_connection:Finished Request
DEBUG:selenium.webdriver.remote.remote_connection:POST http://127.0.0.1:59885/session/36f36be6facfa9a0f968c261c6fbb371/url {"url": "https://www.cmegroup.com/trading/energy/refined-products/gulf-coast-ultra-low-sulfur-diesel-usld-platts-calendar-swap.html"}
DEBUG:urllib3.connectionpool:http://127.0.0.1:59885 "POST /session/36f36be6facfa9a0f968c261c6fbb371/url HTTP/1.1" 200 14
DEBUG:selenium.webdriver.remote.remote_connection:Finished Request
DEBUG:selenium.webdriver.remote.remote_connection:POST http://127.0.0.1:59885/session/36f36be6facfa9a0f968c261c6fbb371/execute/sync {"script": "return document.body.scrollHeight", "args": []}
DEBUG:urllib3.connectionpool:http://127.0.0.1:59885 "POST /session/36f36be6facfa9a0f968c261c6fbb371/execute/sync HTTP/1.1" 200 14
DEBUG:selenium.webdriver.remote.remote_connection:Finished Request
DEBUG:selenium.webdriver.remote.remote_connection:POST http://127.0.0.1:59885/session/36f36be6facfa9a0f968c261c6fbb371/execute/sync {"script": "return window.scrollY", "args": []}
DEBUG:urllib3.connectionpool:http://127.0.0.1:59885 "POST /session/36f36be6facfa9a0f968c261c6fbb371/execute/sync HTTP/1.1" 200 11
DEBUG:selenium.webdriver.remote.remote_connection:Finished Request
DEBUG:selenium.webdriver.remote.remote_connection:POST http://127.0.0.1:59885/session/36f36be6facfa9a0f968c261c6fbb371/execute/sync {"script": "window.scrollTo(0, 710)", "args": []}
DEBUG:urllib3.connectionpool:http://127.0.0.1:59885 "POST /session/36f36be6facfa9a0f968c261c6fbb371/execute/sync HTTP/1.1" 200 14
DEBUG:selenium.webdriver.remote.remote_connection:Finished Request
DEBUG:selenium.webdriver.remote.remote_connection:POST http://127.0.0.1:59885/session/36f36be6facfa9a0f968c261c6fbb371/execute/sync {"script": "return window.scrollY", "args": []}
DEBUG:urllib3.connectionpool:http://127.0.0.1:59885 "POST /session/36f36be6facfa9a0f968c261c6fbb371/execute/sync HTTP/1.1" 200 13
DEBUG:selenium.webdriver.remote.remote_connection:Finished Request
DEBUG:selenium.webdriver.remote.remote_connection:POST http://127.0.0.1:59885/session/36f36be6facfa9a0f968c261c6fbb371/execute/sync {"script": "window.scrollTo(710, 72)", "args": []}
DEBUG:urllib3.connectionpool:http://127.0.0.1:59885 "POST /session/36f36be6facfa9a0f968c261c6fbb371/execute/sync HTTP/1.1" 200 14
DEBUG:selenium.webdriver.remote.remote_connection:Finished Request
DEBUG:selenium.webdriver.remote.remote_connection:POST http://127.0.0.1:59885/session/36f36be6facfa9a0f968c261c6fbb371/execute/sync {"script": "return window.scrollY", "args": []}
DEBUG:urllib3.connectionpool:http://127.0.0.1:59885 "POST /session/36f36be6facfa9a0f968c261c6fbb371/execute/sync HTTP/1.1" 200 12
DEBUG:selenium.webdriver.remote.remote_connection:Finished Request
DEBUG:selenium.webdriver.remote.remote_connection:POST http://127.0.0.1:59885/session/36f36be6facfa9a0f968c261c6fbb371/execute/sync {"script": "window.scrollTo(72, 702)", "args": []}
DEBUG:urllib3.connectionpool:http://127.0.0.1:59885 "POST /session/36f36be6facfa9a0f968c261c6fbb371/execute/sync HTTP/1.1" 200 14
DEBUG:selenium.webdriver.remote.remote_connection:Finished Request
DEBUG:selenium.webdriver.remote.remote_connection:POST http://127.0.0.1:59885/session/36f36be6facfa9a0f968c261c6fbb371/execute/sync {"script": "return window.scrollY", "args": []}
DEBUG:urllib3.connectionpool:http://127.0.0.1:59885 "POST /session/36f36be6facfa9a0f968c261c6fbb371/execute/sync HTTP/1.1" 200 13
DEBUG:selenium.webdriver.remote.remote_connection:Finished Request
DEBUG:selenium.webdriver.remote.remote_connection:POST http://127.0.0.1:59885/session/36f36be6facfa9a0f968c261c6fbb371/execute/sync {"script": "window.scrollTo(702, 1719)", "args": []}
DEBUG:urllib3.connectionpool:http://127.0.0.1:59885 "POST /session/36f36be6facfa9a0f968c261c6fbb371/execute/sync HTTP/1.1" 200 14
DEBUG:selenium.webdriver.remote.remote_connection:Finished Request
DEBUG:selenium.webdriver.remote.remote_connection:GET http://127.0.0.1:59885/session/36f36be6facfa9a0f968c261c6fbb371/source {}
DEBUG:urllib3.connectionpool:http://127.0.0.1:59885 "GET /session/36f36be6facfa9a0f968c261c6fbb371/source HTTP/1.1" 200 575232
DEBUG:selenium.webdriver.remote.remote_connection:Finished Request
DEBUG:selenium.webdriver.remote.remote_connection:POST http://127.0.0.1:59885/session/36f36be6facfa9a0f968c261c6fbb371/url {"url": "https://www.cmegroup.com/trading/energy/crude-oil/brent-crude-oil.html"}
DEBUG:urllib3.connectionpool:http://127.0.0.1:59885 "POST /session/36f36be6facfa9a0f968c261c6fbb371/url HTTP/1.1" 200 14
DEBUG:selenium.webdriver.remote.remote_connection:Finished Request
DEBUG:selenium.webdriver.remote.remote_connection:POST http://127.0.0.1:59885/session/36f36be6facfa9a0f968c261c6fbb371/execute/sync {"script": "return document.body.scrollHeight", "args": []}
DEBUG:urllib3.connectionpool:http://127.0.0.1:59885 "POST /session/36f36be6facfa9a0f968c261c6fbb371/execute/sync HTTP/1.1" 200 14
DEBUG:selenium.webdriver.remote.remote_connection:Finished Request
DEBUG:selenium.webdriver.remote.remote_connection:POST http://127.0.0.1:59885/session/36f36be6facfa9a0f968c261c6fbb371/execute/sync {"script": "return window.scrollY", "args": []}
DEBUG:urllib3.connectionpool:http://127.0.0.1:59885 "POST /session/36f36be6facfa9a0f968c261c6fbb371/execute/sync HTTP/1.1" 200 11
DEBUG:selenium.webdriver.remote.remote_connection:Finished Request
DEBUG:selenium.webdriver.remote.remote_connection:POST http://127.0.0.1:59885/session/36f36be6facfa9a0f968c261c6fbb371/execute/sync {"script": "window.scrollTo(0, 1039)", "args": []}
DEBUG:urllib3.connectionpool:http://127.0.0.1:59885 "POST /session/36f36be6facfa9a0f968c261c6fbb371/execute/sync HTTP/1.1" 200 14
DEBUG:selenium.webdriver.remote.remote_connection:Finished Request
DEBUG:selenium.webdriver.remote.remote_connection:POST http://127.0.0.1:59885/session/36f36be6facfa9a0f968c261c6fbb371/execute/sync {"script": "return window.scrollY", "args": []}
DEBUG:urllib3.connectionpool:http://127.0.0.1:59885 "POST /session/36f36be6facfa9a0f968c261c6fbb371/execute/sync HTTP/1.1" 200 14
DEBUG:selenium.webdriver.remote.remote_connection:Finished Request
DEBUG:selenium.webdriver.remote.remote_connection:POST http://127.0.0.1:59885/session/36f36be6facfa9a0f968c261c6fbb371/execute/sync {"script": "window.scrollTo(1039, 123)", "args": []}
DEBUG:urllib3.connectionpool:http://127.0.0.1:59885 "POST /session/36f36be6facfa9a0f968c261c6fbb371/execute/sync HTTP/1.1" 200 14
DEBUG:selenium.webdriver.remote.remote_connection:Finished Request
DEBUG:selenium.webdriver.remote.remote_connection:POST http://127.0.0.1:59885/session/36f36be6facfa9a0f968c261c6fbb371/execute/sync {"script": "return window.scrollY", "args": []}
DEBUG:urllib3.connectionpool:http://127.0.0.1:59885 "POST /session/36f36be6facfa9a0f968c261c6fbb371/execute/sync HTTP/1.1" 200 13
DEBUG:selenium.webdriver.remote.remote_connection:Finished Request
DEBUG:selenium.webdriver.remote.remote_connection:POST http://127.0.0.1:59885/session/36f36be6facfa9a0f968c261c6fbb371/execute/sync {"script": "window.scrollTo(123, 871)", "args": []}
DEBUG:urllib3.connectionpool:http://127.0.0.1:59885 "POST /session/36f36be6facfa9a0f968c261c6fbb371/execute/sync HTTP/1.1" 200 14
DEBUG:selenium.webdriver.remote.remote_connection:Finished Request
DEBUG:selenium.webdriver.remote.remote_connection:POST http://127.0.0.1:59885/session/36f36be6facfa9a0f968c261c6fbb371/execute/sync {"script": "return window.scrollY", "args": []}
DEBUG:urllib3.connectionpool:http://127.0.0.1:59885 "POST /session/36f36be6facfa9a0f968c261c6fbb371/execute/sync HTTP/1.1" 200 13
DEBUG:selenium.webdriver.remote.remote_connection:Finished Request
DEBUG:selenium.webdriver.remote.remote_connection:POST http://127.0.0.1:59885/session/36f36be6facfa9a0f968c261c6fbb371/execute/sync {"script": "window.scrollTo(871, 1862)", "args": []}
DEBUG:urllib3.connectionpool:http://127.0.0.1:59885 "POST /session/36f36be6facfa9a0f968c261c6fbb371/execute/sync HTTP/1.1" 200 14
DEBUG:selenium.webdriver.remote.remote_connection:Finished Request
DEBUG:selenium.webdriver.remote.remote_connection:POST http://127.0.0.1:59885/session/36f36be6facfa9a0f968c261c6fbb371/execute/sync {"script": "return window.scrollY", "args": []}
DEBUG:urllib3.connectionpool:http://127.0.0.1:59885 "POST /session/36f36be6facfa9a0f968c261c6fbb371/execute/sync HTTP/1.1" 200 14
DEBUG:selenium.webdriver.remote.remote_connection:Finished Request
DEBUG:selenium.webdriver.remote.remote_connection:POST http://127.0.0.1:59885/session/36f36be6facfa9a0f968c261c6fbb371/execute/sync {"script": "window.scrollTo(1862, 2677)", "args": []}
DEBUG:urllib3.connectionpool:http://127.0.0.1:59885 "POST /session/36f36be6facfa9a0f968c261c6fbb371/execute/sync HTTP/1.1" 200 14
DEBUG:selenium.webdriver.remote.remote_connection:Finished Request
DEBUG:selenium.webdriver.remote.remote_connection:GET http://127.0.0.1:59885/session/36f36be6facfa9a0f968c261c6fbb371/source {}
DEBUG:urllib3.connectionpool:http://127.0.0.1:59885 "GET /session/36f36be6facfa9a0f968c261c6fbb371/source HTTP/1.1" 200 647579
DEBUG:selenium.webdriver.remote.remote_connection:Finished Request
DEBUG:selenium.webdriver.remote.remote_connection:POST http://127.0.0.1:59885/session/36f36be6facfa9a0f968c261c6fbb371/url {"url": "https://www.cmegroup.com/trading/energy/refined-products/rbob-gasoline.html"}
DEBUG:urllib3.connectionpool:http://127.0.0.1:59885 "POST /session/36f36be6facfa9a0f968c261c6fbb371/url HTTP/1.1" 200 14
DEBUG:selenium.webdriver.remote.remote_connection:Finished Request
DEBUG:selenium.webdriver.remote.remote_connection:POST http://127.0.0.1:59885/session/36f36be6facfa9a0f968c261c6fbb371/execute/sync {"script": "return document.body.scrollHeight", "args": []}
DEBUG:urllib3.connectionpool:http://127.0.0.1:59885 "POST /session/36f36be6facfa9a0f968c261c6fbb371/execute/sync HTTP/1.1" 200 14
DEBUG:selenium.webdriver.remote.remote_connection:Finished Request
DEBUG:selenium.webdriver.remote.remote_connection:POST http://127.0.0.1:59885/session/36f36be6facfa9a0f968c261c6fbb371/execute/sync {"script": "return window.scrollY", "args": []}
DEBUG:urllib3.connectionpool:http://127.0.0.1:59885 "POST /session/36f36be6facfa9a0f968c261c6fbb371/execute/sync HTTP/1.1" 200 11
DEBUG:selenium.webdriver.remote.remote_connection:Finished Request
DEBUG:selenium.webdriver.remote.remote_connection:POST http://127.0.0.1:59885/session/36f36be6facfa9a0f968c261c6fbb371/execute/sync {"script": "window.scrollTo(0, 1060)", "args": []}
DEBUG:urllib3.connectionpool:http://127.0.0.1:59885 "POST /session/36f36be6facfa9a0f968c261c6fbb371/execute/sync HTTP/1.1" 200 14
DEBUG:selenium.webdriver.remote.remote_connection:Finished Request
DEBUG:selenium.webdriver.remote.remote_connection:POST http://127.0.0.1:59885/session/36f36be6facfa9a0f968c261c6fbb371/execute/sync {"script": "return window.scrollY", "args": []}
DEBUG:urllib3.connectionpool:http://127.0.0.1:59885 "POST /session/36f36be6facfa9a0f968c261c6fbb371/execute/sync HTTP/1.1" 200 14
DEBUG:selenium.webdriver.remote.remote_connection:Finished Request
DEBUG:selenium.webdriver.remote.remote_connection:POST http://127.0.0.1:59885/session/36f36be6facfa9a0f968c261c6fbb371/execute/sync {"script": "window.scrollTo(1060, 2034)", "args": []}
DEBUG:urllib3.connectionpool:http://127.0.0.1:59885 "POST /session/36f36be6facfa9a0f968c261c6fbb371/execute/sync HTTP/1.1" 200 14
DEBUG:selenium.webdriver.remote.remote_connection:Finished Request
DEBUG:selenium.webdriver.remote.remote_connection:POST http://127.0.0.1:59885/session/36f36be6facfa9a0f968c261c6fbb371/execute/sync {"script": "return window.scrollY", "args": []}
DEBUG:urllib3.connectionpool:http://127.0.0.1:59885 "POST /session/36f36be6facfa9a0f968c261c6fbb371/execute/sync HTTP/1.1" 200 14
DEBUG:selenium.webdriver.remote.remote_connection:Finished Request
DEBUG:selenium.webdriver.remote.remote_connection:POST http://127.0.0.1:59885/session/36f36be6facfa9a0f968c261c6fbb371/execute/sync {"script": "window.scrollTo(2034, 3061)", "args": []}
DEBUG:urllib3.connectionpool:http://127.0.0.1:59885 "POST /session/36f36be6facfa9a0f968c261c6fbb371/execute/sync HTTP/1.1" 200 14
DEBUG:selenium.webdriver.remote.remote_connection:Finished Request
DEBUG:selenium.webdriver.remote.remote_connection:GET http://127.0.0.1:59885/session/36f36be6facfa9a0f968c261c6fbb371/source {}
DEBUG:urllib3.connectionpool:http://127.0.0.1:59885 "GET /session/36f36be6facfa9a0f968c261c6fbb371/source HTTP/1.1" 200 428882
DEBUG:selenium.webdriver.remote.remote_connection:Finished Request
DEBUG:selenium.webdriver.remote.remote_connection:POST http://127.0.0.1:59885/session/36f36be6facfa9a0f968c261c6fbb371/url {"url": "https://www.cmegroup.com/trading/energy/crude-oil/light-sweet-crude_quotes_globex.html"}
DEBUG:urllib3.connectionpool:http://127.0.0.1:59885 "POST /session/36f36be6facfa9a0f968c261c6fbb371/url HTTP/1.1" 200 14
DEBUG:selenium.webdriver.remote.remote_connection:Finished Request
DEBUG:selenium.webdriver.remote.remote_connection:POST http://127.0.0.1:59885/session/36f36be6facfa9a0f968c261c6fbb371/execute/sync {"script": "return document.body.scrollHeight", "args": []}
DEBUG:urllib3.connectionpool:http://127.0.0.1:59885 "POST /session/36f36be6facfa9a0f968c261c6fbb371/execute/sync HTTP/1.1" 200 14
DEBUG:selenium.webdriver.remote.remote_connection:Finished Request
DEBUG:selenium.webdriver.remote.remote_connection:POST http://127.0.0.1:59885/session/36f36be6facfa9a0f968c261c6fbb371/execute/sync {"script": "return window.scrollY", "args": []}
DEBUG:urllib3.connectionpool:http://127.0.0.1:59885 "POST /session/36f36be6facfa9a0f968c261c6fbb371/execute/sync HTTP/1.1" 200 11
DEBUG:selenium.webdriver.remote.remote_connection:Finished Request
DEBUG:selenium.webdriver.remote.remote_connection:POST http://127.0.0.1:59885/session/36f36be6facfa9a0f968c261c6fbb371/execute/sync {"script": "window.scrollTo(0, 787)", "args": []}
DEBUG:urllib3.connectionpool:http://127.0.0.1:59885 "POST /session/36f36be6facfa9a0f968c261c6fbb371/execute/sync HTTP/1.1" 200 14
DEBUG:selenium.webdriver.remote.remote_connection:Finished Request
DEBUG:selenium.webdriver.remote.remote_connection:POST http://127.0.0.1:59885/session/36f36be6facfa9a0f968c261c6fbb371/execute/sync {"script": "return window.scrollY", "args": []}
DEBUG:urllib3.connectionpool:http://127.0.0.1:59885 "POST /session/36f36be6facfa9a0f968c261c6fbb371/execute/sync HTTP/1.1" 200 13
DEBUG:selenium.webdriver.remote.remote_connection:Finished Request
DEBUG:selenium.webdriver.remote.remote_connection:POST http://127.0.0.1:59885/session/36f36be6facfa9a0f968c261c6fbb371/execute/sync {"script": "window.scrollTo(787, 188)", "args": []}
DEBUG:urllib3.connectionpool:http://127.0.0.1:59885 "POST /session/36f36be6facfa9a0f968c261c6fbb371/execute/sync HTTP/1.1" 200 14
DEBUG:selenium.webdriver.remote.remote_connection:Finished Request
DEBUG:selenium.webdriver.remote.remote_connection:POST http://127.0.0.1:59885/session/36f36be6facfa9a0f968c261c6fbb371/execute/sync {"script": "return window.scrollY", "args": []}
DEBUG:urllib3.connectionpool:http://127.0.0.1:59885 "POST /session/36f36be6facfa9a0f968c261c6fbb371/execute/sync HTTP/1.1" 200 13
DEBUG:selenium.webdriver.remote.remote_connection:Finished Request
DEBUG:selenium.webdriver.remote.remote_connection:POST http://127.0.0.1:59885/session/36f36be6facfa9a0f968c261c6fbb371/execute/sync {"script": "window.scrollTo(188, 755)", "args": []}
DEBUG:urllib3.connectionpool:http://127.0.0.1:59885 "POST /session/36f36be6facfa9a0f968c261c6fbb371/execute/sync HTTP/1.1" 200 14
DEBUG:selenium.webdriver.remote.remote_connection:Finished Request
DEBUG:selenium.webdriver.remote.remote_connection:POST http://127.0.0.1:59885/session/36f36be6facfa9a0f968c261c6fbb371/execute/sync {"script": "return window.scrollY", "args": []}
DEBUG:urllib3.connectionpool:http://127.0.0.1:59885 "POST /session/36f36be6facfa9a0f968c261c6fbb371/execute/sync HTTP/1.1" 200 13
DEBUG:selenium.webdriver.remote.remote_connection:Finished Request
DEBUG:selenium.webdriver.remote.remote_connection:POST http://127.0.0.1:59885/session/36f36be6facfa9a0f968c261c6fbb371/execute/sync {"script": "window.scrollTo(755, 1799)", "args": []}
DEBUG:urllib3.connectionpool:http://127.0.0.1:59885 "POST /session/36f36be6facfa9a0f968c261c6fbb371/execute/sync HTTP/1.1" 200 14
DEBUG:selenium.webdriver.remote.remote_connection:Finished Request
DEBUG:selenium.webdriver.remote.remote_connection:POST http://127.0.0.1:59885/session/36f36be6facfa9a0f968c261c6fbb371/execute/sync {"script": "return window.scrollY", "args": []}
DEBUG:urllib3.connectionpool:http://127.0.0.1:59885 "POST /session/36f36be6facfa9a0f968c261c6fbb371/execute/sync HTTP/1.1" 200 14
DEBUG:selenium.webdriver.remote.remote_connection:Finished Request
DEBUG:selenium.webdriver.remote.remote_connection:POST http://127.0.0.1:59885/session/36f36be6facfa9a0f968c261c6fbb371/execute/sync {"script": "window.scrollTo(1799, 2434)", "args": []}
DEBUG:urllib3.connectionpool:http://127.0.0.1:59885 "POST /session/36f36be6facfa9a0f968c261c6fbb371/execute/sync HTTP/1.1" 200 14
DEBUG:selenium.webdriver.remote.remote_connection:Finished Request
DEBUG:selenium.webdriver.remote.remote_connection:GET http://127.0.0.1:59885/session/36f36be6facfa9a0f968c261c6fbb371/source {}
DEBUG:urllib3.connectionpool:http://127.0.0.1:59885 "GET /session/36f36be6facfa9a0f968c261c6fbb371/source HTTP/1.1" 200 753200
DEBUG:selenium.webdriver.remote.remote_connection:Finished Request
DEBUG:selenium.webdriver.remote.remote_connection:POST http://127.0.0.1:59885/session/36f36be6facfa9a0f968c261c6fbb371/url {"url": "https://www.cmegroup.com/trading/energy/refined-products/gulf-coast-no-6-fuel-oil-30pct-sulfur-platts-swap.html"}
DEBUG:urllib3.connectionpool:http://127.0.0.1:59885 "POST /session/36f36be6facfa9a0f968c261c6fbb371/url HTTP/1.1" 200 14
DEBUG:selenium.webdriver.remote.remote_connection:Finished Request
DEBUG:selenium.webdriver.remote.remote_connection:POST http://127.0.0.1:59885/session/36f36be6facfa9a0f968c261c6fbb371/execute/sync {"script": "return document.body.scrollHeight", "args": []}
DEBUG:urllib3.connectionpool:http://127.0.0.1:59885 "POST /session/36f36be6facfa9a0f968c261c6fbb371/execute/sync HTTP/1.1" 200 14
DEBUG:selenium.webdriver.remote.remote_connection:Finished Request
DEBUG:selenium.webdriver.remote.remote_connection:POST http://127.0.0.1:59885/session/36f36be6facfa9a0f968c261c6fbb371/execute/sync {"script": "return window.scrollY", "args": []}
DEBUG:urllib3.connectionpool:http://127.0.0.1:59885 "POST /session/36f36be6facfa9a0f968c261c6fbb371/execute/sync HTTP/1.1" 200 11
DEBUG:selenium.webdriver.remote.remote_connection:Finished Request
DEBUG:selenium.webdriver.remote.remote_connection:POST http://127.0.0.1:59885/session/36f36be6facfa9a0f968c261c6fbb371/execute/sync {"script": "window.scrollTo(0, 939)", "args": []}
DEBUG:urllib3.connectionpool:http://127.0.0.1:59885 "POST /session/36f36be6facfa9a0f968c261c6fbb371/execute/sync HTTP/1.1" 200 14
DEBUG:selenium.webdriver.remote.remote_connection:Finished Request
DEBUG:selenium.webdriver.remote.remote_connection:POST http://127.0.0.1:59885/session/36f36be6facfa9a0f968c261c6fbb371/execute/sync {"script": "return window.scrollY", "args": []}
DEBUG:urllib3.connectionpool:http://127.0.0.1:59885 "POST /session/36f36be6facfa9a0f968c261c6fbb371/execute/sync HTTP/1.1" 200 13
DEBUG:selenium.webdriver.remote.remote_connection:Finished Request
DEBUG:selenium.webdriver.remote.remote_connection:POST http://127.0.0.1:59885/session/36f36be6facfa9a0f968c261c6fbb371/execute/sync {"script": "window.scrollTo(939, 1764)", "args": []}
DEBUG:urllib3.connectionpool:http://127.0.0.1:59885 "POST /session/36f36be6facfa9a0f968c261c6fbb371/execute/sync HTTP/1.1" 200 14
DEBUG:selenium.webdriver.remote.remote_connection:Finished Request
DEBUG:selenium.webdriver.remote.remote_connection:GET http://127.0.0.1:59885/session/36f36be6facfa9a0f968c261c6fbb371/source {}
DEBUG:urllib3.connectionpool:http://127.0.0.1:59885 "GET /session/36f36be6facfa9a0f968c261c6fbb371/source HTTP/1.1" 200 577224
DEBUG:selenium.webdriver.remote.remote_connection:Finished Request
DEBUG:selenium.webdriver.remote.remote_connection:POST http://127.0.0.1:59885/session/36f36be6facfa9a0f968c261c6fbb371/url {"url": "https://www.cmegroup.com/trading/energy/refined-products/heating-oil.html"}
DEBUG:urllib3.connectionpool:http://127.0.0.1:59885 "POST /session/36f36be6facfa9a0f968c261c6fbb371/url HTTP/1.1" 200 14
DEBUG:selenium.webdriver.remote.remote_connection:Finished Request
DEBUG:selenium.webdriver.remote.remote_connection:POST http://127.0.0.1:59885/session/36f36be6facfa9a0f968c261c6fbb371/execute/sync {"script": "return document.body.scrollHeight", "args": []}
DEBUG:urllib3.connectionpool:http://127.0.0.1:59885 "POST /session/36f36be6facfa9a0f968c261c6fbb371/execute/sync HTTP/1.1" 200 14
DEBUG:selenium.webdriver.remote.remote_connection:Finished Request
DEBUG:selenium.webdriver.remote.remote_connection:POST http://127.0.0.1:59885/session/36f36be6facfa9a0f968c261c6fbb371/execute/sync {"script": "return window.scrollY", "args": []}
DEBUG:urllib3.connectionpool:http://127.0.0.1:59885 "POST /session/36f36be6facfa9a0f968c261c6fbb371/execute/sync HTTP/1.1" 200 11
DEBUG:selenium.webdriver.remote.remote_connection:Finished Request
DEBUG:selenium.webdriver.remote.remote_connection:POST http://127.0.0.1:59885/session/36f36be6facfa9a0f968c261c6fbb371/execute/sync {"script": "window.scrollTo(0, 615)", "args": []}
DEBUG:urllib3.connectionpool:http://127.0.0.1:59885 "POST /session/36f36be6facfa9a0f968c261c6fbb371/execute/sync HTTP/1.1" 200 14
DEBUG:selenium.webdriver.remote.remote_connection:Finished Request
DEBUG:selenium.webdriver.remote.remote_connection:POST http://127.0.0.1:59885/session/36f36be6facfa9a0f968c261c6fbb371/execute/sync {"script": "return window.scrollY", "args": []}
DEBUG:urllib3.connectionpool:http://127.0.0.1:59885 "POST /session/36f36be6facfa9a0f968c261c6fbb371/execute/sync HTTP/1.1" 200 13
DEBUG:selenium.webdriver.remote.remote_connection:Finished Request
DEBUG:selenium.webdriver.remote.remote_connection:POST http://127.0.0.1:59885/session/36f36be6facfa9a0f968c261c6fbb371/execute/sync {"script": "window.scrollTo(615, 1283)", "args": []}
DEBUG:urllib3.connectionpool:http://127.0.0.1:59885 "POST /session/36f36be6facfa9a0f968c261c6fbb371/execute/sync HTTP/1.1" 200 14
DEBUG:selenium.webdriver.remote.remote_connection:Finished Request
DEBUG:selenium.webdriver.remote.remote_connection:POST http://127.0.0.1:59885/session/36f36be6facfa9a0f968c261c6fbb371/execute/sync {"script": "return window.scrollY", "args": []}
DEBUG:urllib3.connectionpool:http://127.0.0.1:59885 "POST /session/36f36be6facfa9a0f968c261c6fbb371/execute/sync HTTP/1.1" 200 14
DEBUG:selenium.webdriver.remote.remote_connection:Finished Request
DEBUG:selenium.webdriver.remote.remote_connection:POST http://127.0.0.1:59885/session/36f36be6facfa9a0f968c261c6fbb371/execute/sync {"script": "window.scrollTo(1283, 339)", "args": []}
DEBUG:urllib3.connectionpool:http://127.0.0.1:59885 "POST /session/36f36be6facfa9a0f968c261c6fbb371/execute/sync HTTP/1.1" 200 14
DEBUG:selenium.webdriver.remote.remote_connection:Finished Request
DEBUG:selenium.webdriver.remote.remote_connection:POST http://127.0.0.1:59885/session/36f36be6facfa9a0f968c261c6fbb371/execute/sync {"script": "return window.scrollY", "args": []}
DEBUG:urllib3.connectionpool:http://127.0.0.1:59885 "POST /session/36f36be6facfa9a0f968c261c6fbb371/execute/sync HTTP/1.1" 200 13
DEBUG:selenium.webdriver.remote.remote_connection:Finished Request
DEBUG:selenium.webdriver.remote.remote_connection:POST http://127.0.0.1:59885/session/36f36be6facfa9a0f968c261c6fbb371/execute/sync {"script": "window.scrollTo(339, 1335)", "args": []}
DEBUG:urllib3.connectionpool:http://127.0.0.1:59885 "POST /session/36f36be6facfa9a0f968c261c6fbb371/execute/sync HTTP/1.1" 200 14
DEBUG:selenium.webdriver.remote.remote_connection:Finished Request
DEBUG:selenium.webdriver.remote.remote_connection:GET http://127.0.0.1:59885/session/36f36be6facfa9a0f968c261c6fbb371/source {}
DEBUG:urllib3.connectionpool:http://127.0.0.1:59885 "GET /session/36f36be6facfa9a0f968c261c6fbb371/source HTTP/1.1" 200 429622
DEBUG:selenium.webdriver.remote.remote_connection:Finished Request
DEBUG:selenium.webdriver.remote.remote_connection:DELETE http://127.0.0.1:59885/session/36f36be6facfa9a0f968c261c6fbb371/window {}
DEBUG:urllib3.connectionpool:http://127.0.0.1:59885 "DELETE /session/36f36be6facfa9a0f968c261c6fbb371/window HTTP/1.1" 200 14
DEBUG:selenium.webdriver.remote.remote_connection:Finished Request
INFO:WDM:Looking for [chromedriver 83.0.4103.39 win32] driver in cache 
INFO:WDM:File found in cache by path [C:\Users\GEM7318\.wdm\drivers\chromedriver\83.0.4103.39\win32\chromedriver.exe]
DEBUG:selenium.webdriver.remote.remote_connection:POST http://127.0.0.1:62161/session {"capabilities": {"firstMatch": [{}], "alwaysMatch": {"browserName": "chrome", "platformName": "any", "goog:chromeOptions": {"extensions": [], "args": []}}}, "desiredCapabilities": {"browserName": "chrome", "version": "", "platform": "ANY", "goog:chromeOptions": {"extensions": [], "args": []}}}
DEBUG:urllib3.connectionpool:Starting new HTTP connection (1): 127.0.0.1:62161
DEBUG:urllib3.connectionpool:http://127.0.0.1:62161 "POST /session HTTP/1.1" 200 718
DEBUG:selenium.webdriver.remote.remote_connection:Finished Request
DEBUG:selenium.webdriver.remote.remote_connection:POST http://127.0.0.1:62161/session/f7f320433166ec76da649f48724d22c8/window/maximize {}
DEBUG:urllib3.connectionpool:http://127.0.0.1:62161 "POST /session/f7f320433166ec76da649f48724d22c8/window/maximize HTTP/1.1" 200 52
DEBUG:selenium.webdriver.remote.remote_connection:Finished Request
DEBUG:selenium.webdriver.remote.remote_connection:POST http://127.0.0.1:62161/session/f7f320433166ec76da649f48724d22c8/url {"url": "https://www.cmegroup.com/trading/energy/crude-oil/brent-crude-oil.html"}
DEBUG:urllib3.connectionpool:http://127.0.0.1:62161 "POST /session/f7f320433166ec76da649f48724d22c8/url HTTP/1.1" 200 14
DEBUG:selenium.webdriver.remote.remote_connection:Finished Request
DEBUG:selenium.webdriver.remote.remote_connection:POST http://127.0.0.1:62161/session/f7f320433166ec76da649f48724d22c8/execute/sync {"script": "return document.body.scrollHeight", "args": []}
DEBUG:urllib3.connectionpool:http://127.0.0.1:62161 "POST /session/f7f320433166ec76da649f48724d22c8/execute/sync HTTP/1.1" 200 14
DEBUG:selenium.webdriver.remote.remote_connection:Finished Request
DEBUG:selenium.webdriver.remote.remote_connection:POST http://127.0.0.1:62161/session/f7f320433166ec76da649f48724d22c8/execute/sync {"script": "return window.scrollY", "args": []}
DEBUG:urllib3.connectionpool:http://127.0.0.1:62161 "POST /session/f7f320433166ec76da649f48724d22c8/execute/sync HTTP/1.1" 200 11
DEBUG:selenium.webdriver.remote.remote_connection:Finished Request
DEBUG:selenium.webdriver.remote.remote_connection:POST http://127.0.0.1:62161/session/f7f320433166ec76da649f48724d22c8/execute/sync {"script": "window.scrollTo(0, 1000)", "args": []}
DEBUG:urllib3.connectionpool:http://127.0.0.1:62161 "POST /session/f7f320433166ec76da649f48724d22c8/execute/sync HTTP/1.1" 200 14
DEBUG:selenium.webdriver.remote.remote_connection:Finished Request
DEBUG:selenium.webdriver.remote.remote_connection:POST http://127.0.0.1:62161/session/f7f320433166ec76da649f48724d22c8/execute/sync {"script": "return window.scrollY", "args": []}
DEBUG:urllib3.connectionpool:http://127.0.0.1:62161 "POST /session/f7f320433166ec76da649f48724d22c8/execute/sync HTTP/1.1" 200 14
DEBUG:selenium.webdriver.remote.remote_connection:Finished Request
DEBUG:selenium.webdriver.remote.remote_connection:POST http://127.0.0.1:62161/session/f7f320433166ec76da649f48724d22c8/execute/sync {"script": "window.scrollTo(1000, 1846)", "args": []}
DEBUG:urllib3.connectionpool:http://127.0.0.1:62161 "POST /session/f7f320433166ec76da649f48724d22c8/execute/sync HTTP/1.1" 200 14
DEBUG:selenium.webdriver.remote.remote_connection:Finished Request
DEBUG:selenium.webdriver.remote.remote_connection:GET http://127.0.0.1:62161/session/f7f320433166ec76da649f48724d22c8/source {}
DEBUG:urllib3.connectionpool:http://127.0.0.1:62161 "GET /session/f7f320433166ec76da649f48724d22c8/source HTTP/1.1" 200 649749
DEBUG:selenium.webdriver.remote.remote_connection:Finished Request
DEBUG:selenium.webdriver.remote.remote_connection:POST http://127.0.0.1:62161/session/f7f320433166ec76da649f48724d22c8/url {"url": "https://www.cmegroup.com/trading/energy/refined-products/gulf-coast-ultra-low-sulfur-diesel-usld-platts-calendar-swap.html"}
DEBUG:urllib3.connectionpool:http://127.0.0.1:62161 "POST /session/f7f320433166ec76da649f48724d22c8/url HTTP/1.1" 200 14
DEBUG:selenium.webdriver.remote.remote_connection:Finished Request
DEBUG:selenium.webdriver.remote.remote_connection:POST http://127.0.0.1:62161/session/f7f320433166ec76da649f48724d22c8/execute/sync {"script": "return document.body.scrollHeight", "args": []}
DEBUG:urllib3.connectionpool:http://127.0.0.1:62161 "POST /session/f7f320433166ec76da649f48724d22c8/execute/sync HTTP/1.1" 200 14
DEBUG:selenium.webdriver.remote.remote_connection:Finished Request
DEBUG:selenium.webdriver.remote.remote_connection:POST http://127.0.0.1:62161/session/f7f320433166ec76da649f48724d22c8/execute/sync {"script": "return window.scrollY", "args": []}
DEBUG:urllib3.connectionpool:http://127.0.0.1:62161 "POST /session/f7f320433166ec76da649f48724d22c8/execute/sync HTTP/1.1" 200 11
DEBUG:selenium.webdriver.remote.remote_connection:Finished Request
DEBUG:selenium.webdriver.remote.remote_connection:POST http://127.0.0.1:62161/session/f7f320433166ec76da649f48724d22c8/execute/sync {"script": "window.scrollTo(0, 769)", "args": []}
DEBUG:urllib3.connectionpool:http://127.0.0.1:62161 "POST /session/f7f320433166ec76da649f48724d22c8/execute/sync HTTP/1.1" 200 14
DEBUG:selenium.webdriver.remote.remote_connection:Finished Request
DEBUG:selenium.webdriver.remote.remote_connection:POST http://127.0.0.1:62161/session/f7f320433166ec76da649f48724d22c8/execute/sync {"script": "return window.scrollY", "args": []}
DEBUG:urllib3.connectionpool:http://127.0.0.1:62161 "POST /session/f7f320433166ec76da649f48724d22c8/execute/sync HTTP/1.1" 200 13
DEBUG:selenium.webdriver.remote.remote_connection:Finished Request
DEBUG:selenium.webdriver.remote.remote_connection:POST http://127.0.0.1:62161/session/f7f320433166ec76da649f48724d22c8/execute/sync {"script": "window.scrollTo(769, 187)", "args": []}
DEBUG:urllib3.connectionpool:http://127.0.0.1:62161 "POST /session/f7f320433166ec76da649f48724d22c8/execute/sync HTTP/1.1" 200 14
DEBUG:selenium.webdriver.remote.remote_connection:Finished Request
DEBUG:selenium.webdriver.remote.remote_connection:POST http://127.0.0.1:62161/session/f7f320433166ec76da649f48724d22c8/execute/sync {"script": "return window.scrollY", "args": []}
DEBUG:urllib3.connectionpool:http://127.0.0.1:62161 "POST /session/f7f320433166ec76da649f48724d22c8/execute/sync HTTP/1.1" 200 13
DEBUG:selenium.webdriver.remote.remote_connection:Finished Request
DEBUG:selenium.webdriver.remote.remote_connection:POST http://127.0.0.1:62161/session/f7f320433166ec76da649f48724d22c8/execute/sync {"script": "window.scrollTo(187, 885)", "args": []}
DEBUG:urllib3.connectionpool:http://127.0.0.1:62161 "POST /session/f7f320433166ec76da649f48724d22c8/execute/sync HTTP/1.1" 200 14
DEBUG:selenium.webdriver.remote.remote_connection:Finished Request
DEBUG:selenium.webdriver.remote.remote_connection:POST http://127.0.0.1:62161/session/f7f320433166ec76da649f48724d22c8/execute/sync {"script": "return window.scrollY", "args": []}
DEBUG:urllib3.connectionpool:http://127.0.0.1:62161 "POST /session/f7f320433166ec76da649f48724d22c8/execute/sync HTTP/1.1" 200 13
DEBUG:selenium.webdriver.remote.remote_connection:Finished Request
DEBUG:selenium.webdriver.remote.remote_connection:POST http://127.0.0.1:62161/session/f7f320433166ec76da649f48724d22c8/execute/sync {"script": "window.scrollTo(885, 139)", "args": []}
DEBUG:urllib3.connectionpool:http://127.0.0.1:62161 "POST /session/f7f320433166ec76da649f48724d22c8/execute/sync HTTP/1.1" 200 14
DEBUG:selenium.webdriver.remote.remote_connection:Finished Request
DEBUG:selenium.webdriver.remote.remote_connection:GET http://127.0.0.1:62161/session/f7f320433166ec76da649f48724d22c8/source {}
DEBUG:urllib3.connectionpool:http://127.0.0.1:62161 "GET /session/f7f320433166ec76da649f48724d22c8/source HTTP/1.1" 200 558685
DEBUG:selenium.webdriver.remote.remote_connection:Finished Request
DEBUG:selenium.webdriver.remote.remote_connection:POST http://127.0.0.1:62161/session/f7f320433166ec76da649f48724d22c8/url {"url": "https://www.cmegroup.com/trading/energy/refined-products/heating-oil.html"}
DEBUG:urllib3.connectionpool:http://127.0.0.1:62161 "POST /session/f7f320433166ec76da649f48724d22c8/url HTTP/1.1" 200 14
DEBUG:selenium.webdriver.remote.remote_connection:Finished Request
DEBUG:selenium.webdriver.remote.remote_connection:POST http://127.0.0.1:62161/session/f7f320433166ec76da649f48724d22c8/execute/sync {"script": "return document.body.scrollHeight", "args": []}
DEBUG:urllib3.connectionpool:http://127.0.0.1:62161 "POST /session/f7f320433166ec76da649f48724d22c8/execute/sync HTTP/1.1" 200 14
DEBUG:selenium.webdriver.remote.remote_connection:Finished Request
DEBUG:selenium.webdriver.remote.remote_connection:POST http://127.0.0.1:62161/session/f7f320433166ec76da649f48724d22c8/execute/sync {"script": "return window.scrollY", "args": []}
DEBUG:urllib3.connectionpool:http://127.0.0.1:62161 "POST /session/f7f320433166ec76da649f48724d22c8/execute/sync HTTP/1.1" 200 11
DEBUG:selenium.webdriver.remote.remote_connection:Finished Request
DEBUG:selenium.webdriver.remote.remote_connection:POST http://127.0.0.1:62161/session/f7f320433166ec76da649f48724d22c8/execute/sync {"script": "window.scrollTo(0, 1033)", "args": []}
DEBUG:urllib3.connectionpool:http://127.0.0.1:62161 "POST /session/f7f320433166ec76da649f48724d22c8/execute/sync HTTP/1.1" 200 14
DEBUG:selenium.webdriver.remote.remote_connection:Finished Request
DEBUG:selenium.webdriver.remote.remote_connection:POST http://127.0.0.1:62161/session/f7f320433166ec76da649f48724d22c8/execute/sync {"script": "return window.scrollY", "args": []}
DEBUG:urllib3.connectionpool:http://127.0.0.1:62161 "POST /session/f7f320433166ec76da649f48724d22c8/execute/sync HTTP/1.1" 200 14
DEBUG:selenium.webdriver.remote.remote_connection:Finished Request
DEBUG:selenium.webdriver.remote.remote_connection:POST http://127.0.0.1:62161/session/f7f320433166ec76da649f48724d22c8/execute/sync {"script": "window.scrollTo(1033, 2017)", "args": []}
DEBUG:urllib3.connectionpool:http://127.0.0.1:62161 "POST /session/f7f320433166ec76da649f48724d22c8/execute/sync HTTP/1.1" 200 14
DEBUG:selenium.webdriver.remote.remote_connection:Finished Request
DEBUG:selenium.webdriver.remote.remote_connection:GET http://127.0.0.1:62161/session/f7f320433166ec76da649f48724d22c8/source {}
DEBUG:urllib3.connectionpool:http://127.0.0.1:62161 "GET /session/f7f320433166ec76da649f48724d22c8/source HTTP/1.1" 200 553462
DEBUG:selenium.webdriver.remote.remote_connection:Finished Request
DEBUG:selenium.webdriver.remote.remote_connection:POST http://127.0.0.1:62161/session/f7f320433166ec76da649f48724d22c8/url {"url": "https://www.cmegroup.com/trading/energy/crude-oil/light-sweet-crude_quotes_globex.html"}
DEBUG:urllib3.connectionpool:http://127.0.0.1:62161 "POST /session/f7f320433166ec76da649f48724d22c8/url HTTP/1.1" 200 14
DEBUG:selenium.webdriver.remote.remote_connection:Finished Request
DEBUG:selenium.webdriver.remote.remote_connection:POST http://127.0.0.1:62161/session/f7f320433166ec76da649f48724d22c8/execute/sync {"script": "return document.body.scrollHeight", "args": []}
DEBUG:urllib3.connectionpool:http://127.0.0.1:62161 "POST /session/f7f320433166ec76da649f48724d22c8/execute/sync HTTP/1.1" 200 14
DEBUG:selenium.webdriver.remote.remote_connection:Finished Request
DEBUG:selenium.webdriver.remote.remote_connection:POST http://127.0.0.1:62161/session/f7f320433166ec76da649f48724d22c8/execute/sync {"script": "return window.scrollY", "args": []}
DEBUG:urllib3.connectionpool:http://127.0.0.1:62161 "POST /session/f7f320433166ec76da649f48724d22c8/execute/sync HTTP/1.1" 200 11
DEBUG:selenium.webdriver.remote.remote_connection:Finished Request
DEBUG:selenium.webdriver.remote.remote_connection:POST http://127.0.0.1:62161/session/f7f320433166ec76da649f48724d22c8/execute/sync {"script": "window.scrollTo(0, 946)", "args": []}
DEBUG:urllib3.connectionpool:http://127.0.0.1:62161 "POST /session/f7f320433166ec76da649f48724d22c8/execute/sync HTTP/1.1" 200 14
DEBUG:selenium.webdriver.remote.remote_connection:Finished Request
DEBUG:selenium.webdriver.remote.remote_connection:POST http://127.0.0.1:62161/session/f7f320433166ec76da649f48724d22c8/execute/sync {"script": "return window.scrollY", "args": []}
DEBUG:urllib3.connectionpool:http://127.0.0.1:62161 "POST /session/f7f320433166ec76da649f48724d22c8/execute/sync HTTP/1.1" 200 13
DEBUG:selenium.webdriver.remote.remote_connection:Finished Request
DEBUG:selenium.webdriver.remote.remote_connection:POST http://127.0.0.1:62161/session/f7f320433166ec76da649f48724d22c8/execute/sync {"script": "window.scrollTo(946, 394)", "args": []}
DEBUG:urllib3.connectionpool:http://127.0.0.1:62161 "POST /session/f7f320433166ec76da649f48724d22c8/execute/sync HTTP/1.1" 200 14
DEBUG:selenium.webdriver.remote.remote_connection:Finished Request
DEBUG:selenium.webdriver.remote.remote_connection:POST http://127.0.0.1:62161/session/f7f320433166ec76da649f48724d22c8/execute/sync {"script": "return window.scrollY", "args": []}
DEBUG:urllib3.connectionpool:http://127.0.0.1:62161 "POST /session/f7f320433166ec76da649f48724d22c8/execute/sync HTTP/1.1" 200 13
DEBUG:selenium.webdriver.remote.remote_connection:Finished Request
DEBUG:selenium.webdriver.remote.remote_connection:POST http://127.0.0.1:62161/session/f7f320433166ec76da649f48724d22c8/execute/sync {"script": "window.scrollTo(394, 1167)", "args": []}
DEBUG:urllib3.connectionpool:http://127.0.0.1:62161 "POST /session/f7f320433166ec76da649f48724d22c8/execute/sync HTTP/1.1" 200 14
DEBUG:selenium.webdriver.remote.remote_connection:Finished Request
DEBUG:selenium.webdriver.remote.remote_connection:GET http://127.0.0.1:62161/session/f7f320433166ec76da649f48724d22c8/source {}
DEBUG:urllib3.connectionpool:http://127.0.0.1:62161 "GET /session/f7f320433166ec76da649f48724d22c8/source HTTP/1.1" 200 754182
DEBUG:selenium.webdriver.remote.remote_connection:Finished Request
DEBUG:selenium.webdriver.remote.remote_connection:POST http://127.0.0.1:62161/session/f7f320433166ec76da649f48724d22c8/url {"url": "https://www.cmegroup.com/trading/energy/refined-products/gulf-coast-no-6-fuel-oil-30pct-sulfur-platts-swap.html"}
DEBUG:urllib3.connectionpool:http://127.0.0.1:62161 "POST /session/f7f320433166ec76da649f48724d22c8/url HTTP/1.1" 200 14
DEBUG:selenium.webdriver.remote.remote_connection:Finished Request
DEBUG:selenium.webdriver.remote.remote_connection:POST http://127.0.0.1:62161/session/f7f320433166ec76da649f48724d22c8/execute/sync {"script": "return document.body.scrollHeight", "args": []}
DEBUG:urllib3.connectionpool:http://127.0.0.1:62161 "POST /session/f7f320433166ec76da649f48724d22c8/execute/sync HTTP/1.1" 200 14
DEBUG:selenium.webdriver.remote.remote_connection:Finished Request
DEBUG:selenium.webdriver.remote.remote_connection:POST http://127.0.0.1:62161/session/f7f320433166ec76da649f48724d22c8/execute/sync {"script": "return window.scrollY", "args": []}
DEBUG:urllib3.connectionpool:http://127.0.0.1:62161 "POST /session/f7f320433166ec76da649f48724d22c8/execute/sync HTTP/1.1" 200 11
DEBUG:selenium.webdriver.remote.remote_connection:Finished Request
DEBUG:selenium.webdriver.remote.remote_connection:POST http://127.0.0.1:62161/session/f7f320433166ec76da649f48724d22c8/execute/sync {"script": "window.scrollTo(0, 852)", "args": []}
DEBUG:urllib3.connectionpool:http://127.0.0.1:62161 "POST /session/f7f320433166ec76da649f48724d22c8/execute/sync HTTP/1.1" 200 14
DEBUG:selenium.webdriver.remote.remote_connection:Finished Request
DEBUG:selenium.webdriver.remote.remote_connection:POST http://127.0.0.1:62161/session/f7f320433166ec76da649f48724d22c8/execute/sync {"script": "return window.scrollY", "args": []}
DEBUG:urllib3.connectionpool:http://127.0.0.1:62161 "POST /session/f7f320433166ec76da649f48724d22c8/execute/sync HTTP/1.1" 200 13
DEBUG:selenium.webdriver.remote.remote_connection:Finished Request
DEBUG:selenium.webdriver.remote.remote_connection:POST http://127.0.0.1:62161/session/f7f320433166ec76da649f48724d22c8/execute/sync {"script": "window.scrollTo(852, 1777)", "args": []}
DEBUG:urllib3.connectionpool:http://127.0.0.1:62161 "POST /session/f7f320433166ec76da649f48724d22c8/execute/sync HTTP/1.1" 200 14
DEBUG:selenium.webdriver.remote.remote_connection:Finished Request
DEBUG:selenium.webdriver.remote.remote_connection:GET http://127.0.0.1:62161/session/f7f320433166ec76da649f48724d22c8/source {}
DEBUG:urllib3.connectionpool:http://127.0.0.1:62161 "GET /session/f7f320433166ec76da649f48724d22c8/source HTTP/1.1" 200 577544
DEBUG:selenium.webdriver.remote.remote_connection:Finished Request
DEBUG:selenium.webdriver.remote.remote_connection:POST http://127.0.0.1:62161/session/f7f320433166ec76da649f48724d22c8/url {"url": "https://www.cmegroup.com/trading/energy/refined-products/rbob-gasoline.html"}
DEBUG:urllib3.connectionpool:http://127.0.0.1:62161 "POST /session/f7f320433166ec76da649f48724d22c8/url HTTP/1.1" 200 14
DEBUG:selenium.webdriver.remote.remote_connection:Finished Request
DEBUG:selenium.webdriver.remote.remote_connection:POST http://127.0.0.1:62161/session/f7f320433166ec76da649f48724d22c8/execute/sync {"script": "return document.body.scrollHeight", "args": []}
DEBUG:urllib3.connectionpool:http://127.0.0.1:62161 "POST /session/f7f320433166ec76da649f48724d22c8/execute/sync HTTP/1.1" 200 14
DEBUG:selenium.webdriver.remote.remote_connection:Finished Request
DEBUG:selenium.webdriver.remote.remote_connection:POST http://127.0.0.1:62161/session/f7f320433166ec76da649f48724d22c8/execute/sync {"script": "return window.scrollY", "args": []}
DEBUG:urllib3.connectionpool:http://127.0.0.1:62161 "POST /session/f7f320433166ec76da649f48724d22c8/execute/sync HTTP/1.1" 200 11
DEBUG:selenium.webdriver.remote.remote_connection:Finished Request
DEBUG:selenium.webdriver.remote.remote_connection:POST http://127.0.0.1:62161/session/f7f320433166ec76da649f48724d22c8/execute/sync {"script": "window.scrollTo(0, 607)", "args": []}
DEBUG:urllib3.connectionpool:http://127.0.0.1:62161 "POST /session/f7f320433166ec76da649f48724d22c8/execute/sync HTTP/1.1" 200 14
DEBUG:selenium.webdriver.remote.remote_connection:Finished Request
DEBUG:selenium.webdriver.remote.remote_connection:GET http://127.0.0.1:62161/session/f7f320433166ec76da649f48724d22c8/source {}
DEBUG:urllib3.connectionpool:http://127.0.0.1:62161 "GET /session/f7f320433166ec76da649f48724d22c8/source HTTP/1.1" 200 553340
DEBUG:selenium.webdriver.remote.remote_connection:Finished Request
DEBUG:selenium.webdriver.remote.remote_connection:DELETE http://127.0.0.1:62161/session/f7f320433166ec76da649f48724d22c8/window {}
DEBUG:urllib3.connectionpool:http://127.0.0.1:62161 "DELETE /session/f7f320433166ec76da649f48724d22c8/window HTTP/1.1" 200 14
DEBUG:selenium.webdriver.remote.remote_connection:Finished Request
DEBUG:urllib3.connectionpool:Starting new HTTP connection (1): chromedriver.storage.googleapis.com:80
DEBUG:urllib3.connectionpool:http://chromedriver.storage.googleapis.com:80 "GET /LATEST_RELEASE_83.0.4103 HTTP/1.1" 200 12
INFO:WDM:Trying to download new driver from http://chromedriver.storage.googleapis.com/83.0.4103.39/chromedriver_win32.zip
DEBUG:urllib3.connectionpool:Starting new HTTP connection (1): chromedriver.storage.googleapis.com:80
DEBUG:urllib3.connectionpool:http://chromedriver.storage.googleapis.com:80 "GET /83.0.4103.39/chromedriver_win32.zip HTTP/1.1" 200 4760819
INFO:WDM:Unpack archive C:\Users\GEM7318\.wdm\drivers\chromedriver\83.0.4103.39\win32\chromedriver.zip
DEBUG:selenium.webdriver.remote.remote_connection:POST http://127.0.0.1:56432/session {"capabilities": {"firstMatch": [{}], "alwaysMatch": {"browserName": "chrome", "platformName": "any", "goog:chromeOptions": {"extensions": [], "args": []}}}, "desiredCapabilities": {"browserName": "chrome", "version": "", "platform": "ANY", "goog:chromeOptions": {"extensions": [], "args": []}}}
DEBUG:urllib3.connectionpool:Starting new HTTP connection (1): 127.0.0.1:56432
DEBUG:urllib3.connectionpool:http://127.0.0.1:56432 "POST /session HTTP/1.1" 200 718
DEBUG:selenium.webdriver.remote.remote_connection:Finished Request
DEBUG:selenium.webdriver.remote.remote_connection:POST http://127.0.0.1:56432/session/d5b165dc45ee31488b6f091248fb32e4/window/maximize {}
DEBUG:urllib3.connectionpool:http://127.0.0.1:56432 "POST /session/d5b165dc45ee31488b6f091248fb32e4/window/maximize HTTP/1.1" 200 52
DEBUG:selenium.webdriver.remote.remote_connection:Finished Request
DEBUG:selenium.webdriver.remote.remote_connection:POST http://127.0.0.1:56432/session/d5b165dc45ee31488b6f091248fb32e4/url {"url": "https://www.cmegroup.com/trading/energy/refined-products/gulf-coast-ultra-low-sulfur-diesel-usld-platts-calendar-swap.html"}
DEBUG:urllib3.connectionpool:http://127.0.0.1:56432 "POST /session/d5b165dc45ee31488b6f091248fb32e4/url HTTP/1.1" 200 14
DEBUG:selenium.webdriver.remote.remote_connection:Finished Request
DEBUG:selenium.webdriver.remote.remote_connection:POST http://127.0.0.1:56432/session/d5b165dc45ee31488b6f091248fb32e4/execute/sync {"script": "return document.body.scrollHeight", "args": []}
DEBUG:urllib3.connectionpool:http://127.0.0.1:56432 "POST /session/d5b165dc45ee31488b6f091248fb32e4/execute/sync HTTP/1.1" 200 14
DEBUG:selenium.webdriver.remote.remote_connection:Finished Request
DEBUG:selenium.webdriver.remote.remote_connection:POST http://127.0.0.1:56432/session/d5b165dc45ee31488b6f091248fb32e4/execute/sync {"script": "return window.scrollY", "args": []}
DEBUG:urllib3.connectionpool:http://127.0.0.1:56432 "POST /session/d5b165dc45ee31488b6f091248fb32e4/execute/sync HTTP/1.1" 200 11
DEBUG:selenium.webdriver.remote.remote_connection:Finished Request
DEBUG:selenium.webdriver.remote.remote_connection:POST http://127.0.0.1:56432/session/d5b165dc45ee31488b6f091248fb32e4/execute/sync {"script": "window.scrollTo(0, 667)", "args": []}
DEBUG:urllib3.connectionpool:http://127.0.0.1:56432 "POST /session/d5b165dc45ee31488b6f091248fb32e4/execute/sync HTTP/1.1" 200 14
DEBUG:selenium.webdriver.remote.remote_connection:Finished Request
DEBUG:selenium.webdriver.remote.remote_connection:POST http://127.0.0.1:56432/session/d5b165dc45ee31488b6f091248fb32e4/execute/sync {"script": "return window.scrollY", "args": []}
DEBUG:urllib3.connectionpool:http://127.0.0.1:56432 "POST /session/d5b165dc45ee31488b6f091248fb32e4/execute/sync HTTP/1.1" 200 13
DEBUG:selenium.webdriver.remote.remote_connection:Finished Request
DEBUG:selenium.webdriver.remote.remote_connection:POST http://127.0.0.1:56432/session/d5b165dc45ee31488b6f091248fb32e4/execute/sync {"script": "window.scrollTo(667, 1489)", "args": []}
DEBUG:urllib3.connectionpool:http://127.0.0.1:56432 "POST /session/d5b165dc45ee31488b6f091248fb32e4/execute/sync HTTP/1.1" 200 14
DEBUG:selenium.webdriver.remote.remote_connection:Finished Request
DEBUG:selenium.webdriver.remote.remote_connection:GET http://127.0.0.1:56432/session/d5b165dc45ee31488b6f091248fb32e4/source {}
DEBUG:urllib3.connectionpool:http://127.0.0.1:56432 "GET /session/d5b165dc45ee31488b6f091248fb32e4/source HTTP/1.1" 200 559157
DEBUG:selenium.webdriver.remote.remote_connection:Finished Request
DEBUG:selenium.webdriver.remote.remote_connection:POST http://127.0.0.1:56432/session/d5b165dc45ee31488b6f091248fb32e4/url {"url": "https://www.cmegroup.com/trading/energy/refined-products/gulf-coast-no-6-fuel-oil-30pct-sulfur-platts-swap.html"}
DEBUG:urllib3.connectionpool:http://127.0.0.1:56432 "POST /session/d5b165dc45ee31488b6f091248fb32e4/url HTTP/1.1" 200 14
DEBUG:selenium.webdriver.remote.remote_connection:Finished Request
DEBUG:selenium.webdriver.remote.remote_connection:POST http://127.0.0.1:56432/session/d5b165dc45ee31488b6f091248fb32e4/execute/sync {"script": "return document.body.scrollHeight", "args": []}
DEBUG:urllib3.connectionpool:http://127.0.0.1:56432 "POST /session/d5b165dc45ee31488b6f091248fb32e4/execute/sync HTTP/1.1" 200 14
DEBUG:selenium.webdriver.remote.remote_connection:Finished Request
DEBUG:selenium.webdriver.remote.remote_connection:POST http://127.0.0.1:56432/session/d5b165dc45ee31488b6f091248fb32e4/execute/sync {"script": "return window.scrollY", "args": []}
DEBUG:urllib3.connectionpool:http://127.0.0.1:56432 "POST /session/d5b165dc45ee31488b6f091248fb32e4/execute/sync HTTP/1.1" 200 11
DEBUG:selenium.webdriver.remote.remote_connection:Finished Request
DEBUG:selenium.webdriver.remote.remote_connection:POST http://127.0.0.1:56432/session/d5b165dc45ee31488b6f091248fb32e4/execute/sync {"script": "window.scrollTo(0, 928)", "args": []}
DEBUG:urllib3.connectionpool:http://127.0.0.1:56432 "POST /session/d5b165dc45ee31488b6f091248fb32e4/execute/sync HTTP/1.1" 200 14
DEBUG:selenium.webdriver.remote.remote_connection:Finished Request
DEBUG:selenium.webdriver.remote.remote_connection:GET http://127.0.0.1:56432/session/d5b165dc45ee31488b6f091248fb32e4/source {}
DEBUG:urllib3.connectionpool:http://127.0.0.1:56432 "GET /session/d5b165dc45ee31488b6f091248fb32e4/source HTTP/1.1" 200 577149
DEBUG:selenium.webdriver.remote.remote_connection:Finished Request
DEBUG:selenium.webdriver.remote.remote_connection:POST http://127.0.0.1:56432/session/d5b165dc45ee31488b6f091248fb32e4/url {"url": "https://www.cmegroup.com/trading/energy/crude-oil/light-sweet-crude_quotes_globex.html"}
DEBUG:urllib3.connectionpool:http://127.0.0.1:56432 "POST /session/d5b165dc45ee31488b6f091248fb32e4/url HTTP/1.1" 200 14
DEBUG:selenium.webdriver.remote.remote_connection:Finished Request
DEBUG:selenium.webdriver.remote.remote_connection:POST http://127.0.0.1:56432/session/d5b165dc45ee31488b6f091248fb32e4/execute/sync {"script": "return document.body.scrollHeight", "args": []}
DEBUG:urllib3.connectionpool:http://127.0.0.1:56432 "POST /session/d5b165dc45ee31488b6f091248fb32e4/execute/sync HTTP/1.1" 200 14
DEBUG:selenium.webdriver.remote.remote_connection:Finished Request
DEBUG:selenium.webdriver.remote.remote_connection:POST http://127.0.0.1:56432/session/d5b165dc45ee31488b6f091248fb32e4/execute/sync {"script": "return window.scrollY", "args": []}
DEBUG:urllib3.connectionpool:http://127.0.0.1:56432 "POST /session/d5b165dc45ee31488b6f091248fb32e4/execute/sync HTTP/1.1" 200 11
DEBUG:selenium.webdriver.remote.remote_connection:Finished Request
DEBUG:selenium.webdriver.remote.remote_connection:POST http://127.0.0.1:56432/session/d5b165dc45ee31488b6f091248fb32e4/execute/sync {"script": "window.scrollTo(0, 862)", "args": []}
DEBUG:urllib3.connectionpool:http://127.0.0.1:56432 "POST /session/d5b165dc45ee31488b6f091248fb32e4/execute/sync HTTP/1.1" 200 14
DEBUG:selenium.webdriver.remote.remote_connection:Finished Request
DEBUG:selenium.webdriver.remote.remote_connection:POST http://127.0.0.1:56432/session/d5b165dc45ee31488b6f091248fb32e4/execute/sync {"script": "return window.scrollY", "args": []}
DEBUG:urllib3.connectionpool:http://127.0.0.1:56432 "POST /session/d5b165dc45ee31488b6f091248fb32e4/execute/sync HTTP/1.1" 200 13
DEBUG:selenium.webdriver.remote.remote_connection:Finished Request
DEBUG:selenium.webdriver.remote.remote_connection:POST http://127.0.0.1:56432/session/d5b165dc45ee31488b6f091248fb32e4/execute/sync {"script": "window.scrollTo(862, 1774)", "args": []}
DEBUG:urllib3.connectionpool:http://127.0.0.1:56432 "POST /session/d5b165dc45ee31488b6f091248fb32e4/execute/sync HTTP/1.1" 200 14
DEBUG:selenium.webdriver.remote.remote_connection:Finished Request
DEBUG:selenium.webdriver.remote.remote_connection:POST http://127.0.0.1:56432/session/d5b165dc45ee31488b6f091248fb32e4/execute/sync {"script": "return window.scrollY", "args": []}
DEBUG:urllib3.connectionpool:http://127.0.0.1:56432 "POST /session/d5b165dc45ee31488b6f091248fb32e4/execute/sync HTTP/1.1" 200 14
DEBUG:selenium.webdriver.remote.remote_connection:Finished Request
DEBUG:selenium.webdriver.remote.remote_connection:POST http://127.0.0.1:56432/session/d5b165dc45ee31488b6f091248fb32e4/execute/sync {"script": "window.scrollTo(1774, 2568)", "args": []}
DEBUG:urllib3.connectionpool:http://127.0.0.1:56432 "POST /session/d5b165dc45ee31488b6f091248fb32e4/execute/sync HTTP/1.1" 200 14
DEBUG:selenium.webdriver.remote.remote_connection:Finished Request
DEBUG:selenium.webdriver.remote.remote_connection:POST http://127.0.0.1:56432/session/d5b165dc45ee31488b6f091248fb32e4/execute/sync {"script": "return window.scrollY", "args": []}
DEBUG:urllib3.connectionpool:http://127.0.0.1:56432 "POST /session/d5b165dc45ee31488b6f091248fb32e4/execute/sync HTTP/1.1" 200 14
DEBUG:selenium.webdriver.remote.remote_connection:Finished Request
DEBUG:selenium.webdriver.remote.remote_connection:POST http://127.0.0.1:56432/session/d5b165dc45ee31488b6f091248fb32e4/execute/sync {"script": "window.scrollTo(2568, 1702)", "args": []}
DEBUG:urllib3.connectionpool:http://127.0.0.1:56432 "POST /session/d5b165dc45ee31488b6f091248fb32e4/execute/sync HTTP/1.1" 200 14
DEBUG:selenium.webdriver.remote.remote_connection:Finished Request
DEBUG:selenium.webdriver.remote.remote_connection:GET http://127.0.0.1:56432/session/d5b165dc45ee31488b6f091248fb32e4/source {}
DEBUG:urllib3.connectionpool:http://127.0.0.1:56432 "GET /session/d5b165dc45ee31488b6f091248fb32e4/source HTTP/1.1" 200 753629
DEBUG:selenium.webdriver.remote.remote_connection:Finished Request
DEBUG:selenium.webdriver.remote.remote_connection:POST http://127.0.0.1:56432/session/d5b165dc45ee31488b6f091248fb32e4/url {"url": "https://www.cmegroup.com/trading/energy/crude-oil/brent-crude-oil.html"}
DEBUG:urllib3.connectionpool:http://127.0.0.1:56432 "POST /session/d5b165dc45ee31488b6f091248fb32e4/url HTTP/1.1" 200 14
DEBUG:selenium.webdriver.remote.remote_connection:Finished Request
DEBUG:selenium.webdriver.remote.remote_connection:POST http://127.0.0.1:56432/session/d5b165dc45ee31488b6f091248fb32e4/execute/sync {"script": "return document.body.scrollHeight", "args": []}
DEBUG:urllib3.connectionpool:http://127.0.0.1:56432 "POST /session/d5b165dc45ee31488b6f091248fb32e4/execute/sync HTTP/1.1" 200 14
DEBUG:selenium.webdriver.remote.remote_connection:Finished Request
DEBUG:selenium.webdriver.remote.remote_connection:POST http://127.0.0.1:56432/session/d5b165dc45ee31488b6f091248fb32e4/execute/sync {"script": "return window.scrollY", "args": []}
DEBUG:urllib3.connectionpool:http://127.0.0.1:56432 "POST /session/d5b165dc45ee31488b6f091248fb32e4/execute/sync HTTP/1.1" 200 11
DEBUG:selenium.webdriver.remote.remote_connection:Finished Request
DEBUG:selenium.webdriver.remote.remote_connection:POST http://127.0.0.1:56432/session/d5b165dc45ee31488b6f091248fb32e4/execute/sync {"script": "window.scrollTo(0, 657)", "args": []}
DEBUG:urllib3.connectionpool:http://127.0.0.1:56432 "POST /session/d5b165dc45ee31488b6f091248fb32e4/execute/sync HTTP/1.1" 200 14
DEBUG:selenium.webdriver.remote.remote_connection:Finished Request
DEBUG:selenium.webdriver.remote.remote_connection:POST http://127.0.0.1:56432/session/d5b165dc45ee31488b6f091248fb32e4/execute/sync {"script": "return window.scrollY", "args": []}
DEBUG:urllib3.connectionpool:http://127.0.0.1:56432 "POST /session/d5b165dc45ee31488b6f091248fb32e4/execute/sync HTTP/1.1" 200 13
DEBUG:selenium.webdriver.remote.remote_connection:Finished Request
DEBUG:selenium.webdriver.remote.remote_connection:POST http://127.0.0.1:56432/session/d5b165dc45ee31488b6f091248fb32e4/execute/sync {"script": "window.scrollTo(657, 1385)", "args": []}
DEBUG:urllib3.connectionpool:http://127.0.0.1:56432 "POST /session/d5b165dc45ee31488b6f091248fb32e4/execute/sync HTTP/1.1" 200 14
DEBUG:selenium.webdriver.remote.remote_connection:Finished Request
DEBUG:selenium.webdriver.remote.remote_connection:GET http://127.0.0.1:56432/session/d5b165dc45ee31488b6f091248fb32e4/source {}
DEBUG:urllib3.connectionpool:http://127.0.0.1:56432 "GET /session/d5b165dc45ee31488b6f091248fb32e4/source HTTP/1.1" 200 649060
DEBUG:selenium.webdriver.remote.remote_connection:Finished Request
DEBUG:selenium.webdriver.remote.remote_connection:POST http://127.0.0.1:56432/session/d5b165dc45ee31488b6f091248fb32e4/url {"url": "https://www.cmegroup.com/trading/energy/refined-products/rbob-gasoline.html"}
DEBUG:urllib3.connectionpool:http://127.0.0.1:56432 "POST /session/d5b165dc45ee31488b6f091248fb32e4/url HTTP/1.1" 200 14
DEBUG:selenium.webdriver.remote.remote_connection:Finished Request
DEBUG:selenium.webdriver.remote.remote_connection:POST http://127.0.0.1:56432/session/d5b165dc45ee31488b6f091248fb32e4/execute/sync {"script": "return document.body.scrollHeight", "args": []}
DEBUG:urllib3.connectionpool:http://127.0.0.1:56432 "POST /session/d5b165dc45ee31488b6f091248fb32e4/execute/sync HTTP/1.1" 200 14
DEBUG:selenium.webdriver.remote.remote_connection:Finished Request
DEBUG:selenium.webdriver.remote.remote_connection:POST http://127.0.0.1:56432/session/d5b165dc45ee31488b6f091248fb32e4/execute/sync {"script": "return window.scrollY", "args": []}
DEBUG:urllib3.connectionpool:http://127.0.0.1:56432 "POST /session/d5b165dc45ee31488b6f091248fb32e4/execute/sync HTTP/1.1" 200 11
DEBUG:selenium.webdriver.remote.remote_connection:Finished Request
DEBUG:selenium.webdriver.remote.remote_connection:POST http://127.0.0.1:56432/session/d5b165dc45ee31488b6f091248fb32e4/execute/sync {"script": "window.scrollTo(0, 783)", "args": []}
DEBUG:urllib3.connectionpool:http://127.0.0.1:56432 "POST /session/d5b165dc45ee31488b6f091248fb32e4/execute/sync HTTP/1.1" 200 14
DEBUG:selenium.webdriver.remote.remote_connection:Finished Request
DEBUG:selenium.webdriver.remote.remote_connection:POST http://127.0.0.1:56432/session/d5b165dc45ee31488b6f091248fb32e4/execute/sync {"script": "return window.scrollY", "args": []}
DEBUG:urllib3.connectionpool:http://127.0.0.1:56432 "POST /session/d5b165dc45ee31488b6f091248fb32e4/execute/sync HTTP/1.1" 200 13
DEBUG:selenium.webdriver.remote.remote_connection:Finished Request
DEBUG:selenium.webdriver.remote.remote_connection:POST http://127.0.0.1:56432/session/d5b165dc45ee31488b6f091248fb32e4/execute/sync {"script": "window.scrollTo(783, 1844)", "args": []}
DEBUG:urllib3.connectionpool:http://127.0.0.1:56432 "POST /session/d5b165dc45ee31488b6f091248fb32e4/execute/sync HTTP/1.1" 200 14
DEBUG:selenium.webdriver.remote.remote_connection:Finished Request
DEBUG:selenium.webdriver.remote.remote_connection:POST http://127.0.0.1:56432/session/d5b165dc45ee31488b6f091248fb32e4/execute/sync {"script": "return window.scrollY", "args": []}
DEBUG:urllib3.connectionpool:http://127.0.0.1:56432 "POST /session/d5b165dc45ee31488b6f091248fb32e4/execute/sync HTTP/1.1" 200 14
DEBUG:selenium.webdriver.remote.remote_connection:Finished Request
DEBUG:selenium.webdriver.remote.remote_connection:POST http://127.0.0.1:56432/session/d5b165dc45ee31488b6f091248fb32e4/execute/sync {"script": "window.scrollTo(1844, 1135)", "args": []}
DEBUG:urllib3.connectionpool:http://127.0.0.1:56432 "POST /session/d5b165dc45ee31488b6f091248fb32e4/execute/sync HTTP/1.1" 200 14
DEBUG:selenium.webdriver.remote.remote_connection:Finished Request
DEBUG:selenium.webdriver.remote.remote_connection:POST http://127.0.0.1:56432/session/d5b165dc45ee31488b6f091248fb32e4/execute/sync {"script": "return window.scrollY", "args": []}
DEBUG:urllib3.connectionpool:http://127.0.0.1:56432 "POST /session/d5b165dc45ee31488b6f091248fb32e4/execute/sync HTTP/1.1" 200 14
DEBUG:selenium.webdriver.remote.remote_connection:Finished Request
DEBUG:selenium.webdriver.remote.remote_connection:POST http://127.0.0.1:56432/session/d5b165dc45ee31488b6f091248fb32e4/execute/sync {"script": "window.scrollTo(1135, 1730)", "args": []}
DEBUG:urllib3.connectionpool:http://127.0.0.1:56432 "POST /session/d5b165dc45ee31488b6f091248fb32e4/execute/sync HTTP/1.1" 200 14
DEBUG:selenium.webdriver.remote.remote_connection:Finished Request
DEBUG:selenium.webdriver.remote.remote_connection:POST http://127.0.0.1:56432/session/d5b165dc45ee31488b6f091248fb32e4/execute/sync {"script": "return window.scrollY", "args": []}
DEBUG:urllib3.connectionpool:http://127.0.0.1:56432 "POST /session/d5b165dc45ee31488b6f091248fb32e4/execute/sync HTTP/1.1" 200 14
DEBUG:selenium.webdriver.remote.remote_connection:Finished Request
DEBUG:selenium.webdriver.remote.remote_connection:POST http://127.0.0.1:56432/session/d5b165dc45ee31488b6f091248fb32e4/execute/sync {"script": "window.scrollTo(1730, 867)", "args": []}
DEBUG:urllib3.connectionpool:http://127.0.0.1:56432 "POST /session/d5b165dc45ee31488b6f091248fb32e4/execute/sync HTTP/1.1" 200 14
DEBUG:selenium.webdriver.remote.remote_connection:Finished Request
DEBUG:selenium.webdriver.remote.remote_connection:GET http://127.0.0.1:56432/session/d5b165dc45ee31488b6f091248fb32e4/source {}
DEBUG:urllib3.connectionpool:http://127.0.0.1:56432 "GET /session/d5b165dc45ee31488b6f091248fb32e4/source HTTP/1.1" 200 553399
DEBUG:selenium.webdriver.remote.remote_connection:Finished Request
DEBUG:selenium.webdriver.remote.remote_connection:POST http://127.0.0.1:56432/session/d5b165dc45ee31488b6f091248fb32e4/url {"url": "https://www.cmegroup.com/trading/energy/refined-products/heating-oil.html"}
DEBUG:urllib3.connectionpool:http://127.0.0.1:56432 "POST /session/d5b165dc45ee31488b6f091248fb32e4/url HTTP/1.1" 200 14
DEBUG:selenium.webdriver.remote.remote_connection:Finished Request
DEBUG:selenium.webdriver.remote.remote_connection:POST http://127.0.0.1:56432/session/d5b165dc45ee31488b6f091248fb32e4/execute/sync {"script": "return document.body.scrollHeight", "args": []}
DEBUG:urllib3.connectionpool:http://127.0.0.1:56432 "POST /session/d5b165dc45ee31488b6f091248fb32e4/execute/sync HTTP/1.1" 200 14
DEBUG:selenium.webdriver.remote.remote_connection:Finished Request
DEBUG:selenium.webdriver.remote.remote_connection:POST http://127.0.0.1:56432/session/d5b165dc45ee31488b6f091248fb32e4/execute/sync {"script": "return window.scrollY", "args": []}
DEBUG:urllib3.connectionpool:http://127.0.0.1:56432 "POST /session/d5b165dc45ee31488b6f091248fb32e4/execute/sync HTTP/1.1" 200 11
DEBUG:selenium.webdriver.remote.remote_connection:Finished Request
DEBUG:selenium.webdriver.remote.remote_connection:POST http://127.0.0.1:56432/session/d5b165dc45ee31488b6f091248fb32e4/execute/sync {"script": "window.scrollTo(0, 587)", "args": []}
DEBUG:urllib3.connectionpool:http://127.0.0.1:56432 "POST /session/d5b165dc45ee31488b6f091248fb32e4/execute/sync HTTP/1.1" 200 14
DEBUG:selenium.webdriver.remote.remote_connection:Finished Request
DEBUG:selenium.webdriver.remote.remote_connection:POST http://127.0.0.1:56432/session/d5b165dc45ee31488b6f091248fb32e4/execute/sync {"script": "return window.scrollY", "args": []}
DEBUG:urllib3.connectionpool:http://127.0.0.1:56432 "POST /session/d5b165dc45ee31488b6f091248fb32e4/execute/sync HTTP/1.1" 200 13
DEBUG:selenium.webdriver.remote.remote_connection:Finished Request
DEBUG:selenium.webdriver.remote.remote_connection:POST http://127.0.0.1:56432/session/d5b165dc45ee31488b6f091248fb32e4/execute/sync {"script": "window.scrollTo(587, 24)", "args": []}
DEBUG:urllib3.connectionpool:http://127.0.0.1:56432 "POST /session/d5b165dc45ee31488b6f091248fb32e4/execute/sync HTTP/1.1" 200 14
DEBUG:selenium.webdriver.remote.remote_connection:Finished Request
DEBUG:selenium.webdriver.remote.remote_connection:POST http://127.0.0.1:56432/session/d5b165dc45ee31488b6f091248fb32e4/execute/sync {"script": "return window.scrollY", "args": []}
DEBUG:urllib3.connectionpool:http://127.0.0.1:56432 "POST /session/d5b165dc45ee31488b6f091248fb32e4/execute/sync HTTP/1.1" 200 12
DEBUG:selenium.webdriver.remote.remote_connection:Finished Request
DEBUG:selenium.webdriver.remote.remote_connection:POST http://127.0.0.1:56432/session/d5b165dc45ee31488b6f091248fb32e4/execute/sync {"script": "window.scrollTo(24, 754)", "args": []}
DEBUG:urllib3.connectionpool:http://127.0.0.1:56432 "POST /session/d5b165dc45ee31488b6f091248fb32e4/execute/sync HTTP/1.1" 200 14
DEBUG:selenium.webdriver.remote.remote_connection:Finished Request
DEBUG:selenium.webdriver.remote.remote_connection:GET http://127.0.0.1:56432/session/d5b165dc45ee31488b6f091248fb32e4/source {}
DEBUG:urllib3.connectionpool:http://127.0.0.1:56432 "GET /session/d5b165dc45ee31488b6f091248fb32e4/source HTTP/1.1" 200 553263
DEBUG:selenium.webdriver.remote.remote_connection:Finished Request
DEBUG:selenium.webdriver.remote.remote_connection:DELETE http://127.0.0.1:56432/session/d5b165dc45ee31488b6f091248fb32e4/window {}
DEBUG:urllib3.connectionpool:http://127.0.0.1:56432 "DELETE /session/d5b165dc45ee31488b6f091248fb32e4/window HTTP/1.1" 200 14
DEBUG:selenium.webdriver.remote.remote_connection:Finished Request
DEBUG:urllib3.connectionpool:Starting new HTTP connection (1): chromedriver.storage.googleapis.com:80
DEBUG:urllib3.connectionpool:http://chromedriver.storage.googleapis.com:80 "GET /LATEST_RELEASE_83.0.4103 HTTP/1.1" 200 12
INFO:WDM:Trying to download new driver from http://chromedriver.storage.googleapis.com/83.0.4103.39/chromedriver_win32.zip
DEBUG:urllib3.connectionpool:Starting new HTTP connection (1): chromedriver.storage.googleapis.com:80
DEBUG:urllib3.connectionpool:http://chromedriver.storage.googleapis.com:80 "GET /83.0.4103.39/chromedriver_win32.zip HTTP/1.1" 200 4760819
INFO:WDM:Unpack archive C:\Users\GEM7318\.wdm\drivers\chromedriver\83.0.4103.39\win32\chromedriver.zip
DEBUG:selenium.webdriver.remote.remote_connection:POST http://127.0.0.1:65127/session {"capabilities": {"firstMatch": [{}], "alwaysMatch": {"browserName": "chrome", "platformName": "any", "goog:chromeOptions": {"extensions": [], "args": []}}}, "desiredCapabilities": {"browserName": "chrome", "version": "", "platform": "ANY", "goog:chromeOptions": {"extensions": [], "args": []}}}
DEBUG:urllib3.connectionpool:Starting new HTTP connection (1): 127.0.0.1:65127
DEBUG:urllib3.connectionpool:http://127.0.0.1:65127 "POST /session HTTP/1.1" 200 719
DEBUG:selenium.webdriver.remote.remote_connection:Finished Request
DEBUG:selenium.webdriver.remote.remote_connection:POST http://127.0.0.1:65127/session/3afdfee802c0691fa903e88ab7443fe1/window/maximize {}
DEBUG:urllib3.connectionpool:http://127.0.0.1:65127 "POST /session/3afdfee802c0691fa903e88ab7443fe1/window/maximize HTTP/1.1" 200 52
DEBUG:selenium.webdriver.remote.remote_connection:Finished Request
DEBUG:selenium.webdriver.remote.remote_connection:POST http://127.0.0.1:65127/session/3afdfee802c0691fa903e88ab7443fe1/url {"url": "https://www.cmegroup.com/trading/energy/refined-products/heating-oil.html"}
DEBUG:urllib3.connectionpool:http://127.0.0.1:65127 "POST /session/3afdfee802c0691fa903e88ab7443fe1/url HTTP/1.1" 200 14
DEBUG:selenium.webdriver.remote.remote_connection:Finished Request
DEBUG:selenium.webdriver.remote.remote_connection:POST http://127.0.0.1:65127/session/3afdfee802c0691fa903e88ab7443fe1/execute/sync {"script": "return document.body.scrollHeight", "args": []}
DEBUG:urllib3.connectionpool:http://127.0.0.1:65127 "POST /session/3afdfee802c0691fa903e88ab7443fe1/execute/sync HTTP/1.1" 200 14
DEBUG:selenium.webdriver.remote.remote_connection:Finished Request
DEBUG:selenium.webdriver.remote.remote_connection:POST http://127.0.0.1:65127/session/3afdfee802c0691fa903e88ab7443fe1/execute/sync {"script": "return window.scrollY", "args": []}
DEBUG:urllib3.connectionpool:http://127.0.0.1:65127 "POST /session/3afdfee802c0691fa903e88ab7443fe1/execute/sync HTTP/1.1" 200 11
DEBUG:selenium.webdriver.remote.remote_connection:Finished Request
DEBUG:selenium.webdriver.remote.remote_connection:POST http://127.0.0.1:65127/session/3afdfee802c0691fa903e88ab7443fe1/execute/sync {"script": "window.scrollTo(0, 806)", "args": []}
DEBUG:urllib3.connectionpool:http://127.0.0.1:65127 "POST /session/3afdfee802c0691fa903e88ab7443fe1/execute/sync HTTP/1.1" 200 14
DEBUG:selenium.webdriver.remote.remote_connection:Finished Request
DEBUG:selenium.webdriver.remote.remote_connection:POST http://127.0.0.1:65127/session/3afdfee802c0691fa903e88ab7443fe1/execute/sync {"script": "return window.scrollY", "args": []}
DEBUG:urllib3.connectionpool:http://127.0.0.1:65127 "POST /session/3afdfee802c0691fa903e88ab7443fe1/execute/sync HTTP/1.1" 200 13
DEBUG:selenium.webdriver.remote.remote_connection:Finished Request
DEBUG:selenium.webdriver.remote.remote_connection:POST http://127.0.0.1:65127/session/3afdfee802c0691fa903e88ab7443fe1/execute/sync {"script": "window.scrollTo(806, 1425)", "args": []}
DEBUG:urllib3.connectionpool:http://127.0.0.1:65127 "POST /session/3afdfee802c0691fa903e88ab7443fe1/execute/sync HTTP/1.1" 200 14
DEBUG:selenium.webdriver.remote.remote_connection:Finished Request
DEBUG:selenium.webdriver.remote.remote_connection:POST http://127.0.0.1:65127/session/3afdfee802c0691fa903e88ab7443fe1/execute/sync {"script": "return window.scrollY", "args": []}
DEBUG:urllib3.connectionpool:http://127.0.0.1:65127 "POST /session/3afdfee802c0691fa903e88ab7443fe1/execute/sync HTTP/1.1" 200 14
DEBUG:selenium.webdriver.remote.remote_connection:Finished Request
DEBUG:selenium.webdriver.remote.remote_connection:POST http://127.0.0.1:65127/session/3afdfee802c0691fa903e88ab7443fe1/execute/sync {"script": "window.scrollTo(1425, 365)", "args": []}
DEBUG:urllib3.connectionpool:http://127.0.0.1:65127 "POST /session/3afdfee802c0691fa903e88ab7443fe1/execute/sync HTTP/1.1" 200 14
DEBUG:selenium.webdriver.remote.remote_connection:Finished Request
DEBUG:selenium.webdriver.remote.remote_connection:GET http://127.0.0.1:65127/session/3afdfee802c0691fa903e88ab7443fe1/source {}
DEBUG:urllib3.connectionpool:http://127.0.0.1:65127 "GET /session/3afdfee802c0691fa903e88ab7443fe1/source HTTP/1.1" 200 553722
DEBUG:selenium.webdriver.remote.remote_connection:Finished Request
DEBUG:selenium.webdriver.remote.remote_connection:POST http://127.0.0.1:65127/session/3afdfee802c0691fa903e88ab7443fe1/url {"url": "https://www.cmegroup.com/trading/energy/refined-products/rbob-gasoline.html"}
DEBUG:urllib3.connectionpool:http://127.0.0.1:65127 "POST /session/3afdfee802c0691fa903e88ab7443fe1/url HTTP/1.1" 200 14
DEBUG:selenium.webdriver.remote.remote_connection:Finished Request
DEBUG:selenium.webdriver.remote.remote_connection:POST http://127.0.0.1:65127/session/3afdfee802c0691fa903e88ab7443fe1/execute/sync {"script": "return document.body.scrollHeight", "args": []}
DEBUG:urllib3.connectionpool:http://127.0.0.1:65127 "POST /session/3afdfee802c0691fa903e88ab7443fe1/execute/sync HTTP/1.1" 200 14
DEBUG:selenium.webdriver.remote.remote_connection:Finished Request
DEBUG:selenium.webdriver.remote.remote_connection:POST http://127.0.0.1:65127/session/3afdfee802c0691fa903e88ab7443fe1/execute/sync {"script": "return window.scrollY", "args": []}
DEBUG:urllib3.connectionpool:http://127.0.0.1:65127 "POST /session/3afdfee802c0691fa903e88ab7443fe1/execute/sync HTTP/1.1" 200 11
DEBUG:selenium.webdriver.remote.remote_connection:Finished Request
DEBUG:selenium.webdriver.remote.remote_connection:POST http://127.0.0.1:65127/session/3afdfee802c0691fa903e88ab7443fe1/execute/sync {"script": "window.scrollTo(0, 893)", "args": []}
DEBUG:urllib3.connectionpool:http://127.0.0.1:65127 "POST /session/3afdfee802c0691fa903e88ab7443fe1/execute/sync HTTP/1.1" 200 14
DEBUG:selenium.webdriver.remote.remote_connection:Finished Request
DEBUG:selenium.webdriver.remote.remote_connection:POST http://127.0.0.1:65127/session/3afdfee802c0691fa903e88ab7443fe1/execute/sync {"script": "return window.scrollY", "args": []}
DEBUG:urllib3.connectionpool:http://127.0.0.1:65127 "POST /session/3afdfee802c0691fa903e88ab7443fe1/execute/sync HTTP/1.1" 200 13
DEBUG:selenium.webdriver.remote.remote_connection:Finished Request
DEBUG:selenium.webdriver.remote.remote_connection:POST http://127.0.0.1:65127/session/3afdfee802c0691fa903e88ab7443fe1/execute/sync {"script": "window.scrollTo(893, 15)", "args": []}
DEBUG:urllib3.connectionpool:http://127.0.0.1:65127 "POST /session/3afdfee802c0691fa903e88ab7443fe1/execute/sync HTTP/1.1" 200 14
DEBUG:selenium.webdriver.remote.remote_connection:Finished Request
DEBUG:selenium.webdriver.remote.remote_connection:POST http://127.0.0.1:65127/session/3afdfee802c0691fa903e88ab7443fe1/execute/sync {"script": "return window.scrollY", "args": []}
DEBUG:urllib3.connectionpool:http://127.0.0.1:65127 "POST /session/3afdfee802c0691fa903e88ab7443fe1/execute/sync HTTP/1.1" 200 12
DEBUG:selenium.webdriver.remote.remote_connection:Finished Request
DEBUG:selenium.webdriver.remote.remote_connection:POST http://127.0.0.1:65127/session/3afdfee802c0691fa903e88ab7443fe1/execute/sync {"script": "window.scrollTo(15, 945)", "args": []}
DEBUG:urllib3.connectionpool:http://127.0.0.1:65127 "POST /session/3afdfee802c0691fa903e88ab7443fe1/execute/sync HTTP/1.1" 200 14
DEBUG:selenium.webdriver.remote.remote_connection:Finished Request
DEBUG:selenium.webdriver.remote.remote_connection:POST http://127.0.0.1:65127/session/3afdfee802c0691fa903e88ab7443fe1/execute/sync {"script": "return window.scrollY", "args": []}
DEBUG:urllib3.connectionpool:http://127.0.0.1:65127 "POST /session/3afdfee802c0691fa903e88ab7443fe1/execute/sync HTTP/1.1" 200 13
DEBUG:selenium.webdriver.remote.remote_connection:Finished Request
DEBUG:selenium.webdriver.remote.remote_connection:POST http://127.0.0.1:65127/session/3afdfee802c0691fa903e88ab7443fe1/execute/sync {"script": "window.scrollTo(945, 1986)", "args": []}
DEBUG:urllib3.connectionpool:http://127.0.0.1:65127 "POST /session/3afdfee802c0691fa903e88ab7443fe1/execute/sync HTTP/1.1" 200 14
DEBUG:selenium.webdriver.remote.remote_connection:Finished Request
DEBUG:selenium.webdriver.remote.remote_connection:POST http://127.0.0.1:65127/session/3afdfee802c0691fa903e88ab7443fe1/execute/sync {"script": "return window.scrollY", "args": []}
DEBUG:urllib3.connectionpool:http://127.0.0.1:65127 "POST /session/3afdfee802c0691fa903e88ab7443fe1/execute/sync HTTP/1.1" 200 14
DEBUG:selenium.webdriver.remote.remote_connection:Finished Request
DEBUG:selenium.webdriver.remote.remote_connection:POST http://127.0.0.1:65127/session/3afdfee802c0691fa903e88ab7443fe1/execute/sync {"script": "window.scrollTo(1986, 1154)", "args": []}
DEBUG:urllib3.connectionpool:http://127.0.0.1:65127 "POST /session/3afdfee802c0691fa903e88ab7443fe1/execute/sync HTTP/1.1" 200 14
DEBUG:selenium.webdriver.remote.remote_connection:Finished Request
DEBUG:selenium.webdriver.remote.remote_connection:GET http://127.0.0.1:65127/session/3afdfee802c0691fa903e88ab7443fe1/source {}
DEBUG:urllib3.connectionpool:http://127.0.0.1:65127 "GET /session/3afdfee802c0691fa903e88ab7443fe1/source HTTP/1.1" 200 554805
DEBUG:selenium.webdriver.remote.remote_connection:Finished Request
DEBUG:selenium.webdriver.remote.remote_connection:POST http://127.0.0.1:65127/session/3afdfee802c0691fa903e88ab7443fe1/url {"url": "https://www.cmegroup.com/trading/energy/refined-products/gulf-coast-ultra-low-sulfur-diesel-usld-platts-calendar-swap.html"}
DEBUG:urllib3.connectionpool:http://127.0.0.1:65127 "POST /session/3afdfee802c0691fa903e88ab7443fe1/url HTTP/1.1" 200 14
DEBUG:selenium.webdriver.remote.remote_connection:Finished Request
DEBUG:selenium.webdriver.remote.remote_connection:POST http://127.0.0.1:65127/session/3afdfee802c0691fa903e88ab7443fe1/execute/sync {"script": "return document.body.scrollHeight", "args": []}
DEBUG:urllib3.connectionpool:http://127.0.0.1:65127 "POST /session/3afdfee802c0691fa903e88ab7443fe1/execute/sync HTTP/1.1" 200 14
DEBUG:selenium.webdriver.remote.remote_connection:Finished Request
DEBUG:selenium.webdriver.remote.remote_connection:POST http://127.0.0.1:65127/session/3afdfee802c0691fa903e88ab7443fe1/execute/sync {"script": "return window.scrollY", "args": []}
DEBUG:urllib3.connectionpool:http://127.0.0.1:65127 "POST /session/3afdfee802c0691fa903e88ab7443fe1/execute/sync HTTP/1.1" 200 11
DEBUG:selenium.webdriver.remote.remote_connection:Finished Request
DEBUG:selenium.webdriver.remote.remote_connection:POST http://127.0.0.1:65127/session/3afdfee802c0691fa903e88ab7443fe1/execute/sync {"script": "window.scrollTo(0, 582)", "args": []}
DEBUG:urllib3.connectionpool:http://127.0.0.1:65127 "POST /session/3afdfee802c0691fa903e88ab7443fe1/execute/sync HTTP/1.1" 200 14
DEBUG:selenium.webdriver.remote.remote_connection:Finished Request
DEBUG:selenium.webdriver.remote.remote_connection:POST http://127.0.0.1:65127/session/3afdfee802c0691fa903e88ab7443fe1/execute/sync {"script": "return window.scrollY", "args": []}
DEBUG:urllib3.connectionpool:http://127.0.0.1:65127 "POST /session/3afdfee802c0691fa903e88ab7443fe1/execute/sync HTTP/1.1" 200 13
DEBUG:selenium.webdriver.remote.remote_connection:Finished Request
DEBUG:selenium.webdriver.remote.remote_connection:POST http://127.0.0.1:65127/session/3afdfee802c0691fa903e88ab7443fe1/execute/sync {"script": "window.scrollTo(582, 1227)", "args": []}
DEBUG:urllib3.connectionpool:http://127.0.0.1:65127 "POST /session/3afdfee802c0691fa903e88ab7443fe1/execute/sync HTTP/1.1" 200 14
DEBUG:selenium.webdriver.remote.remote_connection:Finished Request
DEBUG:selenium.webdriver.remote.remote_connection:POST http://127.0.0.1:65127/session/3afdfee802c0691fa903e88ab7443fe1/execute/sync {"script": "return window.scrollY", "args": []}
DEBUG:urllib3.connectionpool:http://127.0.0.1:65127 "POST /session/3afdfee802c0691fa903e88ab7443fe1/execute/sync HTTP/1.1" 200 14
DEBUG:selenium.webdriver.remote.remote_connection:Finished Request
DEBUG:selenium.webdriver.remote.remote_connection:POST http://127.0.0.1:65127/session/3afdfee802c0691fa903e88ab7443fe1/execute/sync {"script": "window.scrollTo(1227, 333)", "args": []}
DEBUG:urllib3.connectionpool:http://127.0.0.1:65127 "POST /session/3afdfee802c0691fa903e88ab7443fe1/execute/sync HTTP/1.1" 200 14
DEBUG:selenium.webdriver.remote.remote_connection:Finished Request
DEBUG:selenium.webdriver.remote.remote_connection:GET http://127.0.0.1:65127/session/3afdfee802c0691fa903e88ab7443fe1/source {}
DEBUG:urllib3.connectionpool:http://127.0.0.1:65127 "GET /session/3afdfee802c0691fa903e88ab7443fe1/source HTTP/1.1" 200 558490
DEBUG:selenium.webdriver.remote.remote_connection:Finished Request
DEBUG:selenium.webdriver.remote.remote_connection:POST http://127.0.0.1:65127/session/3afdfee802c0691fa903e88ab7443fe1/url {"url": "https://www.cmegroup.com/trading/energy/refined-products/gulf-coast-no-6-fuel-oil-30pct-sulfur-platts-swap.html"}
DEBUG:urllib3.connectionpool:http://127.0.0.1:65127 "POST /session/3afdfee802c0691fa903e88ab7443fe1/url HTTP/1.1" 200 14
DEBUG:selenium.webdriver.remote.remote_connection:Finished Request
DEBUG:selenium.webdriver.remote.remote_connection:POST http://127.0.0.1:65127/session/3afdfee802c0691fa903e88ab7443fe1/execute/sync {"script": "return document.body.scrollHeight", "args": []}
DEBUG:urllib3.connectionpool:http://127.0.0.1:65127 "POST /session/3afdfee802c0691fa903e88ab7443fe1/execute/sync HTTP/1.1" 200 14
DEBUG:selenium.webdriver.remote.remote_connection:Finished Request
DEBUG:selenium.webdriver.remote.remote_connection:POST http://127.0.0.1:65127/session/3afdfee802c0691fa903e88ab7443fe1/execute/sync {"script": "return window.scrollY", "args": []}
DEBUG:urllib3.connectionpool:http://127.0.0.1:65127 "POST /session/3afdfee802c0691fa903e88ab7443fe1/execute/sync HTTP/1.1" 200 11
DEBUG:selenium.webdriver.remote.remote_connection:Finished Request
DEBUG:selenium.webdriver.remote.remote_connection:POST http://127.0.0.1:65127/session/3afdfee802c0691fa903e88ab7443fe1/execute/sync {"script": "window.scrollTo(0, 643)", "args": []}
DEBUG:urllib3.connectionpool:http://127.0.0.1:65127 "POST /session/3afdfee802c0691fa903e88ab7443fe1/execute/sync HTTP/1.1" 200 14
DEBUG:selenium.webdriver.remote.remote_connection:Finished Request
DEBUG:selenium.webdriver.remote.remote_connection:POST http://127.0.0.1:65127/session/3afdfee802c0691fa903e88ab7443fe1/execute/sync {"script": "return window.scrollY", "args": []}
DEBUG:urllib3.connectionpool:http://127.0.0.1:65127 "POST /session/3afdfee802c0691fa903e88ab7443fe1/execute/sync HTTP/1.1" 200 13
DEBUG:selenium.webdriver.remote.remote_connection:Finished Request
DEBUG:selenium.webdriver.remote.remote_connection:POST http://127.0.0.1:65127/session/3afdfee802c0691fa903e88ab7443fe1/execute/sync {"script": "window.scrollTo(643, 1563)", "args": []}
DEBUG:urllib3.connectionpool:http://127.0.0.1:65127 "POST /session/3afdfee802c0691fa903e88ab7443fe1/execute/sync HTTP/1.1" 200 14
DEBUG:selenium.webdriver.remote.remote_connection:Finished Request
DEBUG:selenium.webdriver.remote.remote_connection:GET http://127.0.0.1:65127/session/3afdfee802c0691fa903e88ab7443fe1/source {}
DEBUG:urllib3.connectionpool:http://127.0.0.1:65127 "GET /session/3afdfee802c0691fa903e88ab7443fe1/source HTTP/1.1" 200 577805
DEBUG:selenium.webdriver.remote.remote_connection:Finished Request
DEBUG:selenium.webdriver.remote.remote_connection:POST http://127.0.0.1:65127/session/3afdfee802c0691fa903e88ab7443fe1/url {"url": "https://www.cmegroup.com/trading/energy/crude-oil/brent-crude-oil.html"}
DEBUG:urllib3.connectionpool:http://127.0.0.1:65127 "POST /session/3afdfee802c0691fa903e88ab7443fe1/url HTTP/1.1" 200 14
DEBUG:selenium.webdriver.remote.remote_connection:Finished Request
DEBUG:selenium.webdriver.remote.remote_connection:POST http://127.0.0.1:65127/session/3afdfee802c0691fa903e88ab7443fe1/execute/sync {"script": "return document.body.scrollHeight", "args": []}
DEBUG:urllib3.connectionpool:http://127.0.0.1:65127 "POST /session/3afdfee802c0691fa903e88ab7443fe1/execute/sync HTTP/1.1" 200 14
DEBUG:selenium.webdriver.remote.remote_connection:Finished Request
DEBUG:selenium.webdriver.remote.remote_connection:POST http://127.0.0.1:65127/session/3afdfee802c0691fa903e88ab7443fe1/execute/sync {"script": "return window.scrollY", "args": []}
DEBUG:urllib3.connectionpool:http://127.0.0.1:65127 "POST /session/3afdfee802c0691fa903e88ab7443fe1/execute/sync HTTP/1.1" 200 11
DEBUG:selenium.webdriver.remote.remote_connection:Finished Request
DEBUG:selenium.webdriver.remote.remote_connection:POST http://127.0.0.1:65127/session/3afdfee802c0691fa903e88ab7443fe1/execute/sync {"script": "window.scrollTo(0, 733)", "args": []}
DEBUG:urllib3.connectionpool:http://127.0.0.1:65127 "POST /session/3afdfee802c0691fa903e88ab7443fe1/execute/sync HTTP/1.1" 200 14
DEBUG:selenium.webdriver.remote.remote_connection:Finished Request
DEBUG:selenium.webdriver.remote.remote_connection:POST http://127.0.0.1:65127/session/3afdfee802c0691fa903e88ab7443fe1/execute/sync {"script": "return window.scrollY", "args": []}
DEBUG:urllib3.connectionpool:http://127.0.0.1:65127 "POST /session/3afdfee802c0691fa903e88ab7443fe1/execute/sync HTTP/1.1" 200 13
DEBUG:selenium.webdriver.remote.remote_connection:Finished Request
DEBUG:selenium.webdriver.remote.remote_connection:POST http://127.0.0.1:65127/session/3afdfee802c0691fa903e88ab7443fe1/execute/sync {"script": "window.scrollTo(733, 1794)", "args": []}
DEBUG:urllib3.connectionpool:http://127.0.0.1:65127 "POST /session/3afdfee802c0691fa903e88ab7443fe1/execute/sync HTTP/1.1" 200 14
DEBUG:selenium.webdriver.remote.remote_connection:Finished Request
DEBUG:selenium.webdriver.remote.remote_connection:POST http://127.0.0.1:65127/session/3afdfee802c0691fa903e88ab7443fe1/execute/sync {"script": "return window.scrollY", "args": []}
DEBUG:urllib3.connectionpool:http://127.0.0.1:65127 "POST /session/3afdfee802c0691fa903e88ab7443fe1/execute/sync HTTP/1.1" 200 14
DEBUG:selenium.webdriver.remote.remote_connection:Finished Request
DEBUG:selenium.webdriver.remote.remote_connection:POST http://127.0.0.1:65127/session/3afdfee802c0691fa903e88ab7443fe1/execute/sync {"script": "window.scrollTo(1794, 1170)", "args": []}
DEBUG:urllib3.connectionpool:http://127.0.0.1:65127 "POST /session/3afdfee802c0691fa903e88ab7443fe1/execute/sync HTTP/1.1" 200 14
DEBUG:selenium.webdriver.remote.remote_connection:Finished Request
DEBUG:selenium.webdriver.remote.remote_connection:POST http://127.0.0.1:65127/session/3afdfee802c0691fa903e88ab7443fe1/execute/sync {"script": "return window.scrollY", "args": []}
DEBUG:urllib3.connectionpool:http://127.0.0.1:65127 "POST /session/3afdfee802c0691fa903e88ab7443fe1/execute/sync HTTP/1.1" 200 14
DEBUG:selenium.webdriver.remote.remote_connection:Finished Request
DEBUG:selenium.webdriver.remote.remote_connection:POST http://127.0.0.1:65127/session/3afdfee802c0691fa903e88ab7443fe1/execute/sync {"script": "window.scrollTo(1170, 2002)", "args": []}
DEBUG:urllib3.connectionpool:http://127.0.0.1:65127 "POST /session/3afdfee802c0691fa903e88ab7443fe1/execute/sync HTTP/1.1" 200 14
DEBUG:selenium.webdriver.remote.remote_connection:Finished Request
DEBUG:selenium.webdriver.remote.remote_connection:GET http://127.0.0.1:65127/session/3afdfee802c0691fa903e88ab7443fe1/source {}
DEBUG:urllib3.connectionpool:http://127.0.0.1:65127 "GET /session/3afdfee802c0691fa903e88ab7443fe1/source HTTP/1.1" 200 650748
DEBUG:selenium.webdriver.remote.remote_connection:Finished Request
DEBUG:selenium.webdriver.remote.remote_connection:POST http://127.0.0.1:65127/session/3afdfee802c0691fa903e88ab7443fe1/url {"url": "https://www.cmegroup.com/trading/energy/crude-oil/light-sweet-crude_quotes_globex.html"}
DEBUG:urllib3.connectionpool:http://127.0.0.1:65127 "POST /session/3afdfee802c0691fa903e88ab7443fe1/url HTTP/1.1" 200 14
DEBUG:selenium.webdriver.remote.remote_connection:Finished Request
DEBUG:selenium.webdriver.remote.remote_connection:POST http://127.0.0.1:65127/session/3afdfee802c0691fa903e88ab7443fe1/execute/sync {"script": "return document.body.scrollHeight", "args": []}
DEBUG:urllib3.connectionpool:http://127.0.0.1:65127 "POST /session/3afdfee802c0691fa903e88ab7443fe1/execute/sync HTTP/1.1" 200 14
DEBUG:selenium.webdriver.remote.remote_connection:Finished Request
DEBUG:selenium.webdriver.remote.remote_connection:POST http://127.0.0.1:65127/session/3afdfee802c0691fa903e88ab7443fe1/execute/sync {"script": "return window.scrollY", "args": []}
DEBUG:urllib3.connectionpool:http://127.0.0.1:65127 "POST /session/3afdfee802c0691fa903e88ab7443fe1/execute/sync HTTP/1.1" 200 11
DEBUG:selenium.webdriver.remote.remote_connection:Finished Request
DEBUG:selenium.webdriver.remote.remote_connection:POST http://127.0.0.1:65127/session/3afdfee802c0691fa903e88ab7443fe1/execute/sync {"script": "window.scrollTo(0, 592)", "args": []}
DEBUG:urllib3.connectionpool:http://127.0.0.1:65127 "POST /session/3afdfee802c0691fa903e88ab7443fe1/execute/sync HTTP/1.1" 200 14
DEBUG:selenium.webdriver.remote.remote_connection:Finished Request
DEBUG:selenium.webdriver.remote.remote_connection:POST http://127.0.0.1:65127/session/3afdfee802c0691fa903e88ab7443fe1/execute/sync {"script": "return window.scrollY", "args": []}
DEBUG:urllib3.connectionpool:http://127.0.0.1:65127 "POST /session/3afdfee802c0691fa903e88ab7443fe1/execute/sync HTTP/1.1" 200 13
DEBUG:selenium.webdriver.remote.remote_connection:Finished Request
DEBUG:selenium.webdriver.remote.remote_connection:POST http://127.0.0.1:65127/session/3afdfee802c0691fa903e88ab7443fe1/execute/sync {"script": "window.scrollTo(592, 14)", "args": []}
DEBUG:urllib3.connectionpool:http://127.0.0.1:65127 "POST /session/3afdfee802c0691fa903e88ab7443fe1/execute/sync HTTP/1.1" 200 14
DEBUG:selenium.webdriver.remote.remote_connection:Finished Request
DEBUG:selenium.webdriver.remote.remote_connection:POST http://127.0.0.1:65127/session/3afdfee802c0691fa903e88ab7443fe1/execute/sync {"script": "return window.scrollY", "args": []}
DEBUG:urllib3.connectionpool:http://127.0.0.1:65127 "POST /session/3afdfee802c0691fa903e88ab7443fe1/execute/sync HTTP/1.1" 200 12
DEBUG:selenium.webdriver.remote.remote_connection:Finished Request
DEBUG:selenium.webdriver.remote.remote_connection:POST http://127.0.0.1:65127/session/3afdfee802c0691fa903e88ab7443fe1/execute/sync {"script": "window.scrollTo(14, 835)", "args": []}
DEBUG:urllib3.connectionpool:http://127.0.0.1:65127 "POST /session/3afdfee802c0691fa903e88ab7443fe1/execute/sync HTTP/1.1" 200 14
DEBUG:selenium.webdriver.remote.remote_connection:Finished Request
DEBUG:selenium.webdriver.remote.remote_connection:POST http://127.0.0.1:65127/session/3afdfee802c0691fa903e88ab7443fe1/execute/sync {"script": "return window.scrollY", "args": []}
DEBUG:urllib3.connectionpool:http://127.0.0.1:65127 "POST /session/3afdfee802c0691fa903e88ab7443fe1/execute/sync HTTP/1.1" 200 13
DEBUG:selenium.webdriver.remote.remote_connection:Finished Request
DEBUG:selenium.webdriver.remote.remote_connection:POST http://127.0.0.1:65127/session/3afdfee802c0691fa903e88ab7443fe1/execute/sync {"script": "window.scrollTo(835, 1674)", "args": []}
DEBUG:urllib3.connectionpool:http://127.0.0.1:65127 "POST /session/3afdfee802c0691fa903e88ab7443fe1/execute/sync HTTP/1.1" 200 14
DEBUG:selenium.webdriver.remote.remote_connection:Finished Request
DEBUG:selenium.webdriver.remote.remote_connection:GET http://127.0.0.1:65127/session/3afdfee802c0691fa903e88ab7443fe1/source {}
DEBUG:urllib3.connectionpool:http://127.0.0.1:65127 "GET /session/3afdfee802c0691fa903e88ab7443fe1/source HTTP/1.1" 200 752899
DEBUG:selenium.webdriver.remote.remote_connection:Finished Request
DEBUG:selenium.webdriver.remote.remote_connection:DELETE http://127.0.0.1:65127/session/3afdfee802c0691fa903e88ab7443fe1/window {}
DEBUG:urllib3.connectionpool:http://127.0.0.1:65127 "DELETE /session/3afdfee802c0691fa903e88ab7443fe1/window HTTP/1.1" 200 14
DEBUG:selenium.webdriver.remote.remote_connection:Finished Request
INFO:WDM:Looking for [chromedriver 83.0.4103.39 win32] driver in cache 
INFO:WDM:File found in cache by path [C:\Users\GEM7318\.wdm\drivers\chromedriver\83.0.4103.39\win32\chromedriver.exe]
DEBUG:selenium.webdriver.remote.remote_connection:POST http://127.0.0.1:57849/session {"capabilities": {"firstMatch": [{}], "alwaysMatch": {"browserName": "chrome", "platformName": "any", "goog:chromeOptions": {"extensions": [], "args": []}}}, "desiredCapabilities": {"browserName": "chrome", "version": "", "platform": "ANY", "goog:chromeOptions": {"extensions": [], "args": []}}}
DEBUG:urllib3.connectionpool:Starting new HTTP connection (1): 127.0.0.1:57849
DEBUG:urllib3.connectionpool:http://127.0.0.1:57849 "POST /session HTTP/1.1" 200 717
DEBUG:selenium.webdriver.remote.remote_connection:Finished Request
DEBUG:selenium.webdriver.remote.remote_connection:POST http://127.0.0.1:57849/session/a1ebfe56697401585541b044e5fcdf1c/window/maximize {}
DEBUG:urllib3.connectionpool:http://127.0.0.1:57849 "POST /session/a1ebfe56697401585541b044e5fcdf1c/window/maximize HTTP/1.1" 200 51
DEBUG:selenium.webdriver.remote.remote_connection:Finished Request
DEBUG:selenium.webdriver.remote.remote_connection:POST http://127.0.0.1:57849/session/a1ebfe56697401585541b044e5fcdf1c/url {"url": "https://www.cmegroup.com/trading/energy/crude-oil/brent-crude-oil.html"}
DEBUG:urllib3.connectionpool:http://127.0.0.1:57849 "POST /session/a1ebfe56697401585541b044e5fcdf1c/url HTTP/1.1" 200 14
DEBUG:selenium.webdriver.remote.remote_connection:Finished Request
DEBUG:selenium.webdriver.remote.remote_connection:POST http://127.0.0.1:57849/session/a1ebfe56697401585541b044e5fcdf1c/execute/sync {"script": "return document.body.scrollHeight", "args": []}
DEBUG:urllib3.connectionpool:http://127.0.0.1:57849 "POST /session/a1ebfe56697401585541b044e5fcdf1c/execute/sync HTTP/1.1" 200 14
DEBUG:selenium.webdriver.remote.remote_connection:Finished Request
DEBUG:selenium.webdriver.remote.remote_connection:POST http://127.0.0.1:57849/session/a1ebfe56697401585541b044e5fcdf1c/execute/sync {"script": "return window.scrollY", "args": []}
DEBUG:urllib3.connectionpool:http://127.0.0.1:57849 "POST /session/a1ebfe56697401585541b044e5fcdf1c/execute/sync HTTP/1.1" 200 11
DEBUG:selenium.webdriver.remote.remote_connection:Finished Request
DEBUG:selenium.webdriver.remote.remote_connection:POST http://127.0.0.1:57849/session/a1ebfe56697401585541b044e5fcdf1c/execute/sync {"script": "window.scrollTo(0, 939)", "args": []}
DEBUG:urllib3.connectionpool:http://127.0.0.1:57849 "POST /session/a1ebfe56697401585541b044e5fcdf1c/execute/sync HTTP/1.1" 200 14
DEBUG:selenium.webdriver.remote.remote_connection:Finished Request
DEBUG:selenium.webdriver.remote.remote_connection:POST http://127.0.0.1:57849/session/a1ebfe56697401585541b044e5fcdf1c/execute/sync {"script": "return window.scrollY", "args": []}
DEBUG:urllib3.connectionpool:http://127.0.0.1:57849 "POST /session/a1ebfe56697401585541b044e5fcdf1c/execute/sync HTTP/1.1" 200 13
DEBUG:selenium.webdriver.remote.remote_connection:Finished Request
DEBUG:selenium.webdriver.remote.remote_connection:POST http://127.0.0.1:57849/session/a1ebfe56697401585541b044e5fcdf1c/execute/sync {"script": "window.scrollTo(939, 1836)", "args": []}
DEBUG:urllib3.connectionpool:http://127.0.0.1:57849 "POST /session/a1ebfe56697401585541b044e5fcdf1c/execute/sync HTTP/1.1" 200 14
DEBUG:selenium.webdriver.remote.remote_connection:Finished Request
DEBUG:selenium.webdriver.remote.remote_connection:POST http://127.0.0.1:57849/session/a1ebfe56697401585541b044e5fcdf1c/execute/sync {"script": "return window.scrollY", "args": []}
DEBUG:urllib3.connectionpool:http://127.0.0.1:57849 "POST /session/a1ebfe56697401585541b044e5fcdf1c/execute/sync HTTP/1.1" 200 14
DEBUG:selenium.webdriver.remote.remote_connection:Finished Request
DEBUG:selenium.webdriver.remote.remote_connection:POST http://127.0.0.1:57849/session/a1ebfe56697401585541b044e5fcdf1c/execute/sync {"script": "window.scrollTo(1836, 906)", "args": []}
DEBUG:urllib3.connectionpool:http://127.0.0.1:57849 "POST /session/a1ebfe56697401585541b044e5fcdf1c/execute/sync HTTP/1.1" 200 14
DEBUG:selenium.webdriver.remote.remote_connection:Finished Request
DEBUG:selenium.webdriver.remote.remote_connection:POST http://127.0.0.1:57849/session/a1ebfe56697401585541b044e5fcdf1c/execute/sync {"script": "return window.scrollY", "args": []}
DEBUG:urllib3.connectionpool:http://127.0.0.1:57849 "POST /session/a1ebfe56697401585541b044e5fcdf1c/execute/sync HTTP/1.1" 200 13
DEBUG:selenium.webdriver.remote.remote_connection:Finished Request
DEBUG:selenium.webdriver.remote.remote_connection:POST http://127.0.0.1:57849/session/a1ebfe56697401585541b044e5fcdf1c/execute/sync {"script": "window.scrollTo(906, 1940)", "args": []}
DEBUG:urllib3.connectionpool:http://127.0.0.1:57849 "POST /session/a1ebfe56697401585541b044e5fcdf1c/execute/sync HTTP/1.1" 200 14
DEBUG:selenium.webdriver.remote.remote_connection:Finished Request
DEBUG:selenium.webdriver.remote.remote_connection:GET http://127.0.0.1:57849/session/a1ebfe56697401585541b044e5fcdf1c/source {}
DEBUG:urllib3.connectionpool:http://127.0.0.1:57849 "GET /session/a1ebfe56697401585541b044e5fcdf1c/source HTTP/1.1" 200 649505
DEBUG:selenium.webdriver.remote.remote_connection:Finished Request
DEBUG:selenium.webdriver.remote.remote_connection:POST http://127.0.0.1:57849/session/a1ebfe56697401585541b044e5fcdf1c/url {"url": "https://www.cmegroup.com/trading/energy/refined-products/gulf-coast-ultra-low-sulfur-diesel-usld-platts-calendar-swap.html"}
DEBUG:urllib3.connectionpool:http://127.0.0.1:57849 "POST /session/a1ebfe56697401585541b044e5fcdf1c/url HTTP/1.1" 200 14
DEBUG:selenium.webdriver.remote.remote_connection:Finished Request
DEBUG:selenium.webdriver.remote.remote_connection:POST http://127.0.0.1:57849/session/a1ebfe56697401585541b044e5fcdf1c/execute/sync {"script": "return document.body.scrollHeight", "args": []}
DEBUG:urllib3.connectionpool:http://127.0.0.1:57849 "POST /session/a1ebfe56697401585541b044e5fcdf1c/execute/sync HTTP/1.1" 200 14
DEBUG:selenium.webdriver.remote.remote_connection:Finished Request
DEBUG:selenium.webdriver.remote.remote_connection:POST http://127.0.0.1:57849/session/a1ebfe56697401585541b044e5fcdf1c/execute/sync {"script": "return window.scrollY", "args": []}
DEBUG:urllib3.connectionpool:http://127.0.0.1:57849 "POST /session/a1ebfe56697401585541b044e5fcdf1c/execute/sync HTTP/1.1" 200 11
DEBUG:selenium.webdriver.remote.remote_connection:Finished Request
DEBUG:selenium.webdriver.remote.remote_connection:POST http://127.0.0.1:57849/session/a1ebfe56697401585541b044e5fcdf1c/execute/sync {"script": "window.scrollTo(0, 942)", "args": []}
DEBUG:urllib3.connectionpool:http://127.0.0.1:57849 "POST /session/a1ebfe56697401585541b044e5fcdf1c/execute/sync HTTP/1.1" 200 14
DEBUG:selenium.webdriver.remote.remote_connection:Finished Request
DEBUG:selenium.webdriver.remote.remote_connection:POST http://127.0.0.1:57849/session/a1ebfe56697401585541b044e5fcdf1c/execute/sync {"script": "return window.scrollY", "args": []}
DEBUG:urllib3.connectionpool:http://127.0.0.1:57849 "POST /session/a1ebfe56697401585541b044e5fcdf1c/execute/sync HTTP/1.1" 200 13
DEBUG:selenium.webdriver.remote.remote_connection:Finished Request
DEBUG:selenium.webdriver.remote.remote_connection:POST http://127.0.0.1:57849/session/a1ebfe56697401585541b044e5fcdf1c/execute/sync {"script": "window.scrollTo(942, 210)", "args": []}
DEBUG:urllib3.connectionpool:http://127.0.0.1:57849 "POST /session/a1ebfe56697401585541b044e5fcdf1c/execute/sync HTTP/1.1" 200 14
DEBUG:selenium.webdriver.remote.remote_connection:Finished Request
DEBUG:selenium.webdriver.remote.remote_connection:POST http://127.0.0.1:57849/session/a1ebfe56697401585541b044e5fcdf1c/execute/sync {"script": "return window.scrollY", "args": []}
DEBUG:urllib3.connectionpool:http://127.0.0.1:57849 "POST /session/a1ebfe56697401585541b044e5fcdf1c/execute/sync HTTP/1.1" 200 13
DEBUG:selenium.webdriver.remote.remote_connection:Finished Request
DEBUG:selenium.webdriver.remote.remote_connection:POST http://127.0.0.1:57849/session/a1ebfe56697401585541b044e5fcdf1c/execute/sync {"script": "window.scrollTo(210, 1002)", "args": []}
DEBUG:urllib3.connectionpool:http://127.0.0.1:57849 "POST /session/a1ebfe56697401585541b044e5fcdf1c/execute/sync HTTP/1.1" 200 14
DEBUG:selenium.webdriver.remote.remote_connection:Finished Request
DEBUG:selenium.webdriver.remote.remote_connection:POST http://127.0.0.1:57849/session/a1ebfe56697401585541b044e5fcdf1c/execute/sync {"script": "return window.scrollY", "args": []}
DEBUG:urllib3.connectionpool:http://127.0.0.1:57849 "POST /session/a1ebfe56697401585541b044e5fcdf1c/execute/sync HTTP/1.1" 200 14
DEBUG:selenium.webdriver.remote.remote_connection:Finished Request
DEBUG:selenium.webdriver.remote.remote_connection:POST http://127.0.0.1:57849/session/a1ebfe56697401585541b044e5fcdf1c/execute/sync {"script": "window.scrollTo(1002, 1798)", "args": []}
DEBUG:urllib3.connectionpool:http://127.0.0.1:57849 "POST /session/a1ebfe56697401585541b044e5fcdf1c/execute/sync HTTP/1.1" 200 14
DEBUG:selenium.webdriver.remote.remote_connection:Finished Request
DEBUG:selenium.webdriver.remote.remote_connection:GET http://127.0.0.1:57849/session/a1ebfe56697401585541b044e5fcdf1c/source {}
DEBUG:urllib3.connectionpool:http://127.0.0.1:57849 "GET /session/a1ebfe56697401585541b044e5fcdf1c/source HTTP/1.1" 200 558205
DEBUG:selenium.webdriver.remote.remote_connection:Finished Request
DEBUG:selenium.webdriver.remote.remote_connection:POST http://127.0.0.1:57849/session/a1ebfe56697401585541b044e5fcdf1c/url {"url": "https://www.cmegroup.com/trading/energy/crude-oil/light-sweet-crude_quotes_globex.html"}
DEBUG:urllib3.connectionpool:http://127.0.0.1:57849 "POST /session/a1ebfe56697401585541b044e5fcdf1c/url HTTP/1.1" 200 14
DEBUG:selenium.webdriver.remote.remote_connection:Finished Request
DEBUG:selenium.webdriver.remote.remote_connection:POST http://127.0.0.1:57849/session/a1ebfe56697401585541b044e5fcdf1c/execute/sync {"script": "return document.body.scrollHeight", "args": []}
DEBUG:urllib3.connectionpool:http://127.0.0.1:57849 "POST /session/a1ebfe56697401585541b044e5fcdf1c/execute/sync HTTP/1.1" 200 15
DEBUG:selenium.webdriver.remote.remote_connection:Finished Request
DEBUG:selenium.webdriver.remote.remote_connection:POST http://127.0.0.1:57849/session/a1ebfe56697401585541b044e5fcdf1c/execute/sync {"script": "return window.scrollY", "args": []}
DEBUG:urllib3.connectionpool:http://127.0.0.1:57849 "POST /session/a1ebfe56697401585541b044e5fcdf1c/execute/sync HTTP/1.1" 200 11
DEBUG:selenium.webdriver.remote.remote_connection:Finished Request
DEBUG:selenium.webdriver.remote.remote_connection:POST http://127.0.0.1:57849/session/a1ebfe56697401585541b044e5fcdf1c/execute/sync {"script": "window.scrollTo(0, 572)", "args": []}
DEBUG:urllib3.connectionpool:http://127.0.0.1:57849 "POST /session/a1ebfe56697401585541b044e5fcdf1c/execute/sync HTTP/1.1" 200 14
DEBUG:selenium.webdriver.remote.remote_connection:Finished Request
DEBUG:selenium.webdriver.remote.remote_connection:POST http://127.0.0.1:57849/session/a1ebfe56697401585541b044e5fcdf1c/execute/sync {"script": "return window.scrollY", "args": []}
DEBUG:urllib3.connectionpool:http://127.0.0.1:57849 "POST /session/a1ebfe56697401585541b044e5fcdf1c/execute/sync HTTP/1.1" 200 13
DEBUG:selenium.webdriver.remote.remote_connection:Finished Request
DEBUG:selenium.webdriver.remote.remote_connection:POST http://127.0.0.1:57849/session/a1ebfe56697401585541b044e5fcdf1c/execute/sync {"script": "window.scrollTo(572, 1383)", "args": []}
DEBUG:urllib3.connectionpool:http://127.0.0.1:57849 "POST /session/a1ebfe56697401585541b044e5fcdf1c/execute/sync HTTP/1.1" 200 14
DEBUG:selenium.webdriver.remote.remote_connection:Finished Request
DEBUG:selenium.webdriver.remote.remote_connection:POST http://127.0.0.1:57849/session/a1ebfe56697401585541b044e5fcdf1c/execute/sync {"script": "return window.scrollY", "args": []}
DEBUG:urllib3.connectionpool:http://127.0.0.1:57849 "POST /session/a1ebfe56697401585541b044e5fcdf1c/execute/sync HTTP/1.1" 200 14
DEBUG:selenium.webdriver.remote.remote_connection:Finished Request
DEBUG:selenium.webdriver.remote.remote_connection:POST http://127.0.0.1:57849/session/a1ebfe56697401585541b044e5fcdf1c/execute/sync {"script": "window.scrollTo(1383, 651)", "args": []}
DEBUG:urllib3.connectionpool:http://127.0.0.1:57849 "POST /session/a1ebfe56697401585541b044e5fcdf1c/execute/sync HTTP/1.1" 200 14
DEBUG:selenium.webdriver.remote.remote_connection:Finished Request
DEBUG:selenium.webdriver.remote.remote_connection:GET http://127.0.0.1:57849/session/a1ebfe56697401585541b044e5fcdf1c/source {}
DEBUG:urllib3.connectionpool:http://127.0.0.1:57849 "GET /session/a1ebfe56697401585541b044e5fcdf1c/source HTTP/1.1" 200 752293
DEBUG:selenium.webdriver.remote.remote_connection:Finished Request
DEBUG:selenium.webdriver.remote.remote_connection:POST http://127.0.0.1:57849/session/a1ebfe56697401585541b044e5fcdf1c/url {"url": "https://www.cmegroup.com/trading/energy/refined-products/heating-oil.html"}
DEBUG:urllib3.connectionpool:http://127.0.0.1:57849 "POST /session/a1ebfe56697401585541b044e5fcdf1c/url HTTP/1.1" 200 14
DEBUG:selenium.webdriver.remote.remote_connection:Finished Request
DEBUG:selenium.webdriver.remote.remote_connection:POST http://127.0.0.1:57849/session/a1ebfe56697401585541b044e5fcdf1c/execute/sync {"script": "return document.body.scrollHeight", "args": []}
DEBUG:urllib3.connectionpool:http://127.0.0.1:57849 "POST /session/a1ebfe56697401585541b044e5fcdf1c/execute/sync HTTP/1.1" 200 14
DEBUG:selenium.webdriver.remote.remote_connection:Finished Request
DEBUG:selenium.webdriver.remote.remote_connection:POST http://127.0.0.1:57849/session/a1ebfe56697401585541b044e5fcdf1c/execute/sync {"script": "return window.scrollY", "args": []}
DEBUG:urllib3.connectionpool:http://127.0.0.1:57849 "POST /session/a1ebfe56697401585541b044e5fcdf1c/execute/sync HTTP/1.1" 200 11
DEBUG:selenium.webdriver.remote.remote_connection:Finished Request
DEBUG:selenium.webdriver.remote.remote_connection:POST http://127.0.0.1:57849/session/a1ebfe56697401585541b044e5fcdf1c/execute/sync {"script": "window.scrollTo(0, 752)", "args": []}
DEBUG:urllib3.connectionpool:http://127.0.0.1:57849 "POST /session/a1ebfe56697401585541b044e5fcdf1c/execute/sync HTTP/1.1" 200 14
DEBUG:selenium.webdriver.remote.remote_connection:Finished Request
DEBUG:selenium.webdriver.remote.remote_connection:POST http://127.0.0.1:57849/session/a1ebfe56697401585541b044e5fcdf1c/execute/sync {"script": "return window.scrollY", "args": []}
DEBUG:urllib3.connectionpool:http://127.0.0.1:57849 "POST /session/a1ebfe56697401585541b044e5fcdf1c/execute/sync HTTP/1.1" 200 13
DEBUG:selenium.webdriver.remote.remote_connection:Finished Request
DEBUG:selenium.webdriver.remote.remote_connection:POST http://127.0.0.1:57849/session/a1ebfe56697401585541b044e5fcdf1c/execute/sync {"script": "window.scrollTo(752, 1628)", "args": []}
DEBUG:urllib3.connectionpool:http://127.0.0.1:57849 "POST /session/a1ebfe56697401585541b044e5fcdf1c/execute/sync HTTP/1.1" 200 14
DEBUG:selenium.webdriver.remote.remote_connection:Finished Request
DEBUG:selenium.webdriver.remote.remote_connection:POST http://127.0.0.1:57849/session/a1ebfe56697401585541b044e5fcdf1c/execute/sync {"script": "return window.scrollY", "args": []}
DEBUG:urllib3.connectionpool:http://127.0.0.1:57849 "POST /session/a1ebfe56697401585541b044e5fcdf1c/execute/sync HTTP/1.1" 200 14
DEBUG:selenium.webdriver.remote.remote_connection:Finished Request
DEBUG:selenium.webdriver.remote.remote_connection:POST http://127.0.0.1:57849/session/a1ebfe56697401585541b044e5fcdf1c/execute/sync {"script": "window.scrollTo(1628, 2244)", "args": []}
DEBUG:urllib3.connectionpool:http://127.0.0.1:57849 "POST /session/a1ebfe56697401585541b044e5fcdf1c/execute/sync HTTP/1.1" 200 14
DEBUG:selenium.webdriver.remote.remote_connection:Finished Request
DEBUG:selenium.webdriver.remote.remote_connection:GET http://127.0.0.1:57849/session/a1ebfe56697401585541b044e5fcdf1c/source {}
DEBUG:urllib3.connectionpool:http://127.0.0.1:57849 "GET /session/a1ebfe56697401585541b044e5fcdf1c/source HTTP/1.1" 200 552629
DEBUG:selenium.webdriver.remote.remote_connection:Finished Request
DEBUG:selenium.webdriver.remote.remote_connection:POST http://127.0.0.1:57849/session/a1ebfe56697401585541b044e5fcdf1c/url {"url": "https://www.cmegroup.com/trading/energy/refined-products/gulf-coast-no-6-fuel-oil-30pct-sulfur-platts-swap.html"}
DEBUG:urllib3.connectionpool:http://127.0.0.1:57849 "POST /session/a1ebfe56697401585541b044e5fcdf1c/url HTTP/1.1" 200 14
DEBUG:selenium.webdriver.remote.remote_connection:Finished Request
DEBUG:selenium.webdriver.remote.remote_connection:POST http://127.0.0.1:57849/session/a1ebfe56697401585541b044e5fcdf1c/execute/sync {"script": "return document.body.scrollHeight", "args": []}
DEBUG:urllib3.connectionpool:http://127.0.0.1:57849 "POST /session/a1ebfe56697401585541b044e5fcdf1c/execute/sync HTTP/1.1" 200 14
DEBUG:selenium.webdriver.remote.remote_connection:Finished Request
DEBUG:selenium.webdriver.remote.remote_connection:POST http://127.0.0.1:57849/session/a1ebfe56697401585541b044e5fcdf1c/execute/sync {"script": "return window.scrollY", "args": []}
DEBUG:urllib3.connectionpool:http://127.0.0.1:57849 "POST /session/a1ebfe56697401585541b044e5fcdf1c/execute/sync HTTP/1.1" 200 11
DEBUG:selenium.webdriver.remote.remote_connection:Finished Request
DEBUG:selenium.webdriver.remote.remote_connection:POST http://127.0.0.1:57849/session/a1ebfe56697401585541b044e5fcdf1c/execute/sync {"script": "window.scrollTo(0, 561)", "args": []}
DEBUG:urllib3.connectionpool:http://127.0.0.1:57849 "POST /session/a1ebfe56697401585541b044e5fcdf1c/execute/sync HTTP/1.1" 200 14
DEBUG:selenium.webdriver.remote.remote_connection:Finished Request
DEBUG:selenium.webdriver.remote.remote_connection:POST http://127.0.0.1:57849/session/a1ebfe56697401585541b044e5fcdf1c/execute/sync {"script": "return window.scrollY", "args": []}
DEBUG:urllib3.connectionpool:http://127.0.0.1:57849 "POST /session/a1ebfe56697401585541b044e5fcdf1c/execute/sync HTTP/1.1" 200 13
DEBUG:selenium.webdriver.remote.remote_connection:Finished Request
DEBUG:selenium.webdriver.remote.remote_connection:POST http://127.0.0.1:57849/session/a1ebfe56697401585541b044e5fcdf1c/execute/sync {"script": "window.scrollTo(561, 1600)", "args": []}
DEBUG:urllib3.connectionpool:http://127.0.0.1:57849 "POST /session/a1ebfe56697401585541b044e5fcdf1c/execute/sync HTTP/1.1" 200 14
DEBUG:selenium.webdriver.remote.remote_connection:Finished Request
DEBUG:selenium.webdriver.remote.remote_connection:POST http://127.0.0.1:57849/session/a1ebfe56697401585541b044e5fcdf1c/execute/sync {"script": "return window.scrollY", "args": []}
DEBUG:urllib3.connectionpool:http://127.0.0.1:57849 "POST /session/a1ebfe56697401585541b044e5fcdf1c/execute/sync HTTP/1.1" 200 14
DEBUG:selenium.webdriver.remote.remote_connection:Finished Request
DEBUG:selenium.webdriver.remote.remote_connection:POST http://127.0.0.1:57849/session/a1ebfe56697401585541b044e5fcdf1c/execute/sync {"script": "window.scrollTo(1600, 2530)", "args": []}
DEBUG:urllib3.connectionpool:http://127.0.0.1:57849 "POST /session/a1ebfe56697401585541b044e5fcdf1c/execute/sync HTTP/1.1" 200 14
DEBUG:selenium.webdriver.remote.remote_connection:Finished Request
DEBUG:selenium.webdriver.remote.remote_connection:GET http://127.0.0.1:57849/session/a1ebfe56697401585541b044e5fcdf1c/source {}
DEBUG:urllib3.connectionpool:http://127.0.0.1:57849 "GET /session/a1ebfe56697401585541b044e5fcdf1c/source HTTP/1.1" 200 576970
DEBUG:selenium.webdriver.remote.remote_connection:Finished Request
DEBUG:selenium.webdriver.remote.remote_connection:POST http://127.0.0.1:57849/session/a1ebfe56697401585541b044e5fcdf1c/url {"url": "https://www.cmegroup.com/trading/energy/refined-products/rbob-gasoline.html"}
DEBUG:urllib3.connectionpool:http://127.0.0.1:57849 "POST /session/a1ebfe56697401585541b044e5fcdf1c/url HTTP/1.1" 200 14
DEBUG:selenium.webdriver.remote.remote_connection:Finished Request
DEBUG:selenium.webdriver.remote.remote_connection:POST http://127.0.0.1:57849/session/a1ebfe56697401585541b044e5fcdf1c/execute/sync {"script": "return document.body.scrollHeight", "args": []}
DEBUG:urllib3.connectionpool:http://127.0.0.1:57849 "POST /session/a1ebfe56697401585541b044e5fcdf1c/execute/sync HTTP/1.1" 200 14
DEBUG:selenium.webdriver.remote.remote_connection:Finished Request
DEBUG:selenium.webdriver.remote.remote_connection:POST http://127.0.0.1:57849/session/a1ebfe56697401585541b044e5fcdf1c/execute/sync {"script": "return window.scrollY", "args": []}
DEBUG:urllib3.connectionpool:http://127.0.0.1:57849 "POST /session/a1ebfe56697401585541b044e5fcdf1c/execute/sync HTTP/1.1" 200 11
DEBUG:selenium.webdriver.remote.remote_connection:Finished Request
DEBUG:selenium.webdriver.remote.remote_connection:POST http://127.0.0.1:57849/session/a1ebfe56697401585541b044e5fcdf1c/execute/sync {"script": "window.scrollTo(0, 999)", "args": []}
DEBUG:urllib3.connectionpool:http://127.0.0.1:57849 "POST /session/a1ebfe56697401585541b044e5fcdf1c/execute/sync HTTP/1.1" 200 14
DEBUG:selenium.webdriver.remote.remote_connection:Finished Request
DEBUG:selenium.webdriver.remote.remote_connection:POST http://127.0.0.1:57849/session/a1ebfe56697401585541b044e5fcdf1c/execute/sync {"script": "return window.scrollY", "args": []}
DEBUG:urllib3.connectionpool:http://127.0.0.1:57849 "POST /session/a1ebfe56697401585541b044e5fcdf1c/execute/sync HTTP/1.1" 200 13
DEBUG:selenium.webdriver.remote.remote_connection:Finished Request
DEBUG:selenium.webdriver.remote.remote_connection:POST http://127.0.0.1:57849/session/a1ebfe56697401585541b044e5fcdf1c/execute/sync {"script": "window.scrollTo(999, 230)", "args": []}
DEBUG:urllib3.connectionpool:http://127.0.0.1:57849 "POST /session/a1ebfe56697401585541b044e5fcdf1c/execute/sync HTTP/1.1" 200 14
DEBUG:selenium.webdriver.remote.remote_connection:Finished Request
DEBUG:selenium.webdriver.remote.remote_connection:POST http://127.0.0.1:57849/session/a1ebfe56697401585541b044e5fcdf1c/execute/sync {"script": "return window.scrollY", "args": []}
DEBUG:urllib3.connectionpool:http://127.0.0.1:57849 "POST /session/a1ebfe56697401585541b044e5fcdf1c/execute/sync HTTP/1.1" 200 13
DEBUG:selenium.webdriver.remote.remote_connection:Finished Request
DEBUG:selenium.webdriver.remote.remote_connection:POST http://127.0.0.1:57849/session/a1ebfe56697401585541b044e5fcdf1c/execute/sync {"script": "window.scrollTo(230, 1108)", "args": []}
DEBUG:urllib3.connectionpool:http://127.0.0.1:57849 "POST /session/a1ebfe56697401585541b044e5fcdf1c/execute/sync HTTP/1.1" 200 14
DEBUG:selenium.webdriver.remote.remote_connection:Finished Request
DEBUG:selenium.webdriver.remote.remote_connection:GET http://127.0.0.1:57849/session/a1ebfe56697401585541b044e5fcdf1c/source {}
DEBUG:urllib3.connectionpool:http://127.0.0.1:57849 "GET /session/a1ebfe56697401585541b044e5fcdf1c/source HTTP/1.1" 200 552741
DEBUG:selenium.webdriver.remote.remote_connection:Finished Request
DEBUG:selenium.webdriver.remote.remote_connection:DELETE http://127.0.0.1:57849/session/a1ebfe56697401585541b044e5fcdf1c/window {}
DEBUG:urllib3.connectionpool:http://127.0.0.1:57849 "DELETE /session/a1ebfe56697401585541b044e5fcdf1c/window HTTP/1.1" 200 14
DEBUG:selenium.webdriver.remote.remote_connection:Finished Request
DEBUG:urllib3.connectionpool:Starting new HTTP connection (1): chromedriver.storage.googleapis.com:80
DEBUG:urllib3.connectionpool:http://chromedriver.storage.googleapis.com:80 "GET /LATEST_RELEASE_83.0.4103 HTTP/1.1" 200 12
INFO:WDM:Trying to download new driver from http://chromedriver.storage.googleapis.com/83.0.4103.39/chromedriver_win32.zip
DEBUG:urllib3.connectionpool:Starting new HTTP connection (1): chromedriver.storage.googleapis.com:80
DEBUG:urllib3.connectionpool:http://chromedriver.storage.googleapis.com:80 "GET /83.0.4103.39/chromedriver_win32.zip HTTP/1.1" 200 4760819
INFO:WDM:Unpack archive C:\Users\GEM7318\.wdm\drivers\chromedriver\83.0.4103.39\win32\chromedriver.zip
DEBUG:selenium.webdriver.remote.remote_connection:POST http://127.0.0.1:58841/session {"capabilities": {"firstMatch": [{}], "alwaysMatch": {"browserName": "chrome", "platformName": "any", "goog:chromeOptions": {"extensions": [], "args": []}}}, "desiredCapabilities": {"browserName": "chrome", "version": "", "platform": "ANY", "goog:chromeOptions": {"extensions": [], "args": []}}}
DEBUG:urllib3.connectionpool:Starting new HTTP connection (1): 127.0.0.1:58841
DEBUG:urllib3.connectionpool:http://127.0.0.1:58841 "POST /session HTTP/1.1" 200 719
DEBUG:selenium.webdriver.remote.remote_connection:Finished Request
DEBUG:selenium.webdriver.remote.remote_connection:POST http://127.0.0.1:58841/session/65cd22da54dab5d50cf4ce8f4d93f67f/window/maximize {}
DEBUG:urllib3.connectionpool:http://127.0.0.1:58841 "POST /session/65cd22da54dab5d50cf4ce8f4d93f67f/window/maximize HTTP/1.1" 200 51
DEBUG:selenium.webdriver.remote.remote_connection:Finished Request
DEBUG:selenium.webdriver.remote.remote_connection:POST http://127.0.0.1:58841/session/65cd22da54dab5d50cf4ce8f4d93f67f/url {"url": "https://www.cmegroup.com/trading/energy/crude-oil/light-sweet-crude_quotes_globex.html"}
DEBUG:urllib3.connectionpool:http://127.0.0.1:58841 "POST /session/65cd22da54dab5d50cf4ce8f4d93f67f/url HTTP/1.1" 200 14
DEBUG:selenium.webdriver.remote.remote_connection:Finished Request
DEBUG:selenium.webdriver.remote.remote_connection:POST http://127.0.0.1:58841/session/65cd22da54dab5d50cf4ce8f4d93f67f/execute/sync {"script": "return document.body.scrollHeight", "args": []}
DEBUG:urllib3.connectionpool:http://127.0.0.1:58841 "POST /session/65cd22da54dab5d50cf4ce8f4d93f67f/execute/sync HTTP/1.1" 200 15
DEBUG:selenium.webdriver.remote.remote_connection:Finished Request
DEBUG:selenium.webdriver.remote.remote_connection:POST http://127.0.0.1:58841/session/65cd22da54dab5d50cf4ce8f4d93f67f/execute/sync {"script": "return window.scrollY", "args": []}
DEBUG:urllib3.connectionpool:http://127.0.0.1:58841 "POST /session/65cd22da54dab5d50cf4ce8f4d93f67f/execute/sync HTTP/1.1" 200 11
DEBUG:selenium.webdriver.remote.remote_connection:Finished Request
DEBUG:selenium.webdriver.remote.remote_connection:POST http://127.0.0.1:58841/session/65cd22da54dab5d50cf4ce8f4d93f67f/execute/sync {"script": "window.scrollTo(0, 923)", "args": []}
DEBUG:urllib3.connectionpool:http://127.0.0.1:58841 "POST /session/65cd22da54dab5d50cf4ce8f4d93f67f/execute/sync HTTP/1.1" 200 14
DEBUG:selenium.webdriver.remote.remote_connection:Finished Request
DEBUG:selenium.webdriver.remote.remote_connection:POST http://127.0.0.1:58841/session/65cd22da54dab5d50cf4ce8f4d93f67f/execute/sync {"script": "return window.scrollY", "args": []}
DEBUG:urllib3.connectionpool:http://127.0.0.1:58841 "POST /session/65cd22da54dab5d50cf4ce8f4d93f67f/execute/sync HTTP/1.1" 200 13
DEBUG:selenium.webdriver.remote.remote_connection:Finished Request
DEBUG:selenium.webdriver.remote.remote_connection:POST http://127.0.0.1:58841/session/65cd22da54dab5d50cf4ce8f4d93f67f/execute/sync {"script": "window.scrollTo(923, 254)", "args": []}
DEBUG:urllib3.connectionpool:http://127.0.0.1:58841 "POST /session/65cd22da54dab5d50cf4ce8f4d93f67f/execute/sync HTTP/1.1" 200 14
DEBUG:selenium.webdriver.remote.remote_connection:Finished Request
DEBUG:selenium.webdriver.remote.remote_connection:GET http://127.0.0.1:58841/session/65cd22da54dab5d50cf4ce8f4d93f67f/source {}
DEBUG:urllib3.connectionpool:http://127.0.0.1:58841 "GET /session/65cd22da54dab5d50cf4ce8f4d93f67f/source HTTP/1.1" 200 752569
DEBUG:selenium.webdriver.remote.remote_connection:Finished Request
DEBUG:selenium.webdriver.remote.remote_connection:POST http://127.0.0.1:58841/session/65cd22da54dab5d50cf4ce8f4d93f67f/url {"url": "https://www.cmegroup.com/trading/energy/crude-oil/brent-crude-oil.html"}
DEBUG:urllib3.connectionpool:http://127.0.0.1:58841 "POST /session/65cd22da54dab5d50cf4ce8f4d93f67f/url HTTP/1.1" 200 14
DEBUG:selenium.webdriver.remote.remote_connection:Finished Request
DEBUG:selenium.webdriver.remote.remote_connection:POST http://127.0.0.1:58841/session/65cd22da54dab5d50cf4ce8f4d93f67f/execute/sync {"script": "return document.body.scrollHeight", "args": []}
DEBUG:urllib3.connectionpool:http://127.0.0.1:58841 "POST /session/65cd22da54dab5d50cf4ce8f4d93f67f/execute/sync HTTP/1.1" 200 14
DEBUG:selenium.webdriver.remote.remote_connection:Finished Request
DEBUG:selenium.webdriver.remote.remote_connection:POST http://127.0.0.1:58841/session/65cd22da54dab5d50cf4ce8f4d93f67f/execute/sync {"script": "return window.scrollY", "args": []}
DEBUG:urllib3.connectionpool:http://127.0.0.1:58841 "POST /session/65cd22da54dab5d50cf4ce8f4d93f67f/execute/sync HTTP/1.1" 200 11
DEBUG:selenium.webdriver.remote.remote_connection:Finished Request
DEBUG:selenium.webdriver.remote.remote_connection:POST http://127.0.0.1:58841/session/65cd22da54dab5d50cf4ce8f4d93f67f/execute/sync {"script": "window.scrollTo(0, 574)", "args": []}
DEBUG:urllib3.connectionpool:http://127.0.0.1:58841 "POST /session/65cd22da54dab5d50cf4ce8f4d93f67f/execute/sync HTTP/1.1" 200 14
DEBUG:selenium.webdriver.remote.remote_connection:Finished Request
DEBUG:selenium.webdriver.remote.remote_connection:POST http://127.0.0.1:58841/session/65cd22da54dab5d50cf4ce8f4d93f67f/execute/sync {"script": "return window.scrollY", "args": []}
DEBUG:urllib3.connectionpool:http://127.0.0.1:58841 "POST /session/65cd22da54dab5d50cf4ce8f4d93f67f/execute/sync HTTP/1.1" 200 13
DEBUG:selenium.webdriver.remote.remote_connection:Finished Request
DEBUG:selenium.webdriver.remote.remote_connection:POST http://127.0.0.1:58841/session/65cd22da54dab5d50cf4ce8f4d93f67f/execute/sync {"script": "window.scrollTo(574, 1638)", "args": []}
DEBUG:urllib3.connectionpool:http://127.0.0.1:58841 "POST /session/65cd22da54dab5d50cf4ce8f4d93f67f/execute/sync HTTP/1.1" 200 14
DEBUG:selenium.webdriver.remote.remote_connection:Finished Request
DEBUG:selenium.webdriver.remote.remote_connection:GET http://127.0.0.1:58841/session/65cd22da54dab5d50cf4ce8f4d93f67f/source {}
DEBUG:urllib3.connectionpool:http://127.0.0.1:58841 "GET /session/65cd22da54dab5d50cf4ce8f4d93f67f/source HTTP/1.1" 200 648742
DEBUG:selenium.webdriver.remote.remote_connection:Finished Request
DEBUG:selenium.webdriver.remote.remote_connection:POST http://127.0.0.1:58841/session/65cd22da54dab5d50cf4ce8f4d93f67f/url {"url": "https://www.cmegroup.com/trading/energy/refined-products/heating-oil.html"}
DEBUG:urllib3.connectionpool:http://127.0.0.1:58841 "POST /session/65cd22da54dab5d50cf4ce8f4d93f67f/url HTTP/1.1" 200 14
DEBUG:selenium.webdriver.remote.remote_connection:Finished Request
DEBUG:selenium.webdriver.remote.remote_connection:POST http://127.0.0.1:58841/session/65cd22da54dab5d50cf4ce8f4d93f67f/execute/sync {"script": "return document.body.scrollHeight", "args": []}
DEBUG:urllib3.connectionpool:http://127.0.0.1:58841 "POST /session/65cd22da54dab5d50cf4ce8f4d93f67f/execute/sync HTTP/1.1" 200 14
DEBUG:selenium.webdriver.remote.remote_connection:Finished Request
DEBUG:selenium.webdriver.remote.remote_connection:POST http://127.0.0.1:58841/session/65cd22da54dab5d50cf4ce8f4d93f67f/execute/sync {"script": "return window.scrollY", "args": []}
DEBUG:urllib3.connectionpool:http://127.0.0.1:58841 "POST /session/65cd22da54dab5d50cf4ce8f4d93f67f/execute/sync HTTP/1.1" 200 11
DEBUG:selenium.webdriver.remote.remote_connection:Finished Request
DEBUG:selenium.webdriver.remote.remote_connection:POST http://127.0.0.1:58841/session/65cd22da54dab5d50cf4ce8f4d93f67f/execute/sync {"script": "window.scrollTo(0, 805)", "args": []}
DEBUG:urllib3.connectionpool:http://127.0.0.1:58841 "POST /session/65cd22da54dab5d50cf4ce8f4d93f67f/execute/sync HTTP/1.1" 200 14
DEBUG:selenium.webdriver.remote.remote_connection:Finished Request
DEBUG:selenium.webdriver.remote.remote_connection:POST http://127.0.0.1:58841/session/65cd22da54dab5d50cf4ce8f4d93f67f/execute/sync {"script": "return window.scrollY", "args": []}
DEBUG:urllib3.connectionpool:http://127.0.0.1:58841 "POST /session/65cd22da54dab5d50cf4ce8f4d93f67f/execute/sync HTTP/1.1" 200 13
DEBUG:selenium.webdriver.remote.remote_connection:Finished Request
DEBUG:selenium.webdriver.remote.remote_connection:POST http://127.0.0.1:58841/session/65cd22da54dab5d50cf4ce8f4d93f67f/execute/sync {"script": "window.scrollTo(805, 188)", "args": []}
DEBUG:urllib3.connectionpool:http://127.0.0.1:58841 "POST /session/65cd22da54dab5d50cf4ce8f4d93f67f/execute/sync HTTP/1.1" 200 14
DEBUG:selenium.webdriver.remote.remote_connection:Finished Request
DEBUG:selenium.webdriver.remote.remote_connection:GET http://127.0.0.1:58841/session/65cd22da54dab5d50cf4ce8f4d93f67f/source {}
DEBUG:urllib3.connectionpool:http://127.0.0.1:58841 "GET /session/65cd22da54dab5d50cf4ce8f4d93f67f/source HTTP/1.1" 200 553641
DEBUG:selenium.webdriver.remote.remote_connection:Finished Request
DEBUG:selenium.webdriver.remote.remote_connection:POST http://127.0.0.1:58841/session/65cd22da54dab5d50cf4ce8f4d93f67f/url {"url": "https://www.cmegroup.com/trading/energy/refined-products/gulf-coast-no-6-fuel-oil-30pct-sulfur-platts-swap.html"}
DEBUG:urllib3.connectionpool:http://127.0.0.1:58841 "POST /session/65cd22da54dab5d50cf4ce8f4d93f67f/url HTTP/1.1" 200 14
DEBUG:selenium.webdriver.remote.remote_connection:Finished Request
DEBUG:selenium.webdriver.remote.remote_connection:POST http://127.0.0.1:58841/session/65cd22da54dab5d50cf4ce8f4d93f67f/execute/sync {"script": "return document.body.scrollHeight", "args": []}
DEBUG:urllib3.connectionpool:http://127.0.0.1:58841 "POST /session/65cd22da54dab5d50cf4ce8f4d93f67f/execute/sync HTTP/1.1" 200 14
DEBUG:selenium.webdriver.remote.remote_connection:Finished Request
DEBUG:selenium.webdriver.remote.remote_connection:POST http://127.0.0.1:58841/session/65cd22da54dab5d50cf4ce8f4d93f67f/execute/sync {"script": "return window.scrollY", "args": []}
DEBUG:urllib3.connectionpool:http://127.0.0.1:58841 "POST /session/65cd22da54dab5d50cf4ce8f4d93f67f/execute/sync HTTP/1.1" 200 11
DEBUG:selenium.webdriver.remote.remote_connection:Finished Request
DEBUG:selenium.webdriver.remote.remote_connection:POST http://127.0.0.1:58841/session/65cd22da54dab5d50cf4ce8f4d93f67f/execute/sync {"script": "window.scrollTo(0, 738)", "args": []}
DEBUG:urllib3.connectionpool:http://127.0.0.1:58841 "POST /session/65cd22da54dab5d50cf4ce8f4d93f67f/execute/sync HTTP/1.1" 200 14
DEBUG:selenium.webdriver.remote.remote_connection:Finished Request
DEBUG:selenium.webdriver.remote.remote_connection:POST http://127.0.0.1:58841/session/65cd22da54dab5d50cf4ce8f4d93f67f/execute/sync {"script": "return window.scrollY", "args": []}
DEBUG:urllib3.connectionpool:http://127.0.0.1:58841 "POST /session/65cd22da54dab5d50cf4ce8f4d93f67f/execute/sync HTTP/1.1" 200 13
DEBUG:selenium.webdriver.remote.remote_connection:Finished Request
DEBUG:selenium.webdriver.remote.remote_connection:POST http://127.0.0.1:58841/session/65cd22da54dab5d50cf4ce8f4d93f67f/execute/sync {"script": "window.scrollTo(738, 1658)", "args": []}
DEBUG:urllib3.connectionpool:http://127.0.0.1:58841 "POST /session/65cd22da54dab5d50cf4ce8f4d93f67f/execute/sync HTTP/1.1" 200 14
DEBUG:selenium.webdriver.remote.remote_connection:Finished Request
DEBUG:selenium.webdriver.remote.remote_connection:POST http://127.0.0.1:58841/session/65cd22da54dab5d50cf4ce8f4d93f67f/execute/sync {"script": "return window.scrollY", "args": []}
DEBUG:urllib3.connectionpool:http://127.0.0.1:58841 "POST /session/65cd22da54dab5d50cf4ce8f4d93f67f/execute/sync HTTP/1.1" 200 14
DEBUG:selenium.webdriver.remote.remote_connection:Finished Request
DEBUG:selenium.webdriver.remote.remote_connection:POST http://127.0.0.1:58841/session/65cd22da54dab5d50cf4ce8f4d93f67f/execute/sync {"script": "window.scrollTo(1658, 668)", "args": []}
DEBUG:urllib3.connectionpool:http://127.0.0.1:58841 "POST /session/65cd22da54dab5d50cf4ce8f4d93f67f/execute/sync HTTP/1.1" 200 14
DEBUG:selenium.webdriver.remote.remote_connection:Finished Request
DEBUG:selenium.webdriver.remote.remote_connection:GET http://127.0.0.1:58841/session/65cd22da54dab5d50cf4ce8f4d93f67f/source {}
DEBUG:urllib3.connectionpool:http://127.0.0.1:58841 "GET /session/65cd22da54dab5d50cf4ce8f4d93f67f/source HTTP/1.1" 200 577079
DEBUG:selenium.webdriver.remote.remote_connection:Finished Request
DEBUG:selenium.webdriver.remote.remote_connection:POST http://127.0.0.1:58841/session/65cd22da54dab5d50cf4ce8f4d93f67f/url {"url": "https://www.cmegroup.com/trading/energy/refined-products/gulf-coast-ultra-low-sulfur-diesel-usld-platts-calendar-swap.html"}
DEBUG:urllib3.connectionpool:http://127.0.0.1:58841 "POST /session/65cd22da54dab5d50cf4ce8f4d93f67f/url HTTP/1.1" 200 14
DEBUG:selenium.webdriver.remote.remote_connection:Finished Request
DEBUG:selenium.webdriver.remote.remote_connection:POST http://127.0.0.1:58841/session/65cd22da54dab5d50cf4ce8f4d93f67f/execute/sync {"script": "return document.body.scrollHeight", "args": []}
DEBUG:urllib3.connectionpool:http://127.0.0.1:58841 "POST /session/65cd22da54dab5d50cf4ce8f4d93f67f/execute/sync HTTP/1.1" 200 14
DEBUG:selenium.webdriver.remote.remote_connection:Finished Request
DEBUG:selenium.webdriver.remote.remote_connection:POST http://127.0.0.1:58841/session/65cd22da54dab5d50cf4ce8f4d93f67f/execute/sync {"script": "return window.scrollY", "args": []}
DEBUG:urllib3.connectionpool:http://127.0.0.1:58841 "POST /session/65cd22da54dab5d50cf4ce8f4d93f67f/execute/sync HTTP/1.1" 200 11
DEBUG:selenium.webdriver.remote.remote_connection:Finished Request
DEBUG:selenium.webdriver.remote.remote_connection:POST http://127.0.0.1:58841/session/65cd22da54dab5d50cf4ce8f4d93f67f/execute/sync {"script": "window.scrollTo(0, 1069)", "args": []}
DEBUG:urllib3.connectionpool:http://127.0.0.1:58841 "POST /session/65cd22da54dab5d50cf4ce8f4d93f67f/execute/sync HTTP/1.1" 200 14
DEBUG:selenium.webdriver.remote.remote_connection:Finished Request
DEBUG:selenium.webdriver.remote.remote_connection:POST http://127.0.0.1:58841/session/65cd22da54dab5d50cf4ce8f4d93f67f/execute/sync {"script": "return window.scrollY", "args": []}
DEBUG:urllib3.connectionpool:http://127.0.0.1:58841 "POST /session/65cd22da54dab5d50cf4ce8f4d93f67f/execute/sync HTTP/1.1" 200 14
DEBUG:selenium.webdriver.remote.remote_connection:Finished Request
DEBUG:selenium.webdriver.remote.remote_connection:POST http://127.0.0.1:58841/session/65cd22da54dab5d50cf4ce8f4d93f67f/execute/sync {"script": "window.scrollTo(1069, 1628)", "args": []}
DEBUG:urllib3.connectionpool:http://127.0.0.1:58841 "POST /session/65cd22da54dab5d50cf4ce8f4d93f67f/execute/sync HTTP/1.1" 200 14
DEBUG:selenium.webdriver.remote.remote_connection:Finished Request
DEBUG:selenium.webdriver.remote.remote_connection:POST http://127.0.0.1:58841/session/65cd22da54dab5d50cf4ce8f4d93f67f/execute/sync {"script": "return window.scrollY", "args": []}
DEBUG:urllib3.connectionpool:http://127.0.0.1:58841 "POST /session/65cd22da54dab5d50cf4ce8f4d93f67f/execute/sync HTTP/1.1" 200 14
DEBUG:selenium.webdriver.remote.remote_connection:Finished Request
DEBUG:selenium.webdriver.remote.remote_connection:POST http://127.0.0.1:58841/session/65cd22da54dab5d50cf4ce8f4d93f67f/execute/sync {"script": "window.scrollTo(1628, 937)", "args": []}
DEBUG:urllib3.connectionpool:http://127.0.0.1:58841 "POST /session/65cd22da54dab5d50cf4ce8f4d93f67f/execute/sync HTTP/1.1" 200 14
DEBUG:selenium.webdriver.remote.remote_connection:Finished Request
DEBUG:selenium.webdriver.remote.remote_connection:GET http://127.0.0.1:58841/session/65cd22da54dab5d50cf4ce8f4d93f67f/source {}
DEBUG:urllib3.connectionpool:http://127.0.0.1:58841 "GET /session/65cd22da54dab5d50cf4ce8f4d93f67f/source HTTP/1.1" 200 558204
DEBUG:selenium.webdriver.remote.remote_connection:Finished Request
DEBUG:selenium.webdriver.remote.remote_connection:POST http://127.0.0.1:58841/session/65cd22da54dab5d50cf4ce8f4d93f67f/url {"url": "https://www.cmegroup.com/trading/energy/refined-products/rbob-gasoline.html"}
DEBUG:urllib3.connectionpool:http://127.0.0.1:58841 "POST /session/65cd22da54dab5d50cf4ce8f4d93f67f/url HTTP/1.1" 200 14
DEBUG:selenium.webdriver.remote.remote_connection:Finished Request
DEBUG:selenium.webdriver.remote.remote_connection:POST http://127.0.0.1:58841/session/65cd22da54dab5d50cf4ce8f4d93f67f/execute/sync {"script": "return document.body.scrollHeight", "args": []}
DEBUG:urllib3.connectionpool:http://127.0.0.1:58841 "POST /session/65cd22da54dab5d50cf4ce8f4d93f67f/execute/sync HTTP/1.1" 200 14
DEBUG:selenium.webdriver.remote.remote_connection:Finished Request
DEBUG:selenium.webdriver.remote.remote_connection:POST http://127.0.0.1:58841/session/65cd22da54dab5d50cf4ce8f4d93f67f/execute/sync {"script": "return window.scrollY", "args": []}
DEBUG:urllib3.connectionpool:http://127.0.0.1:58841 "POST /session/65cd22da54dab5d50cf4ce8f4d93f67f/execute/sync HTTP/1.1" 200 11
DEBUG:selenium.webdriver.remote.remote_connection:Finished Request
DEBUG:selenium.webdriver.remote.remote_connection:POST http://127.0.0.1:58841/session/65cd22da54dab5d50cf4ce8f4d93f67f/execute/sync {"script": "window.scrollTo(0, 607)", "args": []}
DEBUG:urllib3.connectionpool:http://127.0.0.1:58841 "POST /session/65cd22da54dab5d50cf4ce8f4d93f67f/execute/sync HTTP/1.1" 200 14
DEBUG:selenium.webdriver.remote.remote_connection:Finished Request
DEBUG:selenium.webdriver.remote.remote_connection:POST http://127.0.0.1:58841/session/65cd22da54dab5d50cf4ce8f4d93f67f/execute/sync {"script": "return window.scrollY", "args": []}
DEBUG:urllib3.connectionpool:http://127.0.0.1:58841 "POST /session/65cd22da54dab5d50cf4ce8f4d93f67f/execute/sync HTTP/1.1" 200 13
DEBUG:selenium.webdriver.remote.remote_connection:Finished Request
DEBUG:selenium.webdriver.remote.remote_connection:POST http://127.0.0.1:58841/session/65cd22da54dab5d50cf4ce8f4d93f67f/execute/sync {"script": "window.scrollTo(607, 1403)", "args": []}
DEBUG:urllib3.connectionpool:http://127.0.0.1:58841 "POST /session/65cd22da54dab5d50cf4ce8f4d93f67f/execute/sync HTTP/1.1" 200 14
DEBUG:selenium.webdriver.remote.remote_connection:Finished Request
DEBUG:selenium.webdriver.remote.remote_connection:POST http://127.0.0.1:58841/session/65cd22da54dab5d50cf4ce8f4d93f67f/execute/sync {"script": "return window.scrollY", "args": []}
DEBUG:urllib3.connectionpool:http://127.0.0.1:58841 "POST /session/65cd22da54dab5d50cf4ce8f4d93f67f/execute/sync HTTP/1.1" 200 14
DEBUG:selenium.webdriver.remote.remote_connection:Finished Request
DEBUG:selenium.webdriver.remote.remote_connection:POST http://127.0.0.1:58841/session/65cd22da54dab5d50cf4ce8f4d93f67f/execute/sync {"script": "window.scrollTo(1403, 2325)", "args": []}
DEBUG:urllib3.connectionpool:http://127.0.0.1:58841 "POST /session/65cd22da54dab5d50cf4ce8f4d93f67f/execute/sync HTTP/1.1" 200 14
DEBUG:selenium.webdriver.remote.remote_connection:Finished Request
DEBUG:selenium.webdriver.remote.remote_connection:GET http://127.0.0.1:58841/session/65cd22da54dab5d50cf4ce8f4d93f67f/source {}
DEBUG:urllib3.connectionpool:http://127.0.0.1:58841 "GET /session/65cd22da54dab5d50cf4ce8f4d93f67f/source HTTP/1.1" 200 428041
DEBUG:selenium.webdriver.remote.remote_connection:Finished Request
DEBUG:selenium.webdriver.remote.remote_connection:DELETE http://127.0.0.1:58841/session/65cd22da54dab5d50cf4ce8f4d93f67f/window {}
DEBUG:urllib3.connectionpool:http://127.0.0.1:58841 "DELETE /session/65cd22da54dab5d50cf4ce8f4d93f67f/window HTTP/1.1" 200 14
DEBUG:selenium.webdriver.remote.remote_connection:Finished Request
DEBUG:urllib3.connectionpool:Starting new HTTP connection (1): chromedriver.storage.googleapis.com:80
DEBUG:urllib3.connectionpool:http://chromedriver.storage.googleapis.com:80 "GET /LATEST_RELEASE_83.0.4103 HTTP/1.1" 200 12
INFO:WDM:Trying to download new driver from http://chromedriver.storage.googleapis.com/83.0.4103.39/chromedriver_win32.zip
DEBUG:urllib3.connectionpool:Starting new HTTP connection (1): chromedriver.storage.googleapis.com:80
DEBUG:urllib3.connectionpool:http://chromedriver.storage.googleapis.com:80 "GET /83.0.4103.39/chromedriver_win32.zip HTTP/1.1" 200 4760819
INFO:WDM:Unpack archive C:\Users\GEM7318\.wdm\drivers\chromedriver\83.0.4103.39\win32\chromedriver.zip
DEBUG:urllib3.connectionpool:Starting new HTTP connection (1): chromedriver.storage.googleapis.com:80
DEBUG:urllib3.connectionpool:http://chromedriver.storage.googleapis.com:80 "GET /LATEST_RELEASE_83.0.4103 HTTP/1.1" 200 12
INFO:WDM:Trying to download new driver from http://chromedriver.storage.googleapis.com/83.0.4103.39/chromedriver_win32.zip
DEBUG:urllib3.connectionpool:Starting new HTTP connection (1): chromedriver.storage.googleapis.com:80
DEBUG:urllib3.connectionpool:http://chromedriver.storage.googleapis.com:80 "GET /83.0.4103.39/chromedriver_win32.zip HTTP/1.1" 200 4760819
INFO:WDM:Unpack archive C:\Users\GEM7318\.wdm\drivers\chromedriver\83.0.4103.39\win32\chromedriver.zip
DEBUG:urllib3.connectionpool:Starting new HTTP connection (1): chromedriver.storage.googleapis.com:80
DEBUG:urllib3.connectionpool:http://chromedriver.storage.googleapis.com:80 "GET /LATEST_RELEASE_83.0.4103 HTTP/1.1" 200 12
INFO:WDM:Trying to download new driver from http://chromedriver.storage.googleapis.com/83.0.4103.39/chromedriver_win32.zip
DEBUG:urllib3.connectionpool:Starting new HTTP connection (1): chromedriver.storage.googleapis.com:80
DEBUG:urllib3.connectionpool:http://chromedriver.storage.googleapis.com:80 "GET /83.0.4103.39/chromedriver_win32.zip HTTP/1.1" 200 4760819
INFO:WDM:Unpack archive C:\Users\GEM7318\.wdm\drivers\chromedriver\83.0.4103.39\win32\chromedriver.zip
DEBUG:selenium.webdriver.remote.remote_connection:POST http://127.0.0.1:62861/session {"capabilities": {"firstMatch": [{}], "alwaysMatch": {"browserName": "chrome", "platformName": "any", "goog:chromeOptions": {"extensions": [], "args": []}}}, "desiredCapabilities": {"browserName": "chrome", "version": "", "platform": "ANY", "goog:chromeOptions": {"extensions": [], "args": []}}}
DEBUG:urllib3.connectionpool:Starting new HTTP connection (1): 127.0.0.1:62861
DEBUG:urllib3.connectionpool:http://127.0.0.1:62861 "POST /session HTTP/1.1" 200 719
DEBUG:selenium.webdriver.remote.remote_connection:Finished Request
DEBUG:selenium.webdriver.remote.remote_connection:POST http://127.0.0.1:62861/session/f04d470eacc7d64c989a1461e038520e/window/maximize {}
DEBUG:urllib3.connectionpool:http://127.0.0.1:62861 "POST /session/f04d470eacc7d64c989a1461e038520e/window/maximize HTTP/1.1" 200 55
DEBUG:selenium.webdriver.remote.remote_connection:Finished Request
DEBUG:selenium.webdriver.remote.remote_connection:POST http://127.0.0.1:62861/session/f04d470eacc7d64c989a1461e038520e/url {"url": "https://www.cmegroup.com/trading/energy/refined-products/gulf-coast-ultra-low-sulfur-diesel-usld-platts-calendar-swap.html"}
DEBUG:urllib3.connectionpool:http://127.0.0.1:62861 "POST /session/f04d470eacc7d64c989a1461e038520e/url HTTP/1.1" 200 14
DEBUG:selenium.webdriver.remote.remote_connection:Finished Request
DEBUG:selenium.webdriver.remote.remote_connection:POST http://127.0.0.1:62861/session/f04d470eacc7d64c989a1461e038520e/execute/sync {"script": "return document.body.scrollHeight", "args": []}
DEBUG:urllib3.connectionpool:http://127.0.0.1:62861 "POST /session/f04d470eacc7d64c989a1461e038520e/execute/sync HTTP/1.1" 200 14
DEBUG:selenium.webdriver.remote.remote_connection:Finished Request
DEBUG:selenium.webdriver.remote.remote_connection:POST http://127.0.0.1:62861/session/f04d470eacc7d64c989a1461e038520e/execute/sync {"script": "return window.scrollY", "args": []}
DEBUG:urllib3.connectionpool:http://127.0.0.1:62861 "POST /session/f04d470eacc7d64c989a1461e038520e/execute/sync HTTP/1.1" 200 11
DEBUG:selenium.webdriver.remote.remote_connection:Finished Request
DEBUG:selenium.webdriver.remote.remote_connection:POST http://127.0.0.1:62861/session/f04d470eacc7d64c989a1461e038520e/execute/sync {"script": "window.scrollTo(0, 645)", "args": []}
DEBUG:urllib3.connectionpool:http://127.0.0.1:62861 "POST /session/f04d470eacc7d64c989a1461e038520e/execute/sync HTTP/1.1" 200 14
DEBUG:selenium.webdriver.remote.remote_connection:Finished Request
DEBUG:selenium.webdriver.remote.remote_connection:GET http://127.0.0.1:62861/session/f04d470eacc7d64c989a1461e038520e/source {}
DEBUG:urllib3.connectionpool:http://127.0.0.1:62861 "GET /session/f04d470eacc7d64c989a1461e038520e/source HTTP/1.1" 200 556513
DEBUG:selenium.webdriver.remote.remote_connection:Finished Request
DEBUG:selenium.webdriver.remote.remote_connection:POST http://127.0.0.1:62861/session/f04d470eacc7d64c989a1461e038520e/url {"url": "https://www.cmegroup.com/trading/energy/refined-products/rbob-gasoline.html"}
DEBUG:urllib3.connectionpool:http://127.0.0.1:62861 "POST /session/f04d470eacc7d64c989a1461e038520e/url HTTP/1.1" 200 14
DEBUG:selenium.webdriver.remote.remote_connection:Finished Request
DEBUG:selenium.webdriver.remote.remote_connection:POST http://127.0.0.1:62861/session/f04d470eacc7d64c989a1461e038520e/execute/sync {"script": "return document.body.scrollHeight", "args": []}
DEBUG:urllib3.connectionpool:http://127.0.0.1:62861 "POST /session/f04d470eacc7d64c989a1461e038520e/execute/sync HTTP/1.1" 200 14
DEBUG:selenium.webdriver.remote.remote_connection:Finished Request
DEBUG:selenium.webdriver.remote.remote_connection:POST http://127.0.0.1:62861/session/f04d470eacc7d64c989a1461e038520e/execute/sync {"script": "return window.scrollY", "args": []}
DEBUG:urllib3.connectionpool:http://127.0.0.1:62861 "POST /session/f04d470eacc7d64c989a1461e038520e/execute/sync HTTP/1.1" 200 11
DEBUG:selenium.webdriver.remote.remote_connection:Finished Request
DEBUG:selenium.webdriver.remote.remote_connection:POST http://127.0.0.1:62861/session/f04d470eacc7d64c989a1461e038520e/execute/sync {"script": "window.scrollTo(0, 1058)", "args": []}
DEBUG:urllib3.connectionpool:http://127.0.0.1:62861 "POST /session/f04d470eacc7d64c989a1461e038520e/execute/sync HTTP/1.1" 200 14
DEBUG:selenium.webdriver.remote.remote_connection:Finished Request
DEBUG:selenium.webdriver.remote.remote_connection:POST http://127.0.0.1:62861/session/f04d470eacc7d64c989a1461e038520e/execute/sync {"script": "return window.scrollY", "args": []}
DEBUG:urllib3.connectionpool:http://127.0.0.1:62861 "POST /session/f04d470eacc7d64c989a1461e038520e/execute/sync HTTP/1.1" 200 14
DEBUG:selenium.webdriver.remote.remote_connection:Finished Request
DEBUG:selenium.webdriver.remote.remote_connection:POST http://127.0.0.1:62861/session/f04d470eacc7d64c989a1461e038520e/execute/sync {"script": "window.scrollTo(1058, 76)", "args": []}
DEBUG:urllib3.connectionpool:http://127.0.0.1:62861 "POST /session/f04d470eacc7d64c989a1461e038520e/execute/sync HTTP/1.1" 200 14
DEBUG:selenium.webdriver.remote.remote_connection:Finished Request
DEBUG:selenium.webdriver.remote.remote_connection:POST http://127.0.0.1:62861/session/f04d470eacc7d64c989a1461e038520e/execute/sync {"script": "return window.scrollY", "args": []}
DEBUG:urllib3.connectionpool:http://127.0.0.1:62861 "POST /session/f04d470eacc7d64c989a1461e038520e/execute/sync HTTP/1.1" 200 12
DEBUG:selenium.webdriver.remote.remote_connection:Finished Request
DEBUG:selenium.webdriver.remote.remote_connection:POST http://127.0.0.1:62861/session/f04d470eacc7d64c989a1461e038520e/execute/sync {"script": "window.scrollTo(76, 876)", "args": []}
DEBUG:urllib3.connectionpool:http://127.0.0.1:62861 "POST /session/f04d470eacc7d64c989a1461e038520e/execute/sync HTTP/1.1" 200 14
DEBUG:selenium.webdriver.remote.remote_connection:Finished Request
DEBUG:selenium.webdriver.remote.remote_connection:GET http://127.0.0.1:62861/session/f04d470eacc7d64c989a1461e038520e/source {}
DEBUG:urllib3.connectionpool:http://127.0.0.1:62861 "GET /session/f04d470eacc7d64c989a1461e038520e/source HTTP/1.1" 200 550835
DEBUG:selenium.webdriver.remote.remote_connection:Finished Request
DEBUG:selenium.webdriver.remote.remote_connection:POST http://127.0.0.1:62861/session/f04d470eacc7d64c989a1461e038520e/url {"url": "https://www.cmegroup.com/trading/energy/crude-oil/light-sweet-crude_quotes_globex.html"}
DEBUG:urllib3.connectionpool:http://127.0.0.1:62861 "POST /session/f04d470eacc7d64c989a1461e038520e/url HTTP/1.1" 200 14
DEBUG:selenium.webdriver.remote.remote_connection:Finished Request
DEBUG:selenium.webdriver.remote.remote_connection:POST http://127.0.0.1:62861/session/f04d470eacc7d64c989a1461e038520e/execute/sync {"script": "return document.body.scrollHeight", "args": []}
DEBUG:urllib3.connectionpool:http://127.0.0.1:62861 "POST /session/f04d470eacc7d64c989a1461e038520e/execute/sync HTTP/1.1" 200 14
DEBUG:selenium.webdriver.remote.remote_connection:Finished Request
DEBUG:selenium.webdriver.remote.remote_connection:POST http://127.0.0.1:62861/session/f04d470eacc7d64c989a1461e038520e/execute/sync {"script": "return window.scrollY", "args": []}
DEBUG:urllib3.connectionpool:http://127.0.0.1:62861 "POST /session/f04d470eacc7d64c989a1461e038520e/execute/sync HTTP/1.1" 200 11
DEBUG:selenium.webdriver.remote.remote_connection:Finished Request
DEBUG:selenium.webdriver.remote.remote_connection:POST http://127.0.0.1:62861/session/f04d470eacc7d64c989a1461e038520e/execute/sync {"script": "window.scrollTo(0, 756)", "args": []}
DEBUG:urllib3.connectionpool:http://127.0.0.1:62861 "POST /session/f04d470eacc7d64c989a1461e038520e/execute/sync HTTP/1.1" 200 14
DEBUG:selenium.webdriver.remote.remote_connection:Finished Request
DEBUG:selenium.webdriver.remote.remote_connection:POST http://127.0.0.1:62861/session/f04d470eacc7d64c989a1461e038520e/execute/sync {"script": "return window.scrollY", "args": []}
DEBUG:urllib3.connectionpool:http://127.0.0.1:62861 "POST /session/f04d470eacc7d64c989a1461e038520e/execute/sync HTTP/1.1" 200 13
DEBUG:selenium.webdriver.remote.remote_connection:Finished Request
DEBUG:selenium.webdriver.remote.remote_connection:POST http://127.0.0.1:62861/session/f04d470eacc7d64c989a1461e038520e/execute/sync {"script": "window.scrollTo(756, 1542)", "args": []}
DEBUG:urllib3.connectionpool:http://127.0.0.1:62861 "POST /session/f04d470eacc7d64c989a1461e038520e/execute/sync HTTP/1.1" 200 14
DEBUG:selenium.webdriver.remote.remote_connection:Finished Request
DEBUG:selenium.webdriver.remote.remote_connection:POST http://127.0.0.1:62861/session/f04d470eacc7d64c989a1461e038520e/execute/sync {"script": "return window.scrollY", "args": []}
DEBUG:urllib3.connectionpool:http://127.0.0.1:62861 "POST /session/f04d470eacc7d64c989a1461e038520e/execute/sync HTTP/1.1" 200 14
DEBUG:selenium.webdriver.remote.remote_connection:Finished Request
DEBUG:selenium.webdriver.remote.remote_connection:POST http://127.0.0.1:62861/session/f04d470eacc7d64c989a1461e038520e/execute/sync {"script": "window.scrollTo(1542, 2621)", "args": []}
DEBUG:urllib3.connectionpool:http://127.0.0.1:62861 "POST /session/f04d470eacc7d64c989a1461e038520e/execute/sync HTTP/1.1" 200 14
DEBUG:selenium.webdriver.remote.remote_connection:Finished Request
DEBUG:selenium.webdriver.remote.remote_connection:POST http://127.0.0.1:62861/session/f04d470eacc7d64c989a1461e038520e/execute/sync {"script": "return window.scrollY", "args": []}
DEBUG:urllib3.connectionpool:http://127.0.0.1:62861 "POST /session/f04d470eacc7d64c989a1461e038520e/execute/sync HTTP/1.1" 200 14
DEBUG:selenium.webdriver.remote.remote_connection:Finished Request
DEBUG:selenium.webdriver.remote.remote_connection:POST http://127.0.0.1:62861/session/f04d470eacc7d64c989a1461e038520e/execute/sync {"script": "window.scrollTo(2621, 1553)", "args": []}
DEBUG:urllib3.connectionpool:http://127.0.0.1:62861 "POST /session/f04d470eacc7d64c989a1461e038520e/execute/sync HTTP/1.1" 200 14
DEBUG:selenium.webdriver.remote.remote_connection:Finished Request
DEBUG:selenium.webdriver.remote.remote_connection:GET http://127.0.0.1:62861/session/f04d470eacc7d64c989a1461e038520e/source {}
DEBUG:urllib3.connectionpool:http://127.0.0.1:62861 "GET /session/f04d470eacc7d64c989a1461e038520e/source HTTP/1.1" 200 752968
DEBUG:selenium.webdriver.remote.remote_connection:Finished Request
DEBUG:selenium.webdriver.remote.remote_connection:POST http://127.0.0.1:62861/session/f04d470eacc7d64c989a1461e038520e/url {"url": "https://www.cmegroup.com/trading/energy/refined-products/gulf-coast-no-6-fuel-oil-30pct-sulfur-platts-swap.html"}
DEBUG:urllib3.connectionpool:http://127.0.0.1:62861 "POST /session/f04d470eacc7d64c989a1461e038520e/url HTTP/1.1" 200 14
DEBUG:selenium.webdriver.remote.remote_connection:Finished Request
DEBUG:selenium.webdriver.remote.remote_connection:POST http://127.0.0.1:62861/session/f04d470eacc7d64c989a1461e038520e/execute/sync {"script": "return document.body.scrollHeight", "args": []}
DEBUG:urllib3.connectionpool:http://127.0.0.1:62861 "POST /session/f04d470eacc7d64c989a1461e038520e/execute/sync HTTP/1.1" 200 14
DEBUG:selenium.webdriver.remote.remote_connection:Finished Request
DEBUG:selenium.webdriver.remote.remote_connection:POST http://127.0.0.1:62861/session/f04d470eacc7d64c989a1461e038520e/execute/sync {"script": "return window.scrollY", "args": []}
DEBUG:urllib3.connectionpool:http://127.0.0.1:62861 "POST /session/f04d470eacc7d64c989a1461e038520e/execute/sync HTTP/1.1" 200 11
DEBUG:selenium.webdriver.remote.remote_connection:Finished Request
DEBUG:selenium.webdriver.remote.remote_connection:POST http://127.0.0.1:62861/session/f04d470eacc7d64c989a1461e038520e/execute/sync {"script": "window.scrollTo(0, 881)", "args": []}
DEBUG:urllib3.connectionpool:http://127.0.0.1:62861 "POST /session/f04d470eacc7d64c989a1461e038520e/execute/sync HTTP/1.1" 200 14
DEBUG:selenium.webdriver.remote.remote_connection:Finished Request
DEBUG:selenium.webdriver.remote.remote_connection:GET http://127.0.0.1:62861/session/f04d470eacc7d64c989a1461e038520e/source {}
DEBUG:urllib3.connectionpool:http://127.0.0.1:62861 "GET /session/f04d470eacc7d64c989a1461e038520e/source HTTP/1.1" 200 574929
DEBUG:selenium.webdriver.remote.remote_connection:Finished Request
